[    0.000000] microcode: microcode updated early to revision 0x5003707, date = 2024-03-01
[    0.000000] Linux version 5.11.0.vanilla-f2fs (root@oslab-PowerEdge-R740xd) (gcc (Ubuntu 9.4.0-1ubuntu1~20.04.2) 9.4.0, GNU ld (GNU Binutils for Ubuntu) 2.34) #64 SMP Sun Sep 15 23:33:40 KST 2024
[    0.000000] Command line: BOOT_IMAGE=/boot/vmlinuz-5.11.0.vanilla-f2fs root=UUID=0fe244cb-556c-49fd-bc46-148ab2afc428 ro memmap=448G$64G intremap=off isolcpus=37,39 quiet splash vt.handoff=7
[    0.000000] KERNEL supported cpus:
[    0.000000]   Intel GenuineIntel
[    0.000000]   AMD AuthenticAMD
[    0.000000]   Hygon HygonGenuine
[    0.000000]   Centaur CentaurHauls
[    0.000000]   zhaoxin   Shanghai  
[    0.000000] x86/fpu: Supporting XSAVE feature 0x001: 'x87 floating point registers'
[    0.000000] x86/fpu: Supporting XSAVE feature 0x002: 'SSE registers'
[    0.000000] x86/fpu: Supporting XSAVE feature 0x004: 'AVX registers'
[    0.000000] x86/fpu: Supporting XSAVE feature 0x008: 'MPX bounds registers'
[    0.000000] x86/fpu: Supporting XSAVE feature 0x010: 'MPX CSR'
[    0.000000] x86/fpu: Supporting XSAVE feature 0x020: 'AVX-512 opmask'
[    0.000000] x86/fpu: Supporting XSAVE feature 0x040: 'AVX-512 Hi256'
[    0.000000] x86/fpu: Supporting XSAVE feature 0x080: 'AVX-512 ZMM_Hi256'
[    0.000000] x86/fpu: Supporting XSAVE feature 0x200: 'Protection Keys User registers'
[    0.000000] x86/fpu: xstate_offset[2]:  576, xstate_sizes[2]:  256
[    0.000000] x86/fpu: xstate_offset[3]:  832, xstate_sizes[3]:   64
[    0.000000] x86/fpu: xstate_offset[4]:  896, xstate_sizes[4]:   64
[    0.000000] x86/fpu: xstate_offset[5]:  960, xstate_sizes[5]:   64
[    0.000000] x86/fpu: xstate_offset[6]: 1024, xstate_sizes[6]:  512
[    0.000000] x86/fpu: xstate_offset[7]: 1536, xstate_sizes[7]: 1024
[    0.000000] x86/fpu: xstate_offset[9]: 2560, xstate_sizes[9]:    8
[    0.000000] x86/fpu: Enabled xstate features 0x2ff, context size is 2568 bytes, using 'compacted' format.
[    0.000000] BIOS-provided physical RAM map:
[    0.000000] BIOS-e820: [mem 0x0000000000000000-0x000000000009ffff] usable
[    0.000000] BIOS-e820: [mem 0x00000000000a0000-0x00000000000fffff] reserved
[    0.000000] BIOS-e820: [mem 0x0000000000100000-0x00000000682fefff] usable
[    0.000000] BIOS-e820: [mem 0x00000000682ff000-0x000000006ebfefff] reserved
[    0.000000] BIOS-e820: [mem 0x000000006ebff000-0x000000006f9fefff] ACPI NVS
[    0.000000] BIOS-e820: [mem 0x000000006f9ff000-0x000000006fffefff] ACPI data
[    0.000000] BIOS-e820: [mem 0x000000006ffff000-0x000000006fffffff] usable
[    0.000000] BIOS-e820: [mem 0x0000000070000000-0x000000008fffffff] reserved
[    0.000000] BIOS-e820: [mem 0x00000000fe000000-0x00000000fe010fff] reserved
[    0.000000] BIOS-e820: [mem 0x0000000100000000-0x000000807fffffff] usable
[    0.000000] NX (Execute Disable) protection: active
[    0.000000] e820: update [mem 0x4bf0b020-0x4bf1305f] usable ==> usable
[    0.000000] e820: update [mem 0x4bf0b020-0x4bf1305f] usable ==> usable
[    0.000000] e820: update [mem 0x4bef2020-0x4bf0a65f] usable ==> usable
[    0.000000] e820: update [mem 0x4bef2020-0x4bf0a65f] usable ==> usable
[    0.000000] e820: update [mem 0x4be92020-0x4bef1a5f] usable ==> usable
[    0.000000] e820: update [mem 0x4be92020-0x4bef1a5f] usable ==> usable
[    0.000000] e820: update [mem 0x4be32020-0x4be91a5f] usable ==> usable
[    0.000000] e820: update [mem 0x4be32020-0x4be91a5f] usable ==> usable
[    0.000000] e820: update [mem 0x4bdd5020-0x4be31c5f] usable ==> usable
[    0.000000] e820: update [mem 0x4bdd5020-0x4be31c5f] usable ==> usable
[    0.000000] e820: update [mem 0x4bd78020-0x4bdd4c5f] usable ==> usable
[    0.000000] e820: update [mem 0x4bd78020-0x4bdd4c5f] usable ==> usable
[    0.000000] e820: update [mem 0x4bd6d020-0x4bd77a5f] usable ==> usable
[    0.000000] e820: update [mem 0x4bd6d020-0x4bd77a5f] usable ==> usable
[    0.000000] e820: update [mem 0x4bd66020-0x4bd6c45f] usable ==> usable
[    0.000000] e820: update [mem 0x4bd66020-0x4bd6c45f] usable ==> usable
[    0.000000] extended physical RAM map:
[    0.000000] reserve setup_data: [mem 0x0000000000000000-0x000000000009ffff] usable
[    0.000000] reserve setup_data: [mem 0x00000000000a0000-0x00000000000fffff] reserved
[    0.000000] reserve setup_data: [mem 0x0000000000100000-0x000000004bd6601f] usable
[    0.000000] reserve setup_data: [mem 0x000000004bd66020-0x000000004bd6c45f] usable
[    0.000000] reserve setup_data: [mem 0x000000004bd6c460-0x000000004bd6d01f] usable
[    0.000000] reserve setup_data: [mem 0x000000004bd6d020-0x000000004bd77a5f] usable
[    0.000000] reserve setup_data: [mem 0x000000004bd77a60-0x000000004bd7801f] usable
[    0.000000] reserve setup_data: [mem 0x000000004bd78020-0x000000004bdd4c5f] usable
[    0.000000] reserve setup_data: [mem 0x000000004bdd4c60-0x000000004bdd501f] usable
[    0.000000] reserve setup_data: [mem 0x000000004bdd5020-0x000000004be31c5f] usable
[    0.000000] reserve setup_data: [mem 0x000000004be31c60-0x000000004be3201f] usable
[    0.000000] reserve setup_data: [mem 0x000000004be32020-0x000000004be91a5f] usable
[    0.000000] reserve setup_data: [mem 0x000000004be91a60-0x000000004be9201f] usable
[    0.000000] reserve setup_data: [mem 0x000000004be92020-0x000000004bef1a5f] usable
[    0.000000] reserve setup_data: [mem 0x000000004bef1a60-0x000000004bef201f] usable
[    0.000000] reserve setup_data: [mem 0x000000004bef2020-0x000000004bf0a65f] usable
[    0.000000] reserve setup_data: [mem 0x000000004bf0a660-0x000000004bf0b01f] usable
[    0.000000] reserve setup_data: [mem 0x000000004bf0b020-0x000000004bf1305f] usable
[    0.000000] reserve setup_data: [mem 0x000000004bf13060-0x00000000682fefff] usable
[    0.000000] reserve setup_data: [mem 0x00000000682ff000-0x000000006ebfefff] reserved
[    0.000000] reserve setup_data: [mem 0x000000006ebff000-0x000000006f9fefff] ACPI NVS
[    0.000000] reserve setup_data: [mem 0x000000006f9ff000-0x000000006fffefff] ACPI data
[    0.000000] reserve setup_data: [mem 0x000000006ffff000-0x000000006fffffff] usable
[    0.000000] reserve setup_data: [mem 0x0000000070000000-0x000000008fffffff] reserved
[    0.000000] reserve setup_data: [mem 0x00000000fe000000-0x00000000fe010fff] reserved
[    0.000000] reserve setup_data: [mem 0x0000000100000000-0x0000000fffffffff] usable
[    0.000000] reserve setup_data: [mem 0x0000001000000000-0x0000007fffffffff] reserved
[    0.000000] reserve setup_data: [mem 0x0000008000000000-0x000000807fffffff] usable
[    0.000000] user-defined physical RAM map:
[    0.000000] user: [mem 0x0000000000000000-0x000000000009ffff] usable
[    0.000000] user: [mem 0x00000000000a0000-0x00000000000fffff] reserved
[    0.000000] user: [mem 0x0000000000100000-0x000000004bd6601f] usable
[    0.000000] user: [mem 0x000000004bd66020-0x000000004bd6c45f] usable
[    0.000000] user: [mem 0x000000004bd6c460-0x000000004bd6d01f] usable
[    0.000000] user: [mem 0x000000004bd6d020-0x000000004bd77a5f] usable
[    0.000000] user: [mem 0x000000004bd77a60-0x000000004bd7801f] usable
[    0.000000] user: [mem 0x000000004bd78020-0x000000004bdd4c5f] usable
[    0.000000] user: [mem 0x000000004bdd4c60-0x000000004bdd501f] usable
[    0.000000] user: [mem 0x000000004bdd5020-0x000000004be31c5f] usable
[    0.000000] user: [mem 0x000000004be31c60-0x000000004be3201f] usable
[    0.000000] user: [mem 0x000000004be32020-0x000000004be91a5f] usable
[    0.000000] user: [mem 0x000000004be91a60-0x000000004be9201f] usable
[    0.000000] user: [mem 0x000000004be92020-0x000000004bef1a5f] usable
[    0.000000] user: [mem 0x000000004bef1a60-0x000000004bef201f] usable
[    0.000000] user: [mem 0x000000004bef2020-0x000000004bf0a65f] usable
[    0.000000] user: [mem 0x000000004bf0a660-0x000000004bf0b01f] usable
[    0.000000] user: [mem 0x000000004bf0b020-0x000000004bf1305f] usable
[    0.000000] user: [mem 0x000000004bf13060-0x00000000682fefff] usable
[    0.000000] user: [mem 0x00000000682ff000-0x000000006ebfefff] reserved
[    0.000000] user: [mem 0x000000006ebff000-0x000000006f9fefff] ACPI NVS
[    0.000000] user: [mem 0x000000006f9ff000-0x000000006fffefff] ACPI data
[    0.000000] user: [mem 0x000000006ffff000-0x000000006fffffff] usable
[    0.000000] user: [mem 0x0000000070000000-0x000000008fffffff] reserved
[    0.000000] user: [mem 0x00000000fe000000-0x00000000fe010fff] reserved
[    0.000000] user: [mem 0x0000000100000000-0x0000000fffffffff] usable
[    0.000000] user: [mem 0x0000001000000000-0x0000007fffffffff] reserved
[    0.000000] user: [mem 0x0000008000000000-0x000000807fffffff] usable
[    0.000000] efi: EFI v2.70 by Dell Inc.
[    0.000000] efi: ACPI=0x6fffe000 ACPI 2.0=0x6fffe014 SMBIOS=0x68d36000 SMBIOS 3.0=0x68d34000 MEMATTR=0x65053020 MOKvar=0x683aa000 RNG=0x683d5720 
[    0.000000] efi: seeding entropy pool
[    0.000000] random: fast init done
[    0.000000] SMBIOS 3.2.0 present.
[    0.000000] DMI: Dell Inc. PowerEdge R740xd/06WXJT, BIOS 2.14.2 03/21/2022
[    0.000000] tsc: Detected 2100.000 MHz processor
[    0.000009] e820: update [mem 0x00000000-0x00000fff] usable ==> reserved
[    0.000012] e820: remove [mem 0x000a0000-0x000fffff] usable
[    0.000022] last_pfn = 0x8080000 max_arch_pfn = 0x400000000
[    0.000025] MTRR default type: uncachable
[    0.000027] MTRR fixed ranges enabled:
[    0.000028]   00000-9FFFF write-back
[    0.000030]   A0000-BFFFF uncachable
[    0.000031]   C0000-FFFFF write-protect
[    0.000032] MTRR variable ranges enabled:
[    0.000034]   0 base 000000000000 mask 3F8000000000 write-back
[    0.000036]   1 base 008000000000 mask 3FFF80000000 write-back
[    0.000038]   2 base 000080000000 mask 3FFF80000000 uncachable
[    0.000040]   3 base 000070000000 mask 3FFFFC000000 uncachable
[    0.000041]   4 disabled
[    0.000042]   5 disabled
[    0.000043]   6 disabled
[    0.000044]   7 disabled
[    0.000045]   8 disabled
[    0.000046]   9 disabled
[    0.000204] x86/PAT: Configuration [0-7]: WB  WC  UC- UC  WB  WP  UC- WT  
[    0.001073] total RAM covered: 524224M
[    0.001312]  gran_size: 64K 	chunk_size: 64K 	num_reg: 10  	lose cover RAM: 386G
[    0.001316]  gran_size: 64K 	chunk_size: 128K 	num_reg: 10  	lose cover RAM: 386G
[    0.001318]  gran_size: 64K 	chunk_size: 256K 	num_reg: 10  	lose cover RAM: 386G
[    0.001320]  gran_size: 64K 	chunk_size: 512K 	num_reg: 10  	lose cover RAM: 386G
[    0.001322]  gran_size: 64K 	chunk_size: 1M 	num_reg: 10  	lose cover RAM: 386G
[    0.001324]  gran_size: 64K 	chunk_size: 2M 	num_reg: 10  	lose cover RAM: 386G
[    0.001326]  gran_size: 64K 	chunk_size: 4M 	num_reg: 10  	lose cover RAM: 386G
[    0.001328]  gran_size: 64K 	chunk_size: 8M 	num_reg: 10  	lose cover RAM: 386G
[    0.001329]  gran_size: 64K 	chunk_size: 16M 	num_reg: 10  	lose cover RAM: 386G
[    0.001331]  gran_size: 64K 	chunk_size: 32M 	num_reg: 10  	lose cover RAM: 386G
[    0.001333]  gran_size: 64K 	chunk_size: 64M 	num_reg: 10  	lose cover RAM: 386G
[    0.001335]  gran_size: 64K 	chunk_size: 128M 	num_reg: 10  	lose cover RAM: 482G
[    0.001337]  gran_size: 64K 	chunk_size: 256M 	num_reg: 10  	lose cover RAM: 482G
[    0.001339]  gran_size: 64K 	chunk_size: 512M 	num_reg: 10  	lose cover RAM: 0G
[    0.001341]  gran_size: 64K 	chunk_size: 1G 	num_reg: 10  	lose cover RAM: 0G
[    0.001343]  gran_size: 64K 	chunk_size: 2G 	num_reg: 10  	lose cover RAM: 0G
[    0.001345]  gran_size: 128K 	chunk_size: 128K 	num_reg: 10  	lose cover RAM: 386G
[    0.001347]  gran_size: 128K 	chunk_size: 256K 	num_reg: 10  	lose cover RAM: 386G
[    0.001349]  gran_size: 128K 	chunk_size: 512K 	num_reg: 10  	lose cover RAM: 386G
[    0.001351]  gran_size: 128K 	chunk_size: 1M 	num_reg: 10  	lose cover RAM: 386G
[    0.001353]  gran_size: 128K 	chunk_size: 2M 	num_reg: 10  	lose cover RAM: 386G
[    0.001355]  gran_size: 128K 	chunk_size: 4M 	num_reg: 10  	lose cover RAM: 386G
[    0.001357]  gran_size: 128K 	chunk_size: 8M 	num_reg: 10  	lose cover RAM: 386G
[    0.001359]  gran_size: 128K 	chunk_size: 16M 	num_reg: 10  	lose cover RAM: 386G
[    0.001361]  gran_size: 128K 	chunk_size: 32M 	num_reg: 10  	lose cover RAM: 386G
[    0.001362]  gran_size: 128K 	chunk_size: 64M 	num_reg: 10  	lose cover RAM: 386G
[    0.001365]  gran_size: 128K 	chunk_size: 128M 	num_reg: 10  	lose cover RAM: 482G
[    0.001366]  gran_size: 128K 	chunk_size: 256M 	num_reg: 10  	lose cover RAM: 482G
[    0.001368]  gran_size: 128K 	chunk_size: 512M 	num_reg: 10  	lose cover RAM: 0G
[    0.001370]  gran_size: 128K 	chunk_size: 1G 	num_reg: 10  	lose cover RAM: 0G
[    0.001372]  gran_size: 128K 	chunk_size: 2G 	num_reg: 10  	lose cover RAM: 0G
[    0.001374]  gran_size: 256K 	chunk_size: 256K 	num_reg: 10  	lose cover RAM: 386G
[    0.001376]  gran_size: 256K 	chunk_size: 512K 	num_reg: 10  	lose cover RAM: 386G
[    0.001378]  gran_size: 256K 	chunk_size: 1M 	num_reg: 10  	lose cover RAM: 386G
[    0.001380]  gran_size: 256K 	chunk_size: 2M 	num_reg: 10  	lose cover RAM: 386G
[    0.001382]  gran_size: 256K 	chunk_size: 4M 	num_reg: 10  	lose cover RAM: 386G
[    0.001384]  gran_size: 256K 	chunk_size: 8M 	num_reg: 10  	lose cover RAM: 386G
[    0.001386]  gran_size: 256K 	chunk_size: 16M 	num_reg: 10  	lose cover RAM: 386G
[    0.001388]  gran_size: 256K 	chunk_size: 32M 	num_reg: 10  	lose cover RAM: 386G
[    0.001389]  gran_size: 256K 	chunk_size: 64M 	num_reg: 10  	lose cover RAM: 386G
[    0.001391]  gran_size: 256K 	chunk_size: 128M 	num_reg: 10  	lose cover RAM: 482G
[    0.001393]  gran_size: 256K 	chunk_size: 256M 	num_reg: 10  	lose cover RAM: 482G
[    0.001395]  gran_size: 256K 	chunk_size: 512M 	num_reg: 10  	lose cover RAM: 0G
[    0.001397]  gran_size: 256K 	chunk_size: 1G 	num_reg: 10  	lose cover RAM: 0G
[    0.001399]  gran_size: 256K 	chunk_size: 2G 	num_reg: 10  	lose cover RAM: 0G
[    0.001401]  gran_size: 512K 	chunk_size: 512K 	num_reg: 10  	lose cover RAM: 386G
[    0.001403]  gran_size: 512K 	chunk_size: 1M 	num_reg: 10  	lose cover RAM: 386G
[    0.001405]  gran_size: 512K 	chunk_size: 2M 	num_reg: 10  	lose cover RAM: 386G
[    0.001406]  gran_size: 512K 	chunk_size: 4M 	num_reg: 10  	lose cover RAM: 386G
[    0.001408]  gran_size: 512K 	chunk_size: 8M 	num_reg: 10  	lose cover RAM: 386G
[    0.001410]  gran_size: 512K 	chunk_size: 16M 	num_reg: 10  	lose cover RAM: 386G
[    0.001412]  gran_size: 512K 	chunk_size: 32M 	num_reg: 10  	lose cover RAM: 386G
[    0.001414]  gran_size: 512K 	chunk_size: 64M 	num_reg: 10  	lose cover RAM: 386G
[    0.001416]  gran_size: 512K 	chunk_size: 128M 	num_reg: 10  	lose cover RAM: 482G
[    0.001417]  gran_size: 512K 	chunk_size: 256M 	num_reg: 10  	lose cover RAM: 482G
[    0.001419]  gran_size: 512K 	chunk_size: 512M 	num_reg: 10  	lose cover RAM: 0G
[    0.001421]  gran_size: 512K 	chunk_size: 1G 	num_reg: 10  	lose cover RAM: 0G
[    0.001423]  gran_size: 512K 	chunk_size: 2G 	num_reg: 10  	lose cover RAM: 0G
[    0.001425]  gran_size: 1M 	chunk_size: 1M 	num_reg: 10  	lose cover RAM: 386G
[    0.001427]  gran_size: 1M 	chunk_size: 2M 	num_reg: 10  	lose cover RAM: 386G
[    0.001428]  gran_size: 1M 	chunk_size: 4M 	num_reg: 10  	lose cover RAM: 386G
[    0.001430]  gran_size: 1M 	chunk_size: 8M 	num_reg: 10  	lose cover RAM: 386G
[    0.001432]  gran_size: 1M 	chunk_size: 16M 	num_reg: 10  	lose cover RAM: 386G
[    0.001434]  gran_size: 1M 	chunk_size: 32M 	num_reg: 10  	lose cover RAM: 386G
[    0.001436]  gran_size: 1M 	chunk_size: 64M 	num_reg: 10  	lose cover RAM: 386G
[    0.001437]  gran_size: 1M 	chunk_size: 128M 	num_reg: 10  	lose cover RAM: 482G
[    0.001439]  gran_size: 1M 	chunk_size: 256M 	num_reg: 10  	lose cover RAM: 482G
[    0.001441]  gran_size: 1M 	chunk_size: 512M 	num_reg: 10  	lose cover RAM: 0G
[    0.001443]  gran_size: 1M 	chunk_size: 1G 	num_reg: 10  	lose cover RAM: 0G
[    0.001445]  gran_size: 1M 	chunk_size: 2G 	num_reg: 10  	lose cover RAM: 0G
[    0.001446]  gran_size: 2M 	chunk_size: 2M 	num_reg: 10  	lose cover RAM: 386G
[    0.001448]  gran_size: 2M 	chunk_size: 4M 	num_reg: 10  	lose cover RAM: 386G
[    0.001450]  gran_size: 2M 	chunk_size: 8M 	num_reg: 10  	lose cover RAM: 386G
[    0.001452]  gran_size: 2M 	chunk_size: 16M 	num_reg: 10  	lose cover RAM: 386G
[    0.001454]  gran_size: 2M 	chunk_size: 32M 	num_reg: 10  	lose cover RAM: 386G
[    0.001456]  gran_size: 2M 	chunk_size: 64M 	num_reg: 10  	lose cover RAM: 386G
[    0.001458]  gran_size: 2M 	chunk_size: 128M 	num_reg: 10  	lose cover RAM: 482G
[    0.001459]  gran_size: 2M 	chunk_size: 256M 	num_reg: 10  	lose cover RAM: 482G
[    0.001461]  gran_size: 2M 	chunk_size: 512M 	num_reg: 10  	lose cover RAM: 0G
[    0.001463]  gran_size: 2M 	chunk_size: 1G 	num_reg: 10  	lose cover RAM: 0G
[    0.001465]  gran_size: 2M 	chunk_size: 2G 	num_reg: 10  	lose cover RAM: 0G
[    0.001467]  gran_size: 4M 	chunk_size: 4M 	num_reg: 10  	lose cover RAM: 386G
[    0.001469]  gran_size: 4M 	chunk_size: 8M 	num_reg: 10  	lose cover RAM: 386G
[    0.001470]  gran_size: 4M 	chunk_size: 16M 	num_reg: 10  	lose cover RAM: 386G
[    0.001472]  gran_size: 4M 	chunk_size: 32M 	num_reg: 10  	lose cover RAM: 386G
[    0.001474]  gran_size: 4M 	chunk_size: 64M 	num_reg: 10  	lose cover RAM: 386G
[    0.001476]  gran_size: 4M 	chunk_size: 128M 	num_reg: 10  	lose cover RAM: 482G
[    0.001478]  gran_size: 4M 	chunk_size: 256M 	num_reg: 10  	lose cover RAM: 482G
[    0.001479]  gran_size: 4M 	chunk_size: 512M 	num_reg: 10  	lose cover RAM: 0G
[    0.001481]  gran_size: 4M 	chunk_size: 1G 	num_reg: 10  	lose cover RAM: 0G
[    0.001483]  gran_size: 4M 	chunk_size: 2G 	num_reg: 10  	lose cover RAM: 0G
[    0.001485]  gran_size: 8M 	chunk_size: 8M 	num_reg: 10  	lose cover RAM: 386G
[    0.001487]  gran_size: 8M 	chunk_size: 16M 	num_reg: 10  	lose cover RAM: 386G
[    0.001488]  gran_size: 8M 	chunk_size: 32M 	num_reg: 10  	lose cover RAM: 386G
[    0.001490]  gran_size: 8M 	chunk_size: 64M 	num_reg: 10  	lose cover RAM: 386G
[    0.001492]  gran_size: 8M 	chunk_size: 128M 	num_reg: 10  	lose cover RAM: 482G
[    0.001494]  gran_size: 8M 	chunk_size: 256M 	num_reg: 10  	lose cover RAM: 482G
[    0.001496]  gran_size: 8M 	chunk_size: 512M 	num_reg: 10  	lose cover RAM: 0G
[    0.001498]  gran_size: 8M 	chunk_size: 1G 	num_reg: 10  	lose cover RAM: 0G
[    0.001500]  gran_size: 8M 	chunk_size: 2G 	num_reg: 10  	lose cover RAM: 0G
[    0.001502]  gran_size: 16M 	chunk_size: 16M 	num_reg: 10  	lose cover RAM: 386G
[    0.001504]  gran_size: 16M 	chunk_size: 32M 	num_reg: 10  	lose cover RAM: 386G
[    0.001506]  gran_size: 16M 	chunk_size: 64M 	num_reg: 10  	lose cover RAM: 386G
[    0.001508]  gran_size: 16M 	chunk_size: 128M 	num_reg: 10  	lose cover RAM: 482G
[    0.001509]  gran_size: 16M 	chunk_size: 256M 	num_reg: 10  	lose cover RAM: 482G
[    0.001511]  gran_size: 16M 	chunk_size: 512M 	num_reg: 10  	lose cover RAM: 0G
[    0.001513]  gran_size: 16M 	chunk_size: 1G 	num_reg: 10  	lose cover RAM: 0G
[    0.001515]  gran_size: 16M 	chunk_size: 2G 	num_reg: 10  	lose cover RAM: 0G
[    0.001517]  gran_size: 32M 	chunk_size: 32M 	num_reg: 10  	lose cover RAM: 386G
[    0.001519]  gran_size: 32M 	chunk_size: 64M 	num_reg: 10  	lose cover RAM: 386G
[    0.001521]  gran_size: 32M 	chunk_size: 128M 	num_reg: 10  	lose cover RAM: 482G
[    0.001522]  gran_size: 32M 	chunk_size: 256M 	num_reg: 10  	lose cover RAM: 482G
[    0.001524]  gran_size: 32M 	chunk_size: 512M 	num_reg: 10  	lose cover RAM: 0G
[    0.001526]  gran_size: 32M 	chunk_size: 1G 	num_reg: 10  	lose cover RAM: 0G
[    0.001528]  gran_size: 32M 	chunk_size: 2G 	num_reg: 10  	lose cover RAM: 0G
[    0.001530]  gran_size: 64M 	chunk_size: 64M 	num_reg: 10  	lose cover RAM: 386G
[    0.001531]  gran_size: 64M 	chunk_size: 128M 	num_reg: 10  	lose cover RAM: 482G
[    0.001533]  gran_size: 64M 	chunk_size: 256M 	num_reg: 10  	lose cover RAM: 482G
[    0.001535]  gran_size: 64M 	chunk_size: 512M 	num_reg: 10  	lose cover RAM: 0G
[    0.001537]  gran_size: 64M 	chunk_size: 1G 	num_reg: 10  	lose cover RAM: 0G
[    0.001539]  gran_size: 64M 	chunk_size: 2G 	num_reg: 10  	lose cover RAM: 0G
[    0.001541]  gran_size: 128M 	chunk_size: 128M 	num_reg: 10  	lose cover RAM: 395328M
[    0.001543]  gran_size: 128M 	chunk_size: 256M 	num_reg: 10  	lose cover RAM: 395328M
[    0.001545]  gran_size: 128M 	chunk_size: 512M 	num_reg: 10  	lose cover RAM: 0G
[    0.001547]  gran_size: 128M 	chunk_size: 1G 	num_reg: 10  	lose cover RAM: 0G
[    0.001549]  gran_size: 128M 	chunk_size: 2G 	num_reg: 10  	lose cover RAM: 0G
[    0.001551]  gran_size: 256M 	chunk_size: 256M 	num_reg: 10  	lose cover RAM: 2240M
[    0.001553]  gran_size: 256M 	chunk_size: 512M 	num_reg: 10  	lose cover RAM: 0G
[    0.001554]  gran_size: 256M 	chunk_size: 1G 	num_reg: 10  	lose cover RAM: 0G
[    0.001556]  gran_size: 256M 	chunk_size: 2G 	num_reg: 10  	lose cover RAM: 0G
[    0.001558]  gran_size: 512M 	chunk_size: 512M 	num_reg: 10  	lose cover RAM: 448M
[    0.001560]  gran_size: 512M 	chunk_size: 1G 	num_reg: 10  	lose cover RAM: 2304M
[    0.001562]  gran_size: 512M 	chunk_size: 2G 	num_reg: 10  	lose cover RAM: 2304M
[    0.001564]  gran_size: 1G 	chunk_size: 1G 	num_reg: 9  	lose cover RAM: 960M
[    0.001566]  gran_size: 1G 	chunk_size: 2G 	num_reg: 10  	lose cover RAM: 264960M
[    0.001567]  gran_size: 2G 	chunk_size: 2G 	num_reg: 8  	lose cover RAM: 1984M
[    0.001569] mtrr_cleanup: can not find optimal value
[    0.001570] please specify mtrr_gran_size/mtrr_chunk_size
[    0.001573] e820: update [mem 0x70000000-0x73ffffff] usable ==> reserved
[    0.001577] e820: update [mem 0x80000000-0xffffffff] usable ==> reserved
[    0.001582] last_pfn = 0x70000 max_arch_pfn = 0x400000000
[    0.008825] efi: Failed to lookup EFI memory descriptor for 0x00000000683aa000
[    0.008845] check: Scanning 1 areas for low memory corruption
[    0.008850] Using GB pages for direct mapping
[    0.009152] Secure boot disabled
[    0.009152] RAMDISK: [mem 0x4bf14000-0x4f8defff]
[    0.009162] ACPI: Early table checksum verification disabled
[    0.009165] ACPI: RSDP 0x000000006FFFE014 000024 (v02 DELL  )
[    0.009169] ACPI: XSDT 0x000000006FBF9188 0000F4 (v01 DELL   PE_SC3   00000000      01000013)
[    0.009176] ACPI: FACP 0x000000006FFF8000 000114 (v06 DELL   PE_SC3   00000000 DELL 00000001)
[    0.009183] ACPI: DSDT 0x000000006FCFA000 2EE3DC (v02 DELL   PE_SC3   00000003 DELL 00000001)
[    0.009187] ACPI: FACS 0x000000006F6EE000 000040
[    0.009190] ACPI: SSDT 0x000000006FFFC000 00046C (v02 INTEL  ADDRXLAT 00000001 INTL 20180508)
[    0.009194] ACPI: MCEJ 0x000000006FFFB000 000130 (v01 DELL   PE_SC3   00000002 DELL 00000001)
[    0.009197] ACPI: WD__ 0x000000006FFFA000 000134 (v01 DELL   PE_SC3   00000001 DELL 00000001)
[    0.009200] ACPI: SLIC 0x000000006FFF9000 000176 (v01 DELL   PE_SC3   00000001 DELL 00000001)
[    0.009204] ACPI: HPET 0x000000006FFF7000 000038 (v01 DELL   PE_SC3   00000001 DELL 00000001)
[    0.009207] ACPI: APIC 0x000000006FFF5000 0016DE (v04 DELL   PE_SC3   00000000 DELL 00000001)
[    0.009211] ACPI: MCFG 0x000000006FFF4000 00003C (v01 DELL   PE_SC3   00000001 DELL 00000001)
[    0.009214] ACPI: MIGT 0x000000006FFF3000 000040 (v01 DELL   PE_SC3   00000000 DELL 00000001)
[    0.009218] ACPI: MSCT 0x000000006FFF2000 000090 (v01 DELL   PE_SC3   00000001 DELL 00000001)
[    0.009221] ACPI: PCAT 0x000000006FFF1000 000088 (v02 DELL   PE_SC3   00000002 DELL 00000001)
[    0.009225] ACPI: PCCT 0x000000006FFF0000 00006E (v01 DELL   PE_SC3   00000002 DELL 00000001)
[    0.009228] ACPI: RASF 0x000000006FFEF000 000030 (v01 DELL   PE_SC3   00000001 DELL 00000001)
[    0.009232] ACPI: SLIT 0x000000006FFEE000 00042C (v01 DELL   PE_SC3   00000001 DELL 00000001)
[    0.009235] ACPI: SRAT 0x000000006FFEB000 002D30 (v03 DELL   PE_SC3   00000002 DELL 00000001)
[    0.009239] ACPI: SVOS 0x000000006FFEA000 000032 (v01 DELL   PE_SC3   00000000 DELL 00000001)
[    0.009243] ACPI: WSMT 0x000000006FFE9000 000028 (v01 DELL   PE_SC3   00000000 DELL 00000001)
[    0.009246] ACPI: OEM4 0x000000006FC4C000 0AD1C1 (v02 INTEL  CPU  CST 00003000 INTL 20180508)
[    0.009250] ACPI: SSDT 0x000000006FC14000 037465 (v02 INTEL  SSDT  PM 00004000 INTL 20180508)
[    0.009254] ACPI: SSDT 0x000000006FBFA000 000A1F (v02 DELL   PE_SC3   00000000 DELL 00000001)
[    0.009257] ACPI: SSDT 0x000000006FC10000 00357F (v02 INTEL  SpsNm    00000002 INTL 20180508)
[    0.009261] ACPI: DMAR 0x000000006FFFD000 0001D0 (v01 DELL   PE_SC3   00000001 DELL 00000001)
[    0.009264] ACPI: HEST 0x000000006FC0F000 00017C (v01 DELL   PE_SC3   00000002 DELL 00000001)
[    0.009268] ACPI: BERT 0x000000006FC0E000 000030 (v01 DELL   PE_SC3   00000002 DELL 00000001)
[    0.009271] ACPI: ERST 0x000000006FC0D000 000230 (v01 DELL   PE_SC3   00000002 DELL 00000001)
[    0.009275] ACPI: EINJ 0x000000006FC0C000 000150 (v01 DELL   PE_SC3   00000002 DELL 00000001)
[    0.009283] ACPI: Local APIC address 0xfee00000
[    0.009386] SRAT: PXM 0 -> APIC 0x00 -> Node 0
[    0.009388] SRAT: PXM 1 -> APIC 0x40 -> Node 1
[    0.009389] SRAT: PXM 0 -> APIC 0x08 -> Node 0
[    0.009390] SRAT: PXM 1 -> APIC 0x48 -> Node 1
[    0.009391] SRAT: PXM 0 -> APIC 0x02 -> Node 0
[    0.009392] SRAT: PXM 1 -> APIC 0x42 -> Node 1
[    0.009393] SRAT: PXM 0 -> APIC 0x06 -> Node 0
[    0.009394] SRAT: PXM 1 -> APIC 0x46 -> Node 1
[    0.009395] SRAT: PXM 0 -> APIC 0x04 -> Node 0
[    0.009396] SRAT: PXM 1 -> APIC 0x44 -> Node 1
[    0.009397] SRAT: PXM 0 -> APIC 0x18 -> Node 0
[    0.009398] SRAT: PXM 1 -> APIC 0x58 -> Node 1
[    0.009399] SRAT: PXM 0 -> APIC 0x10 -> Node 0
[    0.009400] SRAT: PXM 1 -> APIC 0x50 -> Node 1
[    0.009401] SRAT: PXM 0 -> APIC 0x16 -> Node 0
[    0.009402] SRAT: PXM 1 -> APIC 0x56 -> Node 1
[    0.009403] SRAT: PXM 0 -> APIC 0x12 -> Node 0
[    0.009404] SRAT: PXM 1 -> APIC 0x52 -> Node 1
[    0.009405] SRAT: PXM 0 -> APIC 0x14 -> Node 0
[    0.009406] SRAT: PXM 1 -> APIC 0x54 -> Node 1
[    0.009407] SRAT: PXM 0 -> APIC 0x20 -> Node 0
[    0.009408] SRAT: PXM 1 -> APIC 0x60 -> Node 1
[    0.009409] SRAT: PXM 0 -> APIC 0x28 -> Node 0
[    0.009410] SRAT: PXM 1 -> APIC 0x68 -> Node 1
[    0.009411] SRAT: PXM 0 -> APIC 0x22 -> Node 0
[    0.009412] SRAT: PXM 1 -> APIC 0x62 -> Node 1
[    0.009413] SRAT: PXM 0 -> APIC 0x26 -> Node 0
[    0.009414] SRAT: PXM 1 -> APIC 0x66 -> Node 1
[    0.009415] SRAT: PXM 0 -> APIC 0x24 -> Node 0
[    0.009416] SRAT: PXM 1 -> APIC 0x64 -> Node 1
[    0.009417] SRAT: PXM 0 -> APIC 0x38 -> Node 0
[    0.009418] SRAT: PXM 1 -> APIC 0x78 -> Node 1
[    0.009419] SRAT: PXM 0 -> APIC 0x30 -> Node 0
[    0.009420] SRAT: PXM 1 -> APIC 0x70 -> Node 1
[    0.009421] SRAT: PXM 0 -> APIC 0x36 -> Node 0
[    0.009422] SRAT: PXM 1 -> APIC 0x76 -> Node 1
[    0.009423] SRAT: PXM 0 -> APIC 0x32 -> Node 0
[    0.009425] SRAT: PXM 1 -> APIC 0x72 -> Node 1
[    0.009426] SRAT: PXM 0 -> APIC 0x34 -> Node 0
[    0.009427] SRAT: PXM 1 -> APIC 0x74 -> Node 1
[    0.009440] ACPI: SRAT: Node 0 PXM 0 [mem 0x00000000-0x7fffffff]
[    0.009442] ACPI: SRAT: Node 0 PXM 0 [mem 0x100000000-0x407fffffff]
[    0.009444] ACPI: SRAT: Node 1 PXM 1 [mem 0x4080000000-0x807fffffff]
[    0.009452] NUMA: Initialized distance table, cnt=2
[    0.009454] NUMA: Node 0 [mem 0x00000000-0x7fffffff] + [mem 0x100000000-0x407fffffff] -> [mem 0x00000000-0x407fffffff]
[    0.009467] NODE_DATA(0) allocated [mem 0xffffd6000-0xfffffffff]
[    0.009492] NODE_DATA(1) allocated [mem 0x807ffd5000-0x807fffefff]
[    0.009840] Zone ranges:
[    0.009841]   DMA      [mem 0x0000000000001000-0x0000000000ffffff]
[    0.009844]   DMA32    [mem 0x0000000001000000-0x00000000ffffffff]
[    0.009846]   Normal   [mem 0x0000000100000000-0x000000807fffffff]
[    0.009848]   Device   empty
[    0.009849] Movable zone start for each node
[    0.009852] Early memory node ranges
[    0.009853]   node   0: [mem 0x0000000000001000-0x000000000009ffff]
[    0.009855]   node   0: [mem 0x0000000000100000-0x00000000682fefff]
[    0.009856]   node   0: [mem 0x000000006ffff000-0x000000006fffffff]
[    0.009857]   node   0: [mem 0x0000000100000000-0x0000000fffffffff]
[    0.009862]   node   1: [mem 0x0000008000000000-0x000000807fffffff]
[    0.011599] Zeroed struct page in unavailable ranges: 32097 pages
[    0.011601] Initmem setup node 0 [mem 0x0000000000001000-0x0000000fffffffff]
[    0.011604] On node 0 totalpages: 16155295
[    0.011605]   DMA zone: 64 pages used for memmap
[    0.011606]   DMA zone: 1094 pages reserved
[    0.011607]   DMA zone: 3999 pages, LIFO batch:0
[    0.011649]   DMA32 zone: 6604 pages used for memmap
[    0.011650]   DMA32 zone: 422656 pages, LIFO batch:63
[    0.015649]   Normal zone: 245760 pages used for memmap
[    0.015650]   Normal zone: 15728640 pages, LIFO batch:63
[    0.158794] Initmem setup node 1 [mem 0x0000008000000000-0x000000807fffffff]
[    0.158796] On node 1 totalpages: 524288
[    0.158797]   Normal zone: 8192 pages used for memmap
[    0.158798]   Normal zone: 524288 pages, LIFO batch:63
[    0.165187] ACPI: PM-Timer IO Port: 0x508
[    0.165189] ACPI: Local APIC address 0xfee00000
[    0.165212] ACPI: X2APIC_NMI (uid[0xffffffff] high level lint[0x1])
[    0.165217] ACPI: LAPIC_NMI (acpi_id[0xff] high level lint[0x1])
[    0.165237] IOAPIC[0]: apic_id 8, version 32, address 0xfec00000, GSI 0-23
[    0.165242] IOAPIC[1]: apic_id 9, version 32, address 0xfec01000, GSI 24-31
[    0.165247] IOAPIC[2]: apic_id 10, version 32, address 0xfec08000, GSI 32-39
[    0.165252] IOAPIC[3]: apic_id 11, version 32, address 0xfec10000, GSI 40-47
[    0.165257] IOAPIC[4]: apic_id 12, version 32, address 0xfec18000, GSI 48-55
[    0.165262] IOAPIC[5]: apic_id 15, version 32, address 0xfec20000, GSI 72-79
[    0.165267] IOAPIC[6]: apic_id 16, version 32, address 0xfec28000, GSI 80-87
[    0.165272] IOAPIC[7]: apic_id 17, version 32, address 0xfec30000, GSI 88-95
[    0.165277] IOAPIC[8]: apic_id 18, version 32, address 0xfec38000, GSI 96-103
[    0.165283] ACPI: INT_SRC_OVR (bus 0 bus_irq 0 global_irq 2 dfl dfl)
[    0.165285] ACPI: INT_SRC_OVR (bus 0 bus_irq 9 global_irq 9 high level)
[    0.165289] ACPI: IRQ0 used by override.
[    0.165290] ACPI: IRQ9 used by override.
[    0.165296] Using ACPI (MADT) for SMP configuration information
[    0.165297] ACPI: HPET id: 0x8086a701 base: 0xfed00000
[    0.165300] TSC deadline timer available
[    0.165302] smpboot: Allowing 40 CPUs, 0 hotplug CPUs
[    0.165320] PM: hibernation: Registered nosave memory: [mem 0x00000000-0x00000fff]
[    0.165322] PM: hibernation: Registered nosave memory: [mem 0x000a0000-0x000fffff]
[    0.165324] PM: hibernation: Registered nosave memory: [mem 0x4bd66000-0x4bd66fff]
[    0.165326] PM: hibernation: Registered nosave memory: [mem 0x4bd6c000-0x4bd6cfff]
[    0.165328] PM: hibernation: Registered nosave memory: [mem 0x4bd6d000-0x4bd6dfff]
[    0.165330] PM: hibernation: Registered nosave memory: [mem 0x4bd77000-0x4bd77fff]
[    0.165331] PM: hibernation: Registered nosave memory: [mem 0x4bd78000-0x4bd78fff]
[    0.165332] PM: hibernation: Registered nosave memory: [mem 0x4bdd4000-0x4bdd4fff]
[    0.165333] PM: hibernation: Registered nosave memory: [mem 0x4bdd5000-0x4bdd5fff]
[    0.165335] PM: hibernation: Registered nosave memory: [mem 0x4be31000-0x4be31fff]
[    0.165336] PM: hibernation: Registered nosave memory: [mem 0x4be32000-0x4be32fff]
[    0.165338] PM: hibernation: Registered nosave memory: [mem 0x4be91000-0x4be91fff]
[    0.165339] PM: hibernation: Registered nosave memory: [mem 0x4be92000-0x4be92fff]
[    0.165341] PM: hibernation: Registered nosave memory: [mem 0x4bef1000-0x4bef1fff]
[    0.165342] PM: hibernation: Registered nosave memory: [mem 0x4bef2000-0x4bef2fff]
[    0.165344] PM: hibernation: Registered nosave memory: [mem 0x4bf0a000-0x4bf0afff]
[    0.165345] PM: hibernation: Registered nosave memory: [mem 0x4bf0b000-0x4bf0bfff]
[    0.165347] PM: hibernation: Registered nosave memory: [mem 0x4bf13000-0x4bf13fff]
[    0.165349] PM: hibernation: Registered nosave memory: [mem 0x682ff000-0x6ebfefff]
[    0.165350] PM: hibernation: Registered nosave memory: [mem 0x6ebff000-0x6f9fefff]
[    0.165351] PM: hibernation: Registered nosave memory: [mem 0x6f9ff000-0x6fffefff]
[    0.165353] PM: hibernation: Registered nosave memory: [mem 0x70000000-0x8fffffff]
[    0.165354] PM: hibernation: Registered nosave memory: [mem 0x90000000-0xfdffffff]
[    0.165355] PM: hibernation: Registered nosave memory: [mem 0xfe000000-0xfe010fff]
[    0.165356] PM: hibernation: Registered nosave memory: [mem 0xfe011000-0xffffffff]
[    0.165358] PM: hibernation: Registered nosave memory: [mem 0x1000000000-0x7fffffffff]
[    0.165361] [mem 0x90000000-0xfdffffff] available for PCI devices
[    0.165362] Booting paravirtualized kernel on bare hardware
[    0.165365] clocksource: refined-jiffies: mask: 0xffffffff max_cycles: 0xffffffff, max_idle_ns: 7645519600211568 ns
[    0.165373] setup_percpu: NR_CPUS:8192 nr_cpumask_bits:40 nr_cpu_ids:40 nr_node_ids:2
[    0.168243] percpu: Embedded 56 pages/cpu s192512 r8192 d28672 u262144
[    0.168253] pcpu-alloc: s192512 r8192 d28672 u262144 alloc=1*2097152
[    0.168256] pcpu-alloc: [0] 00 02 04 06 08 10 12 14 [0] 16 18 20 22 24 26 28 30 
[    0.168269] pcpu-alloc: [0] 32 34 36 38 -- -- -- -- [1] 01 03 05 07 09 11 13 15 
[    0.168281] pcpu-alloc: [1] 17 19 21 23 25 27 29 31 [1] 33 35 37 39 -- -- -- -- 
[    0.168330] Built 2 zonelists, mobility grouping on.  Total pages: 16417869
[    0.168332] Policy zone: Normal
[    0.168333] Kernel command line: BOOT_IMAGE=/boot/vmlinuz-5.11.0.vanilla-f2fs root=UUID=0fe244cb-556c-49fd-bc46-148ab2afc428 ro memmap=448G$64G intremap=off isolcpus=37,39 quiet splash vt.handoff=7
[    0.168493] printk: log_buf_len individual max cpu contribution: 4096 bytes
[    0.168494] printk: log_buf_len total cpu_extra contributions: 159744 bytes
[    0.168495] printk: log_buf_len min size: 262144 bytes
[    0.169306] printk: log_buf_len: 524288 bytes
[    0.169307] printk: early log buf free: 230128(87%)
[    0.169681] mem auto-init: stack:off, heap alloc:on, heap free:off
[    0.341845] Memory: 65383884K/66718332K available (16393K kernel code, 4308K rwdata, 10284K rodata, 2804K init, 5032K bss, 1334188K reserved, 0K cma-reserved)
[    0.341851] random: get_random_u64 called from __kmem_cache_create+0x31/0x460 with crng_init=1
[    0.342312] SLUB: HWalign=64, Order=0-3, MinObjects=0, CPUs=40, Nodes=2
[    0.342334] ftrace: allocating 48076 entries in 188 pages
[    0.360353] ftrace: allocated 188 pages with 5 groups
[    0.361057] rcu: Hierarchical RCU implementation.
[    0.361058] rcu: 	RCU restricting CPUs from NR_CPUS=8192 to nr_cpu_ids=40.
[    0.361060] 	Rude variant of Tasks RCU enabled.
[    0.361061] 	Tracing variant of Tasks RCU enabled.
[    0.361062] rcu: RCU calculated value of scheduler-enlistment delay is 25 jiffies.
[    0.361063] rcu: Adjusting geometry for rcu_fanout_leaf=16, nr_cpu_ids=40
[    0.365046] NR_IRQS: 524544, nr_irqs: 2104, preallocated irqs: 16
[    0.365376] random: crng done (trusting CPU's manufacturer)
[    0.365472] Console: colour dummy device 80x25
[    0.365509] printk: console [tty0] enabled
[    0.365606] mempolicy: Enabling automatic NUMA balancing. Configure with numa_balancing= or the kernel.numa_balancing sysctl
[    0.365609] ACPI: Core revision 20201113
[    0.368682] clocksource: hpet: mask: 0xffffffff max_cycles: 0xffffffff, max_idle_ns: 79635855245 ns
[    0.368727] APIC: Switch to symmetric I/O mode setup
[    0.368941] x2apic: IRQ remapping doesn't support X2APIC mode
[    0.369048] Switched APIC routing to physical flat.
[    0.369976] ..TIMER: vector=0x30 apic1=0 pin1=2 apic2=-1 pin2=-1
[    0.388665] clocksource: tsc-early: mask: 0xffffffffffffffff max_cycles: 0x1e4530a99b6, max_idle_ns: 440795257976 ns
[    0.388670] Calibrating delay loop (skipped), value calculated using timer frequency.. 4200.00 BogoMIPS (lpj=8400000)
[    0.388674] pid_max: default: 40960 minimum: 320
[    0.392327] LSM: Security Framework initializing
[    0.392340] Yama: becoming mindful.
[    0.392376] AppArmor: AppArmor initialized
[    0.404108] Dentry cache hash table entries: 8388608 (order: 14, 67108864 bytes, vmalloc)
[    0.409894] Inode-cache hash table entries: 4194304 (order: 13, 33554432 bytes, vmalloc)
[    0.410132] Mount-cache hash table entries: 131072 (order: 8, 1048576 bytes, vmalloc)
[    0.410315] Mountpoint-cache hash table entries: 131072 (order: 8, 1048576 bytes, vmalloc)
[    0.410908] mce: CPU0: Thermal monitoring enabled (TM1)
[    0.410938] process: using mwait in idle threads
[    0.410941] Last level iTLB entries: 4KB 128, 2MB 8, 4MB 8
[    0.410943] Last level dTLB entries: 4KB 64, 2MB 0, 4MB 0, 1GB 4
[    0.410947] Spectre V1 : Mitigation: usercopy/swapgs barriers and __user pointer sanitization
[    0.410949] Spectre V2 : Mitigation: Enhanced IBRS
[    0.410949] Spectre V2 : Spectre v2 / SpectreRSB mitigation: Filling RSB on context switch
[    0.410951] Spectre V2 : mitigation: Enabling conditional Indirect Branch Prediction Barrier
[    0.410953] Speculative Store Bypass: Mitigation: Speculative Store Bypass disabled via prctl and seccomp
[    0.410954] TAA: Mitigation: TSX disabled
[    0.411218] Freeing SMP alternatives memory: 40K
[    0.416811] smpboot: Estimated ratio of average max frequency by base frequency (times 1024): 1804
[    0.416823] smpboot: CPU0: Intel(R) Xeon(R) Gold 6230 CPU @ 2.10GHz (family: 0x6, model: 0x55, stepping: 0x7)
[    0.417047] Performance Events: PEBS fmt3+, Skylake events, 32-deep LBR, full-width counters, Intel PMU driver.
[    0.417072] ... version:                4
[    0.417072] ... bit width:              48
[    0.417073] ... generic registers:      8
[    0.417074] ... value mask:             0000ffffffffffff
[    0.417075] ... max period:             00007fffffffffff
[    0.417076] ... fixed-purpose events:   3
[    0.417077] ... event mask:             00000007000000ff
[    0.417196] rcu: Hierarchical SRCU implementation.
[    0.420407] NMI watchdog: Enabled. Permanently consumes one hw-PMU counter.
[    0.420954] smp: Bringing up secondary CPUs ...
[    0.421138] x86: Booting SMP configuration:
[    0.421139] .... node  #1, CPUs:        #1
[    0.003336] smpboot: CPU 1 Converting physical 0 to logical die 1

[    0.512811] .... node  #0, CPUs:    #2
[    0.519882] .... node  #1, CPUs:    #3
[    0.528060] .... node  #0, CPUs:    #4
[    0.535037] .... node  #1, CPUs:    #5
[    0.543079] .... node  #0, CPUs:    #6
[    0.550087] .... node  #1, CPUs:    #7
[    0.557929] .... node  #0, CPUs:    #8
[    0.564871] .... node  #1, CPUs:    #9
[    0.572817] .... node  #0, CPUs:   #10
[    0.579833] .... node  #1, CPUs:   #11
[    0.587950] .... node  #0, CPUs:   #12
[    0.595157] .... node  #1, CPUs:   #13
[    0.603190] .... node  #0, CPUs:   #14
[    0.610153] .... node  #1, CPUs:   #15
[    0.618142] .... node  #0, CPUs:   #16
[    0.625330] .... node  #1, CPUs:   #17
[    0.633255] .... node  #0, CPUs:   #18
[    0.640137] .... node  #1, CPUs:   #19
[    0.648052] .... node  #0, CPUs:   #20
[    0.655182] .... node  #1, CPUs:   #21
[    0.663339] .... node  #0, CPUs:   #22
[    0.670516] .... node  #1, CPUs:   #23
[    0.678675] .... node  #0, CPUs:   #24
[    0.685695] .... node  #1, CPUs:   #25
[    0.693606] .... node  #0, CPUs:   #26
[    0.700880] .... node  #1, CPUs:   #27
[    0.708812] .... node  #0, CPUs:   #28
[    0.715662] .... node  #1, CPUs:   #29
[    0.723765] .... node  #0, CPUs:   #30
[    0.730982] .... node  #1, CPUs:   #31
[    0.739202] .... node  #0, CPUs:   #32
[    0.746307] .... node  #1, CPUs:   #33
[    0.754376] .... node  #0, CPUs:   #34
[    0.761474] .... node  #1, CPUs:   #35
[    0.769586] .... node  #0, CPUs:   #36
[    0.776801] .... node  #1, CPUs:   #37
[    0.784380] .... node  #0, CPUs:   #38
[    0.791316] .... node  #1, CPUs:   #39
[    0.799208] smp: Brought up 2 nodes, 40 CPUs
[    0.799208] smpboot: Max logical packages: 2
[    0.799208] smpboot: Total of 40 processors activated (168030.75 BogoMIPS)
[    0.804431] devtmpfs: initialized
[    0.804431] x86/mm: Memory block size: 2048MB
[    0.804998] PM: Registering ACPI NVS region [mem 0x6ebff000-0x6f9fefff] (14680064 bytes)
[    0.805013] clocksource: jiffies: mask: 0xffffffff max_cycles: 0xffffffff, max_idle_ns: 7645041785100000 ns
[    0.805338] futex hash table entries: 16384 (order: 8, 1048576 bytes, vmalloc)
[    0.805523] pinctrl core: initialized pinctrl subsystem
[    0.805659] PM: RTC time: 17:54:46, date: 2024-09-15
[    0.805869] NET: Registered protocol family 16
[    0.807428] DMA: preallocated 4096 KiB GFP_KERNEL pool for atomic allocations
[    0.808240] DMA: preallocated 4096 KiB GFP_KERNEL|GFP_DMA pool for atomic allocations
[    0.809464] DMA: preallocated 4096 KiB GFP_KERNEL|GFP_DMA32 pool for atomic allocations
[    0.809471] audit: initializing netlink subsys (disabled)
[    0.809477] audit: type=2000 audit(1726422885.444:1): state=initialized audit_enabled=0 res=1
[    0.809477] thermal_sys: Registered thermal governor 'fair_share'
[    0.809477] thermal_sys: Registered thermal governor 'bang_bang'
[    0.809477] thermal_sys: Registered thermal governor 'step_wise'
[    0.809477] thermal_sys: Registered thermal governor 'user_space'
[    0.809477] thermal_sys: Registered thermal governor 'power_allocator'
[    0.809477] EISA bus registered
[    0.809477] cpuidle: using governor ladder
[    0.809477] cpuidle: using governor menu
[    0.809477] Detected 1 PCC Subspaces
[    0.809477] Registering PCC driver as Mailbox controller
[    0.809477] ACPI FADT declares the system doesn't support PCIe ASPM, so disable it
[    0.809477] ACPI: bus type PCI registered
[    0.809477] acpiphp: ACPI Hot Plug PCI Controller Driver version: 0.5
[    0.809477] PCI: MMCONFIG for domain 0000 [bus 00-ff] at [mem 0x80000000-0x8fffffff] (base 0x80000000)
[    0.809477] PCI: MMCONFIG at [mem 0x80000000-0x8fffffff] reserved in E820
[    0.809477] pmd_set_huge: Cannot satisfy [mem 0x80000000-0x80200000] with a huge-page mapping due to MTRR override.
[    0.809477] PCI: Using configuration type 1 for base access
[    0.809477] PCI: Dell System detected, enabling pci=bfsort.
[    0.810189] ENERGY_PERF_BIAS: Set to 'normal', was 'performance'
[    0.813554] HugeTLB registered 1.00 GiB page size, pre-allocated 0 pages
[    0.813554] HugeTLB registered 2.00 MiB page size, pre-allocated 0 pages
[    0.813554] fbcon: Taking over console
[    0.813554] ACPI: Added _OSI(Module Device)
[    0.813554] ACPI: Added _OSI(Processor Device)
[    0.813554] ACPI: Added _OSI(3.0 _SCP Extensions)
[    0.813554] ACPI: Added _OSI(Processor Aggregator Device)
[    0.813554] ACPI: Added _OSI(Linux-Dell-Video)
[    0.813554] ACPI: Added _OSI(Linux-Lenovo-NV-HDMI-Audio)
[    0.813554] ACPI: Added _OSI(Linux-HPI-Hybrid-Graphics)
[    0.919681] ACPI: 5 ACPI AML tables successfully acquired and loaded
[    0.928695] ACPI: [Firmware Bug]: BIOS _OSI(Linux) query ignored
[    0.935816] ACPI: Dynamic OEM Table Load:
[    1.129496] ACPI: Interpreter enabled
[    1.129519] ACPI: (supports S0 S5)
[    1.129520] ACPI: Using IOAPIC for interrupt routing
[    1.129637] HEST: Table parsing has been initialized.
[    1.129640] PCI: Using host bridge windows from ACPI; if necessary, use "pci=nocrs" and report a bug
[    1.145837] ACPI: Enabled 5 GPEs in block 00 to 7F
[    1.222299] ACPI: PCI Root Bridge [PC00] (domain 0000 [bus 00-16])
[    1.222306] acpi PNP0A08:00: _OSC: OS supports [ExtendedConfig ASPM ClockPM Segments MSI EDR HPX-Type3]
[    1.222424] acpi PNP0A08:00: _OSC: platform does not support [SHPCHotplug AER LTR DPC]
[    1.222532] acpi PNP0A08:00: _OSC: OS now controls [PCIeHotplug PME PCIeCapability]
[    1.222533] acpi PNP0A08:00: FADT indicates ASPM is unsupported, using BIOS configuration
[    1.224458] PCI host bridge to bus 0000:00
[    1.224460] pci_bus 0000:00: root bus resource [io  0x0000-0x0cf7 window]
[    1.224463] pci_bus 0000:00: root bus resource [io  0x1000-0x3fff window]
[    1.224464] pci_bus 0000:00: root bus resource [mem 0x000a0000-0x000bffff window]
[    1.224466] pci_bus 0000:00: root bus resource [mem 0x000c4000-0x000c7fff window]
[    1.224467] pci_bus 0000:00: root bus resource [mem 0xfe010000-0xfe010fff window]
[    1.224468] pci_bus 0000:00: root bus resource [mem 0x90000000-0x9d7fffff window]
[    1.224470] pci_bus 0000:00: root bus resource [mem 0x380000000000-0x383fffffffff window]
[    1.224472] pci_bus 0000:00: root bus resource [bus 00-16]
[    1.224488] pci 0000:00:00.0: [8086:2020] type 00 class 0x060000
[    1.225347] pci 0000:00:05.0: [8086:2024] type 00 class 0x088000
[    1.226175] pci 0000:00:05.2: [8086:2025] type 00 class 0x088000
[    1.226984] pci 0000:00:05.4: [8086:2026] type 00 class 0x080020
[    1.227001] pci 0000:00:05.4: reg 0x10: [mem 0x92f20000-0x92f20fff]
[    1.227824] pci 0000:00:08.0: [8086:2014] type 00 class 0x088000
[    1.228627] pci 0000:00:08.1: [8086:2015] type 00 class 0x110100
[    1.229410] pci 0000:00:08.2: [8086:2016] type 00 class 0x088000
[    1.230227] pci 0000:00:11.0: [8086:a1ec] type 00 class 0xff0000
[    1.230230] pci 0000:00:11.0: device has non-compliant BARs; disabling IO/MEM decoding
[    1.231051] pci 0000:00:11.5: [8086:a1d2] type 00 class 0x010601
[    1.231073] pci 0000:00:11.5: reg 0x10: [mem 0x92f16000-0x92f17fff]
[    1.231087] pci 0000:00:11.5: reg 0x14: [mem 0x92f1f000-0x92f1f0ff]
[    1.231100] pci 0000:00:11.5: reg 0x18: [io  0x2068-0x206f]
[    1.231114] pci 0000:00:11.5: reg 0x1c: [io  0x2074-0x2077]
[    1.231127] pci 0000:00:11.5: reg 0x20: [io  0x2040-0x205f]
[    1.231141] pci 0000:00:11.5: reg 0x24: [mem 0x92e80000-0x92efffff]
[    1.231182] pci 0000:00:11.5: PME# supported from D3hot
[    1.232026] pci 0000:00:14.0: [8086:a1af] type 00 class 0x0c0330
[    1.232056] pci 0000:00:14.0: reg 0x10: [mem 0x92f00000-0x92f0ffff 64bit]
[    1.232147] pci 0000:00:14.0: PME# supported from D3hot D3cold
[    1.233000] pci 0000:00:14.2: [8086:a1b1] type 00 class 0x118000
[    1.233029] pci 0000:00:14.2: reg 0x10: [mem 0x92f1c000-0x92f1cfff 64bit]
[    1.233895] pci 0000:00:16.0: [8086:a1ba] type 00 class 0x078000
[    1.233930] pci 0000:00:16.0: reg 0x10: [mem 0x92f1b000-0x92f1bfff 64bit]
[    1.234041] pci 0000:00:16.0: PME# supported from D3hot
[    1.234821] pci 0000:00:16.1: [8086:a1bb] type 00 class 0x078000
[    1.234856] pci 0000:00:16.1: reg 0x10: [mem 0x92f1a000-0x92f1afff 64bit]
[    1.234968] pci 0000:00:16.1: PME# supported from D3hot
[    1.235764] pci 0000:00:16.4: [8086:a1be] type 00 class 0x078000
[    1.235799] pci 0000:00:16.4: reg 0x10: [mem 0x92f19000-0x92f19fff 64bit]
[    1.235910] pci 0000:00:16.4: PME# supported from D3hot
[    1.236691] pci 0000:00:17.0: [8086:a182] type 00 class 0x010601
[    1.236713] pci 0000:00:17.0: reg 0x10: [mem 0x92f14000-0x92f15fff]
[    1.236726] pci 0000:00:17.0: reg 0x14: [mem 0x92f1e000-0x92f1e0ff]
[    1.236740] pci 0000:00:17.0: reg 0x18: [io  0x2060-0x2067]
[    1.236753] pci 0000:00:17.0: reg 0x1c: [io  0x2070-0x2073]
[    1.236767] pci 0000:00:17.0: reg 0x20: [io  0x2020-0x203f]
[    1.236780] pci 0000:00:17.0: reg 0x24: [mem 0x92e00000-0x92e7ffff]
[    1.236821] pci 0000:00:17.0: PME# supported from D3hot
[    1.237661] pci 0000:00:1c.0: [8086:a190] type 01 class 0x060400
[    1.238468] pci 0000:00:1c.0: PME# supported from D0 D3hot D3cold
[    1.238713] pci 0000:00:1c.4: [8086:a194] type 01 class 0x060400
[    1.238802] pci 0000:00:1c.4: PME# supported from D0 D3hot D3cold
[    1.239768] pci 0000:00:1f.0: [8086:a1c1] type 00 class 0x060100
[    1.240747] pci 0000:00:1f.2: [8086:a1a1] type 00 class 0x058000
[    1.240771] pci 0000:00:1f.2: reg 0x10: [mem 0x92f10000-0x92f13fff]
[    1.241680] pci 0000:00:1f.4: [8086:a1a3] type 00 class 0x0c0500
[    1.241711] pci 0000:00:1f.4: reg 0x10: [mem 0x92f18000-0x92f180ff 64bit]
[    1.241752] pci 0000:00:1f.4: reg 0x20: [io  0x2000-0x201f]
[    1.242547] pci 0000:00:1f.5: [8086:a1a4] type 00 class 0x0c8000
[    1.242571] pci 0000:00:1f.5: reg 0x10: [mem 0xfe010000-0xfe010fff]
[    1.243472] pci 0000:00:1c.0: PCI bridge to [bus 01]
[    1.243477] pci 0000:00:1c.0:   bridge window [mem 0x92a00000-0x92dfffff]
[    1.243537] pci 0000:02:00.0: [1556:be00] type 01 class 0x060400
[    1.252682] pci 0000:00:1c.4: PCI bridge to [bus 02-03]
[    1.252687] pci 0000:00:1c.4:   bridge window [mem 0x92000000-0x928fffff]
[    1.252691] pci 0000:00:1c.4:   bridge window [mem 0x91000000-0x91ffffff 64bit pref]
[    1.252724] pci_bus 0000:03: extended config space not accessible
[    1.252745] pci 0000:03:00.0: [102b:0536] type 00 class 0x030000
[    1.252773] pci 0000:03:00.0: reg 0x10: [mem 0x91000000-0x91ffffff pref]
[    1.252791] pci 0000:03:00.0: reg 0x14: [mem 0x92808000-0x9280bfff]
[    1.252808] pci 0000:03:00.0: reg 0x18: [mem 0x92000000-0x927fffff]
[    1.252880] pci 0000:03:00.0: BAR 0: assigned to efifb
[    1.252976] pci 0000:02:00.0: PCI bridge to [bus 03]
[    1.252984] pci 0000:02:00.0:   bridge window [mem 0x92000000-0x928fffff]
[    1.252990] pci 0000:02:00.0:   bridge window [mem 0x91000000-0x91ffffff 64bit pref]
[    1.253018] pci_bus 0000:00: on NUMA node 0
[    1.253406] ACPI: PCI Interrupt Link [LNKA] (IRQs 3 4 5 6 10 *11 12 14 15)
[    1.253508] ACPI: PCI Interrupt Link [LNKB] (IRQs 3 4 5 *6 10 11 12 14 15)
[    1.253610] ACPI: PCI Interrupt Link [LNKC] (IRQs 3 4 *5 6 10 11 12 14 15)
[    1.253709] ACPI: PCI Interrupt Link [LNKD] (IRQs 3 4 5 6 10 *11 12 14 15)
[    1.253808] ACPI: PCI Interrupt Link [LNKE] (IRQs 3 4 5 6 10 *11 12 14 15)
[    1.253906] ACPI: PCI Interrupt Link [LNKF] (IRQs 3 4 5 *6 10 11 12 14 15)
[    1.254005] ACPI: PCI Interrupt Link [LNKG] (IRQs 3 4 *5 6 10 11 12 14 15)
[    1.254106] ACPI: PCI Interrupt Link [LNKH] (IRQs 3 4 5 6 10 *11 12 14 15)
[    1.254542] ACPI: PCI Root Bridge [PC01] (domain 0000 [bus 17-39])
[    1.254546] acpi PNP0A08:01: _OSC: OS supports [ExtendedConfig ASPM ClockPM Segments MSI EDR HPX-Type3]
[    1.254711] acpi PNP0A08:01: _OSC: platform does not support [SHPCHotplug AER LTR DPC]
[    1.254891] acpi PNP0A08:01: _OSC: OS now controls [PCIeHotplug PME PCIeCapability]
[    1.254892] acpi PNP0A08:01: FADT indicates ASPM is unsupported, using BIOS configuration
[    1.255118] PCI host bridge to bus 0000:17
[    1.255120] pci_bus 0000:17: root bus resource [io  0x4000-0x5fff window]
[    1.255121] pci_bus 0000:17: root bus resource [mem 0x9d800000-0xaaffffff window]
[    1.255123] pci_bus 0000:17: root bus resource [mem 0x384000000000-0x387fffffffff window]
[    1.255125] pci_bus 0000:17: root bus resource [bus 17-39]
[    1.255140] pci 0000:17:00.0: [8086:2030] type 01 class 0x060400
[    1.255216] pci 0000:17:00.0: PME# supported from D0 D3hot D3cold
[    1.255458] pci 0000:17:02.0: [8086:2032] type 01 class 0x060400
[    1.255503] pci 0000:17:02.0: enabling Extended Tags
[    1.255535] pci 0000:17:02.0: PME# supported from D0 D3hot D3cold
[    1.255642] pci 0000:17:03.0: [8086:2033] type 01 class 0x060400
[    1.255687] pci 0000:17:03.0: enabling Extended Tags
[    1.255718] pci 0000:17:03.0: PME# supported from D0 D3hot D3cold
[    1.255814] pci 0000:17:05.0: [8086:2034] type 00 class 0x088000
[    1.255938] pci 0000:17:05.2: [8086:2035] type 00 class 0x088000
[    1.256050] pci 0000:17:05.4: [8086:2036] type 00 class 0x080020
[    1.256067] pci 0000:17:05.4: reg 0x10: [mem 0x9e500000-0x9e500fff]
[    1.256194] pci 0000:17:08.0: [8086:208d] type 00 class 0x088000
[    1.256296] pci 0000:17:08.1: [8086:208d] type 00 class 0x088000
[    1.256384] pci 0000:17:08.2: [8086:208d] type 00 class 0x088000
[    1.256485] pci 0000:17:08.3: [8086:208d] type 00 class 0x088000
[    1.256571] pci 0000:17:08.4: [8086:208d] type 00 class 0x088000
[    1.256658] pci 0000:17:08.5: [8086:208d] type 00 class 0x088000
[    1.256747] pci 0000:17:08.6: [8086:208d] type 00 class 0x088000
[    1.256833] pci 0000:17:08.7: [8086:208d] type 00 class 0x088000
[    1.256920] pci 0000:17:09.0: [8086:208d] type 00 class 0x088000
[    1.257021] pci 0000:17:09.1: [8086:208d] type 00 class 0x088000
[    1.257108] pci 0000:17:09.2: [8086:208d] type 00 class 0x088000
[    1.257208] pci 0000:17:09.3: [8086:208d] type 00 class 0x088000
[    1.257295] pci 0000:17:09.4: [8086:208d] type 00 class 0x088000
[    1.257382] pci 0000:17:09.5: [8086:208d] type 00 class 0x088000
[    1.257470] pci 0000:17:09.6: [8086:208d] type 00 class 0x088000
[    1.257558] pci 0000:17:09.7: [8086:208d] type 00 class 0x088000
[    1.257647] pci 0000:17:0a.0: [8086:208d] type 00 class 0x088000
[    1.257747] pci 0000:17:0a.1: [8086:208d] type 00 class 0x088000
[    1.257838] pci 0000:17:0a.2: [8086:208d] type 00 class 0x088000
[    1.257939] pci 0000:17:0a.3: [8086:208d] type 00 class 0x088000
[    1.258027] pci 0000:17:0a.4: [8086:208d] type 00 class 0x088000
[    1.258114] pci 0000:17:0a.5: [8086:208d] type 00 class 0x088000
[    1.258200] pci 0000:17:0a.6: [8086:208d] type 00 class 0x088000
[    1.258287] pci 0000:17:0a.7: [8086:208d] type 00 class 0x088000
[    1.258376] pci 0000:17:0b.0: [8086:208d] type 00 class 0x088000
[    1.258485] pci 0000:17:0b.1: [8086:208d] type 00 class 0x088000
[    1.258577] pci 0000:17:0b.2: [8086:208d] type 00 class 0x088000
[    1.258676] pci 0000:17:0b.3: [8086:208d] type 00 class 0x088000
[    1.258767] pci 0000:17:0e.0: [8086:208e] type 00 class 0x088000
[    1.258867] pci 0000:17:0e.1: [8086:208e] type 00 class 0x088000
[    1.258954] pci 0000:17:0e.2: [8086:208e] type 00 class 0x088000
[    1.259042] pci 0000:17:0e.3: [8086:208e] type 00 class 0x088000
[    1.259128] pci 0000:17:0e.4: [8086:208e] type 00 class 0x088000
[    1.259215] pci 0000:17:0e.5: [8086:208e] type 00 class 0x088000
[    1.259304] pci 0000:17:0e.6: [8086:208e] type 00 class 0x088000
[    1.259401] pci 0000:17:0e.7: [8086:208e] type 00 class 0x088000
[    1.259491] pci 0000:17:0f.0: [8086:208e] type 00 class 0x088000
[    1.259591] pci 0000:17:0f.1: [8086:208e] type 00 class 0x088000
[    1.259678] pci 0000:17:0f.2: [8086:208e] type 00 class 0x088000
[    1.259765] pci 0000:17:0f.3: [8086:208e] type 00 class 0x088000
[    1.259852] pci 0000:17:0f.4: [8086:208e] type 00 class 0x088000
[    1.259943] pci 0000:17:0f.5: [8086:208e] type 00 class 0x088000
[    1.260031] pci 0000:17:0f.6: [8086:208e] type 00 class 0x088000
[    1.260124] pci 0000:17:0f.7: [8086:208e] type 00 class 0x088000
[    1.260211] pci 0000:17:10.0: [8086:208e] type 00 class 0x088000
[    1.260311] pci 0000:17:10.1: [8086:208e] type 00 class 0x088000
[    1.260401] pci 0000:17:10.2: [8086:208e] type 00 class 0x088000
[    1.260488] pci 0000:17:10.3: [8086:208e] type 00 class 0x088000
[    1.260576] pci 0000:17:10.4: [8086:208e] type 00 class 0x088000
[    1.260664] pci 0000:17:10.5: [8086:208e] type 00 class 0x088000
[    1.260751] pci 0000:17:10.6: [8086:208e] type 00 class 0x088000
[    1.260843] pci 0000:17:10.7: [8086:208e] type 00 class 0x088000
[    1.260930] pci 0000:17:11.0: [8086:208e] type 00 class 0x088000
[    1.261029] pci 0000:17:11.1: [8086:208e] type 00 class 0x088000
[    1.261116] pci 0000:17:11.2: [8086:208e] type 00 class 0x088000
[    1.261203] pci 0000:17:11.3: [8086:208e] type 00 class 0x088000
[    1.261301] pci 0000:17:1d.0: [8086:2054] type 00 class 0x088000
[    1.261401] pci 0000:17:1d.1: [8086:2055] type 00 class 0x088000
[    1.261489] pci 0000:17:1d.2: [8086:2056] type 00 class 0x088000
[    1.261584] pci 0000:17:1d.3: [8086:2057] type 00 class 0x088000
[    1.261675] pci 0000:17:1e.0: [8086:2080] type 00 class 0x088000
[    1.261773] pci 0000:17:1e.1: [8086:2081] type 00 class 0x088000
[    1.261861] pci 0000:17:1e.2: [8086:2082] type 00 class 0x088000
[    1.261980] pci 0000:17:1e.3: [8086:2083] type 00 class 0x088000
[    1.262067] pci 0000:17:1e.4: [8086:2084] type 00 class 0x088000
[    1.262154] pci 0000:17:1e.5: [8086:2085] type 00 class 0x088000
[    1.262244] pci 0000:17:1e.6: [8086:2086] type 00 class 0x088000
[    1.262372] pci 0000:18:00.0: [1000:005d] type 00 class 0x010400
[    1.262390] pci 0000:18:00.0: reg 0x10: [io  0x4000-0x40ff]
[    1.262408] pci 0000:18:00.0: reg 0x14: [mem 0x9e400000-0x9e40ffff 64bit]
[    1.262425] pci 0000:18:00.0: reg 0x1c: [mem 0x9e300000-0x9e3fffff 64bit]
[    1.262447] pci 0000:18:00.0: reg 0x30: [mem 0xfff00000-0xffffffff pref]
[    1.262484] pci 0000:18:00.0: supports D1 D2
[    1.262534] pci 0000:17:00.0: PCI bridge to [bus 18]
[    1.262537] pci 0000:17:00.0:   bridge window [io  0x4000-0x4fff]
[    1.262539] pci 0000:17:00.0:   bridge window [mem 0x9e300000-0x9e4fffff]
[    1.262680] pci 0000:19:00.0: [8086:1563] type 00 class 0x020000
[    1.262707] pci 0000:19:00.0: reg 0x10: [mem 0x9dc00000-0x9dffffff 64bit pref]
[    1.262751] pci 0000:19:00.0: reg 0x20: [mem 0x9e004000-0x9e007fff 64bit pref]
[    1.262764] pci 0000:19:00.0: reg 0x30: [mem 0xfff80000-0xffffffff pref]
[    1.262822] pci 0000:19:00.0: PME# supported from D0 D3hot D3cold
[    1.263049] pci 0000:19:00.1: [8086:1563] type 00 class 0x020000
[    1.263076] pci 0000:19:00.1: reg 0x10: [mem 0x9d800000-0x9dbfffff 64bit pref]
[    1.263120] pci 0000:19:00.1: reg 0x20: [mem 0x9e000000-0x9e003fff 64bit pref]
[    1.263133] pci 0000:19:00.1: reg 0x30: [mem 0xfff80000-0xffffffff pref]
[    1.263187] pci 0000:19:00.1: PME# supported from D0 D3hot D3cold
[    1.263379] pci 0000:17:02.0: PCI bridge to [bus 19]
[    1.263384] pci 0000:17:02.0:   bridge window [mem 0x9d800000-0x9e0fffff 64bit pref]
[    1.263443] pci 0000:1a:00.0: [8086:1521] type 00 class 0x020000
[    1.263465] pci 0000:1a:00.0: reg 0x10: [mem 0x9e180000-0x9e1fffff]
[    1.263502] pci 0000:1a:00.0: reg 0x1c: [mem 0x9e204000-0x9e207fff]
[    1.263539] pci 0000:1a:00.0: reg 0x30: [mem 0xfff80000-0xffffffff pref]
[    1.263598] pci 0000:1a:00.0: PME# supported from D0 D3hot D3cold
[    1.263784] pci 0000:1a:00.1: [8086:1521] type 00 class 0x020000
[    1.263806] pci 0000:1a:00.1: reg 0x10: [mem 0x9e100000-0x9e17ffff]
[    1.263843] pci 0000:1a:00.1: reg 0x1c: [mem 0x9e200000-0x9e203fff]
[    1.263881] pci 0000:1a:00.1: reg 0x30: [mem 0xfff80000-0xffffffff pref]
[    1.263935] pci 0000:1a:00.1: PME# supported from D0 D3hot D3cold
[    1.264101] pci 0000:17:03.0: PCI bridge to [bus 1a]
[    1.264104] pci 0000:17:03.0:   bridge window [mem 0x9e100000-0x9e2fffff]
[    1.264135] pci_bus 0000:17: on NUMA node 0
[    1.264297] ACPI: PCI Root Bridge [PC02] (domain 0000 [bus 3a-5c])
[    1.264301] acpi PNP0A08:02: _OSC: OS supports [ExtendedConfig ASPM ClockPM Segments MSI EDR HPX-Type3]
[    1.264455] acpi PNP0A08:02: _OSC: platform does not support [SHPCHotplug AER LTR DPC]
[    1.264611] acpi PNP0A08:02: _OSC: OS now controls [PCIeHotplug PME PCIeCapability]
[    1.264612] acpi PNP0A08:02: FADT indicates ASPM is unsupported, using BIOS configuration
[    1.264800] PCI host bridge to bus 0000:3a
[    1.264801] pci_bus 0000:3a: root bus resource [io  0x6000-0x7fff window]
[    1.264803] pci_bus 0000:3a: root bus resource [mem 0xab000000-0xb87fffff window]
[    1.264805] pci_bus 0000:3a: root bus resource [mem 0x388000000000-0x38bfffffffff window]
[    1.264807] pci_bus 0000:3a: root bus resource [bus 3a-5c]
[    1.264821] pci 0000:3a:00.0: [8086:2030] type 01 class 0x060400
[    1.264894] pci 0000:3a:00.0: PME# supported from D0 D3hot D3cold
[    1.265107] pci 0000:3a:05.0: [8086:2034] type 00 class 0x088000
[    1.265213] pci 0000:3a:05.2: [8086:2035] type 00 class 0x088000
[    1.265327] pci 0000:3a:05.4: [8086:2036] type 00 class 0x080020
[    1.265344] pci 0000:3a:05.4: reg 0x10: [mem 0xab100000-0xab100fff]
[    1.265463] pci 0000:3a:08.0: [8086:2066] type 00 class 0x088000
[    1.265578] pci 0000:3a:09.0: [8086:2066] type 00 class 0x088000
[    1.265687] pci 0000:3a:0a.0: [8086:2040] type 00 class 0x088000
[    1.265794] pci 0000:3a:0a.1: [8086:2041] type 00 class 0x088000
[    1.265887] pci 0000:3a:0a.2: [8086:2042] type 00 class 0x088000
[    1.265981] pci 0000:3a:0a.3: [8086:2043] type 00 class 0x088000
[    1.266074] pci 0000:3a:0a.4: [8086:2044] type 00 class 0x088000
[    1.266177] pci 0000:3a:0a.5: [8086:2045] type 00 class 0x088000
[    1.266270] pci 0000:3a:0a.6: [8086:2046] type 00 class 0x088000
[    1.266362] pci 0000:3a:0a.7: [8086:2047] type 00 class 0x088000
[    1.266454] pci 0000:3a:0b.0: [8086:2048] type 00 class 0x088000
[    1.266559] pci 0000:3a:0b.1: [8086:2049] type 00 class 0x088000
[    1.266651] pci 0000:3a:0b.2: [8086:204a] type 00 class 0x088000
[    1.266745] pci 0000:3a:0b.3: [8086:204b] type 00 class 0x088000
[    1.266839] pci 0000:3a:0c.0: [8086:2040] type 00 class 0x088000
[    1.266961] pci 0000:3a:0c.1: [8086:2041] type 00 class 0x088000
[    1.267057] pci 0000:3a:0c.2: [8086:2042] type 00 class 0x088000
[    1.267154] pci 0000:3a:0c.3: [8086:2043] type 00 class 0x088000
[    1.267247] pci 0000:3a:0c.4: [8086:2044] type 00 class 0x088000
[    1.267341] pci 0000:3a:0c.5: [8086:2045] type 00 class 0x088000
[    1.267435] pci 0000:3a:0c.6: [8086:2046] type 00 class 0x088000
[    1.267531] pci 0000:3a:0c.7: [8086:2047] type 00 class 0x088000
[    1.267625] pci 0000:3a:0d.0: [8086:2048] type 00 class 0x088000
[    1.267742] pci 0000:3a:0d.1: [8086:2049] type 00 class 0x088000
[    1.267835] pci 0000:3a:0d.2: [8086:204a] type 00 class 0x088000
[    1.267931] pci 0000:3a:0d.3: [8086:204b] type 00 class 0x088000
[    1.268072] pci 0000:3b:00.0: [8086:2700] type 00 class 0x010802
[    1.268096] pci 0000:3b:00.0: reg 0x10: [mem 0xab000000-0xab003fff 64bit]
[    1.268148] pci 0000:3b:00.0: reg 0x30: [mem 0xffff0000-0xffffffff pref]
[    1.268534] pci 0000:3a:00.0: PCI bridge to [bus 3b]
[    1.268538] pci 0000:3a:00.0:   bridge window [mem 0xab000000-0xab0fffff]
[    1.268552] pci_bus 0000:3a: on NUMA node 0
[    1.268675] ACPI: PCI Root Bridge [PC03] (domain 0000 [bus 5d-7f])
[    1.268679] acpi PNP0A08:03: _OSC: OS supports [ExtendedConfig ASPM ClockPM Segments MSI EDR HPX-Type3]
[    1.268834] acpi PNP0A08:03: _OSC: platform does not support [SHPCHotplug AER LTR DPC]
[    1.268990] acpi PNP0A08:03: _OSC: OS now controls [PCIeHotplug PME PCIeCapability]
[    1.268991] acpi PNP0A08:03: FADT indicates ASPM is unsupported, using BIOS configuration
[    1.269220] PCI host bridge to bus 0000:5d
[    1.269221] pci_bus 0000:5d: root bus resource [io  0x8000-0x9fff window]
[    1.269223] pci_bus 0000:5d: root bus resource [mem 0xb8800000-0xc5ffffff window]
[    1.269225] pci_bus 0000:5d: root bus resource [mem 0x38c000000000-0x38ffffffffff window]
[    1.269227] pci_bus 0000:5d: root bus resource [bus 5d-7f]
[    1.269238] pci 0000:5d:05.0: [8086:2034] type 00 class 0x088000
[    1.269354] pci 0000:5d:05.2: [8086:2035] type 00 class 0x088000
[    1.269459] pci 0000:5d:05.4: [8086:2036] type 00 class 0x080020
[    1.269476] pci 0000:5d:05.4: reg 0x10: [mem 0xb8800000-0xb8800fff]
[    1.269600] pci 0000:5d:0e.0: [8086:2058] type 00 class 0x110100
[    1.269717] pci 0000:5d:0e.1: [8086:2059] type 00 class 0x088000
[    1.269809] pci 0000:5d:0f.0: [8086:2058] type 00 class 0x110100
[    1.269926] pci 0000:5d:0f.1: [8086:2059] type 00 class 0x088000
[    1.270020] pci 0000:5d:10.0: [8086:2058] type 00 class 0x110100
[    1.270126] pci 0000:5d:10.1: [8086:2059] type 00 class 0x088000
[    1.270229] pci 0000:5d:12.0: [8086:204c] type 00 class 0x110100
[    1.270334] pci 0000:5d:12.1: [8086:204d] type 00 class 0x110100
[    1.270413] pci 0000:5d:12.2: [8086:204e] type 00 class 0x088000
[    1.270505] pci 0000:5d:12.4: [8086:204c] type 00 class 0x110100
[    1.270595] pci 0000:5d:12.5: [8086:204d] type 00 class 0x110100
[    1.270675] pci 0000:5d:15.0: [8086:2018] type 00 class 0x088000
[    1.270765] pci 0000:5d:15.1: [8086:2088] type 00 class 0x110100
[    1.270845] pci 0000:5d:16.0: [8086:2018] type 00 class 0x088000
[    1.270937] pci 0000:5d:16.1: [8086:2088] type 00 class 0x110100
[    1.271015] pci 0000:5d:16.4: [8086:2018] type 00 class 0x088000
[    1.271095] pci 0000:5d:16.5: [8086:2088] type 00 class 0x110100
[    1.271184] pci 0000:5d:17.0: [8086:2018] type 00 class 0x088000
[    1.271273] pci 0000:5d:17.1: [8086:2088] type 00 class 0x110100
[    1.271357] pci_bus 0000:5d: on NUMA node 0
[    1.271590] ACPI: PCI Root Bridge [PC06] (domain 0000 [bus 80-84])
[    1.271593] acpi PNP0A08:06: _OSC: OS supports [ExtendedConfig ASPM ClockPM Segments MSI EDR HPX-Type3]
[    1.271747] acpi PNP0A08:06: _OSC: platform does not support [SHPCHotplug AER LTR DPC]
[    1.271902] acpi PNP0A08:06: _OSC: OS now controls [PCIeHotplug PME PCIeCapability]
[    1.271904] acpi PNP0A08:06: FADT indicates ASPM is unsupported, using BIOS configuration
[    1.271950] acpi PNP0A08:06: host bridge window [io  0x0000 window] (ignored, not CPU addressable)
[    1.272065] PCI host bridge to bus 0000:80
[    1.272066] pci_bus 0000:80: root bus resource [mem 0xc6000000-0xd37fffff window]
[    1.272068] pci_bus 0000:80: root bus resource [mem 0x390000000000-0x393fffffffff window]
[    1.272070] pci_bus 0000:80: root bus resource [bus 80-84]
[    1.272094] pci 0000:80:05.0: [8086:2024] type 00 class 0x088000
[    1.272221] pci 0000:80:05.2: [8086:2025] type 00 class 0x088000
[    1.272332] pci 0000:80:05.4: [8086:2026] type 00 class 0x080020
[    1.272349] pci 0000:80:05.4: reg 0x10: [mem 0xc6000000-0xc6000fff]
[    1.272477] pci 0000:80:08.0: [8086:2014] type 00 class 0x088000
[    1.272584] pci 0000:80:08.1: [8086:2015] type 00 class 0x110100
[    1.272669] pci 0000:80:08.2: [8086:2016] type 00 class 0x088000
[    1.272783] pci_bus 0000:80: on NUMA node 1
[    1.272892] ACPI: PCI Root Bridge [PC07] (domain 0000 [bus 85-ad])
[    1.272896] acpi PNP0A08:07: _OSC: OS supports [ExtendedConfig ASPM ClockPM Segments MSI EDR HPX-Type3]
[    1.273048] acpi PNP0A08:07: _OSC: platform does not support [SHPCHotplug AER LTR DPC]
[    1.273203] acpi PNP0A08:07: _OSC: OS now controls [PCIeHotplug PME PCIeCapability]
[    1.273205] acpi PNP0A08:07: FADT indicates ASPM is unsupported, using BIOS configuration
[    1.273487] PCI host bridge to bus 0000:85
[    1.273488] pci_bus 0000:85: root bus resource [io  0xa000-0xbfff window]
[    1.273490] pci_bus 0000:85: root bus resource [mem 0xd3800000-0xe0ffffff window]
[    1.273492] pci_bus 0000:85: root bus resource [mem 0x394000000000-0x397fffffffff window]
[    1.273493] pci_bus 0000:85: root bus resource [bus 85-ad]
[    1.273510] pci 0000:85:00.0: [8086:2030] type 01 class 0x060400
[    1.273590] pci 0000:85:00.0: PME# supported from D0 D3hot D3cold
[    1.273839] pci 0000:85:05.0: [8086:2034] type 00 class 0x088000
[    1.273959] pci 0000:85:05.2: [8086:2035] type 00 class 0x088000
[    1.274076] pci 0000:85:05.4: [8086:2036] type 00 class 0x080020
[    1.274093] pci 0000:85:05.4: reg 0x10: [mem 0xd3900000-0xd3900fff]
[    1.274228] pci 0000:85:08.0: [8086:208d] type 00 class 0x088000
[    1.274332] pci 0000:85:08.1: [8086:208d] type 00 class 0x088000
[    1.274425] pci 0000:85:08.2: [8086:208d] type 00 class 0x088000
[    1.274514] pci 0000:85:08.3: [8086:208d] type 00 class 0x088000
[    1.274615] pci 0000:85:08.4: [8086:208d] type 00 class 0x088000
[    1.274704] pci 0000:85:08.5: [8086:208d] type 00 class 0x088000
[    1.274794] pci 0000:85:08.6: [8086:208d] type 00 class 0x088000
[    1.274886] pci 0000:85:08.7: [8086:208d] type 00 class 0x088000
[    1.274976] pci 0000:85:09.0: [8086:208d] type 00 class 0x088000
[    1.275083] pci 0000:85:09.1: [8086:208d] type 00 class 0x088000
[    1.275173] pci 0000:85:09.2: [8086:208d] type 00 class 0x088000
[    1.275266] pci 0000:85:09.3: [8086:208d] type 00 class 0x088000
[    1.275367] pci 0000:85:09.4: [8086:208d] type 00 class 0x088000
[    1.275458] pci 0000:85:09.5: [8086:208d] type 00 class 0x088000
[    1.275548] pci 0000:85:09.6: [8086:208d] type 00 class 0x088000
[    1.275646] pci 0000:85:09.7: [8086:208d] type 00 class 0x088000
[    1.275737] pci 0000:85:0a.0: [8086:208d] type 00 class 0x088000
[    1.275844] pci 0000:85:0a.1: [8086:208d] type 00 class 0x088000
[    1.275935] pci 0000:85:0a.2: [8086:208d] type 00 class 0x088000
[    1.276025] pci 0000:85:0a.3: [8086:208d] type 00 class 0x088000
[    1.276127] pci 0000:85:0a.4: [8086:208d] type 00 class 0x088000
[    1.276217] pci 0000:85:0a.5: [8086:208d] type 00 class 0x088000
[    1.276309] pci 0000:85:0a.6: [8086:208d] type 00 class 0x088000
[    1.276399] pci 0000:85:0a.7: [8086:208d] type 00 class 0x088000
[    1.276489] pci 0000:85:0b.0: [8086:208d] type 00 class 0x088000
[    1.276596] pci 0000:85:0b.1: [8086:208d] type 00 class 0x088000
[    1.276688] pci 0000:85:0b.2: [8086:208d] type 00 class 0x088000
[    1.276780] pci 0000:85:0b.3: [8086:208d] type 00 class 0x088000
[    1.276888] pci 0000:85:0e.0: [8086:208e] type 00 class 0x088000
[    1.276992] pci 0000:85:0e.1: [8086:208e] type 00 class 0x088000
[    1.277083] pci 0000:85:0e.2: [8086:208e] type 00 class 0x088000
[    1.277172] pci 0000:85:0e.3: [8086:208e] type 00 class 0x088000
[    1.277264] pci 0000:85:0e.4: [8086:208e] type 00 class 0x088000
[    1.277353] pci 0000:85:0e.5: [8086:208e] type 00 class 0x088000
[    1.277444] pci 0000:85:0e.6: [8086:208e] type 00 class 0x088000
[    1.277533] pci 0000:85:0e.7: [8086:208e] type 00 class 0x088000
[    1.277633] pci 0000:85:0f.0: [8086:208e] type 00 class 0x088000
[    1.277737] pci 0000:85:0f.1: [8086:208e] type 00 class 0x088000
[    1.277827] pci 0000:85:0f.2: [8086:208e] type 00 class 0x088000
[    1.277918] pci 0000:85:0f.3: [8086:208e] type 00 class 0x088000
[    1.278010] pci 0000:85:0f.4: [8086:208e] type 00 class 0x088000
[    1.278100] pci 0000:85:0f.5: [8086:208e] type 00 class 0x088000
[    1.278190] pci 0000:85:0f.6: [8086:208e] type 00 class 0x088000
[    1.278280] pci 0000:85:0f.7: [8086:208e] type 00 class 0x088000
[    1.278382] pci 0000:85:10.0: [8086:208e] type 00 class 0x088000
[    1.278487] pci 0000:85:10.1: [8086:208e] type 00 class 0x088000
[    1.278578] pci 0000:85:10.2: [8086:208e] type 00 class 0x088000
[    1.278668] pci 0000:85:10.3: [8086:208e] type 00 class 0x088000
[    1.278761] pci 0000:85:10.4: [8086:208e] type 00 class 0x088000
[    1.278851] pci 0000:85:10.5: [8086:208e] type 00 class 0x088000
[    1.278941] pci 0000:85:10.6: [8086:208e] type 00 class 0x088000
[    1.279032] pci 0000:85:10.7: [8086:208e] type 00 class 0x088000
[    1.279133] pci 0000:85:11.0: [8086:208e] type 00 class 0x088000
[    1.279240] pci 0000:85:11.1: [8086:208e] type 00 class 0x088000
[    1.279330] pci 0000:85:11.2: [8086:208e] type 00 class 0x088000
[    1.279423] pci 0000:85:11.3: [8086:208e] type 00 class 0x088000
[    1.279525] pci 0000:85:1d.0: [8086:2054] type 00 class 0x088000
[    1.279630] pci 0000:85:1d.1: [8086:2055] type 00 class 0x088000
[    1.279729] pci 0000:85:1d.2: [8086:2056] type 00 class 0x088000
[    1.279820] pci 0000:85:1d.3: [8086:2057] type 00 class 0x088000
[    1.279927] pci 0000:85:1e.0: [8086:2080] type 00 class 0x088000
[    1.280032] pci 0000:85:1e.1: [8086:2081] type 00 class 0x088000
[    1.280122] pci 0000:85:1e.2: [8086:2082] type 00 class 0x088000
[    1.280214] pci 0000:85:1e.3: [8086:2083] type 00 class 0x088000
[    1.280305] pci 0000:85:1e.4: [8086:2084] type 00 class 0x088000
[    1.280397] pci 0000:85:1e.5: [8086:2085] type 00 class 0x088000
[    1.280488] pci 0000:85:1e.6: [8086:2086] type 00 class 0x088000
[    1.280628] pci 0000:86:00.0: [144d:a80a] type 00 class 0x010802
[    1.280656] pci 0000:86:00.0: reg 0x10: [mem 0xd3800000-0xd3803fff 64bit]
[    1.280718] pci 0000:86:00.0: reg 0x30: [mem 0xffff0000-0xffffffff pref]
[    1.281108] pci 0000:86:00.0: 31.504 Gb/s available PCIe bandwidth, limited by 8.0 GT/s PCIe x4 link at 0000:85:00.0 (capable of 63.012 Gb/s with 16.0 GT/s PCIe x4 link)
[    1.281204] pci 0000:85:00.0: PCI bridge to [bus 86]
[    1.281208] pci 0000:85:00.0:   bridge window [mem 0xd3800000-0xd38fffff]
[    1.281226] pci_bus 0000:85: on NUMA node 1
[    1.281367] ACPI: PCI Root Bridge [PC08] (domain 0000 [bus ae-d6])
[    1.281372] acpi PNP0A08:08: _OSC: OS supports [ExtendedConfig ASPM ClockPM Segments MSI EDR HPX-Type3]
[    1.281526] acpi PNP0A08:08: _OSC: platform does not support [SHPCHotplug AER LTR DPC]
[    1.281682] acpi PNP0A08:08: _OSC: OS now controls [PCIeHotplug PME PCIeCapability]
[    1.281683] acpi PNP0A08:08: FADT indicates ASPM is unsupported, using BIOS configuration
[    1.281879] PCI host bridge to bus 0000:ae
[    1.281880] pci_bus 0000:ae: root bus resource [io  0xc000-0xdfff window]
[    1.281882] pci_bus 0000:ae: root bus resource [mem 0xe1000000-0xee7fffff window]
[    1.281884] pci_bus 0000:ae: root bus resource [mem 0x398000000000-0x39bfffffffff window]
[    1.281886] pci_bus 0000:ae: root bus resource [bus ae-d6]
[    1.281902] pci 0000:ae:00.0: [8086:2030] type 01 class 0x060400
[    1.281949] pci 0000:ae:00.0: enabling Extended Tags
[    1.281986] pci 0000:ae:00.0: PME# supported from D0 D3hot D3cold
[    1.282226] pci 0000:ae:05.0: [8086:2034] type 00 class 0x088000
[    1.282337] pci 0000:ae:05.2: [8086:2035] type 00 class 0x088000
[    1.282447] pci 0000:ae:05.4: [8086:2036] type 00 class 0x080020
[    1.282464] pci 0000:ae:05.4: reg 0x10: [mem 0xe1100000-0xe1100fff]
[    1.282590] pci 0000:ae:08.0: [8086:2066] type 00 class 0x088000
[    1.282714] pci 0000:ae:09.0: [8086:2066] type 00 class 0x088000
[    1.282834] pci 0000:ae:0a.0: [8086:2040] type 00 class 0x088000
[    1.282944] pci 0000:ae:0a.1: [8086:2041] type 00 class 0x088000
[    1.283055] pci 0000:ae:0a.2: [8086:2042] type 00 class 0x088000
[    1.283152] pci 0000:ae:0a.3: [8086:2043] type 00 class 0x088000
[    1.283252] pci 0000:ae:0a.4: [8086:2044] type 00 class 0x088000
[    1.283349] pci 0000:ae:0a.5: [8086:2045] type 00 class 0x088000
[    1.283445] pci 0000:ae:0a.6: [8086:2046] type 00 class 0x088000
[    1.283542] pci 0000:ae:0a.7: [8086:2047] type 00 class 0x088000
[    1.283641] pci 0000:ae:0b.0: [8086:2048] type 00 class 0x088000
[    1.283750] pci 0000:ae:0b.1: [8086:2049] type 00 class 0x088000
[    1.283859] pci 0000:ae:0b.2: [8086:204a] type 00 class 0x088000
[    1.283956] pci 0000:ae:0b.3: [8086:204b] type 00 class 0x088000
[    1.284058] pci 0000:ae:0c.0: [8086:2040] type 00 class 0x088000
[    1.284168] pci 0000:ae:0c.1: [8086:2041] type 00 class 0x088000
[    1.284268] pci 0000:ae:0c.2: [8086:2042] type 00 class 0x088000
[    1.284367] pci 0000:ae:0c.3: [8086:2043] type 00 class 0x088000
[    1.284467] pci 0000:ae:0c.4: [8086:2044] type 00 class 0x088000
[    1.284567] pci 0000:ae:0c.5: [8086:2045] type 00 class 0x088000
[    1.284673] pci 0000:ae:0c.6: [8086:2046] type 00 class 0x088000
[    1.284772] pci 0000:ae:0c.7: [8086:2047] type 00 class 0x088000
[    1.284872] pci 0000:ae:0d.0: [8086:2048] type 00 class 0x088000
[    1.284987] pci 0000:ae:0d.1: [8086:2049] type 00 class 0x088000
[    1.285086] pci 0000:ae:0d.2: [8086:204a] type 00 class 0x088000
[    1.285184] pci 0000:ae:0d.3: [8086:204b] type 00 class 0x088000
[    1.285338] pci 0000:af:00.0: [144d:a808] type 00 class 0x010802
[    1.285366] pci 0000:af:00.0: reg 0x10: [mem 0xe1000000-0xe1003fff 64bit]
[    1.285969] pci 0000:ae:00.0: PCI bridge to [bus af]
[    1.285972] pci 0000:ae:00.0:   bridge window [mem 0xe1000000-0xe10fffff]
[    1.285988] pci_bus 0000:ae: on NUMA node 1
[    1.286155] ACPI: PCI Root Bridge [PC09] (domain 0000 [bus d7-ff])
[    1.286159] acpi PNP0A08:09: _OSC: OS supports [ExtendedConfig ASPM ClockPM Segments MSI EDR HPX-Type3]
[    1.286313] acpi PNP0A08:09: _OSC: platform does not support [SHPCHotplug AER LTR DPC]
[    1.286469] acpi PNP0A08:09: _OSC: OS now controls [PCIeHotplug PME PCIeCapability]
[    1.286471] acpi PNP0A08:09: FADT indicates ASPM is unsupported, using BIOS configuration
[    1.286657] PCI host bridge to bus 0000:d7
[    1.286658] pci_bus 0000:d7: root bus resource [io  0xe000-0xffff window]
[    1.286660] pci_bus 0000:d7: root bus resource [mem 0xee800000-0xfbffffff window]
[    1.286662] pci_bus 0000:d7: root bus resource [mem 0x39c000000000-0x39ffffffffff window]
[    1.286663] pci_bus 0000:d7: root bus resource [bus d7-ff]
[    1.286676] pci 0000:d7:05.0: [8086:2034] type 00 class 0x088000
[    1.286797] pci 0000:d7:05.2: [8086:2035] type 00 class 0x088000
[    1.286908] pci 0000:d7:05.4: [8086:2036] type 00 class 0x080020
[    1.286925] pci 0000:d7:05.4: reg 0x10: [mem 0xee800000-0xee800fff]
[    1.287057] pci 0000:d7:0e.0: [8086:2058] type 00 class 0x110100
[    1.287165] pci 0000:d7:0e.1: [8086:2059] type 00 class 0x088000
[    1.287263] pci 0000:d7:0f.0: [8086:2058] type 00 class 0x110100
[    1.287371] pci 0000:d7:0f.1: [8086:2059] type 00 class 0x088000
[    1.287469] pci 0000:d7:10.0: [8086:2058] type 00 class 0x110100
[    1.287578] pci 0000:d7:10.1: [8086:2059] type 00 class 0x088000
[    1.287682] pci 0000:d7:12.0: [8086:204c] type 00 class 0x110100
[    1.287788] pci 0000:d7:12.1: [8086:204d] type 00 class 0x110100
[    1.287869] pci 0000:d7:12.2: [8086:204e] type 00 class 0x088000
[    1.287952] pci 0000:d7:12.4: [8086:204c] type 00 class 0x110100
[    1.288048] pci 0000:d7:12.5: [8086:204d] type 00 class 0x110100
[    1.288131] pci 0000:d7:15.0: [8086:2018] type 00 class 0x088000
[    1.288228] pci 0000:d7:15.1: [8086:2088] type 00 class 0x110100
[    1.288311] pci 0000:d7:16.0: [8086:2018] type 00 class 0x088000
[    1.288420] pci 0000:d7:16.1: [8086:2088] type 00 class 0x110100
[    1.288501] pci 0000:d7:16.4: [8086:2018] type 00 class 0x088000
[    1.288582] pci 0000:d7:16.5: [8086:2088] type 00 class 0x110100
[    1.288663] pci 0000:d7:17.0: [8086:2018] type 00 class 0x088000
[    1.288757] pci 0000:d7:17.1: [8086:2088] type 00 class 0x110100
[    1.288847] pci_bus 0000:d7: on NUMA node 1
[    1.289642] iommu: Default domain type: Translated 
[    1.289642] pci 0000:03:00.0: vgaarb: setting as boot VGA device
[    1.289642] pci 0000:03:00.0: vgaarb: VGA device added: decodes=io+mem,owns=io+mem,locks=none
[    1.289642] pci 0000:03:00.0: vgaarb: bridge control possible
[    1.289642] vgaarb: loaded
[    1.289642] SCSI subsystem initialized
[    1.289642] libata version 3.00 loaded.
[    1.289642] ACPI: bus type USB registered
[    1.289642] usbcore: registered new interface driver usbfs
[    1.289642] usbcore: registered new interface driver hub
[    1.289642] usbcore: registered new device driver usb
[    1.289642] pps_core: LinuxPPS API ver. 1 registered
[    1.289642] pps_core: Software ver. 5.3.6 - Copyright 2005-2007 Rodolfo Giometti <giometti@linux.it>
[    1.289642] PTP clock support registered
[    1.289642] EDAC MC: Ver: 3.0.0
[    1.289642] Registered efivars operations
[    1.289642] NetLabel: Initializing
[    1.289642] NetLabel:  domain hash size = 128
[    1.289642] NetLabel:  protocols = UNLABELED CIPSOv4 CALIPSO
[    1.289642] NetLabel:  unlabeled traffic allowed by default
[    1.289642] PCI: Using ACPI for IRQ routing
[    1.294059] PCI: pci_cache_line_size set to 64 bytes
[    1.294322] e820: reserve RAM buffer [mem 0x4bd66020-0x4bffffff]
[    1.294325] e820: reserve RAM buffer [mem 0x4bd6d020-0x4bffffff]
[    1.294327] e820: reserve RAM buffer [mem 0x4bd78020-0x4bffffff]
[    1.294328] e820: reserve RAM buffer [mem 0x4bdd5020-0x4bffffff]
[    1.294330] e820: reserve RAM buffer [mem 0x4be32020-0x4bffffff]
[    1.294331] e820: reserve RAM buffer [mem 0x4be92020-0x4bffffff]
[    1.294332] e820: reserve RAM buffer [mem 0x4bef2020-0x4bffffff]
[    1.294333] e820: reserve RAM buffer [mem 0x4bf0b020-0x4bffffff]
[    1.294334] e820: reserve RAM buffer [mem 0x682ff000-0x6bffffff]
[    1.296827] hpet0: at MMIO 0xfed00000, IRQs 2, 8, 0, 0, 0, 0, 0, 0
[    1.296835] hpet0: 8 comparators, 64-bit 24.000000 MHz counter
[    1.298975] clocksource: Switched to clocksource tsc-early
[    1.308926] VFS: Disk quotas dquot_6.6.0
[    1.308996] VFS: Dquot-cache hash table entries: 512 (order 0, 4096 bytes)
[    1.309148] AppArmor: AppArmor Filesystem Enabled
[    1.309160] pnp: PnP ACPI init
[    1.315535] pnp 00:00: Plug and Play ACPI device, IDs PNP0b00 (active)
[    1.315733] system 00:01: [io  0x0500-0x05fe] has been reserved
[    1.315735] system 00:01: [io  0x0400-0x047f] has been reserved
[    1.315738] system 00:01: [io  0x0600-0x061f] has been reserved
[    1.315739] system 00:01: [io  0x0ca0-0x0ca5] has been reserved
[    1.315741] system 00:01: [io  0x0880-0x0883] has been reserved
[    1.315742] system 00:01: [io  0x0800-0x081f] has been reserved
[    1.315745] system 00:01: [mem 0xfed1c000-0xfed3ffff] has been reserved
[    1.315747] system 00:01: [mem 0xfed45000-0xfed8bfff] has been reserved
[    1.315748] system 00:01: [mem 0xff000000-0xffffffff] has been reserved
[    1.315750] system 00:01: [mem 0xfee00000-0xfeefffff] has been reserved
[    1.315752] system 00:01: [mem 0xfed12000-0xfed1200f] has been reserved
[    1.315753] system 00:01: [mem 0xfed12010-0xfed1201f] has been reserved
[    1.315755] system 00:01: [mem 0xfed1b000-0xfed1bfff] has been reserved
[    1.315760] system 00:01: Plug and Play ACPI device, IDs PNP0c02 (active)
[    1.316019] pnp 00:02: Plug and Play ACPI device, IDs PNP0501 (active)
[    1.316239] pnp 00:03: Plug and Play ACPI device, IDs PNP0501 (active)
[    1.316426] system 00:04: [mem 0xfd000000-0xfdabffff] has been reserved
[    1.316429] system 00:04: [mem 0xfdad0000-0xfdadffff] has been reserved
[    1.316432] system 00:04: [mem 0xfdb00000-0xfdffffff] has been reserved
[    1.316434] system 00:04: [mem 0xfe000000-0xfe00ffff] has been reserved
[    1.316436] system 00:04: [mem 0xfe011000-0xfe01ffff] has been reserved
[    1.316437] system 00:04: [mem 0xfe036000-0xfe03bfff] has been reserved
[    1.316439] system 00:04: [mem 0xfe03d000-0xfe3fffff] has been reserved
[    1.316441] system 00:04: [mem 0xfe410000-0xfe7fffff] has been reserved
[    1.316445] system 00:04: Plug and Play ACPI device, IDs PNP0c02 (active)
[    1.316812] system 00:05: [io  0x1000-0x10fe] has been reserved
[    1.316817] system 00:05: Plug and Play ACPI device, IDs PNP0c02 (active)
[    1.317774] pnp: PnP ACPI: found 6 devices
[    1.323398] clocksource: acpi_pm: mask: 0xffffff max_cycles: 0xffffff, max_idle_ns: 2085701024 ns
[    1.323500] NET: Registered protocol family 2
[    1.324097] tcp_listen_portaddr_hash hash table entries: 32768 (order: 7, 524288 bytes, vmalloc)
[    1.325482] TCP established hash table entries: 524288 (order: 10, 4194304 bytes, vmalloc)
[    1.326339] TCP bind hash table entries: 65536 (order: 8, 1048576 bytes, vmalloc)
[    1.326421] TCP: Hash tables configured (established 524288 bind 65536)
[    1.327045] MPTCP token hash table entries: 65536 (order: 8, 1572864 bytes, vmalloc)
[    1.327542] UDP hash table entries: 32768 (order: 8, 1048576 bytes, vmalloc)
[    1.327988] UDP-Lite hash table entries: 32768 (order: 8, 1048576 bytes, vmalloc)
[    1.328211] NET: Registered protocol family 1
[    1.328215] NET: Registered protocol family 44
[    1.328224] pci 0000:18:00.0: can't claim BAR 6 [mem 0xfff00000-0xffffffff pref]: no compatible bridge window
[    1.328227] pci 0000:19:00.0: can't claim BAR 6 [mem 0xfff80000-0xffffffff pref]: no compatible bridge window
[    1.328229] pci 0000:19:00.1: can't claim BAR 6 [mem 0xfff80000-0xffffffff pref]: no compatible bridge window
[    1.328231] pci 0000:1a:00.0: can't claim BAR 6 [mem 0xfff80000-0xffffffff pref]: no compatible bridge window
[    1.328233] pci 0000:1a:00.1: can't claim BAR 6 [mem 0xfff80000-0xffffffff pref]: no compatible bridge window
[    1.328237] pci 0000:3b:00.0: can't claim BAR 6 [mem 0xffff0000-0xffffffff pref]: no compatible bridge window
[    1.328240] pci 0000:86:00.0: can't claim BAR 6 [mem 0xffff0000-0xffffffff pref]: no compatible bridge window
[    1.328247] pci 0000:00:1c.0: bridge window [io  0x1000-0x0fff] to [bus 01] add_size 1000
[    1.328250] pci 0000:00:1c.0: bridge window [mem 0x00100000-0x000fffff 64bit pref] to [bus 01] add_size 200000 add_align 100000
[    1.328261] pci 0000:00:1c.0: BAR 15: assigned [mem 0x380000000000-0x3800001fffff 64bit pref]
[    1.328264] pci 0000:00:1c.0: BAR 13: assigned [io  0x3000-0x3fff]
[    1.328267] pci 0000:00:1c.0: PCI bridge to [bus 01]
[    1.328269] pci 0000:00:1c.0:   bridge window [io  0x3000-0x3fff]
[    1.328278] pci 0000:00:1c.0:   bridge window [mem 0x92a00000-0x92dfffff]
[    1.328284] pci 0000:00:1c.0:   bridge window [mem 0x380000000000-0x3800001fffff 64bit pref]
[    1.328295] pci 0000:02:00.0: PCI bridge to [bus 03]
[    1.328305] pci 0000:02:00.0:   bridge window [mem 0x92000000-0x928fffff]
[    1.328312] pci 0000:02:00.0:   bridge window [mem 0x91000000-0x91ffffff 64bit pref]
[    1.328324] pci 0000:00:1c.4: PCI bridge to [bus 02-03]
[    1.328332] pci 0000:00:1c.4:   bridge window [mem 0x92000000-0x928fffff]
[    1.328338] pci 0000:00:1c.4:   bridge window [mem 0x91000000-0x91ffffff 64bit pref]
[    1.328349] pci_bus 0000:00: resource 4 [io  0x0000-0x0cf7 window]
[    1.328351] pci_bus 0000:00: resource 5 [io  0x1000-0x3fff window]
[    1.328353] pci_bus 0000:00: resource 6 [mem 0x000a0000-0x000bffff window]
[    1.328354] pci_bus 0000:00: resource 7 [mem 0x000c4000-0x000c7fff window]
[    1.328355] pci_bus 0000:00: resource 8 [mem 0xfe010000-0xfe010fff window]
[    1.328357] pci_bus 0000:00: resource 9 [mem 0x90000000-0x9d7fffff window]
[    1.328358] pci_bus 0000:00: resource 10 [mem 0x380000000000-0x383fffffffff window]
[    1.328360] pci_bus 0000:01: resource 0 [io  0x3000-0x3fff]
[    1.328361] pci_bus 0000:01: resource 1 [mem 0x92a00000-0x92dfffff]
[    1.328363] pci_bus 0000:01: resource 2 [mem 0x380000000000-0x3800001fffff 64bit pref]
[    1.328364] pci_bus 0000:02: resource 1 [mem 0x92000000-0x928fffff]
[    1.328366] pci_bus 0000:02: resource 2 [mem 0x91000000-0x91ffffff 64bit pref]
[    1.328367] pci_bus 0000:03: resource 1 [mem 0x92000000-0x928fffff]
[    1.328368] pci_bus 0000:03: resource 2 [mem 0x91000000-0x91ffffff 64bit pref]
[    1.328506] pci 0000:17:02.0: BAR 14: assigned [mem 0x9e600000-0x9e6fffff]
[    1.328508] pci 0000:18:00.0: BAR 6: no space for [mem size 0x00100000 pref]
[    1.328510] pci 0000:18:00.0: BAR 6: failed to assign [mem size 0x00100000 pref]
[    1.328512] pci 0000:17:00.0: PCI bridge to [bus 18]
[    1.328514] pci 0000:17:00.0:   bridge window [io  0x4000-0x4fff]
[    1.328521] pci 0000:17:00.0:   bridge window [mem 0x9e300000-0x9e4fffff]
[    1.328536] pci 0000:19:00.0: BAR 6: assigned [mem 0x9e600000-0x9e67ffff pref]
[    1.328538] pci 0000:19:00.1: BAR 6: assigned [mem 0x9e680000-0x9e6fffff pref]
[    1.328539] pci 0000:17:02.0: PCI bridge to [bus 19]
[    1.328547] pci 0000:17:02.0:   bridge window [mem 0x9e600000-0x9e6fffff]
[    1.328552] pci 0000:17:02.0:   bridge window [mem 0x9d800000-0x9e0fffff 64bit pref]
[    1.328562] pci 0000:1a:00.0: BAR 6: assigned [mem 0x9e280000-0x9e2fffff pref]
[    1.328564] pci 0000:1a:00.1: BAR 6: no space for [mem size 0x00080000 pref]
[    1.328565] pci 0000:1a:00.1: BAR 6: failed to assign [mem size 0x00080000 pref]
[    1.328567] pci 0000:17:03.0: PCI bridge to [bus 1a]
[    1.328574] pci 0000:17:03.0:   bridge window [mem 0x9e100000-0x9e2fffff]
[    1.328591] pci_bus 0000:17: resource 4 [io  0x4000-0x5fff window]
[    1.328592] pci_bus 0000:17: resource 5 [mem 0x9d800000-0xaaffffff window]
[    1.328594] pci_bus 0000:17: resource 6 [mem 0x384000000000-0x387fffffffff window]
[    1.328596] pci_bus 0000:18: resource 0 [io  0x4000-0x4fff]
[    1.328597] pci_bus 0000:18: resource 1 [mem 0x9e300000-0x9e4fffff]
[    1.328598] pci_bus 0000:19: resource 1 [mem 0x9e600000-0x9e6fffff]
[    1.328600] pci_bus 0000:19: resource 2 [mem 0x9d800000-0x9e0fffff 64bit pref]
[    1.328601] pci_bus 0000:1a: resource 1 [mem 0x9e100000-0x9e2fffff]
[    1.328631] pci 0000:3b:00.0: BAR 6: assigned [mem 0xab010000-0xab01ffff pref]
[    1.328633] pci 0000:3a:00.0: PCI bridge to [bus 3b]
[    1.328640] pci 0000:3a:00.0:   bridge window [mem 0xab000000-0xab0fffff]
[    1.328655] pci_bus 0000:3a: resource 4 [io  0x6000-0x7fff window]
[    1.328656] pci_bus 0000:3a: resource 5 [mem 0xab000000-0xb87fffff window]
[    1.328658] pci_bus 0000:3a: resource 6 [mem 0x388000000000-0x38bfffffffff window]
[    1.328659] pci_bus 0000:3b: resource 1 [mem 0xab000000-0xab0fffff]
[    1.328690] pci_bus 0000:5d: resource 4 [io  0x8000-0x9fff window]
[    1.328691] pci_bus 0000:5d: resource 5 [mem 0xb8800000-0xc5ffffff window]
[    1.328693] pci_bus 0000:5d: resource 6 [mem 0x38c000000000-0x38ffffffffff window]
[    1.328719] pci_bus 0000:80: resource 4 [mem 0xc6000000-0xd37fffff window]
[    1.328720] pci_bus 0000:80: resource 5 [mem 0x390000000000-0x393fffffffff window]
[    1.328739] pci 0000:86:00.0: BAR 6: assigned [mem 0xd3810000-0xd381ffff pref]
[    1.328741] pci 0000:85:00.0: PCI bridge to [bus 86]
[    1.328749] pci 0000:85:00.0:   bridge window [mem 0xd3800000-0xd38fffff]
[    1.328765] pci_bus 0000:85: resource 4 [io  0xa000-0xbfff window]
[    1.328767] pci_bus 0000:85: resource 5 [mem 0xd3800000-0xe0ffffff window]
[    1.328768] pci_bus 0000:85: resource 6 [mem 0x394000000000-0x397fffffffff window]
[    1.328770] pci_bus 0000:86: resource 1 [mem 0xd3800000-0xd38fffff]
[    1.328791] pci 0000:ae:00.0: PCI bridge to [bus af]
[    1.328799] pci 0000:ae:00.0:   bridge window [mem 0xe1000000-0xe10fffff]
[    1.328814] pci_bus 0000:ae: resource 4 [io  0xc000-0xdfff window]
[    1.328815] pci_bus 0000:ae: resource 5 [mem 0xe1000000-0xee7fffff window]
[    1.328817] pci_bus 0000:ae: resource 6 [mem 0x398000000000-0x39bfffffffff window]
[    1.328818] pci_bus 0000:af: resource 1 [mem 0xe1000000-0xe10fffff]
[    1.328854] pci_bus 0000:d7: resource 4 [io  0xe000-0xffff window]
[    1.328856] pci_bus 0000:d7: resource 5 [mem 0xee800000-0xfbffffff window]
[    1.328857] pci_bus 0000:d7: resource 6 [mem 0x39c000000000-0x39ffffffffff window]
[    1.329229] pci 0000:03:00.0: Video device with shadowed ROM at [mem 0x000c0000-0x000dffff]
[    1.329239] pci 0000:17:05.0: disabled boot interrupts on device [8086:2034]
[    1.329351] pci 0000:3a:05.0: disabled boot interrupts on device [8086:2034]
[    1.329397] pci 0000:5d:05.0: disabled boot interrupts on device [8086:2034]
[    1.329440] pci 0000:85:05.0: disabled boot interrupts on device [8086:2034]
[    1.329548] pci 0000:ae:05.0: disabled boot interrupts on device [8086:2034]
[    1.329594] pci 0000:d7:05.0: disabled boot interrupts on device [8086:2034]
[    1.329627] PCI: CLS 128 bytes, default 64
[    1.329668] Trying to unpack rootfs image as initramfs...
[    1.487313] Initramfs unpacking failed: Decoding failed
[    1.499393] Freeing initrd memory: 59180K
[    1.499471] DMAR: Host address width 46
[    1.499473] DMAR: DRHD base: 0x000000d37fc000 flags: 0x0
[    1.499497] DMAR: dmar0: reg_base_addr d37fc000 ver 1:0 cap 8d2078c106f0466 ecap f020df
[    1.499500] DMAR: DRHD base: 0x000000e0ffc000 flags: 0x0
[    1.499506] DMAR: dmar1: reg_base_addr e0ffc000 ver 1:0 cap 8d2078c106f0466 ecap f020df
[    1.499508] DMAR: DRHD base: 0x000000ee7fc000 flags: 0x0
[    1.499513] DMAR: dmar2: reg_base_addr ee7fc000 ver 1:0 cap 8d2078c106f0466 ecap f020df
[    1.499515] DMAR: DRHD base: 0x000000fbffc000 flags: 0x0
[    1.499520] DMAR: dmar3: reg_base_addr fbffc000 ver 1:0 cap 8d2078c106f0466 ecap f020df
[    1.499522] DMAR: DRHD base: 0x000000aaffc000 flags: 0x0
[    1.499527] DMAR: dmar4: reg_base_addr aaffc000 ver 1:0 cap 8d2078c106f0466 ecap f020df
[    1.499528] DMAR: DRHD base: 0x000000b87fc000 flags: 0x0
[    1.499533] DMAR: dmar5: reg_base_addr b87fc000 ver 1:0 cap 8d2078c106f0466 ecap f020df
[    1.499535] DMAR: DRHD base: 0x000000c5ffc000 flags: 0x0
[    1.499540] DMAR: dmar6: reg_base_addr c5ffc000 ver 1:0 cap 8d2078c106f0466 ecap f020df
[    1.499541] DMAR: DRHD base: 0x0000009d7fc000 flags: 0x1
[    1.499547] DMAR: dmar7: reg_base_addr 9d7fc000 ver 1:0 cap 8d2078c106f0466 ecap f020df
[    1.499548] DMAR: RMRR base: 0x0000006f6e0000 end: 0x0000006f6e2fff
[    1.499550] DMAR: [Firmware Bug]: No firmware reserved region can cover this RMRR [0x000000006f6e0000-0x000000006f6e2fff], contact BIOS vendor for fixes
[    1.499555] DMAR: [Firmware Bug]: Your BIOS is broken; bad RMRR [0x000000006f6e0000-0x000000006f6e2fff]
               BIOS vendor: Dell Inc.; Ver: 2.14.2; Product Version: 
[    1.499557] DMAR: ATSR flags: 0x0
[    1.499558] DMAR: ATSR flags: 0x0
[    1.499731] PCI-DMA: Using software bounce buffering for IO (SWIOTLB)
[    1.499732] software IO TLB: mapped [mem 0x0000000061053000-0x0000000065053000] (64MB)
[    1.502200] check: Scanning for low memory corruption every 60 seconds
[    1.503752] Initialise system trusted keyrings
[    1.503762] Key type blacklist registered
[    1.503810] workingset: timestamp_bits=36 max_order=24 bucket_order=0
[    1.504879] zbud: loaded
[    1.505194] squashfs: version 4.0 (2009/01/31) Phillip Lougher
[    1.505327] fuse: init (API version 7.33)
[    1.505492] integrity: Platform Keyring initialized
[    1.513483] Key type asymmetric registered
[    1.513484] Asymmetric key parser 'x509' registered
[    1.513490] Block layer SCSI generic (bsg) driver version 0.4 loaded (major 243)
[    1.513530] io scheduler mq-deadline registered
[    1.514254] pcieport 0000:00:1c.0: PME: Signaling with IRQ 24
[    1.514279] pcieport 0000:00:1c.0: pciehp: Slot #0 AttnBtn- PwrCtrl- MRL- AttnInd- PwrInd- HotPlug+ Surprise+ Interlock- NoCompl+ IbPresDis- LLActRep+
[    1.514521] pcieport 0000:00:1c.4: PME: Signaling with IRQ 25
[    1.514801] pcieport 0000:17:00.0: PME: Signaling with IRQ 27
[    1.515035] pcieport 0000:17:02.0: PME: Signaling with IRQ 28
[    1.515257] pcieport 0000:17:03.0: PME: Signaling with IRQ 29
[    1.515479] pcieport 0000:3a:00.0: PME: Signaling with IRQ 31
[    1.515896] pcieport 0000:85:00.0: PME: Signaling with IRQ 33
[    1.516170] pcieport 0000:ae:00.0: PME: Signaling with IRQ 35
[    1.516500] shpchp: Standard Hot Plug PCI Controller Driver version: 0.4
[    1.516604] efifb: probing for efifb
[    1.516629] efifb: No BGRT, not showing boot graphics
[    1.516629] efifb: framebuffer at 0x91000000, using 3072k, total 3072k
[    1.516631] efifb: mode is 1024x768x32, linelength=4096, pages=1
[    1.516633] efifb: scrolling: redraw
[    1.516634] efifb: Truecolor: size=8:8:8:8, shift=24:16:8:0
[    1.516721] Console: switching to colour frame buffer device 128x48
[    1.532406] fb0: EFI VGA frame buffer device
[    1.532414] intel_idle: MWAIT substates: 0x2020
[    1.532570] Monitor-Mwait will be used to enter C-1 state
[    1.532574] ACPI: \_SB_.SCK0.CP00: Found 1 idle states
[    1.532576] intel_idle: v0.5.1 model 0x55
[    1.534081] intel_idle: Local APIC timer is reliable in all C-states
[    1.534574] input: Power Button as /devices/LNXSYSTM:00/LNXPWRBN:00/input/input0
[    1.534630] ACPI: Power Button [PWRF]
[    1.536462] ERST: Error Record Serialization Table (ERST) support is initialized.
[    1.536465] pstore: Registered erst as persistent store backend
[    1.537058] GHES: APEI firmware first mode is enabled by APEI bit and WHEA _OSC.
[    1.537238] Serial: 8250/16550 driver, 32 ports, IRQ sharing enabled
[    1.557948] 00:02: ttyS1 at I/O 0x2f8 (irq = 3, base_baud = 115200) is a 16550A
[    1.591129] 00:03: ttyS0 at I/O 0x3f8 (irq = 4, base_baud = 115200) is a 16550A
[    1.604823] Linux agpgart interface v0.103
[    1.612515] loop: module loaded
[    1.612910] libphy: Fixed MDIO Bus: probed
[    1.612911] tun: Universal TUN/TAP device driver, 1.6
[    1.612933] PPP generic driver version 2.4.2
[    1.612971] VFIO - User Level meta-driver version: 0.3
[    1.613036] ehci_hcd: USB 2.0 'Enhanced' Host Controller (EHCI) Driver
[    1.613039] ehci-pci: EHCI PCI platform driver
[    1.613071] ehci-platform: EHCI generic platform driver
[    1.613079] ohci_hcd: USB 1.1 'Open' Host Controller (OHCI) Driver
[    1.613081] ohci-pci: OHCI PCI platform driver
[    1.613112] ohci-platform: OHCI generic platform driver
[    1.613118] uhci_hcd: USB Universal Host Controller Interface driver
[    1.613177] i8042: PNP: No PS/2 controller found.
[    1.613212] mousedev: PS/2 mouse device common for all mice
[    1.613275] rtc_cmos 00:00: RTC can wake from S4
[    1.613648] rtc_cmos 00:00: registered as rtc0
[    1.613735] rtc_cmos 00:00: setting system clock to 2024-09-15T17:54:46 UTC (1726422886)
[    1.613748] rtc_cmos 00:00: alarms up to one month, y3k, 114 bytes nvram, hpet irqs
[    1.613754] i2c /dev entries driver
[    1.613795] device-mapper: uevent: version 1.0.3
[    1.613836] device-mapper: ioctl: 4.43.0-ioctl (2020-10-01) initialised: dm-devel@redhat.com
[    1.613850] platform eisa.0: Probing EISA bus 0
[    1.613852] platform eisa.0: EISA: Cannot allocate resource for mainboard
[    1.613854] platform eisa.0: Cannot allocate resource for EISA slot 1
[    1.613856] platform eisa.0: Cannot allocate resource for EISA slot 2
[    1.613857] platform eisa.0: Cannot allocate resource for EISA slot 3
[    1.613859] platform eisa.0: Cannot allocate resource for EISA slot 4
[    1.613860] platform eisa.0: Cannot allocate resource for EISA slot 5
[    1.613862] platform eisa.0: Cannot allocate resource for EISA slot 6
[    1.613863] platform eisa.0: Cannot allocate resource for EISA slot 7
[    1.613864] platform eisa.0: Cannot allocate resource for EISA slot 8
[    1.613865] platform eisa.0: EISA: Detected 0 cards
[    1.613872] intel_pstate: Intel P-state driver initializing
[    1.615865] ledtrig-cpu: registered to indicate activity on CPUs
[    1.615879] EFI Variables Facility v0.08 2004-May-17
[    1.683151] drop_monitor: Initializing network drop monitor service
[    1.683594] NET: Registered protocol family 10
[    1.693648] Segment Routing with IPv6
[    1.693665] NET: Registered protocol family 17
[    1.693735] Key type dns_resolver registered
[    1.698010] microcode: sig=0x50657, pf=0x80, revision=0x5003707
[    1.698276] microcode: Microcode Update Driver: v2.2.
[    1.699117] resctrl: MB allocation detected
[    1.699119] resctrl: L3 monitoring detected
[    1.699122] IPI shorthand broadcast: enabled
[    1.699134] sched_clock: Marking stable (1699769825, -663149)->(1736358293, -37251617)
[    1.699476] registered taskstats version 1
[    1.699491] Loading compiled-in X.509 certificates
[    1.700232] Loaded X.509 cert 'Build time autogenerated kernel key: 0d8e103743cf2d74dd103586183fa3490f9c75ad'
[    1.704016] zswap: loaded using pool lzo/zbud
[    1.704385] Key type ._fscrypt registered
[    1.704387] Key type .fscrypt registered
[    1.704388] Key type fscrypt-provisioning registered
[    1.704537] pstore: Using crash dump compression: deflate
[    1.706890] Key type encrypted registered
[    1.706893] AppArmor: AppArmor sha1 policy hashing enabled
[    1.708966] integrity: Loading X.509 certificate: UEFI:db
[    1.708993] integrity: Loaded X.509 cert 'Microsoft Corporation UEFI CA 2011: 13adbf4309bd82709c8cd54f316ed522988a1bd4'
[    1.708994] integrity: Loading X.509 certificate: UEFI:db
[    1.709013] integrity: Loaded X.509 cert 'Microsoft Windows Production PCA 2011: a92902398e16c49778cd90f99e4f9ae17c55af53'
[    1.709014] integrity: Loading X.509 certificate: UEFI:db
[    1.709187] integrity: Loaded X.509 cert 'VMware, Inc.: 4ad8ba0472073d28127706ddc6ccb9050441bbc7'
[    1.709189] integrity: Loading X.509 certificate: UEFI:db
[    1.709374] integrity: Loaded X.509 cert 'VMware, Inc.: VMware Secure Boot Signing: 04597f3e1ffb240bba0ff0f05d5eb05f3e15f6d7'
[    1.710873] integrity: Loading X.509 certificate: UEFI:MokListRT (MOKvar table)
[    1.711059] integrity: Loaded X.509 cert 'Canonical Ltd. Master Certificate Authority: ad91990bc22ab1f517048c23b6655a268e345a63'
[    1.711062] ima: No TPM chip found, activating TPM-bypass!
[    1.711066] ima: Allocated hash algorithm: sha1
[    1.711073] ima: No architecture policies found
[    1.711082] evm: Initialising EVM extended attributes:
[    1.711082] evm: security.selinux
[    1.711083] evm: security.SMACK64
