[    0.000000] microcode: microcode updated early to revision 0x5003707, date = 2024-03-01
[    0.000000] Linux version 5.11.0.vanilla-f2fs (root@oslab-PowerEdge-R740xd) (gcc (Ubuntu 9.4.0-1ubuntu1~20.04.2) 9.4.0, GNU ld (GNU Binutils for Ubuntu) 2.34) #39 SMP Mon Sep 2 15:36:07 KST 2024
[    0.000000] Command line: BOOT_IMAGE=/boot/vmlinuz-5.11.0.vanilla-f2fs root=UUID=0fe244cb-556c-49fd-bc46-148ab2afc428 ro memmap=448G$64G intremap=off isolcpus=37,39 quiet splash vt.handoff=7
[    0.000000] KERNEL supported cpus:
[    0.000000]   Intel GenuineIntel
[    0.000000]   AMD AuthenticAMD
[    0.000000]   Hygon HygonGenuine
[    0.000000]   Centaur CentaurHauls
[    0.000000]   zhaoxin   Shanghai  
[    0.000000] x86/fpu: Supporting XSAVE feature 0x001: 'x87 floating point registers'
[    0.000000] x86/fpu: Supporting XSAVE feature 0x002: 'SSE registers'
[    0.000000] x86/fpu: Supporting XSAVE feature 0x004: 'AVX registers'
[    0.000000] x86/fpu: Supporting XSAVE feature 0x008: 'MPX bounds registers'
[    0.000000] x86/fpu: Supporting XSAVE feature 0x010: 'MPX CSR'
[    0.000000] x86/fpu: Supporting XSAVE feature 0x020: 'AVX-512 opmask'
[    0.000000] x86/fpu: Supporting XSAVE feature 0x040: 'AVX-512 Hi256'
[    0.000000] x86/fpu: Supporting XSAVE feature 0x080: 'AVX-512 ZMM_Hi256'
[    0.000000] x86/fpu: Supporting XSAVE feature 0x200: 'Protection Keys User registers'
[    0.000000] x86/fpu: xstate_offset[2]:  576, xstate_sizes[2]:  256
[    0.000000] x86/fpu: xstate_offset[3]:  832, xstate_sizes[3]:   64
[    0.000000] x86/fpu: xstate_offset[4]:  896, xstate_sizes[4]:   64
[    0.000000] x86/fpu: xstate_offset[5]:  960, xstate_sizes[5]:   64
[    0.000000] x86/fpu: xstate_offset[6]: 1024, xstate_sizes[6]:  512
[    0.000000] x86/fpu: xstate_offset[7]: 1536, xstate_sizes[7]: 1024
[    0.000000] x86/fpu: xstate_offset[9]: 2560, xstate_sizes[9]:    8
[    0.000000] x86/fpu: Enabled xstate features 0x2ff, context size is 2568 bytes, using 'compacted' format.
[    0.000000] BIOS-provided physical RAM map:
[    0.000000] BIOS-e820: [mem 0x0000000000000000-0x000000000009ffff] usable
[    0.000000] BIOS-e820: [mem 0x00000000000a0000-0x00000000000fffff] reserved
[    0.000000] BIOS-e820: [mem 0x0000000000100000-0x00000000682fefff] usable
[    0.000000] BIOS-e820: [mem 0x00000000682ff000-0x000000006ebfefff] reserved
[    0.000000] BIOS-e820: [mem 0x000000006ebff000-0x000000006f9fefff] ACPI NVS
[    0.000000] BIOS-e820: [mem 0x000000006f9ff000-0x000000006fffefff] ACPI data
[    0.000000] BIOS-e820: [mem 0x000000006ffff000-0x000000006fffffff] usable
[    0.000000] BIOS-e820: [mem 0x0000000070000000-0x000000008fffffff] reserved
[    0.000000] BIOS-e820: [mem 0x00000000fe000000-0x00000000fe010fff] reserved
[    0.000000] BIOS-e820: [mem 0x0000000100000000-0x000000807fffffff] usable
[    0.000000] NX (Execute Disable) protection: active
[    0.000000] e820: update [mem 0x4bf0b020-0x4bf1305f] usable ==> usable
[    0.000000] e820: update [mem 0x4bf0b020-0x4bf1305f] usable ==> usable
[    0.000000] e820: update [mem 0x4bef2020-0x4bf0a65f] usable ==> usable
[    0.000000] e820: update [mem 0x4bef2020-0x4bf0a65f] usable ==> usable
[    0.000000] e820: update [mem 0x4be92020-0x4bef1a5f] usable ==> usable
[    0.000000] e820: update [mem 0x4be92020-0x4bef1a5f] usable ==> usable
[    0.000000] e820: update [mem 0x4be32020-0x4be91a5f] usable ==> usable
[    0.000000] e820: update [mem 0x4be32020-0x4be91a5f] usable ==> usable
[    0.000000] e820: update [mem 0x4bdd5020-0x4be31c5f] usable ==> usable
[    0.000000] e820: update [mem 0x4bdd5020-0x4be31c5f] usable ==> usable
[    0.000000] e820: update [mem 0x4bd78020-0x4bdd4c5f] usable ==> usable
[    0.000000] e820: update [mem 0x4bd78020-0x4bdd4c5f] usable ==> usable
[    0.000000] e820: update [mem 0x4bd6d020-0x4bd77a5f] usable ==> usable
[    0.000000] e820: update [mem 0x4bd6d020-0x4bd77a5f] usable ==> usable
[    0.000000] e820: update [mem 0x4bd66020-0x4bd6c45f] usable ==> usable
[    0.000000] e820: update [mem 0x4bd66020-0x4bd6c45f] usable ==> usable
[    0.000000] extended physical RAM map:
[    0.000000] reserve setup_data: [mem 0x0000000000000000-0x000000000009ffff] usable
[    0.000000] reserve setup_data: [mem 0x00000000000a0000-0x00000000000fffff] reserved
[    0.000000] reserve setup_data: [mem 0x0000000000100000-0x000000004bd6601f] usable
[    0.000000] reserve setup_data: [mem 0x000000004bd66020-0x000000004bd6c45f] usable
[    0.000000] reserve setup_data: [mem 0x000000004bd6c460-0x000000004bd6d01f] usable
[    0.000000] reserve setup_data: [mem 0x000000004bd6d020-0x000000004bd77a5f] usable
[    0.000000] reserve setup_data: [mem 0x000000004bd77a60-0x000000004bd7801f] usable
[    0.000000] reserve setup_data: [mem 0x000000004bd78020-0x000000004bdd4c5f] usable
[    0.000000] reserve setup_data: [mem 0x000000004bdd4c60-0x000000004bdd501f] usable
[    0.000000] reserve setup_data: [mem 0x000000004bdd5020-0x000000004be31c5f] usable
[    0.000000] reserve setup_data: [mem 0x000000004be31c60-0x000000004be3201f] usable
[    0.000000] reserve setup_data: [mem 0x000000004be32020-0x000000004be91a5f] usable
[    0.000000] reserve setup_data: [mem 0x000000004be91a60-0x000000004be9201f] usable
[    0.000000] reserve setup_data: [mem 0x000000004be92020-0x000000004bef1a5f] usable
[    0.000000] reserve setup_data: [mem 0x000000004bef1a60-0x000000004bef201f] usable
[    0.000000] reserve setup_data: [mem 0x000000004bef2020-0x000000004bf0a65f] usable
[    0.000000] reserve setup_data: [mem 0x000000004bf0a660-0x000000004bf0b01f] usable
[    0.000000] reserve setup_data: [mem 0x000000004bf0b020-0x000000004bf1305f] usable
[    0.000000] reserve setup_data: [mem 0x000000004bf13060-0x00000000682fefff] usable
[    0.000000] reserve setup_data: [mem 0x00000000682ff000-0x000000006ebfefff] reserved
[    0.000000] reserve setup_data: [mem 0x000000006ebff000-0x000000006f9fefff] ACPI NVS
[    0.000000] reserve setup_data: [mem 0x000000006f9ff000-0x000000006fffefff] ACPI data
[    0.000000] reserve setup_data: [mem 0x000000006ffff000-0x000000006fffffff] usable
[    0.000000] reserve setup_data: [mem 0x0000000070000000-0x000000008fffffff] reserved
[    0.000000] reserve setup_data: [mem 0x00000000fe000000-0x00000000fe010fff] reserved
[    0.000000] reserve setup_data: [mem 0x0000000100000000-0x0000000fffffffff] usable
[    0.000000] reserve setup_data: [mem 0x0000001000000000-0x0000007fffffffff] reserved
[    0.000000] reserve setup_data: [mem 0x0000008000000000-0x000000807fffffff] usable
[    0.000000] user-defined physical RAM map:
[    0.000000] user: [mem 0x0000000000000000-0x000000000009ffff] usable
[    0.000000] user: [mem 0x00000000000a0000-0x00000000000fffff] reserved
[    0.000000] user: [mem 0x0000000000100000-0x000000004bd6601f] usable
[    0.000000] user: [mem 0x000000004bd66020-0x000000004bd6c45f] usable
[    0.000000] user: [mem 0x000000004bd6c460-0x000000004bd6d01f] usable
[    0.000000] user: [mem 0x000000004bd6d020-0x000000004bd77a5f] usable
[    0.000000] user: [mem 0x000000004bd77a60-0x000000004bd7801f] usable
[    0.000000] user: [mem 0x000000004bd78020-0x000000004bdd4c5f] usable
[    0.000000] user: [mem 0x000000004bdd4c60-0x000000004bdd501f] usable
[    0.000000] user: [mem 0x000000004bdd5020-0x000000004be31c5f] usable
[    0.000000] user: [mem 0x000000004be31c60-0x000000004be3201f] usable
[    0.000000] user: [mem 0x000000004be32020-0x000000004be91a5f] usable
[    0.000000] user: [mem 0x000000004be91a60-0x000000004be9201f] usable
[    0.000000] user: [mem 0x000000004be92020-0x000000004bef1a5f] usable
[    0.000000] user: [mem 0x000000004bef1a60-0x000000004bef201f] usable
[    0.000000] user: [mem 0x000000004bef2020-0x000000004bf0a65f] usable
[    0.000000] user: [mem 0x000000004bf0a660-0x000000004bf0b01f] usable
[    0.000000] user: [mem 0x000000004bf0b020-0x000000004bf1305f] usable
[    0.000000] user: [mem 0x000000004bf13060-0x00000000682fefff] usable
[    0.000000] user: [mem 0x00000000682ff000-0x000000006ebfefff] reserved
[    0.000000] user: [mem 0x000000006ebff000-0x000000006f9fefff] ACPI NVS
[    0.000000] user: [mem 0x000000006f9ff000-0x000000006fffefff] ACPI data
[    0.000000] user: [mem 0x000000006ffff000-0x000000006fffffff] usable
[    0.000000] user: [mem 0x0000000070000000-0x000000008fffffff] reserved
[    0.000000] user: [mem 0x00000000fe000000-0x00000000fe010fff] reserved
[    0.000000] user: [mem 0x0000000100000000-0x0000000fffffffff] usable
[    0.000000] user: [mem 0x0000001000000000-0x0000007fffffffff] reserved
[    0.000000] user: [mem 0x0000008000000000-0x000000807fffffff] usable
[    0.000000] efi: EFI v2.70 by Dell Inc.
[    0.000000] efi: ACPI=0x6fffe000 ACPI 2.0=0x6fffe014 SMBIOS=0x68d36000 SMBIOS 3.0=0x68d34000 MEMATTR=0x65053020 MOKvar=0x683aa000 RNG=0x683d5720 
[    0.000000] efi: seeding entropy pool
[    0.000000] random: fast init done
[    0.000000] SMBIOS 3.2.0 present.
[    0.000000] DMI: Dell Inc. PowerEdge R740xd/06WXJT, BIOS 2.14.2 03/21/2022
[    0.000000] tsc: Detected 2100.000 MHz processor
[    0.000009] e820: update [mem 0x00000000-0x00000fff] usable ==> reserved
[    0.000012] e820: remove [mem 0x000a0000-0x000fffff] usable
[    0.000021] last_pfn = 0x8080000 max_arch_pfn = 0x400000000
[    0.000025] MTRR default type: uncachable
[    0.000027] MTRR fixed ranges enabled:
[    0.000028]   00000-9FFFF write-back
[    0.000030]   A0000-BFFFF uncachable
[    0.000031]   C0000-FFFFF write-protect
[    0.000033] MTRR variable ranges enabled:
[    0.000034]   0 base 000000000000 mask 3F8000000000 write-back
[    0.000036]   1 base 008000000000 mask 3FFF80000000 write-back
[    0.000038]   2 base 000080000000 mask 3FFF80000000 uncachable
[    0.000040]   3 base 000070000000 mask 3FFFFC000000 uncachable
[    0.000041]   4 disabled
[    0.000042]   5 disabled
[    0.000043]   6 disabled
[    0.000044]   7 disabled
[    0.000045]   8 disabled
[    0.000046]   9 disabled
[    0.000202] x86/PAT: Configuration [0-7]: WB  WC  UC- UC  WB  WP  UC- WT  
[    0.001077] total RAM covered: 524224M
[    0.001316]  gran_size: 64K 	chunk_size: 64K 	num_reg: 10  	lose cover RAM: 386G
[    0.001319]  gran_size: 64K 	chunk_size: 128K 	num_reg: 10  	lose cover RAM: 386G
[    0.001321]  gran_size: 64K 	chunk_size: 256K 	num_reg: 10  	lose cover RAM: 386G
[    0.001323]  gran_size: 64K 	chunk_size: 512K 	num_reg: 10  	lose cover RAM: 386G
[    0.001325]  gran_size: 64K 	chunk_size: 1M 	num_reg: 10  	lose cover RAM: 386G
[    0.001327]  gran_size: 64K 	chunk_size: 2M 	num_reg: 10  	lose cover RAM: 386G
[    0.001329]  gran_size: 64K 	chunk_size: 4M 	num_reg: 10  	lose cover RAM: 386G
[    0.001331]  gran_size: 64K 	chunk_size: 8M 	num_reg: 10  	lose cover RAM: 386G
[    0.001333]  gran_size: 64K 	chunk_size: 16M 	num_reg: 10  	lose cover RAM: 386G
[    0.001335]  gran_size: 64K 	chunk_size: 32M 	num_reg: 10  	lose cover RAM: 386G
[    0.001336]  gran_size: 64K 	chunk_size: 64M 	num_reg: 10  	lose cover RAM: 386G
[    0.001338]  gran_size: 64K 	chunk_size: 128M 	num_reg: 10  	lose cover RAM: 482G
[    0.001340]  gran_size: 64K 	chunk_size: 256M 	num_reg: 10  	lose cover RAM: 482G
[    0.001342]  gran_size: 64K 	chunk_size: 512M 	num_reg: 10  	lose cover RAM: 0G
[    0.001344]  gran_size: 64K 	chunk_size: 1G 	num_reg: 10  	lose cover RAM: 0G
[    0.001346]  gran_size: 64K 	chunk_size: 2G 	num_reg: 10  	lose cover RAM: 0G
[    0.001348]  gran_size: 128K 	chunk_size: 128K 	num_reg: 10  	lose cover RAM: 386G
[    0.001350]  gran_size: 128K 	chunk_size: 256K 	num_reg: 10  	lose cover RAM: 386G
[    0.001352]  gran_size: 128K 	chunk_size: 512K 	num_reg: 10  	lose cover RAM: 386G
[    0.001353]  gran_size: 128K 	chunk_size: 1M 	num_reg: 10  	lose cover RAM: 386G
[    0.001355]  gran_size: 128K 	chunk_size: 2M 	num_reg: 10  	lose cover RAM: 386G
[    0.001357]  gran_size: 128K 	chunk_size: 4M 	num_reg: 10  	lose cover RAM: 386G
[    0.001359]  gran_size: 128K 	chunk_size: 8M 	num_reg: 10  	lose cover RAM: 386G
[    0.001361]  gran_size: 128K 	chunk_size: 16M 	num_reg: 10  	lose cover RAM: 386G
[    0.001363]  gran_size: 128K 	chunk_size: 32M 	num_reg: 10  	lose cover RAM: 386G
[    0.001364]  gran_size: 128K 	chunk_size: 64M 	num_reg: 10  	lose cover RAM: 386G
[    0.001366]  gran_size: 128K 	chunk_size: 128M 	num_reg: 10  	lose cover RAM: 482G
[    0.001368]  gran_size: 128K 	chunk_size: 256M 	num_reg: 10  	lose cover RAM: 482G
[    0.001370]  gran_size: 128K 	chunk_size: 512M 	num_reg: 10  	lose cover RAM: 0G
[    0.001372]  gran_size: 128K 	chunk_size: 1G 	num_reg: 10  	lose cover RAM: 0G
[    0.001374]  gran_size: 128K 	chunk_size: 2G 	num_reg: 10  	lose cover RAM: 0G
[    0.001376]  gran_size: 256K 	chunk_size: 256K 	num_reg: 10  	lose cover RAM: 386G
[    0.001378]  gran_size: 256K 	chunk_size: 512K 	num_reg: 10  	lose cover RAM: 386G
[    0.001380]  gran_size: 256K 	chunk_size: 1M 	num_reg: 10  	lose cover RAM: 386G
[    0.001382]  gran_size: 256K 	chunk_size: 2M 	num_reg: 10  	lose cover RAM: 386G
[    0.001383]  gran_size: 256K 	chunk_size: 4M 	num_reg: 10  	lose cover RAM: 386G
[    0.001385]  gran_size: 256K 	chunk_size: 8M 	num_reg: 10  	lose cover RAM: 386G
[    0.001387]  gran_size: 256K 	chunk_size: 16M 	num_reg: 10  	lose cover RAM: 386G
[    0.001389]  gran_size: 256K 	chunk_size: 32M 	num_reg: 10  	lose cover RAM: 386G
[    0.001391]  gran_size: 256K 	chunk_size: 64M 	num_reg: 10  	lose cover RAM: 386G
[    0.001392]  gran_size: 256K 	chunk_size: 128M 	num_reg: 10  	lose cover RAM: 482G
[    0.001394]  gran_size: 256K 	chunk_size: 256M 	num_reg: 10  	lose cover RAM: 482G
[    0.001396]  gran_size: 256K 	chunk_size: 512M 	num_reg: 10  	lose cover RAM: 0G
[    0.001398]  gran_size: 256K 	chunk_size: 1G 	num_reg: 10  	lose cover RAM: 0G
[    0.001400]  gran_size: 256K 	chunk_size: 2G 	num_reg: 10  	lose cover RAM: 0G
[    0.001402]  gran_size: 512K 	chunk_size: 512K 	num_reg: 10  	lose cover RAM: 386G
[    0.001404]  gran_size: 512K 	chunk_size: 1M 	num_reg: 10  	lose cover RAM: 386G
[    0.001406]  gran_size: 512K 	chunk_size: 2M 	num_reg: 10  	lose cover RAM: 386G
[    0.001408]  gran_size: 512K 	chunk_size: 4M 	num_reg: 10  	lose cover RAM: 386G
[    0.001409]  gran_size: 512K 	chunk_size: 8M 	num_reg: 10  	lose cover RAM: 386G
[    0.001411]  gran_size: 512K 	chunk_size: 16M 	num_reg: 10  	lose cover RAM: 386G
[    0.001413]  gran_size: 512K 	chunk_size: 32M 	num_reg: 10  	lose cover RAM: 386G
[    0.001415]  gran_size: 512K 	chunk_size: 64M 	num_reg: 10  	lose cover RAM: 386G
[    0.001417]  gran_size: 512K 	chunk_size: 128M 	num_reg: 10  	lose cover RAM: 482G
[    0.001419]  gran_size: 512K 	chunk_size: 256M 	num_reg: 10  	lose cover RAM: 482G
[    0.001420]  gran_size: 512K 	chunk_size: 512M 	num_reg: 10  	lose cover RAM: 0G
[    0.001422]  gran_size: 512K 	chunk_size: 1G 	num_reg: 10  	lose cover RAM: 0G
[    0.001424]  gran_size: 512K 	chunk_size: 2G 	num_reg: 10  	lose cover RAM: 0G
[    0.001426]  gran_size: 1M 	chunk_size: 1M 	num_reg: 10  	lose cover RAM: 386G
[    0.001428]  gran_size: 1M 	chunk_size: 2M 	num_reg: 10  	lose cover RAM: 386G
[    0.001430]  gran_size: 1M 	chunk_size: 4M 	num_reg: 10  	lose cover RAM: 386G
[    0.001431]  gran_size: 1M 	chunk_size: 8M 	num_reg: 10  	lose cover RAM: 386G
[    0.001433]  gran_size: 1M 	chunk_size: 16M 	num_reg: 10  	lose cover RAM: 386G
[    0.001435]  gran_size: 1M 	chunk_size: 32M 	num_reg: 10  	lose cover RAM: 386G
[    0.001437]  gran_size: 1M 	chunk_size: 64M 	num_reg: 10  	lose cover RAM: 386G
[    0.001439]  gran_size: 1M 	chunk_size: 128M 	num_reg: 10  	lose cover RAM: 482G
[    0.001441]  gran_size: 1M 	chunk_size: 256M 	num_reg: 10  	lose cover RAM: 482G
[    0.001442]  gran_size: 1M 	chunk_size: 512M 	num_reg: 10  	lose cover RAM: 0G
[    0.001444]  gran_size: 1M 	chunk_size: 1G 	num_reg: 10  	lose cover RAM: 0G
[    0.001446]  gran_size: 1M 	chunk_size: 2G 	num_reg: 10  	lose cover RAM: 0G
[    0.001448]  gran_size: 2M 	chunk_size: 2M 	num_reg: 10  	lose cover RAM: 386G
[    0.001450]  gran_size: 2M 	chunk_size: 4M 	num_reg: 10  	lose cover RAM: 386G
[    0.001451]  gran_size: 2M 	chunk_size: 8M 	num_reg: 10  	lose cover RAM: 386G
[    0.001453]  gran_size: 2M 	chunk_size: 16M 	num_reg: 10  	lose cover RAM: 386G
[    0.001455]  gran_size: 2M 	chunk_size: 32M 	num_reg: 10  	lose cover RAM: 386G
[    0.001457]  gran_size: 2M 	chunk_size: 64M 	num_reg: 10  	lose cover RAM: 386G
[    0.001459]  gran_size: 2M 	chunk_size: 128M 	num_reg: 10  	lose cover RAM: 482G
[    0.001461]  gran_size: 2M 	chunk_size: 256M 	num_reg: 10  	lose cover RAM: 482G
[    0.001463]  gran_size: 2M 	chunk_size: 512M 	num_reg: 10  	lose cover RAM: 0G
[    0.001465]  gran_size: 2M 	chunk_size: 1G 	num_reg: 10  	lose cover RAM: 0G
[    0.001467]  gran_size: 2M 	chunk_size: 2G 	num_reg: 10  	lose cover RAM: 0G
[    0.001468]  gran_size: 4M 	chunk_size: 4M 	num_reg: 10  	lose cover RAM: 386G
[    0.001470]  gran_size: 4M 	chunk_size: 8M 	num_reg: 10  	lose cover RAM: 386G
[    0.001472]  gran_size: 4M 	chunk_size: 16M 	num_reg: 10  	lose cover RAM: 386G
[    0.001474]  gran_size: 4M 	chunk_size: 32M 	num_reg: 10  	lose cover RAM: 386G
[    0.001476]  gran_size: 4M 	chunk_size: 64M 	num_reg: 10  	lose cover RAM: 386G
[    0.001477]  gran_size: 4M 	chunk_size: 128M 	num_reg: 10  	lose cover RAM: 482G
[    0.001479]  gran_size: 4M 	chunk_size: 256M 	num_reg: 10  	lose cover RAM: 482G
[    0.001481]  gran_size: 4M 	chunk_size: 512M 	num_reg: 10  	lose cover RAM: 0G
[    0.001483]  gran_size: 4M 	chunk_size: 1G 	num_reg: 10  	lose cover RAM: 0G
[    0.001485]  gran_size: 4M 	chunk_size: 2G 	num_reg: 10  	lose cover RAM: 0G
[    0.001486]  gran_size: 8M 	chunk_size: 8M 	num_reg: 10  	lose cover RAM: 386G
[    0.001488]  gran_size: 8M 	chunk_size: 16M 	num_reg: 10  	lose cover RAM: 386G
[    0.001490]  gran_size: 8M 	chunk_size: 32M 	num_reg: 10  	lose cover RAM: 386G
[    0.001492]  gran_size: 8M 	chunk_size: 64M 	num_reg: 10  	lose cover RAM: 386G
[    0.001494]  gran_size: 8M 	chunk_size: 128M 	num_reg: 10  	lose cover RAM: 482G
[    0.001496]  gran_size: 8M 	chunk_size: 256M 	num_reg: 10  	lose cover RAM: 482G
[    0.001498]  gran_size: 8M 	chunk_size: 512M 	num_reg: 10  	lose cover RAM: 0G
[    0.001500]  gran_size: 8M 	chunk_size: 1G 	num_reg: 10  	lose cover RAM: 0G
[    0.001502]  gran_size: 8M 	chunk_size: 2G 	num_reg: 10  	lose cover RAM: 0G
[    0.001503]  gran_size: 16M 	chunk_size: 16M 	num_reg: 10  	lose cover RAM: 386G
[    0.001505]  gran_size: 16M 	chunk_size: 32M 	num_reg: 10  	lose cover RAM: 386G
[    0.001507]  gran_size: 16M 	chunk_size: 64M 	num_reg: 10  	lose cover RAM: 386G
[    0.001509]  gran_size: 16M 	chunk_size: 128M 	num_reg: 10  	lose cover RAM: 482G
[    0.001511]  gran_size: 16M 	chunk_size: 256M 	num_reg: 10  	lose cover RAM: 482G
[    0.001513]  gran_size: 16M 	chunk_size: 512M 	num_reg: 10  	lose cover RAM: 0G
[    0.001515]  gran_size: 16M 	chunk_size: 1G 	num_reg: 10  	lose cover RAM: 0G
[    0.001517]  gran_size: 16M 	chunk_size: 2G 	num_reg: 10  	lose cover RAM: 0G
[    0.001518]  gran_size: 32M 	chunk_size: 32M 	num_reg: 10  	lose cover RAM: 386G
[    0.001520]  gran_size: 32M 	chunk_size: 64M 	num_reg: 10  	lose cover RAM: 386G
[    0.001522]  gran_size: 32M 	chunk_size: 128M 	num_reg: 10  	lose cover RAM: 482G
[    0.001524]  gran_size: 32M 	chunk_size: 256M 	num_reg: 10  	lose cover RAM: 482G
[    0.001526]  gran_size: 32M 	chunk_size: 512M 	num_reg: 10  	lose cover RAM: 0G
[    0.001528]  gran_size: 32M 	chunk_size: 1G 	num_reg: 10  	lose cover RAM: 0G
[    0.001529]  gran_size: 32M 	chunk_size: 2G 	num_reg: 10  	lose cover RAM: 0G
[    0.001531]  gran_size: 64M 	chunk_size: 64M 	num_reg: 10  	lose cover RAM: 386G
[    0.001533]  gran_size: 64M 	chunk_size: 128M 	num_reg: 10  	lose cover RAM: 482G
[    0.001535]  gran_size: 64M 	chunk_size: 256M 	num_reg: 10  	lose cover RAM: 482G
[    0.001537]  gran_size: 64M 	chunk_size: 512M 	num_reg: 10  	lose cover RAM: 0G
[    0.001539]  gran_size: 64M 	chunk_size: 1G 	num_reg: 10  	lose cover RAM: 0G
[    0.001541]  gran_size: 64M 	chunk_size: 2G 	num_reg: 10  	lose cover RAM: 0G
[    0.001542]  gran_size: 128M 	chunk_size: 128M 	num_reg: 10  	lose cover RAM: 395328M
[    0.001545]  gran_size: 128M 	chunk_size: 256M 	num_reg: 10  	lose cover RAM: 395328M
[    0.001547]  gran_size: 128M 	chunk_size: 512M 	num_reg: 10  	lose cover RAM: 0G
[    0.001549]  gran_size: 128M 	chunk_size: 1G 	num_reg: 10  	lose cover RAM: 0G
[    0.001551]  gran_size: 128M 	chunk_size: 2G 	num_reg: 10  	lose cover RAM: 0G
[    0.001552]  gran_size: 256M 	chunk_size: 256M 	num_reg: 10  	lose cover RAM: 2240M
[    0.001554]  gran_size: 256M 	chunk_size: 512M 	num_reg: 10  	lose cover RAM: 0G
[    0.001556]  gran_size: 256M 	chunk_size: 1G 	num_reg: 10  	lose cover RAM: 0G
[    0.001558]  gran_size: 256M 	chunk_size: 2G 	num_reg: 10  	lose cover RAM: 0G
[    0.001560]  gran_size: 512M 	chunk_size: 512M 	num_reg: 10  	lose cover RAM: 448M
[    0.001562]  gran_size: 512M 	chunk_size: 1G 	num_reg: 10  	lose cover RAM: 2304M
[    0.001564]  gran_size: 512M 	chunk_size: 2G 	num_reg: 10  	lose cover RAM: 2304M
[    0.001566]  gran_size: 1G 	chunk_size: 1G 	num_reg: 9  	lose cover RAM: 960M
[    0.001567]  gran_size: 1G 	chunk_size: 2G 	num_reg: 10  	lose cover RAM: 264960M
[    0.001569]  gran_size: 2G 	chunk_size: 2G 	num_reg: 8  	lose cover RAM: 1984M
[    0.001571] mtrr_cleanup: can not find optimal value
[    0.001572] please specify mtrr_gran_size/mtrr_chunk_size
[    0.001575] e820: update [mem 0x70000000-0x73ffffff] usable ==> reserved
[    0.001579] e820: update [mem 0x80000000-0xffffffff] usable ==> reserved
[    0.001583] last_pfn = 0x70000 max_arch_pfn = 0x400000000
[    0.008824] efi: Failed to lookup EFI memory descriptor for 0x00000000683aa000
[    0.008843] check: Scanning 1 areas for low memory corruption
[    0.008848] Using GB pages for direct mapping
[    0.009340] Secure boot disabled
[    0.009341] RAMDISK: [mem 0x4bf14000-0x4f8defff]
[    0.009351] ACPI: Early table checksum verification disabled
[    0.009355] ACPI: RSDP 0x000000006FFFE014 000024 (v02 DELL  )
[    0.009359] ACPI: XSDT 0x000000006FBF9188 0000F4 (v01 DELL   PE_SC3   00000000      01000013)
[    0.009366] ACPI: FACP 0x000000006FFF8000 000114 (v06 DELL   PE_SC3   00000000 DELL 00000001)
[    0.009372] ACPI: DSDT 0x000000006FCFA000 2EE3DC (v02 DELL   PE_SC3   00000003 DELL 00000001)
[    0.009376] ACPI: FACS 0x000000006F6EE000 000040
[    0.009380] ACPI: SSDT 0x000000006FFFC000 00046C (v02 INTEL  ADDRXLAT 00000001 INTL 20180508)
[    0.009383] ACPI: MCEJ 0x000000006FFFB000 000130 (v01 DELL   PE_SC3   00000002 DELL 00000001)
[    0.009387] ACPI: WD__ 0x000000006FFFA000 000134 (v01 DELL   PE_SC3   00000001 DELL 00000001)
[    0.009390] ACPI: SLIC 0x000000006FFF9000 000176 (v01 DELL   PE_SC3   00000001 DELL 00000001)
[    0.009394] ACPI: HPET 0x000000006FFF7000 000038 (v01 DELL   PE_SC3   00000001 DELL 00000001)
[    0.009397] ACPI: APIC 0x000000006FFF5000 0016DE (v04 DELL   PE_SC3   00000000 DELL 00000001)
[    0.009401] ACPI: MCFG 0x000000006FFF4000 00003C (v01 DELL   PE_SC3   00000001 DELL 00000001)
[    0.009404] ACPI: MIGT 0x000000006FFF3000 000040 (v01 DELL   PE_SC3   00000000 DELL 00000001)
[    0.009408] ACPI: MSCT 0x000000006FFF2000 000090 (v01 DELL   PE_SC3   00000001 DELL 00000001)
[    0.009411] ACPI: PCAT 0x000000006FFF1000 000088 (v02 DELL   PE_SC3   00000002 DELL 00000001)
[    0.009415] ACPI: PCCT 0x000000006FFF0000 00006E (v01 DELL   PE_SC3   00000002 DELL 00000001)
[    0.009418] ACPI: RASF 0x000000006FFEF000 000030 (v01 DELL   PE_SC3   00000001 DELL 00000001)
[    0.009422] ACPI: SLIT 0x000000006FFEE000 00042C (v01 DELL   PE_SC3   00000001 DELL 00000001)
[    0.009425] ACPI: SRAT 0x000000006FFEB000 002D30 (v03 DELL   PE_SC3   00000002 DELL 00000001)
[    0.009429] ACPI: SVOS 0x000000006FFEA000 000032 (v01 DELL   PE_SC3   00000000 DELL 00000001)
[    0.009432] ACPI: WSMT 0x000000006FFE9000 000028 (v01 DELL   PE_SC3   00000000 DELL 00000001)
[    0.009436] ACPI: OEM4 0x000000006FC4C000 0AD1C1 (v02 INTEL  CPU  CST 00003000 INTL 20180508)
[    0.009440] ACPI: SSDT 0x000000006FC14000 037465 (v02 INTEL  SSDT  PM 00004000 INTL 20180508)
[    0.009443] ACPI: SSDT 0x000000006FBFA000 000A1F (v02 DELL   PE_SC3   00000000 DELL 00000001)
[    0.009447] ACPI: SSDT 0x000000006FC10000 00357F (v02 INTEL  SpsNm    00000002 INTL 20180508)
[    0.009451] ACPI: DMAR 0x000000006FFFD000 0001D0 (v01 DELL   PE_SC3   00000001 DELL 00000001)
[    0.009454] ACPI: HEST 0x000000006FC0F000 00017C (v01 DELL   PE_SC3   00000002 DELL 00000001)
[    0.009458] ACPI: BERT 0x000000006FC0E000 000030 (v01 DELL   PE_SC3   00000002 DELL 00000001)
[    0.009461] ACPI: ERST 0x000000006FC0D000 000230 (v01 DELL   PE_SC3   00000002 DELL 00000001)
[    0.009465] ACPI: EINJ 0x000000006FC0C000 000150 (v01 DELL   PE_SC3   00000002 DELL 00000001)
[    0.009473] ACPI: Local APIC address 0xfee00000
[    0.009577] SRAT: PXM 0 -> APIC 0x00 -> Node 0
[    0.009578] SRAT: PXM 1 -> APIC 0x40 -> Node 1
[    0.009580] SRAT: PXM 0 -> APIC 0x08 -> Node 0
[    0.009581] SRAT: PXM 1 -> APIC 0x48 -> Node 1
[    0.009582] SRAT: PXM 0 -> APIC 0x02 -> Node 0
[    0.009583] SRAT: PXM 1 -> APIC 0x42 -> Node 1
[    0.009584] SRAT: PXM 0 -> APIC 0x06 -> Node 0
[    0.009585] SRAT: PXM 1 -> APIC 0x46 -> Node 1
[    0.009586] SRAT: PXM 0 -> APIC 0x04 -> Node 0
[    0.009587] SRAT: PXM 1 -> APIC 0x44 -> Node 1
[    0.009588] SRAT: PXM 0 -> APIC 0x18 -> Node 0
[    0.009589] SRAT: PXM 1 -> APIC 0x58 -> Node 1
[    0.009590] SRAT: PXM 0 -> APIC 0x10 -> Node 0
[    0.009591] SRAT: PXM 1 -> APIC 0x50 -> Node 1
[    0.009592] SRAT: PXM 0 -> APIC 0x16 -> Node 0
[    0.009593] SRAT: PXM 1 -> APIC 0x56 -> Node 1
[    0.009594] SRAT: PXM 0 -> APIC 0x12 -> Node 0
[    0.009595] SRAT: PXM 1 -> APIC 0x52 -> Node 1
[    0.009596] SRAT: PXM 0 -> APIC 0x14 -> Node 0
[    0.009597] SRAT: PXM 1 -> APIC 0x54 -> Node 1
[    0.009598] SRAT: PXM 0 -> APIC 0x20 -> Node 0
[    0.009599] SRAT: PXM 1 -> APIC 0x60 -> Node 1
[    0.009600] SRAT: PXM 0 -> APIC 0x28 -> Node 0
[    0.009601] SRAT: PXM 1 -> APIC 0x68 -> Node 1
[    0.009602] SRAT: PXM 0 -> APIC 0x22 -> Node 0
[    0.009603] SRAT: PXM 1 -> APIC 0x62 -> Node 1
[    0.009604] SRAT: PXM 0 -> APIC 0x26 -> Node 0
[    0.009605] SRAT: PXM 1 -> APIC 0x66 -> Node 1
[    0.009606] SRAT: PXM 0 -> APIC 0x24 -> Node 0
[    0.009607] SRAT: PXM 1 -> APIC 0x64 -> Node 1
[    0.009608] SRAT: PXM 0 -> APIC 0x38 -> Node 0
[    0.009609] SRAT: PXM 1 -> APIC 0x78 -> Node 1
[    0.009610] SRAT: PXM 0 -> APIC 0x30 -> Node 0
[    0.009611] SRAT: PXM 1 -> APIC 0x70 -> Node 1
[    0.009612] SRAT: PXM 0 -> APIC 0x36 -> Node 0
[    0.009613] SRAT: PXM 1 -> APIC 0x76 -> Node 1
[    0.009614] SRAT: PXM 0 -> APIC 0x32 -> Node 0
[    0.009615] SRAT: PXM 1 -> APIC 0x72 -> Node 1
[    0.009616] SRAT: PXM 0 -> APIC 0x34 -> Node 0
[    0.009617] SRAT: PXM 1 -> APIC 0x74 -> Node 1
[    0.009632] ACPI: SRAT: Node 0 PXM 0 [mem 0x00000000-0x7fffffff]
[    0.009634] ACPI: SRAT: Node 0 PXM 0 [mem 0x100000000-0x407fffffff]
[    0.009636] ACPI: SRAT: Node 1 PXM 1 [mem 0x4080000000-0x807fffffff]
[    0.009644] NUMA: Initialized distance table, cnt=2
[    0.009646] NUMA: Node 0 [mem 0x00000000-0x7fffffff] + [mem 0x100000000-0x407fffffff] -> [mem 0x00000000-0x407fffffff]
[    0.009658] NODE_DATA(0) allocated [mem 0xffffd6000-0xfffffffff]
[    0.009684] NODE_DATA(1) allocated [mem 0x807ffd5000-0x807fffefff]
[    0.010031] Zone ranges:
[    0.010032]   DMA      [mem 0x0000000000001000-0x0000000000ffffff]
[    0.010035]   DMA32    [mem 0x0000000001000000-0x00000000ffffffff]
[    0.010037]   Normal   [mem 0x0000000100000000-0x000000807fffffff]
[    0.010039]   Device   empty
[    0.010040] Movable zone start for each node
[    0.010043] Early memory node ranges
[    0.010044]   node   0: [mem 0x0000000000001000-0x000000000009ffff]
[    0.010046]   node   0: [mem 0x0000000000100000-0x00000000682fefff]
[    0.010047]   node   0: [mem 0x000000006ffff000-0x000000006fffffff]
[    0.010048]   node   0: [mem 0x0000000100000000-0x0000000fffffffff]
[    0.010054]   node   1: [mem 0x0000008000000000-0x000000807fffffff]
[    0.011782] Zeroed struct page in unavailable ranges: 32097 pages
[    0.011783] Initmem setup node 0 [mem 0x0000000000001000-0x0000000fffffffff]
[    0.011786] On node 0 totalpages: 16155295
[    0.011787]   DMA zone: 64 pages used for memmap
[    0.011789]   DMA zone: 1094 pages reserved
[    0.011790]   DMA zone: 3999 pages, LIFO batch:0
[    0.011830]   DMA32 zone: 6604 pages used for memmap
[    0.011832]   DMA32 zone: 422656 pages, LIFO batch:63
[    0.015813]   Normal zone: 245760 pages used for memmap
[    0.015814]   Normal zone: 15728640 pages, LIFO batch:63
[    0.158818] Initmem setup node 1 [mem 0x0000008000000000-0x000000807fffffff]
[    0.158821] On node 1 totalpages: 524288
[    0.158822]   Normal zone: 8192 pages used for memmap
[    0.158823]   Normal zone: 524288 pages, LIFO batch:63
[    0.165004] ACPI: PM-Timer IO Port: 0x508
[    0.165006] ACPI: Local APIC address 0xfee00000
[    0.165029] ACPI: X2APIC_NMI (uid[0xffffffff] high level lint[0x1])
[    0.165033] ACPI: LAPIC_NMI (acpi_id[0xff] high level lint[0x1])
[    0.165054] IOAPIC[0]: apic_id 8, version 32, address 0xfec00000, GSI 0-23
[    0.165059] IOAPIC[1]: apic_id 9, version 32, address 0xfec01000, GSI 24-31
[    0.165063] IOAPIC[2]: apic_id 10, version 32, address 0xfec08000, GSI 32-39
[    0.165068] IOAPIC[3]: apic_id 11, version 32, address 0xfec10000, GSI 40-47
[    0.165073] IOAPIC[4]: apic_id 12, version 32, address 0xfec18000, GSI 48-55
[    0.165078] IOAPIC[5]: apic_id 15, version 32, address 0xfec20000, GSI 72-79
[    0.165083] IOAPIC[6]: apic_id 16, version 32, address 0xfec28000, GSI 80-87
[    0.165087] IOAPIC[7]: apic_id 17, version 32, address 0xfec30000, GSI 88-95
[    0.165092] IOAPIC[8]: apic_id 18, version 32, address 0xfec38000, GSI 96-103
[    0.165098] ACPI: INT_SRC_OVR (bus 0 bus_irq 0 global_irq 2 dfl dfl)
[    0.165101] ACPI: INT_SRC_OVR (bus 0 bus_irq 9 global_irq 9 high level)
[    0.165104] ACPI: IRQ0 used by override.
[    0.165106] ACPI: IRQ9 used by override.
[    0.165111] Using ACPI (MADT) for SMP configuration information
[    0.165113] ACPI: HPET id: 0x8086a701 base: 0xfed00000
[    0.165116] TSC deadline timer available
[    0.165117] smpboot: Allowing 40 CPUs, 0 hotplug CPUs
[    0.165135] PM: hibernation: Registered nosave memory: [mem 0x00000000-0x00000fff]
[    0.165137] PM: hibernation: Registered nosave memory: [mem 0x000a0000-0x000fffff]
[    0.165139] PM: hibernation: Registered nosave memory: [mem 0x4bd66000-0x4bd66fff]
[    0.165141] PM: hibernation: Registered nosave memory: [mem 0x4bd6c000-0x4bd6cfff]
[    0.165143] PM: hibernation: Registered nosave memory: [mem 0x4bd6d000-0x4bd6dfff]
[    0.165145] PM: hibernation: Registered nosave memory: [mem 0x4bd77000-0x4bd77fff]
[    0.165146] PM: hibernation: Registered nosave memory: [mem 0x4bd78000-0x4bd78fff]
[    0.165147] PM: hibernation: Registered nosave memory: [mem 0x4bdd4000-0x4bdd4fff]
[    0.165148] PM: hibernation: Registered nosave memory: [mem 0x4bdd5000-0x4bdd5fff]
[    0.165150] PM: hibernation: Registered nosave memory: [mem 0x4be31000-0x4be31fff]
[    0.165152] PM: hibernation: Registered nosave memory: [mem 0x4be32000-0x4be32fff]
[    0.165153] PM: hibernation: Registered nosave memory: [mem 0x4be91000-0x4be91fff]
[    0.165155] PM: hibernation: Registered nosave memory: [mem 0x4be92000-0x4be92fff]
[    0.165157] PM: hibernation: Registered nosave memory: [mem 0x4bef1000-0x4bef1fff]
[    0.165157] PM: hibernation: Registered nosave memory: [mem 0x4bef2000-0x4bef2fff]
[    0.165160] PM: hibernation: Registered nosave memory: [mem 0x4bf0a000-0x4bf0afff]
[    0.165161] PM: hibernation: Registered nosave memory: [mem 0x4bf0b000-0x4bf0bfff]
[    0.165162] PM: hibernation: Registered nosave memory: [mem 0x4bf13000-0x4bf13fff]
[    0.165164] PM: hibernation: Registered nosave memory: [mem 0x682ff000-0x6ebfefff]
[    0.165165] PM: hibernation: Registered nosave memory: [mem 0x6ebff000-0x6f9fefff]
[    0.165167] PM: hibernation: Registered nosave memory: [mem 0x6f9ff000-0x6fffefff]
[    0.165168] PM: hibernation: Registered nosave memory: [mem 0x70000000-0x8fffffff]
[    0.165169] PM: hibernation: Registered nosave memory: [mem 0x90000000-0xfdffffff]
[    0.165171] PM: hibernation: Registered nosave memory: [mem 0xfe000000-0xfe010fff]
[    0.165172] PM: hibernation: Registered nosave memory: [mem 0xfe011000-0xffffffff]
[    0.165174] PM: hibernation: Registered nosave memory: [mem 0x1000000000-0x7fffffffff]
[    0.165176] [mem 0x90000000-0xfdffffff] available for PCI devices
[    0.165177] Booting paravirtualized kernel on bare hardware
[    0.165180] clocksource: refined-jiffies: mask: 0xffffffff max_cycles: 0xffffffff, max_idle_ns: 7645519600211568 ns
[    0.165188] setup_percpu: NR_CPUS:8192 nr_cpumask_bits:40 nr_cpu_ids:40 nr_node_ids:2
[    0.168060] percpu: Embedded 56 pages/cpu s192512 r8192 d28672 u262144
[    0.168070] pcpu-alloc: s192512 r8192 d28672 u262144 alloc=1*2097152
[    0.168073] pcpu-alloc: [0] 00 02 04 06 08 10 12 14 [0] 16 18 20 22 24 26 28 30 
[    0.168085] pcpu-alloc: [0] 32 34 36 38 -- -- -- -- [1] 01 03 05 07 09 11 13 15 
[    0.168098] pcpu-alloc: [1] 17 19 21 23 25 27 29 31 [1] 33 35 37 39 -- -- -- -- 
[    0.168146] Built 2 zonelists, mobility grouping on.  Total pages: 16417869
[    0.168148] Policy zone: Normal
[    0.168149] Kernel command line: BOOT_IMAGE=/boot/vmlinuz-5.11.0.vanilla-f2fs root=UUID=0fe244cb-556c-49fd-bc46-148ab2afc428 ro memmap=448G$64G intremap=off isolcpus=37,39 quiet splash vt.handoff=7
[    0.168308] printk: log_buf_len individual max cpu contribution: 4096 bytes
[    0.168309] printk: log_buf_len total cpu_extra contributions: 159744 bytes
[    0.168311] printk: log_buf_len min size: 262144 bytes
[    0.169123] printk: log_buf_len: 524288 bytes
[    0.169124] printk: early log buf free: 230128(87%)
[    0.169498] mem auto-init: stack:off, heap alloc:on, heap free:off
[    0.341746] Memory: 65383884K/66718332K available (16393K kernel code, 4308K rwdata, 10284K rodata, 2804K init, 5032K bss, 1334188K reserved, 0K cma-reserved)
[    0.341752] random: get_random_u64 called from __kmem_cache_create+0x31/0x460 with crng_init=1
[    0.342204] SLUB: HWalign=64, Order=0-3, MinObjects=0, CPUs=40, Nodes=2
[    0.342227] ftrace: allocating 48076 entries in 188 pages
[    0.360248] ftrace: allocated 188 pages with 5 groups
[    0.360955] rcu: Hierarchical RCU implementation.
[    0.360956] rcu: 	RCU restricting CPUs from NR_CPUS=8192 to nr_cpu_ids=40.
[    0.360958] 	Rude variant of Tasks RCU enabled.
[    0.360959] 	Tracing variant of Tasks RCU enabled.
[    0.360960] rcu: RCU calculated value of scheduler-enlistment delay is 25 jiffies.
[    0.360961] rcu: Adjusting geometry for rcu_fanout_leaf=16, nr_cpu_ids=40
[    0.364944] NR_IRQS: 524544, nr_irqs: 2104, preallocated irqs: 16
[    0.365274] random: crng done (trusting CPU's manufacturer)
[    0.365373] Console: colour dummy device 80x25
[    0.365410] printk: console [tty0] enabled
[    0.365510] mempolicy: Enabling automatic NUMA balancing. Configure with numa_balancing= or the kernel.numa_balancing sysctl
[    0.365513] ACPI: Core revision 20201113
[    0.368590] clocksource: hpet: mask: 0xffffffff max_cycles: 0xffffffff, max_idle_ns: 79635855245 ns
[    0.368636] APIC: Switch to symmetric I/O mode setup
[    0.368849] x2apic: IRQ remapping doesn't support X2APIC mode
[    0.368956] Switched APIC routing to physical flat.
[    0.369883] ..TIMER: vector=0x30 apic1=0 pin1=2 apic2=-1 pin2=-1
[    0.388573] clocksource: tsc-early: mask: 0xffffffffffffffff max_cycles: 0x1e4530a99b6, max_idle_ns: 440795257976 ns
[    0.388579] Calibrating delay loop (skipped), value calculated using timer frequency.. 4200.00 BogoMIPS (lpj=8400000)
[    0.388582] pid_max: default: 40960 minimum: 320
[    0.392224] LSM: Security Framework initializing
[    0.392237] Yama: becoming mindful.
[    0.392273] AppArmor: AppArmor initialized
[    0.404054] Dentry cache hash table entries: 8388608 (order: 14, 67108864 bytes, vmalloc)
[    0.409819] Inode-cache hash table entries: 4194304 (order: 13, 33554432 bytes, vmalloc)
[    0.410057] Mount-cache hash table entries: 131072 (order: 8, 1048576 bytes, vmalloc)
[    0.410240] Mountpoint-cache hash table entries: 131072 (order: 8, 1048576 bytes, vmalloc)
[    0.410816] mce: CPU0: Thermal monitoring enabled (TM1)
[    0.410846] process: using mwait in idle threads
[    0.410849] Last level iTLB entries: 4KB 128, 2MB 8, 4MB 8
[    0.410850] Last level dTLB entries: 4KB 64, 2MB 0, 4MB 0, 1GB 4
[    0.410855] Spectre V1 : Mitigation: usercopy/swapgs barriers and __user pointer sanitization
[    0.410857] Spectre V2 : Mitigation: Enhanced IBRS
[    0.410858] Spectre V2 : Spectre v2 / SpectreRSB mitigation: Filling RSB on context switch
[    0.410859] Spectre V2 : mitigation: Enabling conditional Indirect Branch Prediction Barrier
[    0.410861] Speculative Store Bypass: Mitigation: Speculative Store Bypass disabled via prctl and seccomp
[    0.410862] TAA: Mitigation: TSX disabled
[    0.411129] Freeing SMP alternatives memory: 40K
[    0.416720] smpboot: Estimated ratio of average max frequency by base frequency (times 1024): 1804
[    0.416732] smpboot: CPU0: Intel(R) Xeon(R) Gold 6230 CPU @ 2.10GHz (family: 0x6, model: 0x55, stepping: 0x7)
[    0.416957] Performance Events: PEBS fmt3+, Skylake events, 32-deep LBR, full-width counters, Intel PMU driver.
[    0.416979] ... version:                4
[    0.416980] ... bit width:              48
[    0.416981] ... generic registers:      8
[    0.416981] ... value mask:             0000ffffffffffff
[    0.416983] ... max period:             00007fffffffffff
[    0.416984] ... fixed-purpose events:   3
[    0.416984] ... event mask:             00000007000000ff
[    0.417103] rcu: Hierarchical SRCU implementation.
[    0.420318] NMI watchdog: Enabled. Permanently consumes one hw-PMU counter.
[    0.420848] smp: Bringing up secondary CPUs ...
[    0.421032] x86: Booting SMP configuration:
[    0.421034] .... node  #1, CPUs:        #1
[    0.003347] smpboot: CPU 1 Converting physical 0 to logical die 1

[    0.516720] .... node  #0, CPUs:    #2
[    0.523788] .... node  #1, CPUs:    #3
[    0.531959] .... node  #0, CPUs:    #4
[    0.538943] .... node  #1, CPUs:    #5
[    0.547010] .... node  #0, CPUs:    #6
[    0.554031] .... node  #1, CPUs:    #7
[    0.561859] .... node  #0, CPUs:    #8
[    0.568779] .... node  #1, CPUs:    #9
[    0.576728] .... node  #0, CPUs:   #10
[    0.583776] .... node  #1, CPUs:   #11
[    0.591897] .... node  #0, CPUs:   #12
[    0.599103] .... node  #1, CPUs:   #13
[    0.607187] .... node  #0, CPUs:   #14
[    0.614174] .... node  #1, CPUs:   #15
[    0.622167] .... node  #0, CPUs:   #16
[    0.629351] .... node  #1, CPUs:   #17
[    0.637274] .... node  #0, CPUs:   #18
[    0.644155] .... node  #1, CPUs:   #19
[    0.652080] .... node  #0, CPUs:   #20
[    0.659213] .... node  #1, CPUs:   #21
[    0.667410] .... node  #0, CPUs:   #22
[    0.674593] .... node  #1, CPUs:   #23
[    0.682745] .... node  #0, CPUs:   #24
[    0.689763] .... node  #1, CPUs:   #25
[    0.697697] .... node  #0, CPUs:   #26
[    0.704786] .... node  #1, CPUs:   #27
[    0.712718] .... node  #0, CPUs:   #28
[    0.719725] .... node  #1, CPUs:   #29
[    0.727814] .... node  #0, CPUs:   #30
[    0.735022] .... node  #1, CPUs:   #31
[    0.743237] .... node  #0, CPUs:   #32
[    0.750325] .... node  #1, CPUs:   #33
[    0.758416] .... node  #0, CPUs:   #34
[    0.765511] .... node  #1, CPUs:   #35
[    0.773651] .... node  #0, CPUs:   #36
[    0.780781] .... node  #1, CPUs:   #37
[    0.788726] .... node  #0, CPUs:   #38
[    0.795384] .... node  #1, CPUs:   #39
[    0.803277] smp: Brought up 2 nodes, 40 CPUs
[    0.803277] smpboot: Max logical packages: 2
[    0.803277] smpboot: Total of 40 processors activated (168029.95 BogoMIPS)
[    0.808312] devtmpfs: initialized
[    0.808312] x86/mm: Memory block size: 2048MB
[    0.808857] PM: Registering ACPI NVS region [mem 0x6ebff000-0x6f9fefff] (14680064 bytes)
[    0.808897] clocksource: jiffies: mask: 0xffffffff max_cycles: 0xffffffff, max_idle_ns: 7645041785100000 ns
[    0.809229] futex hash table entries: 16384 (order: 8, 1048576 bytes, vmalloc)
[    0.809410] pinctrl core: initialized pinctrl subsystem
[    0.809544] PM: RTC time: 07:12:06, date: 2024-09-02
[    0.809755] NET: Registered protocol family 16
[    0.810652] DMA: preallocated 4096 KiB GFP_KERNEL pool for atomic allocations
[    0.811465] DMA: preallocated 4096 KiB GFP_KERNEL|GFP_DMA pool for atomic allocations
[    0.812639] DMA: preallocated 4096 KiB GFP_KERNEL|GFP_DMA32 pool for atomic allocations
[    0.812646] audit: initializing netlink subsys (disabled)
[    0.812652] audit: type=2000 audit(1725261126.448:1): state=initialized audit_enabled=0 res=1
[    0.812729] thermal_sys: Registered thermal governor 'fair_share'
[    0.812730] thermal_sys: Registered thermal governor 'bang_bang'
[    0.812731] thermal_sys: Registered thermal governor 'step_wise'
[    0.812733] thermal_sys: Registered thermal governor 'user_space'
[    0.812734] thermal_sys: Registered thermal governor 'power_allocator'
[    0.812739] EISA bus registered
[    0.812754] cpuidle: using governor ladder
[    0.812754] cpuidle: using governor menu
[    0.812754] Detected 1 PCC Subspaces
[    0.812754] Registering PCC driver as Mailbox controller
[    0.812754] ACPI FADT declares the system doesn't support PCIe ASPM, so disable it
[    0.812754] ACPI: bus type PCI registered
[    0.812754] acpiphp: ACPI Hot Plug PCI Controller Driver version: 0.5
[    0.812754] PCI: MMCONFIG for domain 0000 [bus 00-ff] at [mem 0x80000000-0x8fffffff] (base 0x80000000)
[    0.812754] PCI: MMCONFIG at [mem 0x80000000-0x8fffffff] reserved in E820
[    0.812754] pmd_set_huge: Cannot satisfy [mem 0x80000000-0x80200000] with a huge-page mapping due to MTRR override.
[    0.813035] PCI: Using configuration type 1 for base access
[    0.813046] PCI: Dell System detected, enabling pci=bfsort.
[    0.814088] ENERGY_PERF_BIAS: Set to 'normal', was 'performance'
[    0.816729] HugeTLB registered 1.00 GiB page size, pre-allocated 0 pages
[    0.816729] HugeTLB registered 2.00 MiB page size, pre-allocated 0 pages
[    0.816729] fbcon: Taking over console
[    0.816729] ACPI: Added _OSI(Module Device)
[    0.816729] ACPI: Added _OSI(Processor Device)
[    0.816729] ACPI: Added _OSI(3.0 _SCP Extensions)
[    0.816729] ACPI: Added _OSI(Processor Aggregator Device)
[    0.816729] ACPI: Added _OSI(Linux-Dell-Video)
[    0.816729] ACPI: Added _OSI(Linux-Lenovo-NV-HDMI-Audio)
[    0.816729] ACPI: Added _OSI(Linux-HPI-Hybrid-Graphics)
[    0.926631] ACPI: 5 ACPI AML tables successfully acquired and loaded
[    0.935710] ACPI: [Firmware Bug]: BIOS _OSI(Linux) query ignored
[    0.942889] ACPI: Dynamic OEM Table Load:
[    1.140849] ACPI: Interpreter enabled
[    1.140872] ACPI: (supports S0 S5)
[    1.140873] ACPI: Using IOAPIC for interrupt routing
[    1.140988] HEST: Table parsing has been initialized.
[    1.140991] PCI: Using host bridge windows from ACPI; if necessary, use "pci=nocrs" and report a bug
[    1.157738] ACPI: Enabled 5 GPEs in block 00 to 7F
[    1.235795] ACPI: PCI Root Bridge [PC00] (domain 0000 [bus 00-16])
[    1.235803] acpi PNP0A08:00: _OSC: OS supports [ExtendedConfig ASPM ClockPM Segments MSI EDR HPX-Type3]
[    1.235924] acpi PNP0A08:00: _OSC: platform does not support [SHPCHotplug AER LTR DPC]
[    1.236036] acpi PNP0A08:00: _OSC: OS now controls [PCIeHotplug PME PCIeCapability]
[    1.236037] acpi PNP0A08:00: FADT indicates ASPM is unsupported, using BIOS configuration
[    1.237997] PCI host bridge to bus 0000:00
[    1.237999] pci_bus 0000:00: root bus resource [io  0x0000-0x0cf7 window]
[    1.238001] pci_bus 0000:00: root bus resource [io  0x1000-0x3fff window]
[    1.238002] pci_bus 0000:00: root bus resource [mem 0x000a0000-0x000bffff window]
[    1.238004] pci_bus 0000:00: root bus resource [mem 0x000c4000-0x000c7fff window]
[    1.238005] pci_bus 0000:00: root bus resource [mem 0xfe010000-0xfe010fff window]
[    1.238007] pci_bus 0000:00: root bus resource [mem 0x90000000-0x9d7fffff window]
[    1.238008] pci_bus 0000:00: root bus resource [mem 0x380000000000-0x383fffffffff window]
[    1.238010] pci_bus 0000:00: root bus resource [bus 00-16]
[    1.238027] pci 0000:00:00.0: [8086:2020] type 00 class 0x060000
[    1.238894] pci 0000:00:05.0: [8086:2024] type 00 class 0x088000
[    1.239731] pci 0000:00:05.2: [8086:2025] type 00 class 0x088000
[    1.240551] pci 0000:00:05.4: [8086:2026] type 00 class 0x080020
[    1.240568] pci 0000:00:05.4: reg 0x10: [mem 0x92f20000-0x92f20fff]
[    1.241401] pci 0000:00:08.0: [8086:2014] type 00 class 0x088000
[    1.242217] pci 0000:00:08.1: [8086:2015] type 00 class 0x110100
[    1.243011] pci 0000:00:08.2: [8086:2016] type 00 class 0x088000
[    1.243841] pci 0000:00:11.0: [8086:a1ec] type 00 class 0xff0000
[    1.243844] pci 0000:00:11.0: device has non-compliant BARs; disabling IO/MEM decoding
[    1.244676] pci 0000:00:11.5: [8086:a1d2] type 00 class 0x010601
[    1.244698] pci 0000:00:11.5: reg 0x10: [mem 0x92f16000-0x92f17fff]
[    1.244712] pci 0000:00:11.5: reg 0x14: [mem 0x92f1f000-0x92f1f0ff]
[    1.244726] pci 0000:00:11.5: reg 0x18: [io  0x2068-0x206f]
[    1.244739] pci 0000:00:11.5: reg 0x1c: [io  0x2074-0x2077]
[    1.244753] pci 0000:00:11.5: reg 0x20: [io  0x2040-0x205f]
[    1.244766] pci 0000:00:11.5: reg 0x24: [mem 0x92e80000-0x92efffff]
[    1.244808] pci 0000:00:11.5: PME# supported from D3hot
[    1.245665] pci 0000:00:14.0: [8086:a1af] type 00 class 0x0c0330
[    1.245695] pci 0000:00:14.0: reg 0x10: [mem 0x92f00000-0x92f0ffff 64bit]
[    1.245786] pci 0000:00:14.0: PME# supported from D3hot D3cold
[    1.246650] pci 0000:00:14.2: [8086:a1b1] type 00 class 0x118000
[    1.246679] pci 0000:00:14.2: reg 0x10: [mem 0x92f1c000-0x92f1cfff 64bit]
[    1.247557] pci 0000:00:16.0: [8086:a1ba] type 00 class 0x078000
[    1.247592] pci 0000:00:16.0: reg 0x10: [mem 0x92f1b000-0x92f1bfff 64bit]
[    1.247702] pci 0000:00:16.0: PME# supported from D3hot
[    1.248493] pci 0000:00:16.1: [8086:a1bb] type 00 class 0x078000
[    1.248527] pci 0000:00:16.1: reg 0x10: [mem 0x92f1a000-0x92f1afff 64bit]
[    1.248635] pci 0000:00:16.1: PME# supported from D3hot
[    1.249442] pci 0000:00:16.4: [8086:a1be] type 00 class 0x078000
[    1.249478] pci 0000:00:16.4: reg 0x10: [mem 0x92f19000-0x92f19fff 64bit]
[    1.249581] pci 0000:00:16.4: PME# supported from D3hot
[    1.250372] pci 0000:00:17.0: [8086:a182] type 00 class 0x010601
[    1.250394] pci 0000:00:17.0: reg 0x10: [mem 0x92f14000-0x92f15fff]
[    1.250407] pci 0000:00:17.0: reg 0x14: [mem 0x92f1e000-0x92f1e0ff]
[    1.250421] pci 0000:00:17.0: reg 0x18: [io  0x2060-0x2067]
[    1.250434] pci 0000:00:17.0: reg 0x1c: [io  0x2070-0x2073]
[    1.250448] pci 0000:00:17.0: reg 0x20: [io  0x2020-0x203f]
[    1.250461] pci 0000:00:17.0: reg 0x24: [mem 0x92e00000-0x92e7ffff]
[    1.250502] pci 0000:00:17.0: PME# supported from D3hot
[    1.251353] pci 0000:00:1c.0: [8086:a190] type 01 class 0x060400
[    1.252170] pci 0000:00:1c.0: PME# supported from D0 D3hot D3cold
[    1.252421] pci 0000:00:1c.4: [8086:a194] type 01 class 0x060400
[    1.252509] pci 0000:00:1c.4: PME# supported from D0 D3hot D3cold
[    1.253491] pci 0000:00:1f.0: [8086:a1c1] type 00 class 0x060100
[    1.254478] pci 0000:00:1f.2: [8086:a1a1] type 00 class 0x058000
[    1.254502] pci 0000:00:1f.2: reg 0x10: [mem 0x92f10000-0x92f13fff]
[    1.255422] pci 0000:00:1f.4: [8086:a1a3] type 00 class 0x0c0500
[    1.255453] pci 0000:00:1f.4: reg 0x10: [mem 0x92f18000-0x92f180ff 64bit]
[    1.255494] pci 0000:00:1f.4: reg 0x20: [io  0x2000-0x201f]
[    1.256300] pci 0000:00:1f.5: [8086:a1a4] type 00 class 0x0c8000
[    1.256325] pci 0000:00:1f.5: reg 0x10: [mem 0xfe010000-0xfe010fff]
[    1.257236] pci 0000:00:1c.0: PCI bridge to [bus 01]
[    1.257241] pci 0000:00:1c.0:   bridge window [mem 0x92a00000-0x92dfffff]
[    1.257301] pci 0000:02:00.0: [1556:be00] type 01 class 0x060400
[    1.268591] pci 0000:00:1c.4: PCI bridge to [bus 02-03]
[    1.268595] pci 0000:00:1c.4:   bridge window [mem 0x92000000-0x928fffff]
[    1.268599] pci 0000:00:1c.4:   bridge window [mem 0x91000000-0x91ffffff 64bit pref]
[    1.268631] pci_bus 0000:03: extended config space not accessible
[    1.268651] pci 0000:03:00.0: [102b:0536] type 00 class 0x030000
[    1.268680] pci 0000:03:00.0: reg 0x10: [mem 0x91000000-0x91ffffff pref]
[    1.268697] pci 0000:03:00.0: reg 0x14: [mem 0x92808000-0x9280bfff]
[    1.268714] pci 0000:03:00.0: reg 0x18: [mem 0x92000000-0x927fffff]
[    1.268787] pci 0000:03:00.0: BAR 0: assigned to efifb
[    1.268882] pci 0000:02:00.0: PCI bridge to [bus 03]
[    1.268890] pci 0000:02:00.0:   bridge window [mem 0x92000000-0x928fffff]
[    1.268896] pci 0000:02:00.0:   bridge window [mem 0x91000000-0x91ffffff 64bit pref]
[    1.268924] pci_bus 0000:00: on NUMA node 0
[    1.269316] ACPI: PCI Interrupt Link [LNKA] (IRQs 3 4 5 6 10 *11 12 14 15)
[    1.269420] ACPI: PCI Interrupt Link [LNKB] (IRQs 3 4 5 *6 10 11 12 14 15)
[    1.269525] ACPI: PCI Interrupt Link [LNKC] (IRQs 3 4 *5 6 10 11 12 14 15)
[    1.269627] ACPI: PCI Interrupt Link [LNKD] (IRQs 3 4 5 6 10 *11 12 14 15)
[    1.269728] ACPI: PCI Interrupt Link [LNKE] (IRQs 3 4 5 6 10 *11 12 14 15)
[    1.269828] ACPI: PCI Interrupt Link [LNKF] (IRQs 3 4 5 *6 10 11 12 14 15)
[    1.269929] ACPI: PCI Interrupt Link [LNKG] (IRQs 3 4 *5 6 10 11 12 14 15)
[    1.270032] ACPI: PCI Interrupt Link [LNKH] (IRQs 3 4 5 6 10 *11 12 14 15)
[    1.270475] ACPI: PCI Root Bridge [PC01] (domain 0000 [bus 17-39])
[    1.270479] acpi PNP0A08:01: _OSC: OS supports [ExtendedConfig ASPM ClockPM Segments MSI EDR HPX-Type3]
[    1.270651] acpi PNP0A08:01: _OSC: platform does not support [SHPCHotplug AER LTR DPC]
[    1.270835] acpi PNP0A08:01: _OSC: OS now controls [PCIeHotplug PME PCIeCapability]
[    1.270837] acpi PNP0A08:01: FADT indicates ASPM is unsupported, using BIOS configuration
[    1.271069] PCI host bridge to bus 0000:17
[    1.271071] pci_bus 0000:17: root bus resource [io  0x4000-0x5fff window]
[    1.271073] pci_bus 0000:17: root bus resource [mem 0x9d800000-0xaaffffff window]
[    1.271074] pci_bus 0000:17: root bus resource [mem 0x384000000000-0x387fffffffff window]
[    1.271076] pci_bus 0000:17: root bus resource [bus 17-39]
[    1.271091] pci 0000:17:00.0: [8086:2030] type 01 class 0x060400
[    1.271166] pci 0000:17:00.0: PME# supported from D0 D3hot D3cold
[    1.271413] pci 0000:17:02.0: [8086:2032] type 01 class 0x060400
[    1.271458] pci 0000:17:02.0: enabling Extended Tags
[    1.271491] pci 0000:17:02.0: PME# supported from D0 D3hot D3cold
[    1.271599] pci 0000:17:03.0: [8086:2033] type 01 class 0x060400
[    1.271643] pci 0000:17:03.0: enabling Extended Tags
[    1.271675] pci 0000:17:03.0: PME# supported from D0 D3hot D3cold
[    1.271772] pci 0000:17:05.0: [8086:2034] type 00 class 0x088000
[    1.271895] pci 0000:17:05.2: [8086:2035] type 00 class 0x088000
[    1.272008] pci 0000:17:05.4: [8086:2036] type 00 class 0x080020
[    1.272024] pci 0000:17:05.4: reg 0x10: [mem 0x9e500000-0x9e500fff]
[    1.272152] pci 0000:17:08.0: [8086:208d] type 00 class 0x088000
[    1.272254] pci 0000:17:08.1: [8086:208d] type 00 class 0x088000
[    1.272342] pci 0000:17:08.2: [8086:208d] type 00 class 0x088000
[    1.272444] pci 0000:17:08.3: [8086:208d] type 00 class 0x088000
[    1.272531] pci 0000:17:08.4: [8086:208d] type 00 class 0x088000
[    1.272619] pci 0000:17:08.5: [8086:208d] type 00 class 0x088000
[    1.272706] pci 0000:17:08.6: [8086:208d] type 00 class 0x088000
[    1.272793] pci 0000:17:08.7: [8086:208d] type 00 class 0x088000
[    1.272879] pci 0000:17:09.0: [8086:208d] type 00 class 0x088000
[    1.272979] pci 0000:17:09.1: [8086:208d] type 00 class 0x088000
[    1.273066] pci 0000:17:09.2: [8086:208d] type 00 class 0x088000
[    1.273160] pci 0000:17:09.3: [8086:208d] type 00 class 0x088000
[    1.273247] pci 0000:17:09.4: [8086:208d] type 00 class 0x088000
[    1.273333] pci 0000:17:09.5: [8086:208d] type 00 class 0x088000
[    1.273420] pci 0000:17:09.6: [8086:208d] type 00 class 0x088000
[    1.273507] pci 0000:17:09.7: [8086:208d] type 00 class 0x088000
[    1.273595] pci 0000:17:0a.0: [8086:208d] type 00 class 0x088000
[    1.273694] pci 0000:17:0a.1: [8086:208d] type 00 class 0x088000
[    1.273784] pci 0000:17:0a.2: [8086:208d] type 00 class 0x088000
[    1.273878] pci 0000:17:0a.3: [8086:208d] type 00 class 0x088000
[    1.273965] pci 0000:17:0a.4: [8086:208d] type 00 class 0x088000
[    1.274051] pci 0000:17:0a.5: [8086:208d] type 00 class 0x088000
[    1.274138] pci 0000:17:0a.6: [8086:208d] type 00 class 0x088000
[    1.274224] pci 0000:17:0a.7: [8086:208d] type 00 class 0x088000
[    1.274312] pci 0000:17:0b.0: [8086:208d] type 00 class 0x088000
[    1.274416] pci 0000:17:0b.1: [8086:208d] type 00 class 0x088000
[    1.274504] pci 0000:17:0b.2: [8086:208d] type 00 class 0x088000
[    1.274597] pci 0000:17:0b.3: [8086:208d] type 00 class 0x088000
[    1.274688] pci 0000:17:0e.0: [8086:208e] type 00 class 0x088000
[    1.274786] pci 0000:17:0e.1: [8086:208e] type 00 class 0x088000
[    1.274873] pci 0000:17:0e.2: [8086:208e] type 00 class 0x088000
[    1.274959] pci 0000:17:0e.3: [8086:208e] type 00 class 0x088000
[    1.275045] pci 0000:17:0e.4: [8086:208e] type 00 class 0x088000
[    1.275131] pci 0000:17:0e.5: [8086:208e] type 00 class 0x088000
[    1.275219] pci 0000:17:0e.6: [8086:208e] type 00 class 0x088000
[    1.275311] pci 0000:17:0e.7: [8086:208e] type 00 class 0x088000
[    1.275400] pci 0000:17:0f.0: [8086:208e] type 00 class 0x088000
[    1.275499] pci 0000:17:0f.1: [8086:208e] type 00 class 0x088000
[    1.275586] pci 0000:17:0f.2: [8086:208e] type 00 class 0x088000
[    1.275672] pci 0000:17:0f.3: [8086:208e] type 00 class 0x088000
[    1.275759] pci 0000:17:0f.4: [8086:208e] type 00 class 0x088000
[    1.275851] pci 0000:17:0f.5: [8086:208e] type 00 class 0x088000
[    1.275939] pci 0000:17:0f.6: [8086:208e] type 00 class 0x088000
[    1.276033] pci 0000:17:0f.7: [8086:208e] type 00 class 0x088000
[    1.276121] pci 0000:17:10.0: [8086:208e] type 00 class 0x088000
[    1.276221] pci 0000:17:10.1: [8086:208e] type 00 class 0x088000
[    1.276310] pci 0000:17:10.2: [8086:208e] type 00 class 0x088000
[    1.276398] pci 0000:17:10.3: [8086:208e] type 00 class 0x088000
[    1.276485] pci 0000:17:10.4: [8086:208e] type 00 class 0x088000
[    1.276573] pci 0000:17:10.5: [8086:208e] type 00 class 0x088000
[    1.276660] pci 0000:17:10.6: [8086:208e] type 00 class 0x088000
[    1.276753] pci 0000:17:10.7: [8086:208e] type 00 class 0x088000
[    1.276841] pci 0000:17:11.0: [8086:208e] type 00 class 0x088000
[    1.276944] pci 0000:17:11.1: [8086:208e] type 00 class 0x088000
[    1.277031] pci 0000:17:11.2: [8086:208e] type 00 class 0x088000
[    1.277118] pci 0000:17:11.3: [8086:208e] type 00 class 0x088000
[    1.277216] pci 0000:17:1d.0: [8086:2054] type 00 class 0x088000
[    1.277319] pci 0000:17:1d.1: [8086:2055] type 00 class 0x088000
[    1.277408] pci 0000:17:1d.2: [8086:2056] type 00 class 0x088000
[    1.277508] pci 0000:17:1d.3: [8086:2057] type 00 class 0x088000
[    1.277600] pci 0000:17:1e.0: [8086:2080] type 00 class 0x088000
[    1.277699] pci 0000:17:1e.1: [8086:2081] type 00 class 0x088000
[    1.277789] pci 0000:17:1e.2: [8086:2082] type 00 class 0x088000
[    1.277908] pci 0000:17:1e.3: [8086:2083] type 00 class 0x088000
[    1.277997] pci 0000:17:1e.4: [8086:2084] type 00 class 0x088000
[    1.278085] pci 0000:17:1e.5: [8086:2085] type 00 class 0x088000
[    1.278172] pci 0000:17:1e.6: [8086:2086] type 00 class 0x088000
[    1.278307] pci 0000:18:00.0: [1000:005d] type 00 class 0x010400
[    1.278326] pci 0000:18:00.0: reg 0x10: [io  0x4000-0x40ff]
[    1.278343] pci 0000:18:00.0: reg 0x14: [mem 0x9e400000-0x9e40ffff 64bit]
[    1.278360] pci 0000:18:00.0: reg 0x1c: [mem 0x9e300000-0x9e3fffff 64bit]
[    1.278382] pci 0000:18:00.0: reg 0x30: [mem 0xfff00000-0xffffffff pref]
[    1.278420] pci 0000:18:00.0: supports D1 D2
[    1.278472] pci 0000:17:00.0: PCI bridge to [bus 18]
[    1.278474] pci 0000:17:00.0:   bridge window [io  0x4000-0x4fff]
[    1.278477] pci 0000:17:00.0:   bridge window [mem 0x9e300000-0x9e4fffff]
[    1.278619] pci 0000:19:00.0: [8086:1563] type 00 class 0x020000
[    1.278646] pci 0000:19:00.0: reg 0x10: [mem 0x9dc00000-0x9dffffff 64bit pref]
[    1.278689] pci 0000:19:00.0: reg 0x20: [mem 0x9e004000-0x9e007fff 64bit pref]
[    1.278703] pci 0000:19:00.0: reg 0x30: [mem 0xfff80000-0xffffffff pref]
[    1.278761] pci 0000:19:00.0: PME# supported from D0 D3hot D3cold
[    1.278991] pci 0000:19:00.1: [8086:1563] type 00 class 0x020000
[    1.279018] pci 0000:19:00.1: reg 0x10: [mem 0x9d800000-0x9dbfffff 64bit pref]
[    1.279062] pci 0000:19:00.1: reg 0x20: [mem 0x9e000000-0x9e003fff 64bit pref]
[    1.279075] pci 0000:19:00.1: reg 0x30: [mem 0xfff80000-0xffffffff pref]
[    1.279128] pci 0000:19:00.1: PME# supported from D0 D3hot D3cold
[    1.279323] pci 0000:17:02.0: PCI bridge to [bus 19]
[    1.279328] pci 0000:17:02.0:   bridge window [mem 0x9d800000-0x9e0fffff 64bit pref]
[    1.279387] pci 0000:1a:00.0: [8086:1521] type 00 class 0x020000
[    1.279409] pci 0000:1a:00.0: reg 0x10: [mem 0x9e180000-0x9e1fffff]
[    1.279446] pci 0000:1a:00.0: reg 0x1c: [mem 0x9e204000-0x9e207fff]
[    1.279483] pci 0000:1a:00.0: reg 0x30: [mem 0xfff80000-0xffffffff pref]
[    1.279540] pci 0000:1a:00.0: PME# supported from D0 D3hot D3cold
[    1.279728] pci 0000:1a:00.1: [8086:1521] type 00 class 0x020000
[    1.279750] pci 0000:1a:00.1: reg 0x10: [mem 0x9e100000-0x9e17ffff]
[    1.279787] pci 0000:1a:00.1: reg 0x1c: [mem 0x9e200000-0x9e203fff]
[    1.279824] pci 0000:1a:00.1: reg 0x30: [mem 0xfff80000-0xffffffff pref]
[    1.279878] pci 0000:1a:00.1: PME# supported from D0 D3hot D3cold
[    1.280045] pci 0000:17:03.0: PCI bridge to [bus 1a]
[    1.280049] pci 0000:17:03.0:   bridge window [mem 0x9e100000-0x9e2fffff]
[    1.280081] pci_bus 0000:17: on NUMA node 0
[    1.280241] ACPI: PCI Root Bridge [PC02] (domain 0000 [bus 3a-5c])
[    1.280245] acpi PNP0A08:02: _OSC: OS supports [ExtendedConfig ASPM ClockPM Segments MSI EDR HPX-Type3]
[    1.280405] acpi PNP0A08:02: _OSC: platform does not support [SHPCHotplug AER LTR DPC]
[    1.280566] acpi PNP0A08:02: _OSC: OS now controls [PCIeHotplug PME PCIeCapability]
[    1.280568] acpi PNP0A08:02: FADT indicates ASPM is unsupported, using BIOS configuration
[    1.280761] PCI host bridge to bus 0000:3a
[    1.280762] pci_bus 0000:3a: root bus resource [io  0x6000-0x7fff window]
[    1.280764] pci_bus 0000:3a: root bus resource [mem 0xab000000-0xb87fffff window]
[    1.280766] pci_bus 0000:3a: root bus resource [mem 0x388000000000-0x38bfffffffff window]
[    1.280767] pci_bus 0000:3a: root bus resource [bus 3a-5c]
[    1.280782] pci 0000:3a:00.0: [8086:2030] type 01 class 0x060400
[    1.280856] pci 0000:3a:00.0: PME# supported from D0 D3hot D3cold
[    1.281071] pci 0000:3a:05.0: [8086:2034] type 00 class 0x088000
[    1.281177] pci 0000:3a:05.2: [8086:2035] type 00 class 0x088000
[    1.281286] pci 0000:3a:05.4: [8086:2036] type 00 class 0x080020
[    1.281302] pci 0000:3a:05.4: reg 0x10: [mem 0xab100000-0xab100fff]
[    1.281421] pci 0000:3a:08.0: [8086:2066] type 00 class 0x088000
[    1.281531] pci 0000:3a:09.0: [8086:2066] type 00 class 0x088000
[    1.281637] pci 0000:3a:0a.0: [8086:2040] type 00 class 0x088000
[    1.281744] pci 0000:3a:0a.1: [8086:2041] type 00 class 0x088000
[    1.281836] pci 0000:3a:0a.2: [8086:2042] type 00 class 0x088000
[    1.281929] pci 0000:3a:0a.3: [8086:2043] type 00 class 0x088000
[    1.282021] pci 0000:3a:0a.4: [8086:2044] type 00 class 0x088000
[    1.282119] pci 0000:3a:0a.5: [8086:2045] type 00 class 0x088000
[    1.282211] pci 0000:3a:0a.6: [8086:2046] type 00 class 0x088000
[    1.282303] pci 0000:3a:0a.7: [8086:2047] type 00 class 0x088000
[    1.282394] pci 0000:3a:0b.0: [8086:2048] type 00 class 0x088000
[    1.282497] pci 0000:3a:0b.1: [8086:2049] type 00 class 0x088000
[    1.282589] pci 0000:3a:0b.2: [8086:204a] type 00 class 0x088000
[    1.282681] pci 0000:3a:0b.3: [8086:204b] type 00 class 0x088000
[    1.282774] pci 0000:3a:0c.0: [8086:2040] type 00 class 0x088000
[    1.282888] pci 0000:3a:0c.1: [8086:2041] type 00 class 0x088000
[    1.282984] pci 0000:3a:0c.2: [8086:2042] type 00 class 0x088000
[    1.283078] pci 0000:3a:0c.3: [8086:2043] type 00 class 0x088000
[    1.283172] pci 0000:3a:0c.4: [8086:2044] type 00 class 0x088000
[    1.283265] pci 0000:3a:0c.5: [8086:2045] type 00 class 0x088000
[    1.283358] pci 0000:3a:0c.6: [8086:2046] type 00 class 0x088000
[    1.283452] pci 0000:3a:0c.7: [8086:2047] type 00 class 0x088000
[    1.283545] pci 0000:3a:0d.0: [8086:2048] type 00 class 0x088000
[    1.283656] pci 0000:3a:0d.1: [8086:2049] type 00 class 0x088000
[    1.283751] pci 0000:3a:0d.2: [8086:204a] type 00 class 0x088000
[    1.283846] pci 0000:3a:0d.3: [8086:204b] type 00 class 0x088000
[    1.283987] pci 0000:3b:00.0: [8086:2700] type 00 class 0x010802
[    1.284011] pci 0000:3b:00.0: reg 0x10: [mem 0xab000000-0xab003fff 64bit]
[    1.284063] pci 0000:3b:00.0: reg 0x30: [mem 0xffff0000-0xffffffff pref]
[    1.284452] pci 0000:3a:00.0: PCI bridge to [bus 3b]
[    1.284456] pci 0000:3a:00.0:   bridge window [mem 0xab000000-0xab0fffff]
[    1.284470] pci_bus 0000:3a: on NUMA node 0
[    1.284595] ACPI: PCI Root Bridge [PC03] (domain 0000 [bus 5d-7f])
[    1.284599] acpi PNP0A08:03: _OSC: OS supports [ExtendedConfig ASPM ClockPM Segments MSI EDR HPX-Type3]
[    1.284758] acpi PNP0A08:03: _OSC: platform does not support [SHPCHotplug AER LTR DPC]
[    1.284919] acpi PNP0A08:03: _OSC: OS now controls [PCIeHotplug PME PCIeCapability]
[    1.284921] acpi PNP0A08:03: FADT indicates ASPM is unsupported, using BIOS configuration
[    1.285153] PCI host bridge to bus 0000:5d
[    1.285154] pci_bus 0000:5d: root bus resource [io  0x8000-0x9fff window]
[    1.285156] pci_bus 0000:5d: root bus resource [mem 0xb8800000-0xc5ffffff window]
[    1.285158] pci_bus 0000:5d: root bus resource [mem 0x38c000000000-0x38ffffffffff window]
[    1.285159] pci_bus 0000:5d: root bus resource [bus 5d-7f]
[    1.285171] pci 0000:5d:05.0: [8086:2034] type 00 class 0x088000
[    1.285282] pci 0000:5d:05.2: [8086:2035] type 00 class 0x088000
[    1.285388] pci 0000:5d:05.4: [8086:2036] type 00 class 0x080020
[    1.285405] pci 0000:5d:05.4: reg 0x10: [mem 0xb8800000-0xb8800fff]
[    1.285529] pci 0000:5d:0e.0: [8086:2058] type 00 class 0x110100
[    1.285641] pci 0000:5d:0e.1: [8086:2059] type 00 class 0x088000
[    1.285732] pci 0000:5d:0f.0: [8086:2058] type 00 class 0x110100
[    1.285842] pci 0000:5d:0f.1: [8086:2059] type 00 class 0x088000
[    1.285935] pci 0000:5d:10.0: [8086:2058] type 00 class 0x110100
[    1.286040] pci 0000:5d:10.1: [8086:2059] type 00 class 0x088000
[    1.286139] pci 0000:5d:12.0: [8086:204c] type 00 class 0x110100
[    1.286241] pci 0000:5d:12.1: [8086:204d] type 00 class 0x110100
[    1.286318] pci 0000:5d:12.2: [8086:204e] type 00 class 0x088000
[    1.286403] pci 0000:5d:12.4: [8086:204c] type 00 class 0x110100
[    1.286492] pci 0000:5d:12.5: [8086:204d] type 00 class 0x110100
[    1.286571] pci 0000:5d:15.0: [8086:2018] type 00 class 0x088000
[    1.286660] pci 0000:5d:15.1: [8086:2088] type 00 class 0x110100
[    1.286738] pci 0000:5d:16.0: [8086:2018] type 00 class 0x088000
[    1.286829] pci 0000:5d:16.1: [8086:2088] type 00 class 0x110100
[    1.286906] pci 0000:5d:16.4: [8086:2018] type 00 class 0x088000
[    1.286985] pci 0000:5d:16.5: [8086:2088] type 00 class 0x110100
[    1.287069] pci 0000:5d:17.0: [8086:2018] type 00 class 0x088000
[    1.287158] pci 0000:5d:17.1: [8086:2088] type 00 class 0x110100
[    1.287241] pci_bus 0000:5d: on NUMA node 0
[    1.287478] ACPI: PCI Root Bridge [PC06] (domain 0000 [bus 80-84])
[    1.287482] acpi PNP0A08:06: _OSC: OS supports [ExtendedConfig ASPM ClockPM Segments MSI EDR HPX-Type3]
[    1.287641] acpi PNP0A08:06: _OSC: platform does not support [SHPCHotplug AER LTR DPC]
[    1.287802] acpi PNP0A08:06: _OSC: OS now controls [PCIeHotplug PME PCIeCapability]
[    1.287804] acpi PNP0A08:06: FADT indicates ASPM is unsupported, using BIOS configuration
[    1.287851] acpi PNP0A08:06: host bridge window [io  0x0000 window] (ignored, not CPU addressable)
[    1.287965] PCI host bridge to bus 0000:80
[    1.287966] pci_bus 0000:80: root bus resource [mem 0xc6000000-0xd37fffff window]
[    1.287968] pci_bus 0000:80: root bus resource [mem 0x390000000000-0x393fffffffff window]
[    1.287970] pci_bus 0000:80: root bus resource [bus 80-84]
[    1.287995] pci 0000:80:05.0: [8086:2024] type 00 class 0x088000
[    1.288121] pci 0000:80:05.2: [8086:2025] type 00 class 0x088000
[    1.288231] pci 0000:80:05.4: [8086:2026] type 00 class 0x080020
[    1.288248] pci 0000:80:05.4: reg 0x10: [mem 0xc6000000-0xc6000fff]
[    1.288375] pci 0000:80:08.0: [8086:2014] type 00 class 0x088000
[    1.288481] pci 0000:80:08.1: [8086:2015] type 00 class 0x110100
[    1.288566] pci 0000:80:08.2: [8086:2016] type 00 class 0x088000
[    1.288672] pci_bus 0000:80: on NUMA node 1
[    1.288781] ACPI: PCI Root Bridge [PC07] (domain 0000 [bus 85-ad])
[    1.288785] acpi PNP0A08:07: _OSC: OS supports [ExtendedConfig ASPM ClockPM Segments MSI EDR HPX-Type3]
[    1.288943] acpi PNP0A08:07: _OSC: platform does not support [SHPCHotplug AER LTR DPC]
[    1.289104] acpi PNP0A08:07: _OSC: OS now controls [PCIeHotplug PME PCIeCapability]
[    1.289105] acpi PNP0A08:07: FADT indicates ASPM is unsupported, using BIOS configuration
[    1.289387] PCI host bridge to bus 0000:85
[    1.289388] pci_bus 0000:85: root bus resource [io  0xa000-0xbfff window]
[    1.289390] pci_bus 0000:85: root bus resource [mem 0xd3800000-0xe0ffffff window]
[    1.289392] pci_bus 0000:85: root bus resource [mem 0x394000000000-0x397fffffffff window]
[    1.289393] pci_bus 0000:85: root bus resource [bus 85-ad]
[    1.289410] pci 0000:85:00.0: [8086:2030] type 01 class 0x060400
[    1.289491] pci 0000:85:00.0: PME# supported from D0 D3hot D3cold
[    1.289741] pci 0000:85:05.0: [8086:2034] type 00 class 0x088000
[    1.289860] pci 0000:85:05.2: [8086:2035] type 00 class 0x088000
[    1.289977] pci 0000:85:05.4: [8086:2036] type 00 class 0x080020
[    1.289994] pci 0000:85:05.4: reg 0x10: [mem 0xd3900000-0xd3900fff]
[    1.290127] pci 0000:85:08.0: [8086:208d] type 00 class 0x088000
[    1.290230] pci 0000:85:08.1: [8086:208d] type 00 class 0x088000
[    1.290324] pci 0000:85:08.2: [8086:208d] type 00 class 0x088000
[    1.290413] pci 0000:85:08.3: [8086:208d] type 00 class 0x088000
[    1.290510] pci 0000:85:08.4: [8086:208d] type 00 class 0x088000
[    1.290600] pci 0000:85:08.5: [8086:208d] type 00 class 0x088000
[    1.290690] pci 0000:85:08.6: [8086:208d] type 00 class 0x088000
[    1.290782] pci 0000:85:08.7: [8086:208d] type 00 class 0x088000
[    1.290872] pci 0000:85:09.0: [8086:208d] type 00 class 0x088000
[    1.290976] pci 0000:85:09.1: [8086:208d] type 00 class 0x088000
[    1.291067] pci 0000:85:09.2: [8086:208d] type 00 class 0x088000
[    1.291159] pci 0000:85:09.3: [8086:208d] type 00 class 0x088000
[    1.291255] pci 0000:85:09.4: [8086:208d] type 00 class 0x088000
[    1.291344] pci 0000:85:09.5: [8086:208d] type 00 class 0x088000
[    1.291434] pci 0000:85:09.6: [8086:208d] type 00 class 0x088000
[    1.291529] pci 0000:85:09.7: [8086:208d] type 00 class 0x088000
[    1.291619] pci 0000:85:0a.0: [8086:208d] type 00 class 0x088000
[    1.291723] pci 0000:85:0a.1: [8086:208d] type 00 class 0x088000
[    1.291814] pci 0000:85:0a.2: [8086:208d] type 00 class 0x088000
[    1.291904] pci 0000:85:0a.3: [8086:208d] type 00 class 0x088000
[    1.292001] pci 0000:85:0a.4: [8086:208d] type 00 class 0x088000
[    1.292090] pci 0000:85:0a.5: [8086:208d] type 00 class 0x088000
[    1.292181] pci 0000:85:0a.6: [8086:208d] type 00 class 0x088000
[    1.292271] pci 0000:85:0a.7: [8086:208d] type 00 class 0x088000
[    1.292360] pci 0000:85:0b.0: [8086:208d] type 00 class 0x088000
[    1.292465] pci 0000:85:0b.1: [8086:208d] type 00 class 0x088000
[    1.292555] pci 0000:85:0b.2: [8086:208d] type 00 class 0x088000
[    1.292644] pci 0000:85:0b.3: [8086:208d] type 00 class 0x088000
[    1.292745] pci 0000:85:0e.0: [8086:208e] type 00 class 0x088000
[    1.292847] pci 0000:85:0e.1: [8086:208e] type 00 class 0x088000
[    1.292937] pci 0000:85:0e.2: [8086:208e] type 00 class 0x088000
[    1.293026] pci 0000:85:0e.3: [8086:208e] type 00 class 0x088000
[    1.293117] pci 0000:85:0e.4: [8086:208e] type 00 class 0x088000
[    1.293206] pci 0000:85:0e.5: [8086:208e] type 00 class 0x088000
[    1.293296] pci 0000:85:0e.6: [8086:208e] type 00 class 0x088000
[    1.293386] pci 0000:85:0e.7: [8086:208e] type 00 class 0x088000
[    1.293481] pci 0000:85:0f.0: [8086:208e] type 00 class 0x088000
[    1.293583] pci 0000:85:0f.1: [8086:208e] type 00 class 0x088000
[    1.293673] pci 0000:85:0f.2: [8086:208e] type 00 class 0x088000
[    1.293763] pci 0000:85:0f.3: [8086:208e] type 00 class 0x088000
[    1.293854] pci 0000:85:0f.4: [8086:208e] type 00 class 0x088000
[    1.293943] pci 0000:85:0f.5: [8086:208e] type 00 class 0x088000
[    1.294033] pci 0000:85:0f.6: [8086:208e] type 00 class 0x088000
[    1.294123] pci 0000:85:0f.7: [8086:208e] type 00 class 0x088000
[    1.294219] pci 0000:85:10.0: [8086:208e] type 00 class 0x088000
[    1.294322] pci 0000:85:10.1: [8086:208e] type 00 class 0x088000
[    1.294412] pci 0000:85:10.2: [8086:208e] type 00 class 0x088000
[    1.294503] pci 0000:85:10.3: [8086:208e] type 00 class 0x088000
[    1.294595] pci 0000:85:10.4: [8086:208e] type 00 class 0x088000
[    1.294684] pci 0000:85:10.5: [8086:208e] type 00 class 0x088000
[    1.294773] pci 0000:85:10.6: [8086:208e] type 00 class 0x088000
[    1.294863] pci 0000:85:10.7: [8086:208e] type 00 class 0x088000
[    1.294959] pci 0000:85:11.0: [8086:208e] type 00 class 0x088000
[    1.295064] pci 0000:85:11.1: [8086:208e] type 00 class 0x088000
[    1.295154] pci 0000:85:11.2: [8086:208e] type 00 class 0x088000
[    1.295245] pci 0000:85:11.3: [8086:208e] type 00 class 0x088000
[    1.295348] pci 0000:85:1d.0: [8086:2054] type 00 class 0x088000
[    1.295450] pci 0000:85:1d.1: [8086:2055] type 00 class 0x088000
[    1.295550] pci 0000:85:1d.2: [8086:2056] type 00 class 0x088000
[    1.295641] pci 0000:85:1d.3: [8086:2057] type 00 class 0x088000
[    1.295746] pci 0000:85:1e.0: [8086:2080] type 00 class 0x088000
[    1.295852] pci 0000:85:1e.1: [8086:2081] type 00 class 0x088000
[    1.295943] pci 0000:85:1e.2: [8086:2082] type 00 class 0x088000
[    1.296034] pci 0000:85:1e.3: [8086:2083] type 00 class 0x088000
[    1.296125] pci 0000:85:1e.4: [8086:2084] type 00 class 0x088000
[    1.296218] pci 0000:85:1e.5: [8086:2085] type 00 class 0x088000
[    1.296309] pci 0000:85:1e.6: [8086:2086] type 00 class 0x088000
[    1.296449] pci 0000:86:00.0: [144d:a80a] type 00 class 0x010802
[    1.296477] pci 0000:86:00.0: reg 0x10: [mem 0xd3800000-0xd3803fff 64bit]
[    1.296540] pci 0000:86:00.0: reg 0x30: [mem 0xffff0000-0xffffffff pref]
[    1.296934] pci 0000:86:00.0: 31.504 Gb/s available PCIe bandwidth, limited by 8.0 GT/s PCIe x4 link at 0000:85:00.0 (capable of 63.012 Gb/s with 16.0 GT/s PCIe x4 link)
[    1.297032] pci 0000:85:00.0: PCI bridge to [bus 86]
[    1.297035] pci 0000:85:00.0:   bridge window [mem 0xd3800000-0xd38fffff]
[    1.297052] pci_bus 0000:85: on NUMA node 1
[    1.297193] ACPI: PCI Root Bridge [PC08] (domain 0000 [bus ae-d6])
[    1.297197] acpi PNP0A08:08: _OSC: OS supports [ExtendedConfig ASPM ClockPM Segments MSI EDR HPX-Type3]
[    1.297357] acpi PNP0A08:08: _OSC: platform does not support [SHPCHotplug AER LTR DPC]
[    1.297518] acpi PNP0A08:08: _OSC: OS now controls [PCIeHotplug PME PCIeCapability]
[    1.297519] acpi PNP0A08:08: FADT indicates ASPM is unsupported, using BIOS configuration
[    1.297719] PCI host bridge to bus 0000:ae
[    1.297720] pci_bus 0000:ae: root bus resource [io  0xc000-0xdfff window]
[    1.297722] pci_bus 0000:ae: root bus resource [mem 0xe1000000-0xee7fffff window]
[    1.297723] pci_bus 0000:ae: root bus resource [mem 0x398000000000-0x39bfffffffff window]
[    1.297725] pci_bus 0000:ae: root bus resource [bus ae-d6]
[    1.297742] pci 0000:ae:00.0: [8086:2030] type 01 class 0x060400
[    1.297789] pci 0000:ae:00.0: enabling Extended Tags
[    1.297825] pci 0000:ae:00.0: PME# supported from D0 D3hot D3cold
[    1.298070] pci 0000:ae:05.0: [8086:2034] type 00 class 0x088000
[    1.298181] pci 0000:ae:05.2: [8086:2035] type 00 class 0x088000
[    1.298290] pci 0000:ae:05.4: [8086:2036] type 00 class 0x080020
[    1.298307] pci 0000:ae:05.4: reg 0x10: [mem 0xe1100000-0xe1100fff]
[    1.298432] pci 0000:ae:08.0: [8086:2066] type 00 class 0x088000
[    1.298557] pci 0000:ae:09.0: [8086:2066] type 00 class 0x088000
[    1.298676] pci 0000:ae:0a.0: [8086:2040] type 00 class 0x088000
[    1.298787] pci 0000:ae:0a.1: [8086:2041] type 00 class 0x088000
[    1.298896] pci 0000:ae:0a.2: [8086:2042] type 00 class 0x088000
[    1.298993] pci 0000:ae:0a.3: [8086:2043] type 00 class 0x088000
[    1.299092] pci 0000:ae:0a.4: [8086:2044] type 00 class 0x088000
[    1.299192] pci 0000:ae:0a.5: [8086:2045] type 00 class 0x088000
[    1.299288] pci 0000:ae:0a.6: [8086:2046] type 00 class 0x088000
[    1.299385] pci 0000:ae:0a.7: [8086:2047] type 00 class 0x088000
[    1.299484] pci 0000:ae:0b.0: [8086:2048] type 00 class 0x088000
[    1.299593] pci 0000:ae:0b.1: [8086:2049] type 00 class 0x088000
[    1.299702] pci 0000:ae:0b.2: [8086:204a] type 00 class 0x088000
[    1.299798] pci 0000:ae:0b.3: [8086:204b] type 00 class 0x088000
[    1.299900] pci 0000:ae:0c.0: [8086:2040] type 00 class 0x088000
[    1.300010] pci 0000:ae:0c.1: [8086:2041] type 00 class 0x088000
[    1.300111] pci 0000:ae:0c.2: [8086:2042] type 00 class 0x088000
[    1.300210] pci 0000:ae:0c.3: [8086:2043] type 00 class 0x088000
[    1.300309] pci 0000:ae:0c.4: [8086:2044] type 00 class 0x088000
[    1.300409] pci 0000:ae:0c.5: [8086:2045] type 00 class 0x088000
[    1.300518] pci 0000:ae:0c.6: [8086:2046] type 00 class 0x088000
[    1.300619] pci 0000:ae:0c.7: [8086:2047] type 00 class 0x088000
[    1.300721] pci 0000:ae:0d.0: [8086:2048] type 00 class 0x088000
[    1.300841] pci 0000:ae:0d.1: [8086:2049] type 00 class 0x088000
[    1.300941] pci 0000:ae:0d.2: [8086:204a] type 00 class 0x088000
[    1.301040] pci 0000:ae:0d.3: [8086:204b] type 00 class 0x088000
[    1.301197] pci 0000:af:00.0: [144d:a808] type 00 class 0x010802
[    1.301225] pci 0000:af:00.0: reg 0x10: [mem 0xe1000000-0xe1003fff 64bit]
[    1.301842] pci 0000:ae:00.0: PCI bridge to [bus af]
[    1.301846] pci 0000:ae:00.0:   bridge window [mem 0xe1000000-0xe10fffff]
[    1.301861] pci_bus 0000:ae: on NUMA node 1
[    1.302032] ACPI: PCI Root Bridge [PC09] (domain 0000 [bus d7-ff])
[    1.302036] acpi PNP0A08:09: _OSC: OS supports [ExtendedConfig ASPM ClockPM Segments MSI EDR HPX-Type3]
[    1.302195] acpi PNP0A08:09: _OSC: platform does not support [SHPCHotplug AER LTR DPC]
[    1.302356] acpi PNP0A08:09: _OSC: OS now controls [PCIeHotplug PME PCIeCapability]
[    1.302358] acpi PNP0A08:09: FADT indicates ASPM is unsupported, using BIOS configuration
[    1.302550] PCI host bridge to bus 0000:d7
[    1.302552] pci_bus 0000:d7: root bus resource [io  0xe000-0xffff window]
[    1.302553] pci_bus 0000:d7: root bus resource [mem 0xee800000-0xfbffffff window]
[    1.302555] pci_bus 0000:d7: root bus resource [mem 0x39c000000000-0x39ffffffffff window]
[    1.302557] pci_bus 0000:d7: root bus resource [bus d7-ff]
[    1.302569] pci 0000:d7:05.0: [8086:2034] type 00 class 0x088000
[    1.302696] pci 0000:d7:05.2: [8086:2035] type 00 class 0x088000
[    1.302808] pci 0000:d7:05.4: [8086:2036] type 00 class 0x080020
[    1.302825] pci 0000:d7:05.4: reg 0x10: [mem 0xee800000-0xee800fff]
[    1.302958] pci 0000:d7:0e.0: [8086:2058] type 00 class 0x110100
[    1.303067] pci 0000:d7:0e.1: [8086:2059] type 00 class 0x088000
[    1.303167] pci 0000:d7:0f.0: [8086:2058] type 00 class 0x110100
[    1.303277] pci 0000:d7:0f.1: [8086:2059] type 00 class 0x088000
[    1.303374] pci 0000:d7:10.0: [8086:2058] type 00 class 0x110100
[    1.303485] pci 0000:d7:10.1: [8086:2059] type 00 class 0x088000
[    1.303591] pci 0000:d7:12.0: [8086:204c] type 00 class 0x110100
[    1.303696] pci 0000:d7:12.1: [8086:204d] type 00 class 0x110100
[    1.303776] pci 0000:d7:12.2: [8086:204e] type 00 class 0x088000
[    1.303859] pci 0000:d7:12.4: [8086:204c] type 00 class 0x110100
[    1.303954] pci 0000:d7:12.5: [8086:204d] type 00 class 0x110100
[    1.304036] pci 0000:d7:15.0: [8086:2018] type 00 class 0x088000
[    1.304129] pci 0000:d7:15.1: [8086:2088] type 00 class 0x110100
[    1.304211] pci 0000:d7:16.0: [8086:2018] type 00 class 0x088000
[    1.304313] pci 0000:d7:16.1: [8086:2088] type 00 class 0x110100
[    1.304394] pci 0000:d7:16.4: [8086:2018] type 00 class 0x088000
[    1.304475] pci 0000:d7:16.5: [8086:2088] type 00 class 0x110100
[    1.304557] pci 0000:d7:17.0: [8086:2018] type 00 class 0x088000
[    1.304651] pci 0000:d7:17.1: [8086:2088] type 00 class 0x110100
[    1.304740] pci_bus 0000:d7: on NUMA node 1
[    1.305554] iommu: Default domain type: Translated 
[    1.305554] pci 0000:03:00.0: vgaarb: setting as boot VGA device
[    1.305554] pci 0000:03:00.0: vgaarb: VGA device added: decodes=io+mem,owns=io+mem,locks=none
[    1.305554] pci 0000:03:00.0: vgaarb: bridge control possible
[    1.305554] vgaarb: loaded
[    1.305554] SCSI subsystem initialized
[    1.305554] libata version 3.00 loaded.
[    1.305554] ACPI: bus type USB registered
[    1.305554] usbcore: registered new interface driver usbfs
[    1.305554] usbcore: registered new interface driver hub
[    1.305554] usbcore: registered new device driver usb
[    1.305554] pps_core: LinuxPPS API ver. 1 registered
[    1.305554] pps_core: Software ver. 5.3.6 - Copyright 2005-2007 Rodolfo Giometti <giometti@linux.it>
[    1.305554] PTP clock support registered
[    1.305554] EDAC MC: Ver: 3.0.0
[    1.305554] Registered efivars operations
[    1.305554] NetLabel: Initializing
[    1.305554] NetLabel:  domain hash size = 128
[    1.305554] NetLabel:  protocols = UNLABELED CIPSOv4 CALIPSO
[    1.305554] NetLabel:  unlabeled traffic allowed by default
[    1.305554] PCI: Using ACPI for IRQ routing
[    1.309967] PCI: pci_cache_line_size set to 64 bytes
[    1.310228] e820: reserve RAM buffer [mem 0x4bd66020-0x4bffffff]
[    1.310231] e820: reserve RAM buffer [mem 0x4bd6d020-0x4bffffff]
[    1.310233] e820: reserve RAM buffer [mem 0x4bd78020-0x4bffffff]
[    1.310234] e820: reserve RAM buffer [mem 0x4bdd5020-0x4bffffff]
[    1.310235] e820: reserve RAM buffer [mem 0x4be32020-0x4bffffff]
[    1.310237] e820: reserve RAM buffer [mem 0x4be92020-0x4bffffff]
[    1.310238] e820: reserve RAM buffer [mem 0x4bef2020-0x4bffffff]
[    1.310239] e820: reserve RAM buffer [mem 0x4bf0b020-0x4bffffff]
[    1.310240] e820: reserve RAM buffer [mem 0x682ff000-0x6bffffff]
[    1.312737] hpet0: at MMIO 0xfed00000, IRQs 2, 8, 0, 0, 0, 0, 0, 0
[    1.312745] hpet0: 8 comparators, 64-bit 24.000000 MHz counter
[    1.314884] clocksource: Switched to clocksource tsc-early
[    1.324506] VFS: Disk quotas dquot_6.6.0
[    1.324572] VFS: Dquot-cache hash table entries: 512 (order 0, 4096 bytes)
[    1.324756] AppArmor: AppArmor Filesystem Enabled
[    1.324767] pnp: PnP ACPI init
[    1.331418] pnp 00:00: Plug and Play ACPI device, IDs PNP0b00 (active)
[    1.331626] system 00:01: [io  0x0500-0x05fe] has been reserved
[    1.331629] system 00:01: [io  0x0400-0x047f] has been reserved
[    1.331631] system 00:01: [io  0x0600-0x061f] has been reserved
[    1.331633] system 00:01: [io  0x0ca0-0x0ca5] has been reserved
[    1.331634] system 00:01: [io  0x0880-0x0883] has been reserved
[    1.331636] system 00:01: [io  0x0800-0x081f] has been reserved
[    1.331638] system 00:01: [mem 0xfed1c000-0xfed3ffff] has been reserved
[    1.331640] system 00:01: [mem 0xfed45000-0xfed8bfff] has been reserved
[    1.331642] system 00:01: [mem 0xff000000-0xffffffff] has been reserved
[    1.331643] system 00:01: [mem 0xfee00000-0xfeefffff] has been reserved
[    1.331645] system 00:01: [mem 0xfed12000-0xfed1200f] has been reserved
[    1.331647] system 00:01: [mem 0xfed12010-0xfed1201f] has been reserved
[    1.331648] system 00:01: [mem 0xfed1b000-0xfed1bfff] has been reserved
[    1.331653] system 00:01: Plug and Play ACPI device, IDs PNP0c02 (active)
[    1.331917] pnp 00:02: Plug and Play ACPI device, IDs PNP0501 (active)
[    1.332142] pnp 00:03: Plug and Play ACPI device, IDs PNP0501 (active)
[    1.332331] system 00:04: [mem 0xfd000000-0xfdabffff] has been reserved
[    1.332333] system 00:04: [mem 0xfdad0000-0xfdadffff] has been reserved
[    1.332335] system 00:04: [mem 0xfdb00000-0xfdffffff] has been reserved
[    1.332337] system 00:04: [mem 0xfe000000-0xfe00ffff] has been reserved
[    1.332339] system 00:04: [mem 0xfe011000-0xfe01ffff] has been reserved
[    1.332340] system 00:04: [mem 0xfe036000-0xfe03bfff] has been reserved
[    1.332342] system 00:04: [mem 0xfe03d000-0xfe3fffff] has been reserved
[    1.332343] system 00:04: [mem 0xfe410000-0xfe7fffff] has been reserved
[    1.332347] system 00:04: Plug and Play ACPI device, IDs PNP0c02 (active)
[    1.332717] system 00:05: [io  0x1000-0x10fe] has been reserved
[    1.332722] system 00:05: Plug and Play ACPI device, IDs PNP0c02 (active)
[    1.333722] pnp: PnP ACPI: found 6 devices
[    1.339367] clocksource: acpi_pm: mask: 0xffffff max_cycles: 0xffffff, max_idle_ns: 2085701024 ns
[    1.339446] NET: Registered protocol family 2
[    1.340046] tcp_listen_portaddr_hash hash table entries: 32768 (order: 7, 524288 bytes, vmalloc)
[    1.341447] TCP established hash table entries: 524288 (order: 10, 4194304 bytes, vmalloc)
[    1.342311] TCP bind hash table entries: 65536 (order: 8, 1048576 bytes, vmalloc)
[    1.342391] TCP: Hash tables configured (established 524288 bind 65536)
[    1.343006] MPTCP token hash table entries: 65536 (order: 8, 1572864 bytes, vmalloc)
[    1.343495] UDP hash table entries: 32768 (order: 8, 1048576 bytes, vmalloc)
[    1.343931] UDP-Lite hash table entries: 32768 (order: 8, 1048576 bytes, vmalloc)
[    1.344154] NET: Registered protocol family 1
[    1.344159] NET: Registered protocol family 44
[    1.344167] pci 0000:18:00.0: can't claim BAR 6 [mem 0xfff00000-0xffffffff pref]: no compatible bridge window
[    1.344170] pci 0000:19:00.0: can't claim BAR 6 [mem 0xfff80000-0xffffffff pref]: no compatible bridge window
[    1.344172] pci 0000:19:00.1: can't claim BAR 6 [mem 0xfff80000-0xffffffff pref]: no compatible bridge window
[    1.344174] pci 0000:1a:00.0: can't claim BAR 6 [mem 0xfff80000-0xffffffff pref]: no compatible bridge window
[    1.344176] pci 0000:1a:00.1: can't claim BAR 6 [mem 0xfff80000-0xffffffff pref]: no compatible bridge window
[    1.344180] pci 0000:3b:00.0: can't claim BAR 6 [mem 0xffff0000-0xffffffff pref]: no compatible bridge window
[    1.344183] pci 0000:86:00.0: can't claim BAR 6 [mem 0xffff0000-0xffffffff pref]: no compatible bridge window
[    1.344190] pci 0000:00:1c.0: bridge window [io  0x1000-0x0fff] to [bus 01] add_size 1000
[    1.344193] pci 0000:00:1c.0: bridge window [mem 0x00100000-0x000fffff 64bit pref] to [bus 01] add_size 200000 add_align 100000
[    1.344203] pci 0000:00:1c.0: BAR 15: assigned [mem 0x380000000000-0x3800001fffff 64bit pref]
[    1.344206] pci 0000:00:1c.0: BAR 13: assigned [io  0x3000-0x3fff]
[    1.344210] pci 0000:00:1c.0: PCI bridge to [bus 01]
[    1.344212] pci 0000:00:1c.0:   bridge window [io  0x3000-0x3fff]
[    1.344220] pci 0000:00:1c.0:   bridge window [mem 0x92a00000-0x92dfffff]
[    1.344227] pci 0000:00:1c.0:   bridge window [mem 0x380000000000-0x3800001fffff 64bit pref]
[    1.344238] pci 0000:02:00.0: PCI bridge to [bus 03]
[    1.344248] pci 0000:02:00.0:   bridge window [mem 0x92000000-0x928fffff]
[    1.344255] pci 0000:02:00.0:   bridge window [mem 0x91000000-0x91ffffff 64bit pref]
[    1.344267] pci 0000:00:1c.4: PCI bridge to [bus 02-03]
[    1.344275] pci 0000:00:1c.4:   bridge window [mem 0x92000000-0x928fffff]
[    1.344281] pci 0000:00:1c.4:   bridge window [mem 0x91000000-0x91ffffff 64bit pref]
[    1.344292] pci_bus 0000:00: resource 4 [io  0x0000-0x0cf7 window]
[    1.344294] pci_bus 0000:00: resource 5 [io  0x1000-0x3fff window]
[    1.344295] pci_bus 0000:00: resource 6 [mem 0x000a0000-0x000bffff window]
[    1.344297] pci_bus 0000:00: resource 7 [mem 0x000c4000-0x000c7fff window]
[    1.344298] pci_bus 0000:00: resource 8 [mem 0xfe010000-0xfe010fff window]
[    1.344299] pci_bus 0000:00: resource 9 [mem 0x90000000-0x9d7fffff window]
[    1.344301] pci_bus 0000:00: resource 10 [mem 0x380000000000-0x383fffffffff window]
[    1.344303] pci_bus 0000:01: resource 0 [io  0x3000-0x3fff]
[    1.344304] pci_bus 0000:01: resource 1 [mem 0x92a00000-0x92dfffff]
[    1.344305] pci_bus 0000:01: resource 2 [mem 0x380000000000-0x3800001fffff 64bit pref]
[    1.344307] pci_bus 0000:02: resource 1 [mem 0x92000000-0x928fffff]
[    1.344308] pci_bus 0000:02: resource 2 [mem 0x91000000-0x91ffffff 64bit pref]
[    1.344310] pci_bus 0000:03: resource 1 [mem 0x92000000-0x928fffff]
[    1.344311] pci_bus 0000:03: resource 2 [mem 0x91000000-0x91ffffff 64bit pref]
[    1.344450] pci 0000:17:02.0: BAR 14: assigned [mem 0x9e600000-0x9e6fffff]
[    1.344453] pci 0000:18:00.0: BAR 6: no space for [mem size 0x00100000 pref]
[    1.344454] pci 0000:18:00.0: BAR 6: failed to assign [mem size 0x00100000 pref]
[    1.344456] pci 0000:17:00.0: PCI bridge to [bus 18]
[    1.344458] pci 0000:17:00.0:   bridge window [io  0x4000-0x4fff]
[    1.344465] pci 0000:17:00.0:   bridge window [mem 0x9e300000-0x9e4fffff]
[    1.344480] pci 0000:19:00.0: BAR 6: assigned [mem 0x9e600000-0x9e67ffff pref]
[    1.344481] pci 0000:19:00.1: BAR 6: assigned [mem 0x9e680000-0x9e6fffff pref]
[    1.344483] pci 0000:17:02.0: PCI bridge to [bus 19]
[    1.344490] pci 0000:17:02.0:   bridge window [mem 0x9e600000-0x9e6fffff]
[    1.344496] pci 0000:17:02.0:   bridge window [mem 0x9d800000-0x9e0fffff 64bit pref]
[    1.344506] pci 0000:1a:00.0: BAR 6: assigned [mem 0x9e280000-0x9e2fffff pref]
[    1.344508] pci 0000:1a:00.1: BAR 6: no space for [mem size 0x00080000 pref]
[    1.344509] pci 0000:1a:00.1: BAR 6: failed to assign [mem size 0x00080000 pref]
[    1.344511] pci 0000:17:03.0: PCI bridge to [bus 1a]
[    1.344518] pci 0000:17:03.0:   bridge window [mem 0x9e100000-0x9e2fffff]
[    1.344535] pci_bus 0000:17: resource 4 [io  0x4000-0x5fff window]
[    1.344537] pci_bus 0000:17: resource 5 [mem 0x9d800000-0xaaffffff window]
[    1.344538] pci_bus 0000:17: resource 6 [mem 0x384000000000-0x387fffffffff window]
[    1.344540] pci_bus 0000:18: resource 0 [io  0x4000-0x4fff]
[    1.344541] pci_bus 0000:18: resource 1 [mem 0x9e300000-0x9e4fffff]
[    1.344543] pci_bus 0000:19: resource 1 [mem 0x9e600000-0x9e6fffff]
[    1.344544] pci_bus 0000:19: resource 2 [mem 0x9d800000-0x9e0fffff 64bit pref]
[    1.344546] pci_bus 0000:1a: resource 1 [mem 0x9e100000-0x9e2fffff]
[    1.344574] pci 0000:3b:00.0: BAR 6: assigned [mem 0xab010000-0xab01ffff pref]
[    1.344575] pci 0000:3a:00.0: PCI bridge to [bus 3b]
[    1.344587] pci 0000:3a:00.0:   bridge window [mem 0xab000000-0xab0fffff]
[    1.344602] pci_bus 0000:3a: resource 4 [io  0x6000-0x7fff window]
[    1.344603] pci_bus 0000:3a: resource 5 [mem 0xab000000-0xb87fffff window]
[    1.344605] pci_bus 0000:3a: resource 6 [mem 0x388000000000-0x38bfffffffff window]
[    1.344606] pci_bus 0000:3b: resource 1 [mem 0xab000000-0xab0fffff]
[    1.344630] pci_bus 0000:5d: resource 4 [io  0x8000-0x9fff window]
[    1.344631] pci_bus 0000:5d: resource 5 [mem 0xb8800000-0xc5ffffff window]
[    1.344633] pci_bus 0000:5d: resource 6 [mem 0x38c000000000-0x38ffffffffff window]
[    1.344661] pci_bus 0000:80: resource 4 [mem 0xc6000000-0xd37fffff window]
[    1.344662] pci_bus 0000:80: resource 5 [mem 0x390000000000-0x393fffffffff window]
[    1.344680] pci 0000:86:00.0: BAR 6: assigned [mem 0xd3810000-0xd381ffff pref]
[    1.344682] pci 0000:85:00.0: PCI bridge to [bus 86]
[    1.344690] pci 0000:85:00.0:   bridge window [mem 0xd3800000-0xd38fffff]
[    1.344706] pci_bus 0000:85: resource 4 [io  0xa000-0xbfff window]
[    1.344707] pci_bus 0000:85: resource 5 [mem 0xd3800000-0xe0ffffff window]
[    1.344709] pci_bus 0000:85: resource 6 [mem 0x394000000000-0x397fffffffff window]
[    1.344710] pci_bus 0000:86: resource 1 [mem 0xd3800000-0xd38fffff]
[    1.344732] pci 0000:ae:00.0: PCI bridge to [bus af]
[    1.344740] pci 0000:ae:00.0:   bridge window [mem 0xe1000000-0xe10fffff]
[    1.344755] pci_bus 0000:ae: resource 4 [io  0xc000-0xdfff window]
[    1.344756] pci_bus 0000:ae: resource 5 [mem 0xe1000000-0xee7fffff window]
[    1.344757] pci_bus 0000:ae: resource 6 [mem 0x398000000000-0x39bfffffffff window]
[    1.344759] pci_bus 0000:af: resource 1 [mem 0xe1000000-0xe10fffff]
[    1.344795] pci_bus 0000:d7: resource 4 [io  0xe000-0xffff window]
[    1.344797] pci_bus 0000:d7: resource 5 [mem 0xee800000-0xfbffffff window]
[    1.344799] pci_bus 0000:d7: resource 6 [mem 0x39c000000000-0x39ffffffffff window]
[    1.345182] pci 0000:03:00.0: Video device with shadowed ROM at [mem 0x000c0000-0x000dffff]
[    1.345192] pci 0000:17:05.0: disabled boot interrupts on device [8086:2034]
[    1.345304] pci 0000:3a:05.0: disabled boot interrupts on device [8086:2034]
[    1.345348] pci 0000:5d:05.0: disabled boot interrupts on device [8086:2034]
[    1.345392] pci 0000:85:05.0: disabled boot interrupts on device [8086:2034]
[    1.345498] pci 0000:ae:05.0: disabled boot interrupts on device [8086:2034]
[    1.345544] pci 0000:d7:05.0: disabled boot interrupts on device [8086:2034]
[    1.345577] PCI: CLS 128 bytes, default 64
[    1.345620] Trying to unpack rootfs image as initramfs...
[    1.502972] Initramfs unpacking failed: Decoding failed
[    1.515056] Freeing initrd memory: 59180K
[    1.515109] DMAR: Host address width 46
[    1.515111] DMAR: DRHD base: 0x000000d37fc000 flags: 0x0
[    1.515135] DMAR: dmar0: reg_base_addr d37fc000 ver 1:0 cap 8d2078c106f0466 ecap f020df
[    1.515138] DMAR: DRHD base: 0x000000e0ffc000 flags: 0x0
[    1.515144] DMAR: dmar1: reg_base_addr e0ffc000 ver 1:0 cap 8d2078c106f0466 ecap f020df
[    1.515146] DMAR: DRHD base: 0x000000ee7fc000 flags: 0x0
[    1.515152] DMAR: dmar2: reg_base_addr ee7fc000 ver 1:0 cap 8d2078c106f0466 ecap f020df
[    1.515154] DMAR: DRHD base: 0x000000fbffc000 flags: 0x0
[    1.515158] DMAR: dmar3: reg_base_addr fbffc000 ver 1:0 cap 8d2078c106f0466 ecap f020df
[    1.515160] DMAR: DRHD base: 0x000000aaffc000 flags: 0x0
[    1.515166] DMAR: dmar4: reg_base_addr aaffc000 ver 1:0 cap 8d2078c106f0466 ecap f020df
[    1.515167] DMAR: DRHD base: 0x000000b87fc000 flags: 0x0
[    1.515173] DMAR: dmar5: reg_base_addr b87fc000 ver 1:0 cap 8d2078c106f0466 ecap f020df
[    1.515174] DMAR: DRHD base: 0x000000c5ffc000 flags: 0x0
[    1.515179] DMAR: dmar6: reg_base_addr c5ffc000 ver 1:0 cap 8d2078c106f0466 ecap f020df
[    1.515181] DMAR: DRHD base: 0x0000009d7fc000 flags: 0x1
[    1.515186] DMAR: dmar7: reg_base_addr 9d7fc000 ver 1:0 cap 8d2078c106f0466 ecap f020df
[    1.515188] DMAR: RMRR base: 0x0000006f6e0000 end: 0x0000006f6e2fff
[    1.515189] DMAR: [Firmware Bug]: No firmware reserved region can cover this RMRR [0x000000006f6e0000-0x000000006f6e2fff], contact BIOS vendor for fixes
[    1.515195] DMAR: [Firmware Bug]: Your BIOS is broken; bad RMRR [0x000000006f6e0000-0x000000006f6e2fff]
               BIOS vendor: Dell Inc.; Ver: 2.14.2; Product Version: 
[    1.515197] DMAR: ATSR flags: 0x0
[    1.515198] DMAR: ATSR flags: 0x0
[    1.515359] PCI-DMA: Using software bounce buffering for IO (SWIOTLB)
[    1.515360] software IO TLB: mapped [mem 0x0000000061053000-0x0000000065053000] (64MB)
[    1.517892] check: Scanning for low memory corruption every 60 seconds
[    1.519395] Initialise system trusted keyrings
[    1.519403] Key type blacklist registered
[    1.519455] workingset: timestamp_bits=36 max_order=24 bucket_order=0
[    1.520506] zbud: loaded
[    1.520853] squashfs: version 4.0 (2009/01/31) Phillip Lougher
[    1.520983] fuse: init (API version 7.33)
[    1.521163] integrity: Platform Keyring initialized
[    1.529276] Key type asymmetric registered
[    1.529277] Asymmetric key parser 'x509' registered
[    1.529283] Block layer SCSI generic (bsg) driver version 0.4 loaded (major 243)
[    1.529325] io scheduler mq-deadline registered
[    1.530065] pcieport 0000:00:1c.0: PME: Signaling with IRQ 24
[    1.530090] pcieport 0000:00:1c.0: pciehp: Slot #0 AttnBtn- PwrCtrl- MRL- AttnInd- PwrInd- HotPlug+ Surprise+ Interlock- NoCompl+ IbPresDis- LLActRep+
[    1.530339] pcieport 0000:00:1c.4: PME: Signaling with IRQ 25
[    1.530620] pcieport 0000:17:00.0: PME: Signaling with IRQ 27
[    1.530855] pcieport 0000:17:02.0: PME: Signaling with IRQ 28
[    1.531080] pcieport 0000:17:03.0: PME: Signaling with IRQ 29
[    1.531304] pcieport 0000:3a:00.0: PME: Signaling with IRQ 31
[    1.531719] pcieport 0000:85:00.0: PME: Signaling with IRQ 33
[    1.531982] pcieport 0000:ae:00.0: PME: Signaling with IRQ 35
[    1.532314] shpchp: Standard Hot Plug PCI Controller Driver version: 0.4
[    1.532420] efifb: probing for efifb
[    1.532446] efifb: No BGRT, not showing boot graphics
[    1.532447] efifb: framebuffer at 0x91000000, using 3072k, total 3072k
[    1.532449] efifb: mode is 1024x768x32, linelength=4096, pages=1
[    1.532451] efifb: scrolling: redraw
[    1.532452] efifb: Truecolor: size=8:8:8:8, shift=24:16:8:0
[    1.532535] Console: switching to colour frame buffer device 128x48
[    1.551181] fb0: EFI VGA frame buffer device
[    1.551190] intel_idle: MWAIT substates: 0x2020
[    1.551350] Monitor-Mwait will be used to enter C-1 state
[    1.551353] ACPI: \_SB_.SCK0.CP00: Found 1 idle states
[    1.551355] intel_idle: v0.5.1 model 0x55
[    1.552870] intel_idle: Local APIC timer is reliable in all C-states
[    1.553369] input: Power Button as /devices/LNXSYSTM:00/LNXPWRBN:00/input/input0
[    1.553419] ACPI: Power Button [PWRF]
[    1.555248] ERST: Error Record Serialization Table (ERST) support is initialized.
[    1.555257] pstore: Registered erst as persistent store backend
[    1.555891] GHES: APEI firmware first mode is enabled by APEI bit and WHEA _OSC.
[    1.556044] Serial: 8250/16550 driver, 32 ports, IRQ sharing enabled
[    1.576758] 00:02: ttyS1 at I/O 0x2f8 (irq = 3, base_baud = 115200) is a 16550A
[    1.610361] 00:03: ttyS0 at I/O 0x3f8 (irq = 4, base_baud = 115200) is a 16550A
[    1.624438] Linux agpgart interface v0.103
[    1.631088] loop: module loaded
[    1.631451] libphy: Fixed MDIO Bus: probed
[    1.631452] tun: Universal TUN/TAP device driver, 1.6
[    1.631481] PPP generic driver version 2.4.2
[    1.631517] VFIO - User Level meta-driver version: 0.3
[    1.631606] ehci_hcd: USB 2.0 'Enhanced' Host Controller (EHCI) Driver
[    1.631609] ehci-pci: EHCI PCI platform driver
[    1.631641] ehci-platform: EHCI generic platform driver
[    1.631647] ohci_hcd: USB 1.1 'Open' Host Controller (OHCI) Driver
[    1.631649] ohci-pci: OHCI PCI platform driver
[    1.631682] ohci-platform: OHCI generic platform driver
[    1.631687] uhci_hcd: USB Universal Host Controller Interface driver
[    1.631743] i8042: PNP: No PS/2 controller found.
[    1.631777] mousedev: PS/2 mouse device common for all mice
[    1.631842] rtc_cmos 00:00: RTC can wake from S4
[    1.632209] rtc_cmos 00:00: registered as rtc0
[    1.632296] rtc_cmos 00:00: setting system clock to 2024-09-02T07:12:07 UTC (1725261127)
[    1.632311] rtc_cmos 00:00: alarms up to one month, y3k, 114 bytes nvram, hpet irqs
[    1.632317] i2c /dev entries driver
[    1.632351] device-mapper: uevent: version 1.0.3
[    1.632389] device-mapper: ioctl: 4.43.0-ioctl (2020-10-01) initialised: dm-devel@redhat.com
[    1.632403] platform eisa.0: Probing EISA bus 0
[    1.632405] platform eisa.0: EISA: Cannot allocate resource for mainboard
[    1.632406] platform eisa.0: Cannot allocate resource for EISA slot 1
[    1.632407] platform eisa.0: Cannot allocate resource for EISA slot 2
[    1.632409] platform eisa.0: Cannot allocate resource for EISA slot 3
[    1.632410] platform eisa.0: Cannot allocate resource for EISA slot 4
[    1.632411] platform eisa.0: Cannot allocate resource for EISA slot 5
[    1.632413] platform eisa.0: Cannot allocate resource for EISA slot 6
[    1.632414] platform eisa.0: Cannot allocate resource for EISA slot 7
[    1.632416] platform eisa.0: Cannot allocate resource for EISA slot 8
[    1.632417] platform eisa.0: EISA: Detected 0 cards
[    1.632423] intel_pstate: Intel P-state driver initializing
[    1.640910] ledtrig-cpu: registered to indicate activity on CPUs
[    1.640914] EFI Variables Facility v0.08 2004-May-17
[    1.702525] drop_monitor: Initializing network drop monitor service
[    1.702765] NET: Registered protocol family 10
[    1.710772] Segment Routing with IPv6
[    1.710787] NET: Registered protocol family 17
[    1.710841] Key type dns_resolver registered
[    1.715596] microcode: sig=0x50657, pf=0x80, revision=0x5003707
[    1.715844] microcode: Microcode Update Driver: v2.2.
[    1.716667] resctrl: MB allocation detected
[    1.716668] resctrl: L3 monitoring detected
[    1.716671] IPI shorthand broadcast: enabled
[    1.716679] sched_clock: Marking stable (1717310952, -652681)->(2041877776, -325219505)
[    1.716996] registered taskstats version 1
[    1.717006] Loading compiled-in X.509 certificates
[    1.717674] Loaded X.509 cert 'Build time autogenerated kernel key: 0d8e103743cf2d74dd103586183fa3490f9c75ad'
[    1.721296] zswap: loaded using pool lzo/zbud
[    1.721605] Key type ._fscrypt registered
[    1.721606] Key type .fscrypt registered
[    1.721607] Key type fscrypt-provisioning registered
[    1.721756] pstore: Using crash dump compression: deflate
[    1.728618] Key type encrypted registered
[    1.728620] AppArmor: AppArmor sha1 policy hashing enabled
[    1.730233] integrity: Loading X.509 certificate: UEFI:db
[    1.730258] integrity: Loaded X.509 cert 'Microsoft Corporation UEFI CA 2011: 13adbf4309bd82709c8cd54f316ed522988a1bd4'
[    1.730259] integrity: Loading X.509 certificate: UEFI:db
[    1.730276] integrity: Loaded X.509 cert 'Microsoft Windows Production PCA 2011: a92902398e16c49778cd90f99e4f9ae17c55af53'
[    1.730277] integrity: Loading X.509 certificate: UEFI:db
[    1.730394] integrity: Loaded X.509 cert 'VMware, Inc.: 4ad8ba0472073d28127706ddc6ccb9050441bbc7'
[    1.730396] integrity: Loading X.509 certificate: UEFI:db
[    1.730563] integrity: Loaded X.509 cert 'VMware, Inc.: VMware Secure Boot Signing: 04597f3e1ffb240bba0ff0f05d5eb05f3e15f6d7'
[    1.731849] integrity: Loading X.509 certificate: UEFI:MokListRT (MOKvar table)
[    1.732023] integrity: Loaded X.509 cert 'Canonical Ltd. Master Certificate Authority: ad91990bc22ab1f517048c23b6655a268e345a63'
[    1.732025] ima: No TPM chip found, activating TPM-bypass!
[    1.732030] ima: Allocated hash algorithm: sha1
[    1.732036] ima: No architecture policies found
[    1.732044] evm: Initialising EVM extended attributes:
[    1.732045] evm: security.selinux
[    1.732045] evm: security.SMACK64
