[    0.000000] microcode: microcode updated early to revision 0xf4, date = 2022-07-31
[    0.000000] Linux version 5.11.0 (root@juwon-B460MAORUSPRO) (gcc (Ubuntu 9.4.0-1ubuntu1~20.04.1) 9.4.0, GNU ld (GNU Binutils for Ubuntu) 2.34) #2 SMP Mon Mar 6 13:21:49 KST 2023
[    0.000000] Command line: BOOT_IMAGE=/boot/vmlinuz-5.11.0 root=UUID=ab5a06aa-1b61-4be7-8728-9729ea06e20a ro mem=28G memmap=8G$32G intremap=off quiet splash intremap=off vt.handoff=7
[    0.000000] KERNEL supported cpus:
[    0.000000]   Intel GenuineIntel
[    0.000000]   AMD AuthenticAMD
[    0.000000]   Hygon HygonGenuine
[    0.000000]   Centaur CentaurHauls
[    0.000000]   zhaoxin   Shanghai  
[    0.000000] x86/fpu: Supporting XSAVE feature 0x001: 'x87 floating point registers'
[    0.000000] x86/fpu: Supporting XSAVE feature 0x002: 'SSE registers'
[    0.000000] x86/fpu: Supporting XSAVE feature 0x004: 'AVX registers'
[    0.000000] x86/fpu: Supporting XSAVE feature 0x008: 'MPX bounds registers'
[    0.000000] x86/fpu: Supporting XSAVE feature 0x010: 'MPX CSR'
[    0.000000] x86/fpu: Supporting XSAVE feature 0x200: 'Protection Keys User registers'
[    0.000000] x86/fpu: xstate_offset[2]:  576, xstate_sizes[2]:  256
[    0.000000] x86/fpu: xstate_offset[3]:  832, xstate_sizes[3]:   64
[    0.000000] x86/fpu: xstate_offset[4]:  896, xstate_sizes[4]:   64
[    0.000000] x86/fpu: xstate_offset[9]:  960, xstate_sizes[9]:    8
[    0.000000] x86/fpu: Enabled xstate features 0x21f, context size is 968 bytes, using 'compacted' format.
[    0.000000] BIOS-provided physical RAM map:
[    0.000000] BIOS-e820: [mem 0x0000000000000000-0x000000000009dfff] usable
[    0.000000] BIOS-e820: [mem 0x000000000009e000-0x000000000009efff] reserved
[    0.000000] BIOS-e820: [mem 0x000000000009f000-0x000000000009ffff] usable
[    0.000000] BIOS-e820: [mem 0x00000000000a0000-0x00000000000fffff] reserved
[    0.000000] BIOS-e820: [mem 0x0000000000100000-0x000000003467efff] usable
[    0.000000] BIOS-e820: [mem 0x000000003467f000-0x000000003467ffff] ACPI NVS
[    0.000000] BIOS-e820: [mem 0x0000000034680000-0x00000000346a5fff] usable
[    0.000000] BIOS-e820: [mem 0x00000000346a6000-0x00000000346a6fff] reserved
[    0.000000] BIOS-e820: [mem 0x00000000346a7000-0x0000000038234fff] usable
[    0.000000] BIOS-e820: [mem 0x0000000038235000-0x0000000039234fff] reserved
[    0.000000] BIOS-e820: [mem 0x0000000039235000-0x0000000039364fff] ACPI data
[    0.000000] BIOS-e820: [mem 0x0000000039365000-0x0000000039464fff] ACPI NVS
[    0.000000] BIOS-e820: [mem 0x0000000039465000-0x0000000039ffefff] reserved
[    0.000000] BIOS-e820: [mem 0x0000000039fff000-0x0000000039ffffff] usable
[    0.000000] BIOS-e820: [mem 0x000000003a000000-0x000000003f7fffff] reserved
[    0.000000] BIOS-e820: [mem 0x00000000e0000000-0x00000000efffffff] reserved
[    0.000000] BIOS-e820: [mem 0x00000000fc000000-0x00000000fc00ffff] reserved
[    0.000000] BIOS-e820: [mem 0x00000000fe000000-0x00000000fe010fff] reserved
[    0.000000] BIOS-e820: [mem 0x00000000fec00000-0x00000000fec00fff] reserved
[    0.000000] BIOS-e820: [mem 0x00000000fee00000-0x00000000fee00fff] reserved
[    0.000000] BIOS-e820: [mem 0x00000000ff000000-0x00000000ffffffff] reserved
[    0.000000] BIOS-e820: [mem 0x0000000100000000-0x0000000abf7fffff] usable
[    0.000000] e820: remove [mem 0x700000000-0xfffffffffffffffe] usable
[    0.000000] NX (Execute Disable) protection: active
[    0.000000] e820: update [mem 0x32ce6018-0x32cf6457] usable ==> usable
[    0.000000] e820: update [mem 0x32ce6018-0x32cf6457] usable ==> usable
[    0.000000] extended physical RAM map:
[    0.000000] reserve setup_data: [mem 0x0000000000000000-0x000000000009dfff] usable
[    0.000000] reserve setup_data: [mem 0x000000000009e000-0x000000000009efff] reserved
[    0.000000] reserve setup_data: [mem 0x000000000009f000-0x000000000009ffff] usable
[    0.000000] reserve setup_data: [mem 0x00000000000a0000-0x00000000000fffff] reserved
[    0.000000] reserve setup_data: [mem 0x0000000000100000-0x0000000032ce6017] usable
[    0.000000] reserve setup_data: [mem 0x0000000032ce6018-0x0000000032cf6457] usable
[    0.000000] reserve setup_data: [mem 0x0000000032cf6458-0x000000003467efff] usable
[    0.000000] reserve setup_data: [mem 0x000000003467f000-0x000000003467ffff] ACPI NVS
[    0.000000] reserve setup_data: [mem 0x0000000034680000-0x00000000346a5fff] usable
[    0.000000] reserve setup_data: [mem 0x00000000346a6000-0x00000000346a6fff] reserved
[    0.000000] reserve setup_data: [mem 0x00000000346a7000-0x0000000038234fff] usable
[    0.000000] reserve setup_data: [mem 0x0000000038235000-0x0000000039234fff] reserved
[    0.000000] reserve setup_data: [mem 0x0000000039235000-0x0000000039364fff] ACPI data
[    0.000000] reserve setup_data: [mem 0x0000000039365000-0x0000000039464fff] ACPI NVS
[    0.000000] reserve setup_data: [mem 0x0000000039465000-0x0000000039ffefff] reserved
[    0.000000] reserve setup_data: [mem 0x0000000039fff000-0x0000000039ffffff] usable
[    0.000000] reserve setup_data: [mem 0x000000003a000000-0x000000003f7fffff] reserved
[    0.000000] reserve setup_data: [mem 0x00000000e0000000-0x00000000efffffff] reserved
[    0.000000] reserve setup_data: [mem 0x00000000fc000000-0x00000000fc00ffff] reserved
[    0.000000] reserve setup_data: [mem 0x00000000fe000000-0x00000000fe010fff] reserved
[    0.000000] reserve setup_data: [mem 0x00000000fec00000-0x00000000fec00fff] reserved
[    0.000000] reserve setup_data: [mem 0x00000000fee00000-0x00000000fee00fff] reserved
[    0.000000] reserve setup_data: [mem 0x00000000ff000000-0x00000000ffffffff] reserved
[    0.000000] reserve setup_data: [mem 0x0000000100000000-0x00000006ffffffff] usable
[    0.000000] reserve setup_data: [mem 0x0000000800000000-0x00000009ffffffff] reserved
[    0.000000] user-defined physical RAM map:
[    0.000000] user: [mem 0x0000000000000000-0x000000000009dfff] usable
[    0.000000] user: [mem 0x000000000009e000-0x000000000009efff] reserved
[    0.000000] user: [mem 0x000000000009f000-0x000000000009ffff] usable
[    0.000000] user: [mem 0x00000000000a0000-0x00000000000fffff] reserved
[    0.000000] user: [mem 0x0000000000100000-0x0000000032ce6017] usable
[    0.000000] user: [mem 0x0000000032ce6018-0x0000000032cf6457] usable
[    0.000000] user: [mem 0x0000000032cf6458-0x000000003467efff] usable
[    0.000000] user: [mem 0x000000003467f000-0x000000003467ffff] ACPI NVS
[    0.000000] user: [mem 0x0000000034680000-0x00000000346a5fff] usable
[    0.000000] user: [mem 0x00000000346a6000-0x00000000346a6fff] reserved
[    0.000000] user: [mem 0x00000000346a7000-0x0000000038234fff] usable
[    0.000000] user: [mem 0x0000000038235000-0x0000000039234fff] reserved
[    0.000000] user: [mem 0x0000000039235000-0x0000000039364fff] ACPI data
[    0.000000] user: [mem 0x0000000039365000-0x0000000039464fff] ACPI NVS
[    0.000000] user: [mem 0x0000000039465000-0x0000000039ffefff] reserved
[    0.000000] user: [mem 0x0000000039fff000-0x0000000039ffffff] usable
[    0.000000] user: [mem 0x000000003a000000-0x000000003f7fffff] reserved
[    0.000000] user: [mem 0x00000000e0000000-0x00000000efffffff] reserved
[    0.000000] user: [mem 0x00000000fc000000-0x00000000fc00ffff] reserved
[    0.000000] user: [mem 0x00000000fe000000-0x00000000fe010fff] reserved
[    0.000000] user: [mem 0x00000000fec00000-0x00000000fec00fff] reserved
[    0.000000] user: [mem 0x00000000fee00000-0x00000000fee00fff] reserved
[    0.000000] user: [mem 0x00000000ff000000-0x00000000ffffffff] reserved
[    0.000000] user: [mem 0x0000000100000000-0x00000006ffffffff] usable
[    0.000000] user: [mem 0x0000000800000000-0x00000009ffffffff] reserved
[    0.000000] efi: EFI v2.70 by American Megatrends
[    0.000000] efi: ACPI=0x393e2000 ACPI 2.0=0x393e2014 SMBIOS=0x39b4e000 SMBIOS 3.0=0x39b4d000 MEMATTR=0x32cf7018 ESRT=0x352b5798 MOKvar=0x34893000 RNG=0x39d41698 
[    0.000000] efi: seeding entropy pool
[    0.000000] random: fast init done
[    0.000000] SMBIOS 3.2.0 present.
[    0.000000] DMI: Gigabyte Technology Co., Ltd. B460MAORUSPRO/B460M AORUS PRO, BIOS F3 05/27/2020
[    0.000000] tsc: Detected 2900.000 MHz processor
[    0.000000] tsc: Detected 2899.886 MHz TSC
[    0.000333] e820: update [mem 0x00000000-0x00000fff] usable ==> reserved
[    0.000336] e820: remove [mem 0x000a0000-0x000fffff] usable
[    0.000344] last_pfn = 0x700000 max_arch_pfn = 0x400000000
[    0.000347] MTRR default type: write-back
[    0.000349] MTRR fixed ranges enabled:
[    0.000350]   00000-9FFFF write-back
[    0.000351]   A0000-BFFFF uncachable
[    0.000353]   C0000-FFFFF write-protect
[    0.000354] MTRR variable ranges enabled:
[    0.000355]   0 base 0080000000 mask 7F80000000 uncachable
[    0.000357]   1 base 0040000000 mask 7FC0000000 uncachable
[    0.000359]   2 base 003C000000 mask 7FFC000000 uncachable
[    0.000360]   3 base 003B000000 mask 7FFF000000 uncachable
[    0.000361]   4 base 2000000000 mask 6000000000 uncachable
[    0.000363]   5 base 1000000000 mask 7000000000 uncachable
[    0.000364]   6 base 4000000000 mask 4000000000 uncachable
[    0.000365]   7 disabled
[    0.000366]   8 disabled
[    0.000367]   9 disabled
[    0.000515] x86/PAT: Configuration [0-7]: WB  WC  UC- UC  WB  WP  UC- WT  
[    0.001463] last_pfn = 0x3a000 max_arch_pfn = 0x400000000
[    0.013108] esrt: Reserving ESRT space from 0x00000000352b5798 to 0x00000000352b57d0.
[    0.013114] e820: update [mem 0x352b5000-0x352b5fff] usable ==> reserved
[    0.013127] e820: update [mem 0x34893000-0x34893fff] usable ==> reserved
[    0.013150] check: Scanning 1 areas for low memory corruption
[    0.013155] Using GB pages for direct mapping
[    0.013723] Secure boot disabled
[    0.013724] RAMDISK: [mem 0x2d6ed000-0x30790fff]
[    0.013733] ACPI: Early table checksum verification disabled
[    0.013736] ACPI: RSDP 0x00000000393E2014 000024 (v02 ALASKA)
[    0.013740] ACPI: XSDT 0x00000000393E1728 0000DC (v01 ALASKA A M I    01072009 AMI  01000013)
[    0.013746] ACPI: FACP 0x000000003935D000 000114 (v06 ALASKA A M I    01072009 AMI  00010013)
[    0.013751] ACPI: DSDT 0x0000000039325000 0379DC (v02 ALASKA A M I    01072009 INTL 20160527)
[    0.013755] ACPI: FACS 0x0000000039464000 000040
[    0.013758] ACPI: MCFG 0x0000000039362000 00003C (v01 ALASKA A M I    01072009 MSFT 00000097)
[    0.013761] ACPI: SSDT 0x000000003935F000 0020AD (v02 CpuRef CpuSsdt  00003000 INTL 20160527)
[    0.013764] ACPI: SSDT 0x000000003935E000 000A52 (v02 PmRef  ItbmSci  00003000 INTL 20160527)
[    0.013768] ACPI: FIDT 0x0000000039324000 00009C (v01 ALASKA A M I    01072009 AMI  00010013)
[    0.013771] ACPI: SSDT 0x000000003931C000 007C96 (v01 GBT    GSWApp   00000001 INTL 20160527)
[    0.013774] ACPI: SSDT 0x0000000039318000 0031DA (v02 SaSsdt SaSsdt   00003000 INTL 20160527)
[    0.013777] ACPI: HPET 0x0000000039364000 000038 (v01 ALASKA A M I    01072009 AMI  01000013)
[    0.013781] ACPI: SSDT 0x0000000039316000 001809 (v02 ALASKA A M I    00001000 INTL 20160527)
[    0.013784] ACPI: SSDT 0x0000000039314000 00147B (v02 ALASKA A M I    00001000 INTL 20160527)
[    0.013787] ACPI: SSDT 0x0000000039310000 00360A (v02 INTEL  xh_cmvd4 00000000 INTL 20160527)
[    0.013790] ACPI: NHLT 0x0000000039363000 00002D (v00 ALASKA A M I    01072009 AMI  01000013)
[    0.013793] ACPI: LPIT 0x000000003930F000 000094 (v01 ALASKA A M I    01072009 AMI  01000013)
[    0.013797] ACPI: SSDT 0x000000003930B000 002720 (v02 ALASKA A M I    00001000 INTL 20160527)
[    0.013800] ACPI: SSDT 0x0000000039308000 0025B2 (v02 ALASKA A M I    00000000 INTL 20160527)
[    0.013803] ACPI: DBGP 0x0000000039307000 000034 (v01 ALASKA A M I    01072009 AMI  01000013)
[    0.013806] ACPI: DBG2 0x0000000039306000 000054 (v00 ALASKA A M I    01072009 AMI  01000013)
[    0.013809] ACPI: SSDT 0x0000000039304000 001B67 (v02 ALASKA A M I    00001000 INTL 20160527)
[    0.013812] ACPI: DMAR 0x0000000039303000 0000A8 (v01 INTEL  EDK2     00000002      01000013)
[    0.013815] ACPI: BGRT 0x0000000039302000 000038 (v01 ALASKA A M I    01072009 AMI  00010013)
[    0.013819] ACPI: WSMT 0x000000003930E000 000028 (v01 ALASKA A M I    01072009 AMI  00010013)
[    0.013822] ACPI: APIC 0x0000000039301000 00012C (v04 ALASKA A M I    01072009 AMI  00010013)
[    0.013825] ACPI: FPDT 0x0000000039300000 000044 (v01 ALASKA A M I    01072009 AMI  01000013)
[    0.013833] ACPI: Local APIC address 0xfee00000
[    0.014098] No NUMA configuration found
[    0.014099] Faking a node at [mem 0x0000000000000000-0x00000006ffffffff]
[    0.014108] NODE_DATA(0) allocated [mem 0x6fffd5000-0x6ffffffff]
[    0.014436] Zone ranges:
[    0.014436]   DMA      [mem 0x0000000000001000-0x0000000000ffffff]
[    0.014439]   DMA32    [mem 0x0000000001000000-0x00000000ffffffff]
[    0.014440]   Normal   [mem 0x0000000100000000-0x00000006ffffffff]
[    0.014442]   Device   empty
[    0.014443] Movable zone start for each node
[    0.014446] Early memory node ranges
[    0.014447]   node   0: [mem 0x0000000000001000-0x000000000009dfff]
[    0.014449]   node   0: [mem 0x000000000009f000-0x000000000009ffff]
[    0.014450]   node   0: [mem 0x0000000000100000-0x000000003467efff]
[    0.014451]   node   0: [mem 0x0000000034680000-0x00000000346a5fff]
[    0.014452]   node   0: [mem 0x00000000346a7000-0x0000000038234fff]
[    0.014453]   node   0: [mem 0x0000000039fff000-0x0000000039ffffff]
[    0.014454]   node   0: [mem 0x0000000100000000-0x00000006ffffffff]
[    0.014725] Zeroed struct page in unavailable ranges: 32302 pages
[    0.014726] Initmem setup node 0 [mem 0x0000000000001000-0x00000006ffffffff]
[    0.014728] On node 0 totalpages: 6521298
[    0.014729]   DMA zone: 64 pages used for memmap
[    0.014730]   DMA zone: 24 pages reserved
[    0.014731]   DMA zone: 3998 pages, LIFO batch:0
[    0.014758]   DMA32 zone: 3529 pages used for memmap
[    0.014759]   DMA32 zone: 225844 pages, LIFO batch:63
[    0.015835]   Normal zone: 98304 pages used for memmap
[    0.015837]   Normal zone: 6291456 pages, LIFO batch:63
[    0.046903] Reserving Intel graphics memory at [mem 0x3b800000-0x3f7fffff]
[    0.047101] ACPI: PM-Timer IO Port: 0x1808
[    0.047103] ACPI: Local APIC address 0xfee00000
[    0.047109] ACPI: LAPIC_NMI (acpi_id[0x01] high edge lint[0x1])
[    0.047111] ACPI: LAPIC_NMI (acpi_id[0x02] high edge lint[0x1])
[    0.047112] ACPI: LAPIC_NMI (acpi_id[0x03] high edge lint[0x1])
[    0.047113] ACPI: LAPIC_NMI (acpi_id[0x04] high edge lint[0x1])
[    0.047114] ACPI: LAPIC_NMI (acpi_id[0x05] high edge lint[0x1])
[    0.047115] ACPI: LAPIC_NMI (acpi_id[0x06] high edge lint[0x1])
[    0.047115] ACPI: LAPIC_NMI (acpi_id[0x07] high edge lint[0x1])
[    0.047116] ACPI: LAPIC_NMI (acpi_id[0x08] high edge lint[0x1])
[    0.047117] ACPI: LAPIC_NMI (acpi_id[0x09] high edge lint[0x1])
[    0.047118] ACPI: LAPIC_NMI (acpi_id[0x0a] high edge lint[0x1])
[    0.047119] ACPI: LAPIC_NMI (acpi_id[0x0b] high edge lint[0x1])
[    0.047120] ACPI: LAPIC_NMI (acpi_id[0x0c] high edge lint[0x1])
[    0.047121] ACPI: LAPIC_NMI (acpi_id[0x0d] high edge lint[0x1])
[    0.047122] ACPI: LAPIC_NMI (acpi_id[0x0e] high edge lint[0x1])
[    0.047122] ACPI: LAPIC_NMI (acpi_id[0x0f] high edge lint[0x1])
[    0.047123] ACPI: LAPIC_NMI (acpi_id[0x10] high edge lint[0x1])
[    0.047150] IOAPIC[0]: apic_id 2, version 32, address 0xfec00000, GSI 0-119
[    0.047153] ACPI: INT_SRC_OVR (bus 0 bus_irq 0 global_irq 2 dfl dfl)
[    0.047155] ACPI: INT_SRC_OVR (bus 0 bus_irq 9 global_irq 9 high level)
[    0.047157] ACPI: IRQ0 used by override.
[    0.047158] ACPI: IRQ9 used by override.
[    0.047160] Using ACPI (MADT) for SMP configuration information
[    0.047161] ACPI: HPET id: 0x8086a201 base: 0xfed00000
[    0.047168] e820: update [mem 0x34fcd000-0x35023fff] usable ==> reserved
[    0.047178] TSC deadline timer available
[    0.047179] smpboot: Allowing 16 CPUs, 0 hotplug CPUs
[    0.047199] PM: hibernation: Registered nosave memory: [mem 0x00000000-0x00000fff]
[    0.047202] PM: hibernation: Registered nosave memory: [mem 0x0009e000-0x0009efff]
[    0.047204] PM: hibernation: Registered nosave memory: [mem 0x000a0000-0x000fffff]
[    0.047205] PM: hibernation: Registered nosave memory: [mem 0x32ce6000-0x32ce6fff]
[    0.047207] PM: hibernation: Registered nosave memory: [mem 0x32cf6000-0x32cf6fff]
[    0.047209] PM: hibernation: Registered nosave memory: [mem 0x3467f000-0x3467ffff]
[    0.047211] PM: hibernation: Registered nosave memory: [mem 0x346a6000-0x346a6fff]
[    0.047213] PM: hibernation: Registered nosave memory: [mem 0x34893000-0x34893fff]
[    0.047215] PM: hibernation: Registered nosave memory: [mem 0x34fcd000-0x35023fff]
[    0.047217] PM: hibernation: Registered nosave memory: [mem 0x352b5000-0x352b5fff]
[    0.047218] PM: hibernation: Registered nosave memory: [mem 0x38235000-0x39234fff]
[    0.047219] PM: hibernation: Registered nosave memory: [mem 0x39235000-0x39364fff]
[    0.047220] PM: hibernation: Registered nosave memory: [mem 0x39365000-0x39464fff]
[    0.047221] PM: hibernation: Registered nosave memory: [mem 0x39465000-0x39ffefff]
[    0.047223] PM: hibernation: Registered nosave memory: [mem 0x3a000000-0x3f7fffff]
[    0.047224] PM: hibernation: Registered nosave memory: [mem 0x3f800000-0xdfffffff]
[    0.047225] PM: hibernation: Registered nosave memory: [mem 0xe0000000-0xefffffff]
[    0.047225] PM: hibernation: Registered nosave memory: [mem 0xf0000000-0xfbffffff]
[    0.047226] PM: hibernation: Registered nosave memory: [mem 0xfc000000-0xfc00ffff]
[    0.047227] PM: hibernation: Registered nosave memory: [mem 0xfc010000-0xfdffffff]
[    0.047228] PM: hibernation: Registered nosave memory: [mem 0xfe000000-0xfe010fff]
[    0.047229] PM: hibernation: Registered nosave memory: [mem 0xfe011000-0xfebfffff]
[    0.047230] PM: hibernation: Registered nosave memory: [mem 0xfec00000-0xfec00fff]
[    0.047230] PM: hibernation: Registered nosave memory: [mem 0xfec01000-0xfedfffff]
[    0.047231] PM: hibernation: Registered nosave memory: [mem 0xfee00000-0xfee00fff]
[    0.047232] PM: hibernation: Registered nosave memory: [mem 0xfee01000-0xfeffffff]
[    0.047233] PM: hibernation: Registered nosave memory: [mem 0xff000000-0xffffffff]
[    0.047234] [mem 0x3f800000-0xdfffffff] available for PCI devices
[    0.047236] Booting paravirtualized kernel on bare hardware
[    0.047239] clocksource: refined-jiffies: mask: 0xffffffff max_cycles: 0xffffffff, max_idle_ns: 7645519600211568 ns
[    0.047246] setup_percpu: NR_CPUS:8192 nr_cpumask_bits:16 nr_cpu_ids:16 nr_node_ids:1
[    0.047579] percpu: Embedded 56 pages/cpu s192512 r8192 d28672 u262144
[    0.047586] pcpu-alloc: s192512 r8192 d28672 u262144 alloc=1*2097152
[    0.047589] pcpu-alloc: [0] 00 01 02 03 04 05 06 07 [0] 08 09 10 11 12 13 14 15 
[    0.047626] Built 1 zonelists, mobility grouping on.  Total pages: 6419377
[    0.047628] Policy zone: Normal
[    0.047629] Kernel command line: BOOT_IMAGE=/boot/vmlinuz-5.11.0 root=UUID=ab5a06aa-1b61-4be7-8728-9729ea06e20a ro mem=28G memmap=8G$32G intremap=off quiet splash intremap=off vt.handoff=7
[    0.049408] Dentry cache hash table entries: 4194304 (order: 13, 33554432 bytes, linear)
[    0.050227] Inode-cache hash table entries: 2097152 (order: 12, 16777216 bytes, linear)
[    0.050357] mem auto-init: stack:off, heap alloc:on, heap free:off
[    0.098484] Memory: 25354620K/26085192K available (14345K kernel code, 3431K rwdata, 5280K rodata, 2624K init, 6088K bss, 730312K reserved, 0K cma-reserved)
[    0.098490] random: get_random_u64 called from __kmem_cache_create+0x31/0x430 with crng_init=1
[    0.098619] SLUB: HWalign=64, Order=0-3, MinObjects=0, CPUs=16, Nodes=1
[    0.098632] ftrace: allocating 47149 entries in 185 pages
[    0.114437] ftrace: allocated 185 pages with 5 groups
[    0.114550] rcu: Hierarchical RCU implementation.
[    0.114551] rcu: 	RCU restricting CPUs from NR_CPUS=8192 to nr_cpu_ids=16.
[    0.114552] 	Rude variant of Tasks RCU enabled.
[    0.114553] 	Tracing variant of Tasks RCU enabled.
[    0.114554] rcu: RCU calculated value of scheduler-enlistment delay is 25 jiffies.
[    0.114554] rcu: Adjusting geometry for rcu_fanout_leaf=16, nr_cpu_ids=16
[    0.118048] NR_IRQS: 524544, nr_irqs: 2184, preallocated irqs: 16
[    0.118471] random: crng done (trusting CPU's manufacturer)
[    0.118496] Console: colour dummy device 80x25
[    0.118514] printk: console [tty0] enabled
[    0.118531] ACPI: Core revision 20201113
[    0.118885] clocksource: hpet: mask: 0xffffffff max_cycles: 0xffffffff, max_idle_ns: 79635855245 ns
[    0.118952] APIC: Switch to symmetric I/O mode setup
[    0.120153] x2apic: IRQ remapping doesn't support X2APIC mode
[    0.120424] Switched APIC routing to physical flat.
[    0.124500] ..TIMER: vector=0x30 apic1=0 pin1=2 apic2=-1 pin2=-1
[    0.142959] clocksource: tsc-early: mask: 0xffffffffffffffff max_cycles: 0x29ccd767b87, max_idle_ns: 440795223720 ns
[    0.142964] Calibrating delay loop (skipped), value calculated using timer frequency.. 5799.77 BogoMIPS (lpj=11599544)
[    0.142966] pid_max: default: 32768 minimum: 301
[    0.146743] LSM: Security Framework initializing
[    0.146751] Yama: becoming mindful.
[    0.146770] AppArmor: AppArmor initialized
[    0.146842] Mount-cache hash table entries: 65536 (order: 7, 524288 bytes, linear)
[    0.146883] Mountpoint-cache hash table entries: 65536 (order: 7, 524288 bytes, linear)
[    0.147146] mce: CPU0: Thermal monitoring enabled (TM1)
[    0.147177] process: using mwait in idle threads
[    0.147179] Last level iTLB entries: 4KB 64, 2MB 8, 4MB 8
[    0.147180] Last level dTLB entries: 4KB 64, 2MB 0, 4MB 0, 1GB 4
[    0.147183] Spectre V1 : Mitigation: usercopy/swapgs barriers and __user pointer sanitization
[    0.147185] Spectre V2 : Mitigation: Enhanced IBRS
[    0.147185] Spectre V2 : Spectre v2 / SpectreRSB mitigation: Filling RSB on context switch
[    0.147187] Spectre V2 : mitigation: Enabling conditional Indirect Branch Prediction Barrier
[    0.147188] Speculative Store Bypass: Mitigation: Speculative Store Bypass disabled via prctl and seccomp
[    0.147327] Freeing SMP alternatives memory: 40K
[    0.149370] smpboot: Estimated ratio of average max frequency by base frequency (times 1024): 1659
[    0.149382] smpboot: CPU0: Intel(R) Core(TM) i7-10700 CPU @ 2.90GHz (family: 0x6, model: 0xa5, stepping: 0x5)
[    0.149515] Performance Events: PEBS fmt3+, Skylake events, 32-deep LBR, full-width counters, Intel PMU driver.
[    0.149526] ... version:                4
[    0.149527] ... bit width:              48
[    0.149528] ... generic registers:      4
[    0.149528] ... value mask:             0000ffffffffffff
[    0.149529] ... max period:             00007fffffffffff
[    0.149530] ... fixed-purpose events:   3
[    0.149531] ... event mask:             000000070000000f
[    0.149609] rcu: Hierarchical SRCU implementation.
[    0.150489] NMI watchdog: Enabled. Permanently consumes one hw-PMU counter.
[    0.150602] smp: Bringing up secondary CPUs ...
[    0.150678] x86: Booting SMP configuration:
[    0.150679] .... node  #0, CPUs:        #1  #2  #3  #4  #5  #6  #7  #8  #9 #10 #11 #12 #13 #14 #15
[    0.167688] smp: Brought up 1 node, 16 CPUs
[    0.167688] smpboot: Max logical packages: 1
[    0.167688] smpboot: Total of 16 processors activated (92796.35 BogoMIPS)
[    0.171558] devtmpfs: initialized
[    0.171558] x86/mm: Memory block size: 128MB
[    0.172353] PM: Registering ACPI NVS region [mem 0x3467f000-0x3467ffff] (4096 bytes)
[    0.172353] PM: Registering ACPI NVS region [mem 0x39365000-0x39464fff] (1048576 bytes)
[    0.172353] clocksource: jiffies: mask: 0xffffffff max_cycles: 0xffffffff, max_idle_ns: 7645041785100000 ns
[    0.172353] futex hash table entries: 4096 (order: 6, 262144 bytes, linear)
[    0.172353] pinctrl core: initialized pinctrl subsystem
[    0.172353] PM: RTC time: 11:27:20, date: 2023-03-09
[    0.172353] NET: Registered protocol family 16
[    0.172353] DMA: preallocated 4096 KiB GFP_KERNEL pool for atomic allocations
[    0.172353] DMA: preallocated 4096 KiB GFP_KERNEL|GFP_DMA pool for atomic allocations
[    0.172353] DMA: preallocated 4096 KiB GFP_KERNEL|GFP_DMA32 pool for atomic allocations
[    0.172353] audit: initializing netlink subsys (disabled)
[    0.172353] audit: type=2000 audit(1678361240.052:1): state=initialized audit_enabled=0 res=1
[    0.172353] thermal_sys: Registered thermal governor 'fair_share'
[    0.172353] thermal_sys: Registered thermal governor 'bang_bang'
[    0.172353] thermal_sys: Registered thermal governor 'step_wise'
[    0.172353] thermal_sys: Registered thermal governor 'user_space'
[    0.172353] EISA bus registered
[    0.172353] cpuidle: using governor ladder
[    0.172353] cpuidle: using governor menu
[    0.172353] ACPI: bus type PCI registered
[    0.172353] acpiphp: ACPI Hot Plug PCI Controller Driver version: 0.5
[    0.172353] PCI: MMCONFIG for domain 0000 [bus 00-ff] at [mem 0xe0000000-0xefffffff] (base 0xe0000000)
[    0.172353] PCI: MMCONFIG at [mem 0xe0000000-0xefffffff] reserved in E820
[    0.172353] PCI: Using configuration type 1 for base access
[    0.176230] HugeTLB registered 1.00 GiB page size, pre-allocated 0 pages
[    0.176230] HugeTLB registered 2.00 MiB page size, pre-allocated 0 pages
[    0.176230] ACPI: Added _OSI(Module Device)
[    0.176230] ACPI: Added _OSI(Processor Device)
[    0.176230] ACPI: Added _OSI(3.0 _SCP Extensions)
[    0.176230] ACPI: Added _OSI(Processor Aggregator Device)
[    0.176230] ACPI: Added _OSI(Linux-Dell-Video)
[    0.176230] ACPI: Added _OSI(Linux-Lenovo-NV-HDMI-Audio)
[    0.176230] ACPI: Added _OSI(Linux-HPI-Hybrid-Graphics)
[    0.254277] ACPI: 11 ACPI AML tables successfully acquired and loaded
[    1.285334] ACPI: Dynamic OEM Table Load:
[    1.285343] ACPI: SSDT 0xFFFF9522C113B300 0000FC (v02 PmRef  Cpu0Psd  00003000 INTL 20160527)
[    1.286703] ACPI: \_SB_.PR00: _OSC native thermal LVT Acked
[    1.288386] ACPI: Dynamic OEM Table Load:
[    1.288393] ACPI: SSDT 0xFFFF9522C1064C00 000400 (v02 PmRef  Cpu0Cst  00003001 INTL 20160527)
[    1.289848] ACPI: Dynamic OEM Table Load:
[    1.289855] ACPI: SSDT 0xFFFF9522C1838800 0005E4 (v02 PmRef  Cpu0Ist  00003000 INTL 20160527)
[    1.291418] ACPI: Dynamic OEM Table Load:
[    1.291424] ACPI: SSDT 0xFFFF9522C12D6000 00016C (v02 PmRef  Cpu0Hwp  00003000 INTL 20160527)
[    1.292824] ACPI: Dynamic OEM Table Load:
[    1.292831] ACPI: SSDT 0xFFFF9522C0136000 000BEA (v02 PmRef  HwpLvt   00003000 INTL 20160527)
[    1.294839] ACPI: Dynamic OEM Table Load:
[    1.294846] ACPI: SSDT 0xFFFF9522C1839000 000778 (v02 PmRef  ApIst    00003000 INTL 20160527)
[    1.296451] ACPI: Dynamic OEM Table Load:
[    1.296457] ACPI: SSDT 0xFFFF9522C1065C00 0003D7 (v02 PmRef  ApHwp    00003000 INTL 20160527)
[    1.298049] ACPI: Dynamic OEM Table Load:
[    1.298056] ACPI: SSDT 0xFFFF9522C1A81000 000D22 (v02 PmRef  ApPsd    00003000 INTL 20160527)
[    1.300409] ACPI: Dynamic OEM Table Load:
[    1.300415] ACPI: SSDT 0xFFFF9522C1064000 0003CA (v02 PmRef  ApCst    00003000 INTL 20160527)
[    1.309894] ACPI: Interpreter enabled
[    1.309936] ACPI: (supports S0 S3 S4 S5)
[    1.309937] ACPI: Using IOAPIC for interrupt routing
[    1.309976] PCI: Using host bridge windows from ACPI; if necessary, use "pci=nocrs" and report a bug
[    1.311279] ACPI: Enabled 11 GPEs in block 00 to 7F
[    1.325181] ACPI: Power Resource [PAUD] (on)
[    1.325583] ACPI: Power Resource [SPR1] (off)
[    1.325828] ACPI: Power Resource [SPR2] (off)
[    1.326123] ACPI: Power Resource [SPR5] (off)
[    1.326420] ACPI: Power Resource [V0PR] (on)
[    1.326663] ACPI: Power Resource [V1PR] (on)
[    1.326901] ACPI: Power Resource [V2PR] (on)
[    1.328617] ACPI: Power Resource [PXTC] (off)
[    1.333315] ACPI: Power Resource [FN00] (off)
[    1.333417] ACPI: Power Resource [FN01] (off)
[    1.333517] ACPI: Power Resource [FN02] (off)
[    1.333613] ACPI: Power Resource [FN03] (off)
[    1.333711] ACPI: Power Resource [FN04] (off)
[    1.334376] ACPI: Power Resource [PIN] (off)
[    1.334746] ACPI: Power Resource [SPR0] (off)
[    1.334811] ACPI: Power Resource [SPR3] (off)
[    1.335154] ACPI: PCI Root Bridge [PCI0] (domain 0000 [bus 00-fe])
[    1.335160] acpi PNP0A08:00: _OSC: OS supports [ExtendedConfig ASPM ClockPM Segments MSI HPX-Type3]
[    1.336905] acpi PNP0A08:00: _OSC: OS now controls [PCIeHotplug SHPCHotplug PME AER PCIeCapability LTR]
[    1.337732] PCI host bridge to bus 0000:00
[    1.337734] pci_bus 0000:00: root bus resource [io  0x0000-0x0cf7 window]
[    1.337737] pci_bus 0000:00: root bus resource [io  0x0d00-0xffff window]
[    1.337738] pci_bus 0000:00: root bus resource [mem 0x000a0000-0x000bffff window]
[    1.337739] pci_bus 0000:00: root bus resource [mem 0x000e0000-0x000e3fff window]
[    1.337741] pci_bus 0000:00: root bus resource [mem 0x000e4000-0x000e7fff window]
[    1.337742] pci_bus 0000:00: root bus resource [mem 0x000e8000-0x000ebfff window]
[    1.337743] pci_bus 0000:00: root bus resource [mem 0x000ec000-0x000effff window]
[    1.337744] pci_bus 0000:00: root bus resource [mem 0x000f0000-0x000fffff window]
[    1.337745] pci_bus 0000:00: root bus resource [mem 0x3f800000-0xdfffffff window]
[    1.337746] pci_bus 0000:00: root bus resource [mem 0xfc800000-0xfe7fffff window]
[    1.337748] pci_bus 0000:00: root bus resource [bus 00-fe]
[    1.337760] pci 0000:00:00.0: [8086:9b43] type 00 class 0x060000
[    1.337980] pci 0000:00:02.0: [8086:9bc5] type 00 class 0x030000
[    1.337989] pci 0000:00:02.0: reg 0x10: [mem 0x50000000-0x50ffffff 64bit]
[    1.337994] pci 0000:00:02.0: reg 0x18: [mem 0x40000000-0x4fffffff 64bit pref]
[    1.337998] pci 0000:00:02.0: reg 0x20: [io  0x3000-0x303f]
[    1.338012] pci 0000:00:02.0: BAR 2: assigned to efifb
[    1.338239] pci 0000:00:14.0: [8086:a3af] type 00 class 0x0c0330
[    1.338255] pci 0000:00:14.0: reg 0x10: [mem 0x51130000-0x5113ffff 64bit]
[    1.338313] pci 0000:00:14.0: PME# supported from D3hot D3cold
[    1.338601] pci 0000:00:14.2: [8086:a3b1] type 00 class 0x118000
[    1.338616] pci 0000:00:14.2: reg 0x10: [mem 0x5114e000-0x5114efff 64bit]
[    1.338813] pci 0000:00:16.0: [8086:a3ba] type 00 class 0x078000
[    1.338832] pci 0000:00:16.0: reg 0x10: [mem 0x5114d000-0x5114dfff 64bit]
[    1.338897] pci 0000:00:16.0: PME# supported from D3hot
[    1.339147] pci 0000:00:17.0: [8086:a382] type 00 class 0x010601
[    1.339159] pci 0000:00:17.0: reg 0x10: [mem 0x51148000-0x51149fff]
[    1.339166] pci 0000:00:17.0: reg 0x14: [mem 0x5114c000-0x5114c0ff]
[    1.339172] pci 0000:00:17.0: reg 0x18: [io  0x3090-0x3097]
[    1.339178] pci 0000:00:17.0: reg 0x1c: [io  0x3080-0x3083]
[    1.339185] pci 0000:00:17.0: reg 0x20: [io  0x3060-0x307f]
[    1.339191] pci 0000:00:17.0: reg 0x24: [mem 0x5114b000-0x5114b7ff]
[    1.339226] pci 0000:00:17.0: PME# supported from D3hot
[    1.339382] pci 0000:00:1b.0: [8086:a3eb] type 01 class 0x060400
[    1.339545] pci 0000:00:1b.0: PME# supported from D0 D3hot D3cold
[    1.339696] pci 0000:00:1c.0: [8086:a394] type 01 class 0x060400
[    1.339859] pci 0000:00:1c.0: PME# supported from D0 D3hot D3cold
[    1.340006] pci 0000:00:1d.0: [8086:a398] type 01 class 0x060400
[    1.340068] pci 0000:00:1d.0: PME# supported from D0 D3hot D3cold
[    1.340324] pci 0000:00:1f.0: [8086:a3c8] type 00 class 0x060100
[    1.340598] pci 0000:00:1f.2: [8086:a3a1] type 00 class 0x058000
[    1.340610] pci 0000:00:1f.2: reg 0x10: [mem 0x51144000-0x51147fff]
[    1.340821] pci 0000:00:1f.3: [8086:a3f0] type 00 class 0x040300
[    1.340840] pci 0000:00:1f.3: reg 0x10: [mem 0x51140000-0x51143fff 64bit]
[    1.340863] pci 0000:00:1f.3: reg 0x20: [mem 0x51120000-0x5112ffff 64bit]
[    1.340905] pci 0000:00:1f.3: PME# supported from D3hot D3cold
[    1.341254] pci 0000:00:1f.4: [8086:a3a3] type 00 class 0x0c0500
[    1.341311] pci 0000:00:1f.4: reg 0x10: [mem 0x5114a000-0x5114a0ff 64bit]
[    1.341381] pci 0000:00:1f.4: reg 0x20: [io  0xefa0-0xefbf]
[    1.341639] pci 0000:00:1f.6: [8086:0d55] type 00 class 0x020000
[    1.341658] pci 0000:00:1f.6: reg 0x10: [mem 0x51100000-0x5111ffff]
[    1.341761] pci 0000:00:1f.6: PME# supported from D0 D3hot D3cold
[    1.342032] pci 0000:00:1b.0: PCI bridge to [bus 01]
[    1.342130] pci 0000:00:1c.0: PCI bridge to [bus 02]
[    1.342240] pci 0000:03:00.0: [144d:a80a] type 00 class 0x010802
[    1.342259] pci 0000:03:00.0: reg 0x10: [mem 0x51000000-0x51003fff 64bit]
[    1.342441] pci 0000:03:00.0: 15.752 Gb/s available PCIe bandwidth, limited by 8.0 GT/s PCIe x2 link at 0000:00:1d.0 (capable of 63.012 Gb/s with 16.0 GT/s PCIe x4 link)
[    1.342493] pci 0000:00:1d.0: PCI bridge to [bus 03]
[    1.342497] pci 0000:00:1d.0:   bridge window [mem 0x51000000-0x510fffff]
[    1.346156] ACPI: PCI Interrupt Link [LNKA] (IRQs 3 4 5 6 10 11 12 14 15) *0
[    1.346268] ACPI: PCI Interrupt Link [LNKB] (IRQs 3 4 5 6 10 11 12 14 15) *1
[    1.346379] ACPI: PCI Interrupt Link [LNKC] (IRQs 3 4 5 6 10 11 12 14 15) *0
[    1.346488] ACPI: PCI Interrupt Link [LNKD] (IRQs 3 4 5 6 10 11 12 14 15) *0
[    1.346597] ACPI: PCI Interrupt Link [LNKE] (IRQs 3 4 5 6 10 11 12 14 15) *0
[    1.346707] ACPI: PCI Interrupt Link [LNKF] (IRQs 3 4 5 6 10 11 12 14 15) *0
[    1.346816] ACPI: PCI Interrupt Link [LNKG] (IRQs 3 4 5 6 10 11 12 14 15) *0
[    1.346925] ACPI: PCI Interrupt Link [LNKH] (IRQs 3 4 5 6 10 11 12 14 15) *0
[    1.354031] iommu: Default domain type: Translated 
[    1.354031] pci 0000:00:02.0: vgaarb: setting as boot VGA device
[    1.354031] pci 0000:00:02.0: vgaarb: VGA device added: decodes=io+mem,owns=io+mem,locks=none
[    1.354031] pci 0000:00:02.0: vgaarb: bridge control possible
[    1.354031] vgaarb: loaded
[    1.354031] SCSI subsystem initialized
[    1.354031] libata version 3.00 loaded.
[    1.354031] ACPI: bus type USB registered
[    1.354031] usbcore: registered new interface driver usbfs
[    1.354031] usbcore: registered new interface driver hub
[    1.354031] usbcore: registered new device driver usb
[    1.354031] pps_core: LinuxPPS API ver. 1 registered
[    1.354031] pps_core: Software ver. 5.3.6 - Copyright 2005-2007 Rodolfo Giometti <giometti@linux.it>
[    1.354031] PTP clock support registered
[    1.354031] EDAC MC: Ver: 3.0.0
[    1.354031] Registered efivars operations
[    1.354031] NetLabel: Initializing
[    1.354031] NetLabel:  domain hash size = 128
[    1.354031] NetLabel:  protocols = UNLABELED CIPSOv4 CALIPSO
[    1.354031] NetLabel:  unlabeled traffic allowed by default
[    1.354031] PCI: Using ACPI for IRQ routing
[    1.382656] PCI: pci_cache_line_size set to 64 bytes
[    1.382704] e820: reserve RAM buffer [mem 0x0009e000-0x0009ffff]
[    1.382706] e820: reserve RAM buffer [mem 0x32ce6018-0x33ffffff]
[    1.382707] e820: reserve RAM buffer [mem 0x3467f000-0x37ffffff]
[    1.382709] e820: reserve RAM buffer [mem 0x346a6000-0x37ffffff]
[    1.382710] e820: reserve RAM buffer [mem 0x34893000-0x37ffffff]
[    1.382711] e820: reserve RAM buffer [mem 0x34fcd000-0x37ffffff]
[    1.382712] e820: reserve RAM buffer [mem 0x352b5000-0x37ffffff]
[    1.382712] e820: reserve RAM buffer [mem 0x38235000-0x3bffffff]
[    1.382714] e820: reserve RAM buffer [mem 0x3a000000-0x3bffffff]
[    1.383864] hpet0: at MMIO 0xfed00000, IRQs 2, 8, 0, 0, 0, 0, 0, 0
[    1.383871] hpet0: 8 comparators, 64-bit 24.000000 MHz counter
[    1.385926] clocksource: Switched to clocksource tsc-early
[    1.389641] VFS: Disk quotas dquot_6.6.0
[    1.389655] VFS: Dquot-cache hash table entries: 512 (order 0, 4096 bytes)
[    1.389736] AppArmor: AppArmor Filesystem Enabled
[    1.389754] pnp: PnP ACPI init
[    1.390038] system 00:00: [io  0x0a00-0x0a2f] has been reserved
[    1.390041] system 00:00: [io  0x0a30-0x0a3f] has been reserved
[    1.390042] system 00:00: [io  0x0a40-0x0a4f] has been reserved
[    1.390047] system 00:00: Plug and Play ACPI device, IDs PNP0c02 (active)
[    1.390439] pnp 00:01: [dma 0 disabled]
[    1.390473] pnp 00:01: Plug and Play ACPI device, IDs PNP0501 (active)
[    1.390587] system 00:02: [io  0x0680-0x069f] has been reserved
[    1.390589] system 00:02: [io  0x164e-0x164f] has been reserved
[    1.390593] system 00:02: Plug and Play ACPI device, IDs PNP0c02 (active)
[    1.390717] system 00:03: [io  0x1854-0x1857] has been reserved
[    1.390721] system 00:03: Plug and Play ACPI device, IDs INT3f0d PNP0c02 (active)
[    1.390870] system 00:04: [mem 0xfc000000-0xfc00ffff] has been reserved
[    1.390874] system 00:04: Plug and Play ACPI device, IDs PNP0c02 (active)
[    1.390910] system 00:05: [mem 0xfd000000-0xfdabffff] has been reserved
[    1.390912] system 00:05: [mem 0xfdad0000-0xfdadffff] has been reserved
[    1.390913] system 00:05: [mem 0xfdb00000-0xfdffffff] has been reserved
[    1.390915] system 00:05: [mem 0xfe000000-0xfe01ffff] could not be reserved
[    1.390916] system 00:05: [mem 0xfe036000-0xfe03bfff] has been reserved
[    1.390918] system 00:05: [mem 0xfe03d000-0xfe3fffff] has been reserved
[    1.390919] system 00:05: [mem 0xfe410000-0xfe7fffff] has been reserved
[    1.390922] system 00:05: Plug and Play ACPI device, IDs PNP0c02 (active)
[    1.391244] system 00:06: [io  0x2000-0x20fe] has been reserved
[    1.391248] system 00:06: Plug and Play ACPI device, IDs PNP0c02 (active)
[    1.391898] system 00:07: [mem 0xfed10000-0xfed17fff] has been reserved
[    1.391900] system 00:07: [mem 0xfed18000-0xfed18fff] has been reserved
[    1.391901] system 00:07: [mem 0xfed19000-0xfed19fff] has been reserved
[    1.391902] system 00:07: [mem 0xe0000000-0xefffffff] has been reserved
[    1.391904] system 00:07: [mem 0xfed20000-0xfed3ffff] has been reserved
[    1.391905] system 00:07: [mem 0xfed90000-0xfed93fff] has been reserved
[    1.391906] system 00:07: [mem 0xfed45000-0xfed8ffff] has been reserved
[    1.391908] system 00:07: [mem 0xfee00000-0xfeefffff] could not be reserved
[    1.391911] system 00:07: Plug and Play ACPI device, IDs PNP0c02 (active)
[    1.392304] system 00:08: [mem 0xfe038000-0xfe038fff] has been reserved
[    1.392308] system 00:08: Plug and Play ACPI device, IDs PNP0c02 (active)
[    1.392857] pnp: PnP ACPI: found 9 devices
[    1.398328] clocksource: acpi_pm: mask: 0xffffff max_cycles: 0xffffff, max_idle_ns: 2085701024 ns
[    1.398376] NET: Registered protocol family 2
[    1.398534] tcp_listen_portaddr_hash hash table entries: 16384 (order: 6, 262144 bytes, linear)
[    1.398696] TCP established hash table entries: 262144 (order: 9, 2097152 bytes, linear)
[    1.398944] TCP bind hash table entries: 65536 (order: 8, 1048576 bytes, linear)
[    1.399007] TCP: Hash tables configured (established 262144 bind 65536)
[    1.399065] UDP hash table entries: 16384 (order: 7, 524288 bytes, linear)
[    1.399141] UDP-Lite hash table entries: 16384 (order: 7, 524288 bytes, linear)
[    1.399221] NET: Registered protocol family 1
[    1.399226] NET: Registered protocol family 44
[    1.399231] pci 0000:00:1b.0: bridge window [io  0x1000-0x0fff] to [bus 01] add_size 1000
[    1.399234] pci 0000:00:1b.0: bridge window [mem 0x00100000-0x000fffff 64bit pref] to [bus 01] add_size 200000 add_align 100000
[    1.399237] pci 0000:00:1b.0: bridge window [mem 0x00100000-0x000fffff] to [bus 01] add_size 200000 add_align 100000
[    1.399239] pci 0000:00:1c.0: bridge window [io  0x1000-0x0fff] to [bus 02] add_size 1000
[    1.399240] pci 0000:00:1c.0: bridge window [mem 0x00100000-0x000fffff 64bit pref] to [bus 02] add_size 200000 add_align 100000
[    1.399242] pci 0000:00:1c.0: bridge window [mem 0x00100000-0x000fffff] to [bus 02] add_size 200000 add_align 100000
[    1.399249] pci 0000:00:1b.0: BAR 14: assigned [mem 0x3f800000-0x3f9fffff]
[    1.399255] pci 0000:00:1b.0: BAR 15: assigned [mem 0x3fa00000-0x3fbfffff 64bit pref]
[    1.399257] pci 0000:00:1c.0: BAR 14: assigned [mem 0x3fc00000-0x3fdfffff]
[    1.399261] pci 0000:00:1c.0: BAR 15: assigned [mem 0x3fe00000-0x3fffffff 64bit pref]
[    1.399263] pci 0000:00:1b.0: BAR 13: assigned [io  0x4000-0x4fff]
[    1.399265] pci 0000:00:1c.0: BAR 13: assigned [io  0x5000-0x5fff]
[    1.399267] pci 0000:00:1b.0: PCI bridge to [bus 01]
[    1.399271] pci 0000:00:1b.0:   bridge window [io  0x4000-0x4fff]
[    1.399274] pci 0000:00:1b.0:   bridge window [mem 0x3f800000-0x3f9fffff]
[    1.399277] pci 0000:00:1b.0:   bridge window [mem 0x3fa00000-0x3fbfffff 64bit pref]
[    1.399281] pci 0000:00:1c.0: PCI bridge to [bus 02]
[    1.399284] pci 0000:00:1c.0:   bridge window [io  0x5000-0x5fff]
[    1.399287] pci 0000:00:1c.0:   bridge window [mem 0x3fc00000-0x3fdfffff]
[    1.399290] pci 0000:00:1c.0:   bridge window [mem 0x3fe00000-0x3fffffff 64bit pref]
[    1.399294] pci 0000:00:1d.0: PCI bridge to [bus 03]
[    1.399297] pci 0000:00:1d.0:   bridge window [mem 0x51000000-0x510fffff]
[    1.399302] pci_bus 0000:00: resource 4 [io  0x0000-0x0cf7 window]
[    1.399304] pci_bus 0000:00: resource 5 [io  0x0d00-0xffff window]
[    1.399305] pci_bus 0000:00: resource 6 [mem 0x000a0000-0x000bffff window]
[    1.399306] pci_bus 0000:00: resource 7 [mem 0x000e0000-0x000e3fff window]
[    1.399307] pci_bus 0000:00: resource 8 [mem 0x000e4000-0x000e7fff window]
[    1.399309] pci_bus 0000:00: resource 9 [mem 0x000e8000-0x000ebfff window]
[    1.399310] pci_bus 0000:00: resource 10 [mem 0x000ec000-0x000effff window]
[    1.399311] pci_bus 0000:00: resource 11 [mem 0x000f0000-0x000fffff window]
[    1.399312] pci_bus 0000:00: resource 12 [mem 0x3f800000-0xdfffffff window]
[    1.399313] pci_bus 0000:00: resource 13 [mem 0xfc800000-0xfe7fffff window]
[    1.399315] pci_bus 0000:01: resource 0 [io  0x4000-0x4fff]
[    1.399316] pci_bus 0000:01: resource 1 [mem 0x3f800000-0x3f9fffff]
[    1.399317] pci_bus 0000:01: resource 2 [mem 0x3fa00000-0x3fbfffff 64bit pref]
[    1.399318] pci_bus 0000:02: resource 0 [io  0x5000-0x5fff]
[    1.399319] pci_bus 0000:02: resource 1 [mem 0x3fc00000-0x3fdfffff]
[    1.399320] pci_bus 0000:02: resource 2 [mem 0x3fe00000-0x3fffffff 64bit pref]
[    1.399322] pci_bus 0000:03: resource 1 [mem 0x51000000-0x510fffff]
[    1.399460] pci 0000:00:02.0: Video device with shadowed ROM at [mem 0x000c0000-0x000dffff]
[    1.399515] PCI: CLS 64 bytes, default 64
[    1.399544] Trying to unpack rootfs image as initramfs...
[    1.488596] Initramfs unpacking failed: Decoding failed
[    1.488606] fbcon: Taking over console
[    1.492773] Freeing initrd memory: 49808K
[    1.492800] DMAR: Host address width 39
[    1.492801] DMAR: DRHD base: 0x000000fed90000 flags: 0x0
[    1.492815] DMAR: dmar0: reg_base_addr fed90000 ver 1:0 cap 1c0000c40660462 ecap 19e2ff0505e
[    1.492817] DMAR: DRHD base: 0x000000fed91000 flags: 0x1
[    1.492821] DMAR: dmar1: reg_base_addr fed91000 ver 1:0 cap d2008c40660462 ecap f050da
[    1.492823] DMAR: RMRR base: 0x000000398e1000 end: 0x00000039b2afff
[    1.492824] DMAR: RMRR base: 0x0000003b000000 end: 0x0000003f7fffff
[    1.492836] PCI-DMA: Using software bounce buffering for IO (SWIOTLB)
[    1.492837] software IO TLB: mapped [mem 0x00000000296ed000-0x000000002d6ed000] (64MB)
[    1.493133] platform rtc_cmos: registered platform RTC device (no PNP device found)
[    1.493323] check: Scanning for low memory corruption every 60 seconds
[    1.493772] Initialise system trusted keyrings
[    1.493782] Key type blacklist registered
[    1.493806] workingset: timestamp_bits=36 max_order=23 bucket_order=0
[    1.494675] zbud: loaded
[    1.494903] squashfs: version 4.0 (2009/01/31) Phillip Lougher
[    1.495042] fuse: init (API version 7.33)
[    1.495155] integrity: Platform Keyring initialized
[    1.502844] Key type asymmetric registered
[    1.502846] Asymmetric key parser 'x509' registered
[    1.502851] Block layer SCSI generic (bsg) driver version 0.4 loaded (major 245)
[    1.502878] io scheduler mq-deadline registered
[    1.503256] pcieport 0000:00:1b.0: PME: Signaling with IRQ 120
[    1.503284] pcieport 0000:00:1b.0: pciehp: Slot #0 AttnBtn- PwrCtrl- MRL- AttnInd- PwrInd- HotPlug+ Surprise+ Interlock- NoCompl+ IbPresDis- LLActRep+
[    1.503518] pcieport 0000:00:1c.0: PME: Signaling with IRQ 121
[    1.503544] pcieport 0000:00:1c.0: pciehp: Slot #0 AttnBtn- PwrCtrl- MRL- AttnInd- PwrInd- HotPlug+ Surprise+ Interlock- NoCompl+ IbPresDis- LLActRep+
[    1.503754] pcieport 0000:00:1d.0: PME: Signaling with IRQ 122
[    1.503790] pcieport 0000:00:1d.0: AER: enabled with IRQ 122
[    1.503852] shpchp: Standard Hot Plug PCI Controller Driver version: 0.4
[    1.503896] efifb: probing for efifb
[    1.503912] efifb: showing boot graphics
[    1.504361] efifb: framebuffer at 0x40000000, using 3072k, total 3072k
[    1.504362] efifb: mode is 1024x768x32, linelength=4096, pages=1
[    1.504364] efifb: scrolling: redraw
[    1.504364] efifb: Truecolor: size=8:8:8:8, shift=24:16:8:0
[    1.504425] Console: switching to colour frame buffer device 128x48
[    1.506193] fb0: EFI VGA frame buffer device
[    1.506199] intel_idle: MWAIT substates: 0x11142120
[    1.506473] Monitor-Mwait will be used to enter C-1 state
[    1.506477] Monitor-Mwait will be used to enter C-2 state
[    1.506479] Monitor-Mwait will be used to enter C-3 state
[    1.506481] ACPI: \_SB_.PR00: Found 3 idle states
[    1.506483] intel_idle: v0.5.1 model 0xA5
[    1.506905] intel_idle: Local APIC timer is reliable in all C-states
[    1.507081] input: Sleep Button as /devices/LNXSYSTM:00/LNXSYBUS:00/PNP0C0E:00/input/input0
[    1.507100] ACPI: Sleep Button [SLPB]
[    1.507130] input: Power Button as /devices/LNXSYSTM:00/LNXSYBUS:00/PNP0C0C:00/input/input1
[    1.507144] ACPI: Power Button [PWRB]
[    1.507172] input: Power Button as /devices/LNXSYSTM:00/LNXPWRBN:00/input/input2
[    1.507198] ACPI: Power Button [PWRF]
[    2.515037] tsc: Refined TSC clocksource calibration: 2903.999 MHz
[    2.515044] clocksource: tsc: mask: 0xffffffffffffffff max_cycles: 0x29dc050a48e, max_idle_ns: 440795325698 ns
[    2.515106] clocksource: Switched to clocksource tsc
[    3.542340] ACPI: Invalid passive threshold
[    3.542666] thermal LNXTHERM:00: registered as thermal_zone0
[    3.542668] ACPI: Thermal Zone [TZ10] (17 C)
[    3.543147] thermal LNXTHERM:01: registered as thermal_zone1
[    3.543149] ACPI: Thermal Zone [TZ00] (28 C)
[    3.543319] Serial: 8250/16550 driver, 32 ports, IRQ sharing enabled
[    3.543643] 00:01: ttyS0 at I/O 0x3f8 (irq = 4, base_baud = 115200) is a 16550A
[    3.546137] Linux agpgart interface v0.103
[    3.548682] loop: module loaded
[    3.548848] libphy: Fixed MDIO Bus: probed
[    3.548849] tun: Universal TUN/TAP device driver, 1.6
[    3.548871] PPP generic driver version 2.4.2
[    3.548902] VFIO - User Level meta-driver version: 0.3
[    3.548970] ehci_hcd: USB 2.0 'Enhanced' Host Controller (EHCI) Driver
[    3.548972] ehci-pci: EHCI PCI platform driver
[    3.548979] ehci-platform: EHCI generic platform driver
[    3.548986] ohci_hcd: USB 1.1 'Open' Host Controller (OHCI) Driver
[    3.548988] ohci-pci: OHCI PCI platform driver
[    3.548993] ohci-platform: OHCI generic platform driver
[    3.548998] uhci_hcd: USB Universal Host Controller Interface driver
[    3.549040] xhci_hcd 0000:00:14.0: xHCI Host Controller
[    3.549044] xhci_hcd 0000:00:14.0: new USB bus registered, assigned bus number 1
[    3.550110] xhci_hcd 0000:00:14.0: hcc params 0x200077c1 hci version 0x100 quirks 0x0000000000109810
[    3.550428] usb usb1: New USB device found, idVendor=1d6b, idProduct=0002, bcdDevice= 5.11
[    3.550430] usb usb1: New USB device strings: Mfr=3, Product=2, SerialNumber=1
[    3.550432] usb usb1: Product: xHCI Host Controller
[    3.550433] usb usb1: Manufacturer: Linux 5.11.0 xhci-hcd
[    3.550434] usb usb1: SerialNumber: 0000:00:14.0
[    3.550504] hub 1-0:1.0: USB hub found
[    3.550517] hub 1-0:1.0: 12 ports detected
[    3.552098] xhci_hcd 0000:00:14.0: xHCI Host Controller
[    3.552101] xhci_hcd 0000:00:14.0: new USB bus registered, assigned bus number 2
[    3.552103] xhci_hcd 0000:00:14.0: Host supports USB 3.0 SuperSpeed
[    3.552129] usb usb2: New USB device found, idVendor=1d6b, idProduct=0003, bcdDevice= 5.11
[    3.552132] usb usb2: New USB device strings: Mfr=3, Product=2, SerialNumber=1
[    3.552133] usb usb2: Product: xHCI Host Controller
[    3.552134] usb usb2: Manufacturer: Linux 5.11.0 xhci-hcd
[    3.552135] usb usb2: SerialNumber: 0000:00:14.0
[    3.552195] hub 2-0:1.0: USB hub found
[    3.552206] hub 2-0:1.0: 8 ports detected
[    3.553292] i8042: PNP: No PS/2 controller found.
[    3.553323] mousedev: PS/2 mouse device common for all mice
[    3.553407] rtc_cmos rtc_cmos: RTC can wake from S4
[    3.554000] rtc_cmos rtc_cmos: registered as rtc0
[    3.554189] rtc_cmos rtc_cmos: setting system clock to 2023-03-09T11:27:23 UTC (1678361243)
[    3.554201] rtc_cmos rtc_cmos: alarms up to one month, y3k, 114 bytes nvram, hpet irqs
[    3.554206] i2c /dev entries driver
[    3.554231] device-mapper: uevent: version 1.0.3
[    3.554295] device-mapper: ioctl: 4.43.0-ioctl (2020-10-01) initialised: dm-devel@redhat.com
[    3.554308] platform eisa.0: Probing EISA bus 0
[    3.554309] platform eisa.0: EISA: Cannot allocate resource for mainboard
[    3.554310] platform eisa.0: Cannot allocate resource for EISA slot 1
[    3.554312] platform eisa.0: Cannot allocate resource for EISA slot 2
[    3.554312] platform eisa.0: Cannot allocate resource for EISA slot 3
[    3.554313] platform eisa.0: Cannot allocate resource for EISA slot 4
[    3.554314] platform eisa.0: Cannot allocate resource for EISA slot 5
[    3.554315] platform eisa.0: Cannot allocate resource for EISA slot 6
[    3.554316] platform eisa.0: Cannot allocate resource for EISA slot 7
[    3.554317] platform eisa.0: Cannot allocate resource for EISA slot 8
[    3.554318] platform eisa.0: EISA: Detected 0 cards
[    3.554320] intel_pstate: Intel P-state driver initializing
[    3.555149] intel_pstate: HWP enabled
[    3.555791] ledtrig-cpu: registered to indicate activity on CPUs
[    3.555795] EFI Variables Facility v0.08 2004-May-17
[    3.559602] resource sanity check: requesting [mem 0xfdffe800-0xfe0007ff], which spans more than pnp 00:05 [mem 0xfdb00000-0xfdffffff]
[    3.559604] caller pmc_core_probe+0x81/0x380 mapping multiple BARs
[    3.559614] intel_pmc_core INT33A1:00:  initialized
[    3.559643] drop_monitor: Initializing network drop monitor service
[    3.559720] NET: Registered protocol family 10
[    3.562543] Segment Routing with IPv6
[    3.562556] NET: Registered protocol family 17
[    3.562573] Key type dns_resolver registered
[    3.563319] microcode: sig=0xa0655, pf=0x2, revision=0xf4
[    3.563609] microcode: Microcode Update Driver: v2.2.
[    3.563611] IPI shorthand broadcast: enabled
[    3.563617] sched_clock: Marking stable (3562992941, 614533)->(3573763620, -10156146)
[    3.563735] registered taskstats version 1
[    3.563754] Loading compiled-in X.509 certificates
[    3.564237] Loaded X.509 cert 'Build time autogenerated kernel key: 792281da8c40d1cdc349208c066563dbe0fcd3a2'
[    3.564488] zswap: loaded using pool lzo/zbud
[    3.564664] Key type ._fscrypt registered
[    3.564665] Key type .fscrypt registered
[    3.564665] Key type fscrypt-provisioning registered
[    3.565925] Key type encrypted registered
[    3.565926] AppArmor: AppArmor sha1 policy hashing enabled
[    3.566600] integrity: Loading X.509 certificate: UEFI:MokListRT (MOKvar table)
[    3.566774] integrity: Loaded X.509 cert 'Canonical Ltd. Master Certificate Authority: ad91990bc22ab1f517048c23b6655a268e345a63'
[    3.566776] ima: No TPM chip found, activating TPM-bypass!
[    3.566779] ima: Allocated hash algorithm: sha1
[    3.566782] ima: No architecture policies found
[    3.566786] evm: Initialising EVM extended attributes:
[    3.566787] evm: security.selinux
[    3.566787] evm: security.SMACK64
[    3.566788] evm: security.SMACK64EXEC
[    3.566788] evm: security.SMACK64TRANSMUTE
[    3.566789] evm: security.SMACK64MMAP
[    3.566789] evm: security.apparmor
[    3.566789] evm: security.ima
[    3.566790] evm: security.capability
[    3.566790] evm: HMAC attrs: 0x1
[    3.567479] PM:   Magic number: 15:747:478
[    3.567482] rtc rtc0: hash matches
[    3.567609] RAS: Correctable Errors collector initialized.
[    3.568246] Freeing unused decrypted memory: 2036K
[    3.568470] Freeing unused kernel image (initmem) memory: 2624K
[    3.599106] Write protecting the kernel read-only data: 22528k
[    3.599713] Freeing unused kernel image (text/rodata gap) memory: 2036K
[    3.599838] Freeing unused kernel image (rodata/data gap) memory: 864K
[    3.607467] x86/mm: Checked W+X mappings: passed, no W+X pages found.
[    3.607469] Run /init as init process
[    3.607470]   with arguments:
[    3.607470]     /init
[    3.607471]     splash
[    3.607472]   with environment:
[    3.607472]     HOME=/
[    3.607472]     TERM=linux
[    3.607473]     BOOT_IMAGE=/boot/vmlinuz-5.11.0
[    3.641853] fjes: module verification failed: signature and/or required key missing - tainting kernel
[    3.649801] acpi PNP0C14:02: duplicate WMI GUID 05901221-D566-11D1-B2F0-00A0C9062910 (first instance was on PNP0C14:01)
[    3.650013] acpi PNP0C14:03: duplicate WMI GUID 05901221-D566-11D1-B2F0-00A0C9062910 (first instance was on PNP0C14:01)
[    3.650656] ahci 0000:00:17.0: version 3.0
[    3.651472] e1000e: Intel(R) PRO/1000 Network Driver
[    3.651473] e1000e: Copyright(c) 1999 - 2015 Intel Corporation.
[    3.651677] i801_smbus 0000:00:1f.4: SPD Write Disable is set
[    3.651727] i801_smbus 0000:00:1f.4: SMBus using PCI interrupt
[    3.651750] e1000e 0000:00:1f.6: Interrupt Throttling Rate (ints/sec) set to dynamic conservative mode
[    3.651830] nvme 0000:03:00.0: platform quirk: setting simple suspend
[    3.651860] nvme nvme0: pci function 0000:03:00.0
[    3.652789] i2c i2c-0: 3/4 memory slots populated (from DMI)
[    3.653106] i2c i2c-0: Successfully instantiated SPD at 0x50
[    3.653605] i2c i2c-0: Successfully instantiated SPD at 0x52
[    3.653920] i2c i2c-0: Successfully instantiated SPD at 0x53
[    3.660963] ahci 0000:00:17.0: AHCI 0001.0301 32 slots 6 ports 6 Gbps 0x3f impl SATA mode
[    3.660967] ahci 0000:00:17.0: flags: 64bit ncq sntf led clo only pio slum part ems deso sadm sds apst 
[    3.666650] nvme nvme0: Shutdown timeout set to 10 seconds
[    3.669588] nvme nvme0: 16/0/0 default/read/poll queues
[    3.670583]  nvme0n1: p1
[    3.719581] scsi host0: ahci
[    3.719822] scsi host1: ahci
[    3.720036] scsi host2: ahci
[    3.720249] scsi host3: ahci
[    3.720423] scsi host4: ahci
[    3.720538] scsi host5: ahci
[    3.720567] ata1: SATA max UDMA/133 abar m2048@0x5114b000 port 0x5114b100 irq 124
[    3.720569] ata2: SATA max UDMA/133 abar m2048@0x5114b000 port 0x5114b180 irq 124
[    3.720570] ata3: SATA max UDMA/133 abar m2048@0x5114b000 port 0x5114b200 irq 124
[    3.720571] ata4: SATA max UDMA/133 abar m2048@0x5114b000 port 0x5114b280 irq 124
[    3.720573] ata5: SATA max UDMA/133 abar m2048@0x5114b000 port 0x5114b300 irq 124
[    3.720574] ata6: SATA max UDMA/133 abar m2048@0x5114b000 port 0x5114b380 irq 124
[    3.887004] usb 1-7: new high-speed USB device number 2 using xhci_hcd
[    4.034331] ata5: SATA link down (SStatus 4 SControl 300)
[    4.034420] ata3: SATA link up 6.0 Gbps (SStatus 133 SControl 300)
[    4.034435] ata2: SATA link up 6.0 Gbps (SStatus 133 SControl 300)
[    4.034448] ata6: SATA link up 6.0 Gbps (SStatus 133 SControl 300)
[    4.034458] ata4: SATA link down (SStatus 4 SControl 300)
[    4.034471] ata1: SATA link down (SStatus 4 SControl 300)
[    4.034753] ata6.00: supports DRM functions and may not be fully accessible
[    4.035791] ata6.00: ATA-11: Samsung SSD 860 EVO 500GB, RVT04B6Q, max UDMA/133
[    4.035793] ata6.00: 976773168 sectors, multi 1: LBA48 NCQ (depth 32), AA
[    4.036117] ata2.00: supports DRM functions and may not be fully accessible
[    4.036785] ata3.00: supports DRM functions and may not be fully accessible
[    4.036901] ata2.00: disabling queued TRIM support
[    4.036902] ata2.00: ATA-9: Samsung SSD 850 PRO 256GB, EXM03B6Q, max UDMA/133
[    4.036903] ata2.00: 500118192 sectors, multi 1: LBA48 NCQ (depth 32), AA
[    4.037350] ata3.00: ATA-11: Samsung SSD 860 EVO 500GB, RVT04B6Q, max UDMA/133
[    4.037352] ata3.00: 976773168 sectors, multi 1: LBA48 NCQ (depth 32), AA
[    4.038325] ata6.00: supports DRM functions and may not be fully accessible
[    4.038586] ata2.00: supports DRM functions and may not be fully accessible
[    4.039147] ata2.00: disabling queued TRIM support
[    4.039176] ata3.00: supports DRM functions and may not be fully accessible
[    4.040609] ata2.00: configured for UDMA/133
[    4.040737] scsi 1:0:0:0: Direct-Access     ATA      Samsung SSD 850  3B6Q PQ: 0 ANSI: 5
[    4.040855] sd 1:0:0:0: Attached scsi generic sg0 type 0
[    4.040856] sd 1:0:0:0: [sda] 500118192 512-byte logical blocks: (256 GB/238 GiB)
[    4.040860] sd 1:0:0:0: [sda] Write Protect is off
[    4.040862] sd 1:0:0:0: [sda] Mode Sense: 00 3a 00 00
[    4.040868] sd 1:0:0:0: [sda] Write cache: enabled, read cache: enabled, doesn't support DPO or FUA
[    4.041006] ata3.00: configured for UDMA/133
[    4.041051] scsi 2:0:0:0: Direct-Access     ATA      Samsung SSD 860  4B6Q PQ: 0 ANSI: 5
[    4.041116] scsi 2:0:0:0: Attached scsi generic sg1 type 0
[    4.041144] ata3.00: Enabling discard_zeroes_data
[    4.041159] ata6.00: configured for UDMA/133
[    4.041162] sd 2:0:0:0: [sdb] 976773168 512-byte logical blocks: (500 GB/466 GiB)
[    4.041167] sd 2:0:0:0: [sdb] Write Protect is off
[    4.041168] sd 2:0:0:0: [sdb] Mode Sense: 00 3a 00 00
[    4.041172] sd 2:0:0:0: [sdb] Write cache: enabled, read cache: enabled, doesn't support DPO or FUA
[    4.041231] scsi 5:0:0:0: Direct-Access     ATA      Samsung SSD 860  4B6Q PQ: 0 ANSI: 5
[    4.041304] sd 5:0:0:0: Attached scsi generic sg2 type 0
[    4.041308] ata6.00: Enabling discard_zeroes_data
[    4.041326] sd 5:0:0:0: [sdc] 976773168 512-byte logical blocks: (500 GB/466 GiB)
[    4.041329] sd 5:0:0:0: [sdc] Write Protect is off
[    4.041330] sd 5:0:0:0: [sdc] Mode Sense: 00 3a 00 00
[    4.041336] sd 5:0:0:0: [sdc] Write cache: enabled, read cache: enabled, doesn't support DPO or FUA
[    4.049691] e1000e 0000:00:1f.6 0000:00:1f.6 (uninitialized): registered PHC clock
[    4.063742]  sda: sda1 sda2 < sda5 sda6 >
[    4.064393] sd 1:0:0:0: [sda] supports TCG Opal
[    4.064394] sd 1:0:0:0: [sda] Attached SCSI disk
[    4.064403]  sdb: sdb1 sdb2
[    4.064554] ata3.00: Enabling discard_zeroes_data
[    4.064657]  sdc: sdc1 sdc2 sdc3 sdc4 sdc5
[    4.064914] ata6.00: Enabling discard_zeroes_data
[    4.065443] sd 2:0:0:0: [sdb] supports TCG Opal
[    4.065444] sd 2:0:0:0: [sdb] Attached SCSI disk
[    4.065953] sd 5:0:0:0: [sdc] supports TCG Opal
[    4.065960] sd 5:0:0:0: [sdc] Attached SCSI disk
[    4.120650] e1000e 0000:00:1f.6 eth0: (PCI Express:2.5GT/s:Width x1) 18:c0:4d:71:e0:f5
[    4.120654] e1000e 0000:00:1f.6 eth0: Intel(R) PRO/1000 Network Connection
[    4.120709] e1000e 0000:00:1f.6 eth0: MAC: 12, PHY: 12, PBA No: FFFFFF-0FF
[    4.130303] usb 1-7: New USB device found, idVendor=1bcf, idProduct=5034, bcdDevice=11.05
[    4.130305] usb 1-7: New USB device strings: Mfr=1, Product=2, SerialNumber=3
[    4.130306] usb 1-7: Product: ABKO APC930 QHD WEBCAM
[    4.130307] usb 1-7: Manufacturer: SunplusIT Inc
[    4.130308] usb 1-7: SerialNumber: CY2A20201105V0
[    4.143766] e1000e 0000:00:1f.6 eno1: renamed from eth0
[    4.271069] usb 1-8: new full-speed USB device number 3 using xhci_hcd
[    4.426207] usb 1-8: New USB device found, idVendor=048d, idProduct=5702, bcdDevice= 0.01
[    4.426209] usb 1-8: New USB device strings: Mfr=1, Product=2, SerialNumber=0
[    4.426210] usb 1-8: Product: ITE Device
[    4.426211] usb 1-8: Manufacturer: ITE Tech. Inc.
[    4.555068] usb 1-9: new full-speed USB device number 4 using xhci_hcd
[    4.705497] usb 1-9: New USB device found, idVendor=0c45, idProduct=672e, bcdDevice= 1.02
[    4.705499] usb 1-9: New USB device strings: Mfr=1, Product=2, SerialNumber=0
[    4.705500] usb 1-9: Product: USB DEVICE
[    4.705501] usb 1-9: Manufacturer: SONiX
[    4.831065] usb 1-10: new full-speed USB device number 5 using xhci_hcd
[    4.980901] usb 1-10: New USB device found, idVendor=046d, idProduct=c092, bcdDevice=52.00
[    4.980903] usb 1-10: New USB device strings: Mfr=1, Product=2, SerialNumber=3
[    4.980904] usb 1-10: Product: G102 LIGHTSYNC Gaming Mouse
[    4.980905] usb 1-10: Manufacturer: Logitech
[    4.980906] usb 1-10: SerialNumber: 206A39505242
[    5.107063] usb 1-11: new high-speed USB device number 6 using xhci_hcd
[    5.256290] usb 1-11: New USB device found, idVendor=05e3, idProduct=0608, bcdDevice=85.36
[    5.256292] usb 1-11: New USB device strings: Mfr=0, Product=1, SerialNumber=0
[    5.256293] usb 1-11: Product: USB2.0 Hub
[    5.257094] hub 1-11:1.0: USB hub found
[    5.257345] hub 1-11:1.0: 4 ports detected
[    5.260379] hid: raw HID events driver (C) Jiri Kosina
[    5.264370] usbcore: registered new interface driver usbhid
[    5.264371] usbhid: USB HID core driver
[    5.265309] hid-generic 0003:048D:5702.0001: hiddev0,hidraw0: USB HID v1.12 Device [ITE Tech. Inc. ITE Device] on usb-0000:00:14.0-8/input0
[    5.265391] input: SONiX USB DEVICE as /devices/pci0000:00/0000:00:14.0/usb1/1-9/1-9:1.0/0003:0C45:672E.0002/input/input3
[    5.323277] hid-generic 0003:0C45:672E.0002: input,hidraw1: USB HID v1.11 Keyboard [SONiX USB DEVICE] on usb-0000:00:14.0-9/input0
[    5.323637] input: SONiX USB DEVICE Keyboard as /devices/pci0000:00/0000:00:14.0/usb1/1-9/1-9:1.1/0003:0C45:672E.0003/input/input4
[    5.383188] input: SONiX USB DEVICE Wireless Radio Control as /devices/pci0000:00/0000:00:14.0/usb1/1-9/1-9:1.1/0003:0C45:672E.0003/input/input5
[    5.383319] input: SONiX USB DEVICE Consumer Control as /devices/pci0000:00/0000:00:14.0/usb1/1-9/1-9:1.1/0003:0C45:672E.0003/input/input6
[    5.383426] input: SONiX USB DEVICE as /devices/pci0000:00/0000:00:14.0/usb1/1-9/1-9:1.1/0003:0C45:672E.0003/input/input7
[    5.383648] hid-generic 0003:0C45:672E.0003: input,hiddev1,hidraw2: USB HID v1.11 Keyboard [SONiX USB DEVICE] on usb-0000:00:14.0-9/input1
[    5.383700] input: Logitech G102 LIGHTSYNC Gaming Mouse as /devices/pci0000:00/0000:00:14.0/usb1/1-10/1-10:1.0/0003:046D:C092.0004/input/input8
[    5.383774] hid-generic 0003:046D:C092.0004: input,hidraw3: USB HID v1.11 Mouse [Logitech G102 LIGHTSYNC Gaming Mouse] on usb-0000:00:14.0-10/input0
[    5.383891] input: Logitech G102 LIGHTSYNC Gaming Mouse Keyboard as /devices/pci0000:00/0000:00:14.0/usb1/1-10/1-10:1.1/0003:046D:C092.0005/input/input9
[    5.443138] input: Logitech G102 LIGHTSYNC Gaming Mouse Consumer Control as /devices/pci0000:00/0000:00:14.0/usb1/1-10/1-10:1.1/0003:046D:C092.0005/input/input10
[    5.443195] input: Logitech G102 LIGHTSYNC Gaming Mouse System Control as /devices/pci0000:00/0000:00:14.0/usb1/1-10/1-10:1.1/0003:046D:C092.0005/input/input11
[    5.443234] hid-generic 0003:046D:C092.0005: input,hiddev2,hidraw4: USB HID v1.11 Keyboard [Logitech G102 LIGHTSYNC Gaming Mouse] on usb-0000:00:14.0-10/input1
[    5.523030] raid6: avx2x4   gen() 51754 MB/s
[    5.591029] raid6: avx2x4   xor() 19924 MB/s
[    5.659029] raid6: avx2x2   gen() 50534 MB/s
[    5.727017] raid6: avx2x2   xor() 30441 MB/s
[    5.795023] raid6: avx2x1   gen() 44342 MB/s
[    5.863017] raid6: avx2x1   xor() 26041 MB/s
[    5.931030] raid6: sse2x4   gen() 21533 MB/s
[    5.999030] raid6: sse2x4   xor() 12245 MB/s
[    6.067033] raid6: sse2x2   gen() 21929 MB/s
[    6.135026] raid6: sse2x2   xor() 13206 MB/s
[    6.203021] raid6: sse2x1   gen() 18508 MB/s
[    6.271021] raid6: sse2x1   xor()  9377 MB/s
[    6.271021] raid6: using algorithm avx2x4 gen() 51754 MB/s
[    6.271022] raid6: .... xor() 19924 MB/s, rmw enabled
[    6.271022] raid6: using avx2x2 recovery algorithm
[    6.271811] xor: automatically using best checksumming function   avx       
[    6.277373] Btrfs loaded, crc32c=crc32c-intel, zoned=yes
[    6.360635] EXT4-fs (sdb2): mounted filesystem with ordered data mode. Opts: (null). Quota mode: none.
[    6.461962] systemd[1]: Inserted module 'autofs4'
[    6.479080] systemd[1]: systemd 245.4-4ubuntu3.20 running in system mode. (+PAM +AUDIT +SELINUX +IMA +APPARMOR +SMACK +SYSVINIT +UTMP +LIBCRYPTSETUP +GCRYPT +GNUTLS +ACL +XZ +LZ4 +SECCOMP +BLKID +ELFUTILS +KMOD +IDN2 -IDN +PCRE2 default-hierarchy=hybrid)
[    6.499097] systemd[1]: Detected architecture x86-64.
[    6.523846] systemd[1]: Set hostname to <juwon-B460MAORUSPRO>.
[    6.595991] systemd[1]: /etc/systemd/system/teamviewerd.service:9: PIDFile= references a path below legacy directory /var/run/, updating /var/run/teamviewerd.pid  /run/teamviewerd.pid; please update the unit file accordingly.
[    6.621661] systemd[1]: /etc/systemd/system/anydesk.service:9: PIDFile= references a path below legacy directory /var/run/, updating /var/run/anydesk.pid  /run/anydesk.pid; please update the unit file accordingly.
[    6.638752] systemd[1]: Created slice system-modprobe.slice.
[    6.638871] systemd[1]: Created slice system-systemd\x2dfsck.slice.
[    6.638970] systemd[1]: Created slice User and Session Slice.
[    6.638996] systemd[1]: Started Forward Password Requests to Wall Directory Watch.
[    6.639069] systemd[1]: Set up automount Arbitrary Executable File Formats File System Automount Point.
[    6.639092] systemd[1]: Reached target User and Group Name Lookups.
[    6.639103] systemd[1]: Reached target Slices.
[    6.640814] systemd[1]: Listening on RPCbind Server Activation Socket.
[    6.641524] systemd[1]: Listening on Syslog Socket.
[    6.641563] systemd[1]: Listening on fsck to fsckd communication Socket.
[    6.641586] systemd[1]: Listening on initctl Compatibility Named Pipe.
[    6.641658] systemd[1]: Listening on Journal Audit Socket.
[    6.641692] systemd[1]: Listening on Journal Socket (/dev/log).
[    6.641731] systemd[1]: Listening on Journal Socket.
[    6.641779] systemd[1]: Listening on udev Control Socket.
[    6.641805] systemd[1]: Listening on udev Kernel Socket.
[    6.642157] systemd[1]: Mounting Huge Pages File System...
[    6.642563] systemd[1]: Mounting POSIX Message Queue File System...
[    6.642950] systemd[1]: Mounting NFSD configuration filesystem...
[    6.643382] systemd[1]: Mounting RPC Pipe File System...
[    6.643840] systemd[1]: Mounting Kernel Debug File System...
[    6.644284] systemd[1]: Mounting Kernel Trace File System...
[    6.645034] systemd[1]: Starting Journal Service...
[    6.645083] systemd[1]: Condition check resulted in Kernel Module supporting RPCSEC_GSS being skipped.
[    6.645501] systemd[1]: Starting Set the console keyboard layout...
[    6.645952] systemd[1]: Starting Create list of static device nodes for the current kernel...
[    6.646400] systemd[1]: Starting Load Kernel Module chromeos_pstore...
[    6.646827] systemd[1]: Starting Load Kernel Module drm...
[    6.647248] systemd[1]: Starting Load Kernel Module efi_pstore...
[    6.647668] systemd[1]: Starting Load Kernel Module pstore_blk...
[    6.648094] systemd[1]: Starting Load Kernel Module pstore_zone...
[    6.648521] systemd[1]: Starting Load Kernel Module ramoops...
[    6.649946] systemd[1]: Condition check resulted in Set Up Additional Binary Formats being skipped.
[    6.649971] systemd[1]: Condition check resulted in File System Check on Root Device being skipped.
[    6.652000] systemd[1]: Starting Load Kernel Modules...
[    6.652415] systemd[1]: Starting Remount Root and Kernel File Systems...
[    6.652942] systemd[1]: Starting udev Coldplug all Devices...
[    6.653393] systemd[1]: Starting Uncomplicated firewall...
[    6.653497] RPC: Registered named UNIX socket transport module.
[    6.653498] RPC: Registered udp transport module.
[    6.653498] RPC: Registered tcp transport module.
[    6.653499] RPC: Registered tcp NFSv4.1 backchannel transport module.
[    6.653718] pstore: Using crash dump compression: deflate
[    6.653723] pstore: Registered efi as persistent store backend
[    6.653907] systemd[1]: Started Read required files in advance.
[    6.654785] systemd[1]: Mounted Huge Pages File System.
[    6.654840] systemd[1]: Mounted POSIX Message Queue File System.
[    6.654889] systemd[1]: Mounted RPC Pipe File System.
[    6.654945] systemd[1]: Mounted Kernel Debug File System.
[    6.655012] systemd[1]: Mounted Kernel Trace File System.
[    6.655206] systemd[1]: Finished Create list of static device nodes for the current kernel.
[    6.655311] systemd[1]: modprobe@drm.service: Succeeded.
[    6.655446] systemd[1]: Finished Load Kernel Module drm.
[    6.655550] systemd[1]: modprobe@efi_pstore.service: Succeeded.
[    6.655680] systemd[1]: Finished Load Kernel Module efi_pstore.
[    6.655777] systemd[1]: modprobe@pstore_blk.service: Succeeded.
[    6.655900] systemd[1]: Finished Load Kernel Module pstore_blk.
[    6.655992] systemd[1]: modprobe@pstore_zone.service: Succeeded.
[    6.656116] systemd[1]: Finished Load Kernel Module pstore_zone.
[    6.656211] systemd[1]: modprobe@ramoops.service: Succeeded.
[    6.656332] systemd[1]: Finished Load Kernel Module ramoops.
[    6.656734] systemd[1]: Starting pNFS block layout mapping daemon...
[    6.657482] systemd[1]: Finished Uncomplicated firewall.
[    6.659452] systemd[1]: Started pNFS block layout mapping daemon.
[    6.661162] EXT4-fs (sdb2): re-mounted. Opts: errors=remount-ro. Quota mode: none.
[    6.661853] systemd[1]: Finished Remount Root and Kernel File Systems.
[    6.662218] systemd[1]: Activating swap /swapfile...
[    6.664702] systemd[1]: Condition check resulted in Rebuild Hardware Database being skipped.
[    6.665111] systemd[1]: Starting Load/Save Random Seed...
[    6.665523] systemd[1]: Starting Create System Users...
[    6.666870] lp: driver loaded but no devices found
[    6.669583] ppdev: user-space parallel port driver
[    6.670409] Installing knfsd (copyright (C) 1996 okir@monad.swb.de).
[    6.671335] systemd[1]: Mounted NFSD configuration filesystem.
[    6.681680] systemd[1]: Finished Load/Save Random Seed.
[    6.682521] systemd[1]: Finished Load Kernel Modules.
[    6.683003] systemd[1]: Mounting FUSE Control File System...
[    6.683473] systemd[1]: Mounting Kernel Configuration File System...
[    6.683910] systemd[1]: Starting Apply Kernel Variables...
[    6.684739] systemd[1]: Mounted FUSE Control File System.
[    6.684795] systemd[1]: Mounted Kernel Configuration File System.
[    6.685365] systemd[1]: Finished Set the console keyboard layout.
[    6.685618] systemd[1]: Finished Create System Users.
[    6.686094] systemd[1]: Starting Create Static Device Nodes in /dev...
[    6.687300] systemd[1]: ureadahead.service: Main process exited, code=exited, status=5/NOTINSTALLED
[    6.687355] systemd[1]: ureadahead.service: Failed with result 'exit-code'.
[    6.688540] systemd[1]: Started Journal Service.
[    6.691768] systemd-journald[399]: Received client request to flush runtime journal.
[    6.702987] Adding 2097148k swap on /swapfile.  Priority:-2 extents:6 across:2260988k SSFS
[    6.706813] loop0: detected capacity change from 8 to 0
[    6.739118] loop1: detected capacity change from 238992 to 0
[    6.771271] loop2: detected capacity change from 113888 to 0
[    6.795221] loop3: detected capacity change from 913992 to 0
[    6.795375] loop4: detected capacity change from 239176 to 0
[    6.795541] loop5: detected capacity change from 926512 to 0
[    6.884109] loop6: detected capacity change from 709280 to 0
[    6.888080] mei_me 0000:00:16.0: enabling device (0000 -> 0002)
[    6.889932] ee1004 0-0050: 512 byte EE1004-compliant SPD EEPROM, read-only
[    6.890803] ee1004 0-0052: 512 byte EE1004-compliant SPD EEPROM, read-only
[    6.891015] ee1004 0-0053: 512 byte EE1004-compliant SPD EEPROM, read-only
[    6.909086] mc: Linux media interface: v0.10
[    6.909316] RAPL PMU: API unit is 2^-32 Joules, 3 fixed counters, 655360 ms ovfl timer
[    6.909317] RAPL PMU: hw unit of domain pp0-core 2^-14 Joules
[    6.909318] RAPL PMU: hw unit of domain package 2^-14 Joules
[    6.909319] RAPL PMU: hw unit of domain pp1-gpu 2^-14 Joules
[    6.909962] checking generic (40000000 300000) vs hw (50000000 1000000)
[    6.909965] checking generic (40000000 300000) vs hw (40000000 10000000)
[    6.909966] fb0: switching to inteldrmfb from EFI VGA
[    6.910035] Console: switching to colour dummy device 80x25
[    6.910066] i915 0000:00:02.0: vgaarb: deactivate vga console
[    6.912648] i915 0000:00:02.0: vgaarb: changed VGA decodes: olddecodes=io+mem,decodes=io+mem:owns=io+mem
[    6.912934] videodev: Linux video capture interface: v2.00
[    6.914523] cryptd: max_cpu_qlen set to 1000
[    6.918460] AVX2 version of gcm_enc/dec engaged.
[    6.918462] AES CTR mode by8 optimization enabled
[    6.920680] i915 0000:00:02.0: [drm] Finished loading DMC firmware i915/kbl_dmc_ver1_04.bin (v1.4)
[    6.951124] loop7: detected capacity change from 113896 to 0
[    6.959690] uvcvideo: Found UVC 1.00 device ABKO APC930 QHD WEBCAM (1bcf:5034)
[    6.971880] snd_hda_intel 0000:00:1f.3: enabling device (0400 -> 0402)
[    6.973998] uvcvideo: Failed to query (GET_INFO) UVC control 16 on unit 1: -32 (exp. 1).
[    6.996859] mei_hdcp 0000:00:16.0-b638ab7e-94e2-4ea2-a552-d1c54b627f04: bound 0000:00:02.0 (ops intel_plane_helper_funcs [i915])
[    7.001422] intel_rapl_common: Found RAPL domain package
[    7.001424] intel_rapl_common: Found RAPL domain core
[    7.001425] intel_rapl_common: Found RAPL domain uncore
[    7.029071] [drm] Initialized i915 1.6.0 20201103 for 0000:00:02.0 on minor 0
[    7.030960] ACPI: Video Device [GFX0] (multi-head: yes  rom: no  post: no)
[    7.031301] input: Video Bus as /devices/LNXSYSTM:00/LNXSYBUS:00/PNP0A08:00/LNXVIDEO:00/input/input14
[    7.031407] snd_hda_intel 0000:00:1f.3: bound 0000:00:02.0 (ops intel_plane_helper_funcs [i915])
[    7.032177] loop8: detected capacity change from 129600 to 0
[    7.044542] input: ABKO APC930 QHD WEBCAM: ABKO AP as /devices/pci0000:00/0000:00:14.0/usb1/1-7/1-7:1.0/input/input15
[    7.044587] usbcore: registered new interface driver uvcvideo
[    7.044589] USB Video Class driver (1.1.1)
[    7.060309] usb 1-7: 3:1: cannot get freq at ep 0x86
[    7.062997] usb 1-7: 3:2: cannot set freq 11025 to ep 0x86
[    7.063241] loop9: detected capacity change from 448512 to 0
[    7.064676] usb 1-7: 3:3: cannot set freq 16000 to ep 0x86
[    7.066053] usb 1-7: 3:4: cannot set freq 22050 to ep 0x86
[    7.072593] usb 1-7: 3:5: cannot get freq at ep 0x86
[    7.075313] usb 1-7: 3:6: cannot set freq 32000 to ep 0x86
[    7.076952] usb 1-7: 3:7: cannot set freq 44100 to ep 0x86
[    7.078395] usb 1-7: 3:8: cannot set freq 48000 to ep 0x86
[    7.083670] snd_hda_codec_realtek hdaudioC0D0: ALCS1200A: SKU not ready 0x00000000
[    7.084130] snd_hda_codec_realtek hdaudioC0D0: autoconfig for ALCS1200A: line_outs=4 (0x14/0x15/0x16/0x17/0x0) type:line
[    7.084132] snd_hda_codec_realtek hdaudioC0D0:    speaker_outs=0 (0x0/0x0/0x0/0x0/0x0)
[    7.084133] snd_hda_codec_realtek hdaudioC0D0:    hp_outs=1 (0x1b/0x0/0x0/0x0/0x0)
[    7.084134] snd_hda_codec_realtek hdaudioC0D0:    mono: mono_out=0x0
[    7.084135] snd_hda_codec_realtek hdaudioC0D0:    inputs:
[    7.084136] snd_hda_codec_realtek hdaudioC0D0:      Front Mic=0x19
[    7.084137] snd_hda_codec_realtek hdaudioC0D0:      Rear Mic=0x18
[    7.084138] snd_hda_codec_realtek hdaudioC0D0:      Line=0x1a
[    7.101486] input: HDA Intel PCH Front Mic as /devices/pci0000:00/0000:00:1f.3/sound/card0/input16
[    7.101518] input: HDA Intel PCH Rear Mic as /devices/pci0000:00/0000:00:1f.3/sound/card0/input17
[    7.101543] input: HDA Intel PCH Line as /devices/pci0000:00/0000:00:1f.3/sound/card0/input18
[    7.101568] input: HDA Intel PCH Line Out Front as /devices/pci0000:00/0000:00:1f.3/sound/card0/input19
[    7.101591] input: HDA Intel PCH Line Out Surround as /devices/pci0000:00/0000:00:1f.3/sound/card0/input20
[    7.101612] input: HDA Intel PCH Line Out CLFE as /devices/pci0000:00/0000:00:1f.3/sound/card0/input21
[    7.101637] input: HDA Intel PCH Line Out Side as /devices/pci0000:00/0000:00:1f.3/sound/card0/input22
[    7.101658] input: HDA Intel PCH Front Headphone as /devices/pci0000:00/0000:00:1f.3/sound/card0/input23
[    7.101683] input: HDA Intel PCH HDMI/DP,pcm=3 as /devices/pci0000:00/0000:00:1f.3/sound/card0/input24
[    7.101703] input: HDA Intel PCH HDMI/DP,pcm=7 as /devices/pci0000:00/0000:00:1f.3/sound/card0/input25
[    7.101722] input: HDA Intel PCH HDMI/DP,pcm=8 as /devices/pci0000:00/0000:00:1f.3/sound/card0/input26
[    7.101741] input: HDA Intel PCH HDMI/DP,pcm=9 as /devices/pci0000:00/0000:00:1f.3/sound/card0/input27
[    7.101761] input: HDA Intel PCH HDMI/DP,pcm=10 as /devices/pci0000:00/0000:00:1f.3/sound/card0/input28
[    7.118675] usb 1-7: Warning! Unlikely big volume range (=4096), cval->res is probably wrong.
[    7.118678] usb 1-7: [7] FU [Mic Capture Volume] ch = 1, val = 0/4096/1
[    7.118792] usbcore: registered new interface driver snd-usb-audio
[    7.127296] loop10: detected capacity change from 94064 to 0
[    7.141404] fbcon: i915drmfb (fb0) is primary device
[    7.235198] loop11: detected capacity change from 662544 to 0
[    7.241119] Console: switching to colour frame buffer device 240x67
[    7.259630] i915 0000:00:02.0: [drm] fb0: i915drmfb frame buffer device
[    7.327630] loop12: detected capacity change from 5208 to 0
[    7.399386] loop13: detected capacity change from 149312 to 0
[    7.480267] loop14: detected capacity change from 3048 to 0
[    7.547196] loop15: detected capacity change from 94056 to 0
[    7.619464] loop16: detected capacity change from 166424 to 0
[    7.639270] loop17: detected capacity change from 78464 to 0
[    7.763273] loop18: detected capacity change from 895472 to 0
[    7.819442] loop19: detected capacity change from 448512 to 0
[    7.875419] loop20: detected capacity change from 129608 to 0
[    7.927222] loop21: detected capacity change from 149312 to 0
[    7.975309] loop22: detected capacity change from 384320 to 0
[    8.047248] loop23: detected capacity change from 187776 to 0
[    8.135427] loop24: detected capacity change from 893552 to 0
[    8.211324] loop25: detected capacity change from 709216 to 0
[    8.862131] audit: type=1400 audit(1678361248.803:2): apparmor="STATUS" operation="profile_load" profile="unconfined" name="libreoffice-senddoc" pid=977 comm="apparmor_parser"
[    8.862287] audit: type=1400 audit(1678361248.803:3): apparmor="STATUS" operation="profile_load" profile="unconfined" name="libreoffice-xpdfimport" pid=980 comm="apparmor_parser"
[    8.862390] audit: type=1400 audit(1678361248.803:4): apparmor="STATUS" operation="profile_load" profile="unconfined" name="lsb_release" pid=976 comm="apparmor_parser"
[    8.862503] audit: type=1400 audit(1678361248.803:5): apparmor="STATUS" operation="profile_load" profile="unconfined" name="ippusbxd" pid=971 comm="apparmor_parser"
[    8.862580] audit: type=1400 audit(1678361248.803:6): apparmor="STATUS" operation="profile_load" profile="unconfined" name="nvidia_modprobe" pid=966 comm="apparmor_parser"
[    8.862582] audit: type=1400 audit(1678361248.803:7): apparmor="STATUS" operation="profile_load" profile="unconfined" name="nvidia_modprobe//kmod" pid=966 comm="apparmor_parser"
[    8.862747] audit: type=1400 audit(1678361248.803:8): apparmor="STATUS" operation="profile_load" profile="unconfined" name="/usr/lib/ibus/ibus-engine-hangul" pid=973 comm="apparmor_parser"
[    8.862836] audit: type=1400 audit(1678361248.803:9): apparmor="STATUS" operation="profile_load" profile="unconfined" name="libreoffice-oopslash" pid=974 comm="apparmor_parser"
[    8.863192] audit: type=1400 audit(1678361248.807:10): apparmor="STATUS" operation="profile_load" profile="unconfined" name="/usr/bin/man" pid=965 comm="apparmor_parser"
[    8.863194] audit: type=1400 audit(1678361248.807:11): apparmor="STATUS" operation="profile_load" profile="unconfined" name="man_filter" pid=965 comm="apparmor_parser"
[    9.203329] process '/usr/bin/anydesk' started with executable stack
[    9.963307] loop26: detected capacity change from 8 to 0
[   10.097559] usb 1-7: 3:7: cannot get freq at ep 0x86
[   10.327912] NFSD: Using UMH upcall client tracking operations.
[   10.327915] NFSD: starting 90-second grace period (net f0000098)
[   12.404754] rfkill: input handler disabled
[   14.091561] show_signal_msg: 39 callbacks suppressed
[   14.091564] fwupd[2182]: segfault at 8 ip 0000556f2c7e410d sp 00007ffd61325ce0 error 4 in fwupd[556f2c7df000+26000]
[   14.091569] Code: ff 85 c0 0f 85 97 02 00 00 48 8b 7c 24 30 e8 5a d5 ff ff e9 67 01 00 00 48 8b 44 24 28 48 8d 3d d9 14 02 00 41 be 01 00 00 00 <48> 8b 70 08 31 c0 e8 08 f4 ff ff 4d 85 e4 74 08 4c 89 e7 e8 2b db
[   14.315513] e1000e 0000:00:1f.6 eno1: NIC Link is Up 1000 Mbps Full Duplex, Flow Control: Rx/Tx
[   14.315599] IPv6: ADDRCONF(NETDEV_CHANGE): eno1: link becomes ready
[   40.065026] audit: type=1400 audit(1678361280.007:51): apparmor="DENIED" operation="open" profile="snap.snap-store.ubuntu-software" name="/var/lib/snapd/hostfs/usr/share/gdm/greeter/applications/gnome-initial-setup.desktop" pid=1876 comm="snap-store" requested_mask="r" denied_mask="r" fsuid=1000 ouid=0
[   40.091173] audit: type=1400 audit(1678361280.035:52): apparmor="DENIED" operation="open" profile="snap.snap-store.ubuntu-software" name="/var/lib/snapd/hostfs/usr/share/gdm/greeter/applications/gnome-initial-setup.desktop" pid=1876 comm="snap-store" requested_mask="r" denied_mask="r" fsuid=1000 ouid=0
[   40.326380] audit: type=1326 audit(1678361280.267:53): auid=1000 uid=1000 gid=1000 ses=2 subj==snap.snap-store.ubuntu-software (enforce) pid=1876 comm="snap-store" exe="/snap/snap-store/638/usr/bin/snap-store" sig=0 arch=c000003e syscall=93 compat=0 ip=0x7fc515f8b39b code=0x50000
[   40.637846] audit: type=1400 audit(1678361280.579:54): apparmor="DENIED" operation="open" profile="snap.snap-store.ubuntu-software" name="/etc/PackageKit/Vendor.conf" pid=1876 comm="snap-store" requested_mask="r" denied_mask="r" fsuid=1000 ouid=0
[   40.932984] audit: type=1400 audit(1678361280.875:55): apparmor="DENIED" operation="open" profile="snap.snap-store.ubuntu-software" name="/etc/appstream.conf" pid=1876 comm="snap-store" requested_mask="r" denied_mask="r" fsuid=1000 ouid=0
[   40.956544] fwupd[2316]: segfault at 8 ip 000055e78bf3710d sp 00007fff800c85c0 error 4 in fwupd[55e78bf32000+26000]
[   40.956550] Code: ff 85 c0 0f 85 97 02 00 00 48 8b 7c 24 30 e8 5a d5 ff ff e9 67 01 00 00 48 8b 44 24 28 48 8d 3d d9 14 02 00 41 be 01 00 00 00 <48> 8b 70 08 31 c0 e8 08 f4 ff ff 4d 85 e4 74 08 4c 89 e7 e8 2b db
[   73.208087] fwupd[2377]: segfault at 8 ip 00005579b522f10d sp 00007ffe6732a4e0 error 4 in fwupd[5579b522a000+26000]
[   73.208093] Code: ff 85 c0 0f 85 97 02 00 00 48 8b 7c 24 30 e8 5a d5 ff ff e9 67 01 00 00 48 8b 44 24 28 48 8d 3d d9 14 02 00 41 be 01 00 00 00 <48> 8b 70 08 31 c0 e8 08 f4 ff ff 4d 85 e4 74 08 4c 89 e7 e8 2b db
[   99.331962] fwupd[2553]: segfault at 8 ip 000055fd5035210d sp 00007ffd765e4500 error 4 in fwupd[55fd5034d000+26000]
[   99.331968] Code: ff 85 c0 0f 85 97 02 00 00 48 8b 7c 24 30 e8 5a d5 ff ff e9 67 01 00 00 48 8b 44 24 28 48 8d 3d d9 14 02 00 41 be 01 00 00 00 <48> 8b 70 08 31 c0 e8 08 f4 ff ff 4d 85 e4 74 08 4c 89 e7 e8 2b db
[  131.308238] fwupd[2595]: segfault at 8 ip 000056461dba510d sp 00007ffc5fcf8890 error 4 in fwupd[56461dba0000+26000]
[  131.308245] Code: ff 85 c0 0f 85 97 02 00 00 48 8b 7c 24 30 e8 5a d5 ff ff e9 67 01 00 00 48 8b 44 24 28 48 8d 3d d9 14 02 00 41 be 01 00 00 00 <48> 8b 70 08 31 c0 e8 08 f4 ff ff 4d 85 e4 74 08 4c 89 e7 e8 2b db
