[    0.000000] microcode: microcode updated early to revision 0x5003707, date = 2024-03-01
[    0.000000] Linux version 5.11.0.vanilla-f2fs (root@oslab-PowerEdge-R740xd) (gcc (Ubuntu 9.4.0-1ubuntu1~20.04.2) 9.4.0, GNU ld (GNU Binutils for Ubuntu) 2.34) #64 SMP Sun Sep 15 23:33:40 KST 2024
[    0.000000] Command line: BOOT_IMAGE=/boot/vmlinuz-5.11.0.vanilla-f2fs root=UUID=0fe244cb-556c-49fd-bc46-148ab2afc428 ro memmap=448G$64G intremap=off isolcpus=37,39 quiet splash vt.handoff=7
[    0.000000] KERNEL supported cpus:
[    0.000000]   Intel GenuineIntel
[    0.000000]   AMD AuthenticAMD
[    0.000000]   Hygon HygonGenuine
[    0.000000]   Centaur CentaurHauls
[    0.000000]   zhaoxin   Shanghai  
[    0.000000] x86/fpu: Supporting XSAVE feature 0x001: 'x87 floating point registers'
[    0.000000] x86/fpu: Supporting XSAVE feature 0x002: 'SSE registers'
[    0.000000] x86/fpu: Supporting XSAVE feature 0x004: 'AVX registers'
[    0.000000] x86/fpu: Supporting XSAVE feature 0x008: 'MPX bounds registers'
[    0.000000] x86/fpu: Supporting XSAVE feature 0x010: 'MPX CSR'
[    0.000000] x86/fpu: Supporting XSAVE feature 0x020: 'AVX-512 opmask'
[    0.000000] x86/fpu: Supporting XSAVE feature 0x040: 'AVX-512 Hi256'
[    0.000000] x86/fpu: Supporting XSAVE feature 0x080: 'AVX-512 ZMM_Hi256'
[    0.000000] x86/fpu: Supporting XSAVE feature 0x200: 'Protection Keys User registers'
[    0.000000] x86/fpu: xstate_offset[2]:  576, xstate_sizes[2]:  256
[    0.000000] x86/fpu: xstate_offset[3]:  832, xstate_sizes[3]:   64
[    0.000000] x86/fpu: xstate_offset[4]:  896, xstate_sizes[4]:   64
[    0.000000] x86/fpu: xstate_offset[5]:  960, xstate_sizes[5]:   64
[    0.000000] x86/fpu: xstate_offset[6]: 1024, xstate_sizes[6]:  512
[    0.000000] x86/fpu: xstate_offset[7]: 1536, xstate_sizes[7]: 1024
[    0.000000] x86/fpu: xstate_offset[9]: 2560, xstate_sizes[9]:    8
[    0.000000] x86/fpu: Enabled xstate features 0x2ff, context size is 2568 bytes, using 'compacted' format.
[    0.000000] BIOS-provided physical RAM map:
[    0.000000] BIOS-e820: [mem 0x0000000000000000-0x000000000009ffff] usable
[    0.000000] BIOS-e820: [mem 0x00000000000a0000-0x00000000000fffff] reserved
[    0.000000] BIOS-e820: [mem 0x0000000000100000-0x00000000682fefff] usable
[    0.000000] BIOS-e820: [mem 0x00000000682ff000-0x000000006ebfefff] reserved
[    0.000000] BIOS-e820: [mem 0x000000006ebff000-0x000000006f9fefff] ACPI NVS
[    0.000000] BIOS-e820: [mem 0x000000006f9ff000-0x000000006fffefff] ACPI data
[    0.000000] BIOS-e820: [mem 0x000000006ffff000-0x000000006fffffff] usable
[    0.000000] BIOS-e820: [mem 0x0000000070000000-0x000000008fffffff] reserved
[    0.000000] BIOS-e820: [mem 0x00000000fe000000-0x00000000fe010fff] reserved
[    0.000000] BIOS-e820: [mem 0x0000000100000000-0x000000807fffffff] usable
[    0.000000] NX (Execute Disable) protection: active
[    0.000000] e820: update [mem 0x4bf0b020-0x4bf1305f] usable ==> usable
[    0.000000] e820: update [mem 0x4bf0b020-0x4bf1305f] usable ==> usable
[    0.000000] e820: update [mem 0x4bef2020-0x4bf0a65f] usable ==> usable
[    0.000000] e820: update [mem 0x4bef2020-0x4bf0a65f] usable ==> usable
[    0.000000] e820: update [mem 0x4be92020-0x4bef1a5f] usable ==> usable
[    0.000000] e820: update [mem 0x4be92020-0x4bef1a5f] usable ==> usable
[    0.000000] e820: update [mem 0x4be32020-0x4be91a5f] usable ==> usable
[    0.000000] e820: update [mem 0x4be32020-0x4be91a5f] usable ==> usable
[    0.000000] e820: update [mem 0x4bdd5020-0x4be31c5f] usable ==> usable
[    0.000000] e820: update [mem 0x4bdd5020-0x4be31c5f] usable ==> usable
[    0.000000] e820: update [mem 0x4bd78020-0x4bdd4c5f] usable ==> usable
[    0.000000] e820: update [mem 0x4bd78020-0x4bdd4c5f] usable ==> usable
[    0.000000] e820: update [mem 0x4bd6d020-0x4bd77a5f] usable ==> usable
[    0.000000] e820: update [mem 0x4bd6d020-0x4bd77a5f] usable ==> usable
[    0.000000] e820: update [mem 0x4bd66020-0x4bd6c45f] usable ==> usable
[    0.000000] e820: update [mem 0x4bd66020-0x4bd6c45f] usable ==> usable
[    0.000000] extended physical RAM map:
[    0.000000] reserve setup_data: [mem 0x0000000000000000-0x000000000009ffff] usable
[    0.000000] reserve setup_data: [mem 0x00000000000a0000-0x00000000000fffff] reserved
[    0.000000] reserve setup_data: [mem 0x0000000000100000-0x000000004bd6601f] usable
[    0.000000] reserve setup_data: [mem 0x000000004bd66020-0x000000004bd6c45f] usable
[    0.000000] reserve setup_data: [mem 0x000000004bd6c460-0x000000004bd6d01f] usable
[    0.000000] reserve setup_data: [mem 0x000000004bd6d020-0x000000004bd77a5f] usable
[    0.000000] reserve setup_data: [mem 0x000000004bd77a60-0x000000004bd7801f] usable
[    0.000000] reserve setup_data: [mem 0x000000004bd78020-0x000000004bdd4c5f] usable
[    0.000000] reserve setup_data: [mem 0x000000004bdd4c60-0x000000004bdd501f] usable
[    0.000000] reserve setup_data: [mem 0x000000004bdd5020-0x000000004be31c5f] usable
[    0.000000] reserve setup_data: [mem 0x000000004be31c60-0x000000004be3201f] usable
[    0.000000] reserve setup_data: [mem 0x000000004be32020-0x000000004be91a5f] usable
[    0.000000] reserve setup_data: [mem 0x000000004be91a60-0x000000004be9201f] usable
[    0.000000] reserve setup_data: [mem 0x000000004be92020-0x000000004bef1a5f] usable
[    0.000000] reserve setup_data: [mem 0x000000004bef1a60-0x000000004bef201f] usable
[    0.000000] reserve setup_data: [mem 0x000000004bef2020-0x000000004bf0a65f] usable
[    0.000000] reserve setup_data: [mem 0x000000004bf0a660-0x000000004bf0b01f] usable
[    0.000000] reserve setup_data: [mem 0x000000004bf0b020-0x000000004bf1305f] usable
[    0.000000] reserve setup_data: [mem 0x000000004bf13060-0x00000000682fefff] usable
[    0.000000] reserve setup_data: [mem 0x00000000682ff000-0x000000006ebfefff] reserved
[    0.000000] reserve setup_data: [mem 0x000000006ebff000-0x000000006f9fefff] ACPI NVS
[    0.000000] reserve setup_data: [mem 0x000000006f9ff000-0x000000006fffefff] ACPI data
[    0.000000] reserve setup_data: [mem 0x000000006ffff000-0x000000006fffffff] usable
[    0.000000] reserve setup_data: [mem 0x0000000070000000-0x000000008fffffff] reserved
[    0.000000] reserve setup_data: [mem 0x00000000fe000000-0x00000000fe010fff] reserved
[    0.000000] reserve setup_data: [mem 0x0000000100000000-0x0000000fffffffff] usable
[    0.000000] reserve setup_data: [mem 0x0000001000000000-0x0000007fffffffff] reserved
[    0.000000] reserve setup_data: [mem 0x0000008000000000-0x000000807fffffff] usable
[    0.000000] user-defined physical RAM map:
[    0.000000] user: [mem 0x0000000000000000-0x000000000009ffff] usable
[    0.000000] user: [mem 0x00000000000a0000-0x00000000000fffff] reserved
[    0.000000] user: [mem 0x0000000000100000-0x000000004bd6601f] usable
[    0.000000] user: [mem 0x000000004bd66020-0x000000004bd6c45f] usable
[    0.000000] user: [mem 0x000000004bd6c460-0x000000004bd6d01f] usable
[    0.000000] user: [mem 0x000000004bd6d020-0x000000004bd77a5f] usable
[    0.000000] user: [mem 0x000000004bd77a60-0x000000004bd7801f] usable
[    0.000000] user: [mem 0x000000004bd78020-0x000000004bdd4c5f] usable
[    0.000000] user: [mem 0x000000004bdd4c60-0x000000004bdd501f] usable
[    0.000000] user: [mem 0x000000004bdd5020-0x000000004be31c5f] usable
[    0.000000] user: [mem 0x000000004be31c60-0x000000004be3201f] usable
[    0.000000] user: [mem 0x000000004be32020-0x000000004be91a5f] usable
[    0.000000] user: [mem 0x000000004be91a60-0x000000004be9201f] usable
[    0.000000] user: [mem 0x000000004be92020-0x000000004bef1a5f] usable
[    0.000000] user: [mem 0x000000004bef1a60-0x000000004bef201f] usable
[    0.000000] user: [mem 0x000000004bef2020-0x000000004bf0a65f] usable
[    0.000000] user: [mem 0x000000004bf0a660-0x000000004bf0b01f] usable
[    0.000000] user: [mem 0x000000004bf0b020-0x000000004bf1305f] usable
[    0.000000] user: [mem 0x000000004bf13060-0x00000000682fefff] usable
[    0.000000] user: [mem 0x00000000682ff000-0x000000006ebfefff] reserved
[    0.000000] user: [mem 0x000000006ebff000-0x000000006f9fefff] ACPI NVS
[    0.000000] user: [mem 0x000000006f9ff000-0x000000006fffefff] ACPI data
[    0.000000] user: [mem 0x000000006ffff000-0x000000006fffffff] usable
[    0.000000] user: [mem 0x0000000070000000-0x000000008fffffff] reserved
[    0.000000] user: [mem 0x00000000fe000000-0x00000000fe010fff] reserved
[    0.000000] user: [mem 0x0000000100000000-0x0000000fffffffff] usable
[    0.000000] user: [mem 0x0000001000000000-0x0000007fffffffff] reserved
[    0.000000] user: [mem 0x0000008000000000-0x000000807fffffff] usable
[    0.000000] efi: EFI v2.70 by Dell Inc.
[    0.000000] efi: ACPI=0x6fffe000 ACPI 2.0=0x6fffe014 SMBIOS=0x68d36000 SMBIOS 3.0=0x68d34000 MEMATTR=0x65053020 MOKvar=0x683aa000 RNG=0x683d5720 
[    0.000000] efi: seeding entropy pool
[    0.000000] random: fast init done
[    0.000000] SMBIOS 3.2.0 present.
[    0.000000] DMI: Dell Inc. PowerEdge R740xd/06WXJT, BIOS 2.14.2 03/21/2022
[    0.000000] tsc: Detected 2100.000 MHz processor
[    0.000009] e820: update [mem 0x00000000-0x00000fff] usable ==> reserved
[    0.000012] e820: remove [mem 0x000a0000-0x000fffff] usable
[    0.000021] last_pfn = 0x8080000 max_arch_pfn = 0x400000000
[    0.000025] MTRR default type: uncachable
[    0.000027] MTRR fixed ranges enabled:
[    0.000028]   00000-9FFFF write-back
[    0.000030]   A0000-BFFFF uncachable
[    0.000031]   C0000-FFFFF write-protect
[    0.000032] MTRR variable ranges enabled:
[    0.000034]   0 base 000000000000 mask 3F8000000000 write-back
[    0.000036]   1 base 008000000000 mask 3FFF80000000 write-back
[    0.000038]   2 base 000080000000 mask 3FFF80000000 uncachable
[    0.000040]   3 base 000070000000 mask 3FFFFC000000 uncachable
[    0.000042]   4 disabled
[    0.000043]   5 disabled
[    0.000044]   6 disabled
[    0.000044]   7 disabled
[    0.000045]   8 disabled
[    0.000046]   9 disabled
[    0.000204] x86/PAT: Configuration [0-7]: WB  WC  UC- UC  WB  WP  UC- WT  
[    0.001081] total RAM covered: 524224M
[    0.001319]  gran_size: 64K 	chunk_size: 64K 	num_reg: 10  	lose cover RAM: 386G
[    0.001322]  gran_size: 64K 	chunk_size: 128K 	num_reg: 10  	lose cover RAM: 386G
[    0.001324]  gran_size: 64K 	chunk_size: 256K 	num_reg: 10  	lose cover RAM: 386G
[    0.001326]  gran_size: 64K 	chunk_size: 512K 	num_reg: 10  	lose cover RAM: 386G
[    0.001328]  gran_size: 64K 	chunk_size: 1M 	num_reg: 10  	lose cover RAM: 386G
[    0.001330]  gran_size: 64K 	chunk_size: 2M 	num_reg: 10  	lose cover RAM: 386G
[    0.001332]  gran_size: 64K 	chunk_size: 4M 	num_reg: 10  	lose cover RAM: 386G
[    0.001334]  gran_size: 64K 	chunk_size: 8M 	num_reg: 10  	lose cover RAM: 386G
[    0.001335]  gran_size: 64K 	chunk_size: 16M 	num_reg: 10  	lose cover RAM: 386G
[    0.001337]  gran_size: 64K 	chunk_size: 32M 	num_reg: 10  	lose cover RAM: 386G
[    0.001339]  gran_size: 64K 	chunk_size: 64M 	num_reg: 10  	lose cover RAM: 386G
[    0.001341]  gran_size: 64K 	chunk_size: 128M 	num_reg: 10  	lose cover RAM: 482G
[    0.001343]  gran_size: 64K 	chunk_size: 256M 	num_reg: 10  	lose cover RAM: 482G
[    0.001345]  gran_size: 64K 	chunk_size: 512M 	num_reg: 10  	lose cover RAM: 0G
[    0.001347]  gran_size: 64K 	chunk_size: 1G 	num_reg: 10  	lose cover RAM: 0G
[    0.001348]  gran_size: 64K 	chunk_size: 2G 	num_reg: 10  	lose cover RAM: 0G
[    0.001350]  gran_size: 128K 	chunk_size: 128K 	num_reg: 10  	lose cover RAM: 386G
[    0.001352]  gran_size: 128K 	chunk_size: 256K 	num_reg: 10  	lose cover RAM: 386G
[    0.001354]  gran_size: 128K 	chunk_size: 512K 	num_reg: 10  	lose cover RAM: 386G
[    0.001356]  gran_size: 128K 	chunk_size: 1M 	num_reg: 10  	lose cover RAM: 386G
[    0.001358]  gran_size: 128K 	chunk_size: 2M 	num_reg: 10  	lose cover RAM: 386G
[    0.001359]  gran_size: 128K 	chunk_size: 4M 	num_reg: 10  	lose cover RAM: 386G
[    0.001361]  gran_size: 128K 	chunk_size: 8M 	num_reg: 10  	lose cover RAM: 386G
[    0.001363]  gran_size: 128K 	chunk_size: 16M 	num_reg: 10  	lose cover RAM: 386G
[    0.001365]  gran_size: 128K 	chunk_size: 32M 	num_reg: 10  	lose cover RAM: 386G
[    0.001367]  gran_size: 128K 	chunk_size: 64M 	num_reg: 10  	lose cover RAM: 386G
[    0.001369]  gran_size: 128K 	chunk_size: 128M 	num_reg: 10  	lose cover RAM: 482G
[    0.001370]  gran_size: 128K 	chunk_size: 256M 	num_reg: 10  	lose cover RAM: 482G
[    0.001372]  gran_size: 128K 	chunk_size: 512M 	num_reg: 10  	lose cover RAM: 0G
[    0.001374]  gran_size: 128K 	chunk_size: 1G 	num_reg: 10  	lose cover RAM: 0G
[    0.001376]  gran_size: 128K 	chunk_size: 2G 	num_reg: 10  	lose cover RAM: 0G
[    0.001378]  gran_size: 256K 	chunk_size: 256K 	num_reg: 10  	lose cover RAM: 386G
[    0.001380]  gran_size: 256K 	chunk_size: 512K 	num_reg: 10  	lose cover RAM: 386G
[    0.001382]  gran_size: 256K 	chunk_size: 1M 	num_reg: 10  	lose cover RAM: 386G
[    0.001384]  gran_size: 256K 	chunk_size: 2M 	num_reg: 10  	lose cover RAM: 386G
[    0.001386]  gran_size: 256K 	chunk_size: 4M 	num_reg: 10  	lose cover RAM: 386G
[    0.001388]  gran_size: 256K 	chunk_size: 8M 	num_reg: 10  	lose cover RAM: 386G
[    0.001389]  gran_size: 256K 	chunk_size: 16M 	num_reg: 10  	lose cover RAM: 386G
[    0.001391]  gran_size: 256K 	chunk_size: 32M 	num_reg: 10  	lose cover RAM: 386G
[    0.001393]  gran_size: 256K 	chunk_size: 64M 	num_reg: 10  	lose cover RAM: 386G
[    0.001395]  gran_size: 256K 	chunk_size: 128M 	num_reg: 10  	lose cover RAM: 482G
[    0.001397]  gran_size: 256K 	chunk_size: 256M 	num_reg: 10  	lose cover RAM: 482G
[    0.001399]  gran_size: 256K 	chunk_size: 512M 	num_reg: 10  	lose cover RAM: 0G
[    0.001401]  gran_size: 256K 	chunk_size: 1G 	num_reg: 10  	lose cover RAM: 0G
[    0.001403]  gran_size: 256K 	chunk_size: 2G 	num_reg: 10  	lose cover RAM: 0G
[    0.001405]  gran_size: 512K 	chunk_size: 512K 	num_reg: 10  	lose cover RAM: 386G
[    0.001406]  gran_size: 512K 	chunk_size: 1M 	num_reg: 10  	lose cover RAM: 386G
[    0.001408]  gran_size: 512K 	chunk_size: 2M 	num_reg: 10  	lose cover RAM: 386G
[    0.001410]  gran_size: 512K 	chunk_size: 4M 	num_reg: 10  	lose cover RAM: 386G
[    0.001412]  gran_size: 512K 	chunk_size: 8M 	num_reg: 10  	lose cover RAM: 386G
[    0.001414]  gran_size: 512K 	chunk_size: 16M 	num_reg: 10  	lose cover RAM: 386G
[    0.001416]  gran_size: 512K 	chunk_size: 32M 	num_reg: 10  	lose cover RAM: 386G
[    0.001418]  gran_size: 512K 	chunk_size: 64M 	num_reg: 10  	lose cover RAM: 386G
[    0.001420]  gran_size: 512K 	chunk_size: 128M 	num_reg: 10  	lose cover RAM: 482G
[    0.001421]  gran_size: 512K 	chunk_size: 256M 	num_reg: 10  	lose cover RAM: 482G
[    0.001423]  gran_size: 512K 	chunk_size: 512M 	num_reg: 10  	lose cover RAM: 0G
[    0.001425]  gran_size: 512K 	chunk_size: 1G 	num_reg: 10  	lose cover RAM: 0G
[    0.001427]  gran_size: 512K 	chunk_size: 2G 	num_reg: 10  	lose cover RAM: 0G
[    0.001429]  gran_size: 1M 	chunk_size: 1M 	num_reg: 10  	lose cover RAM: 386G
[    0.001431]  gran_size: 1M 	chunk_size: 2M 	num_reg: 10  	lose cover RAM: 386G
[    0.001433]  gran_size: 1M 	chunk_size: 4M 	num_reg: 10  	lose cover RAM: 386G
[    0.001434]  gran_size: 1M 	chunk_size: 8M 	num_reg: 10  	lose cover RAM: 386G
[    0.001436]  gran_size: 1M 	chunk_size: 16M 	num_reg: 10  	lose cover RAM: 386G
[    0.001438]  gran_size: 1M 	chunk_size: 32M 	num_reg: 10  	lose cover RAM: 386G
[    0.001440]  gran_size: 1M 	chunk_size: 64M 	num_reg: 10  	lose cover RAM: 386G
[    0.001442]  gran_size: 1M 	chunk_size: 128M 	num_reg: 10  	lose cover RAM: 482G
[    0.001443]  gran_size: 1M 	chunk_size: 256M 	num_reg: 10  	lose cover RAM: 482G
[    0.001445]  gran_size: 1M 	chunk_size: 512M 	num_reg: 10  	lose cover RAM: 0G
[    0.001447]  gran_size: 1M 	chunk_size: 1G 	num_reg: 10  	lose cover RAM: 0G
[    0.001449]  gran_size: 1M 	chunk_size: 2G 	num_reg: 10  	lose cover RAM: 0G
[    0.001451]  gran_size: 2M 	chunk_size: 2M 	num_reg: 10  	lose cover RAM: 386G
[    0.001452]  gran_size: 2M 	chunk_size: 4M 	num_reg: 10  	lose cover RAM: 386G
[    0.001454]  gran_size: 2M 	chunk_size: 8M 	num_reg: 10  	lose cover RAM: 386G
[    0.001456]  gran_size: 2M 	chunk_size: 16M 	num_reg: 10  	lose cover RAM: 386G
[    0.001458]  gran_size: 2M 	chunk_size: 32M 	num_reg: 10  	lose cover RAM: 386G
[    0.001460]  gran_size: 2M 	chunk_size: 64M 	num_reg: 10  	lose cover RAM: 386G
[    0.001462]  gran_size: 2M 	chunk_size: 128M 	num_reg: 10  	lose cover RAM: 482G
[    0.001464]  gran_size: 2M 	chunk_size: 256M 	num_reg: 10  	lose cover RAM: 482G
[    0.001465]  gran_size: 2M 	chunk_size: 512M 	num_reg: 10  	lose cover RAM: 0G
[    0.001467]  gran_size: 2M 	chunk_size: 1G 	num_reg: 10  	lose cover RAM: 0G
[    0.001469]  gran_size: 2M 	chunk_size: 2G 	num_reg: 10  	lose cover RAM: 0G
[    0.001471]  gran_size: 4M 	chunk_size: 4M 	num_reg: 10  	lose cover RAM: 386G
[    0.001473]  gran_size: 4M 	chunk_size: 8M 	num_reg: 10  	lose cover RAM: 386G
[    0.001475]  gran_size: 4M 	chunk_size: 16M 	num_reg: 10  	lose cover RAM: 386G
[    0.001476]  gran_size: 4M 	chunk_size: 32M 	num_reg: 10  	lose cover RAM: 386G
[    0.001478]  gran_size: 4M 	chunk_size: 64M 	num_reg: 10  	lose cover RAM: 386G
[    0.001480]  gran_size: 4M 	chunk_size: 128M 	num_reg: 10  	lose cover RAM: 482G
[    0.001482]  gran_size: 4M 	chunk_size: 256M 	num_reg: 10  	lose cover RAM: 482G
[    0.001484]  gran_size: 4M 	chunk_size: 512M 	num_reg: 10  	lose cover RAM: 0G
[    0.001485]  gran_size: 4M 	chunk_size: 1G 	num_reg: 10  	lose cover RAM: 0G
[    0.001487]  gran_size: 4M 	chunk_size: 2G 	num_reg: 10  	lose cover RAM: 0G
[    0.001489]  gran_size: 8M 	chunk_size: 8M 	num_reg: 10  	lose cover RAM: 386G
[    0.001491]  gran_size: 8M 	chunk_size: 16M 	num_reg: 10  	lose cover RAM: 386G
[    0.001493]  gran_size: 8M 	chunk_size: 32M 	num_reg: 10  	lose cover RAM: 386G
[    0.001495]  gran_size: 8M 	chunk_size: 64M 	num_reg: 10  	lose cover RAM: 386G
[    0.001496]  gran_size: 8M 	chunk_size: 128M 	num_reg: 10  	lose cover RAM: 482G
[    0.001498]  gran_size: 8M 	chunk_size: 256M 	num_reg: 10  	lose cover RAM: 482G
[    0.001500]  gran_size: 8M 	chunk_size: 512M 	num_reg: 10  	lose cover RAM: 0G
[    0.001502]  gran_size: 8M 	chunk_size: 1G 	num_reg: 10  	lose cover RAM: 0G
[    0.001504]  gran_size: 8M 	chunk_size: 2G 	num_reg: 10  	lose cover RAM: 0G
[    0.001506]  gran_size: 16M 	chunk_size: 16M 	num_reg: 10  	lose cover RAM: 386G
[    0.001508]  gran_size: 16M 	chunk_size: 32M 	num_reg: 10  	lose cover RAM: 386G
[    0.001510]  gran_size: 16M 	chunk_size: 64M 	num_reg: 10  	lose cover RAM: 386G
[    0.001512]  gran_size: 16M 	chunk_size: 128M 	num_reg: 10  	lose cover RAM: 482G
[    0.001513]  gran_size: 16M 	chunk_size: 256M 	num_reg: 10  	lose cover RAM: 482G
[    0.001515]  gran_size: 16M 	chunk_size: 512M 	num_reg: 10  	lose cover RAM: 0G
[    0.001517]  gran_size: 16M 	chunk_size: 1G 	num_reg: 10  	lose cover RAM: 0G
[    0.001519]  gran_size: 16M 	chunk_size: 2G 	num_reg: 10  	lose cover RAM: 0G
[    0.001521]  gran_size: 32M 	chunk_size: 32M 	num_reg: 10  	lose cover RAM: 386G
[    0.001523]  gran_size: 32M 	chunk_size: 64M 	num_reg: 10  	lose cover RAM: 386G
[    0.001524]  gran_size: 32M 	chunk_size: 128M 	num_reg: 10  	lose cover RAM: 482G
[    0.001526]  gran_size: 32M 	chunk_size: 256M 	num_reg: 10  	lose cover RAM: 482G
[    0.001528]  gran_size: 32M 	chunk_size: 512M 	num_reg: 10  	lose cover RAM: 0G
[    0.001530]  gran_size: 32M 	chunk_size: 1G 	num_reg: 10  	lose cover RAM: 0G
[    0.001532]  gran_size: 32M 	chunk_size: 2G 	num_reg: 10  	lose cover RAM: 0G
[    0.001534]  gran_size: 64M 	chunk_size: 64M 	num_reg: 10  	lose cover RAM: 386G
[    0.001535]  gran_size: 64M 	chunk_size: 128M 	num_reg: 10  	lose cover RAM: 482G
[    0.001537]  gran_size: 64M 	chunk_size: 256M 	num_reg: 10  	lose cover RAM: 482G
[    0.001539]  gran_size: 64M 	chunk_size: 512M 	num_reg: 10  	lose cover RAM: 0G
[    0.001541]  gran_size: 64M 	chunk_size: 1G 	num_reg: 10  	lose cover RAM: 0G
[    0.001543]  gran_size: 64M 	chunk_size: 2G 	num_reg: 10  	lose cover RAM: 0G
[    0.001545]  gran_size: 128M 	chunk_size: 128M 	num_reg: 10  	lose cover RAM: 395328M
[    0.001547]  gran_size: 128M 	chunk_size: 256M 	num_reg: 10  	lose cover RAM: 395328M
[    0.001549]  gran_size: 128M 	chunk_size: 512M 	num_reg: 10  	lose cover RAM: 0G
[    0.001551]  gran_size: 128M 	chunk_size: 1G 	num_reg: 10  	lose cover RAM: 0G
[    0.001553]  gran_size: 128M 	chunk_size: 2G 	num_reg: 10  	lose cover RAM: 0G
[    0.001555]  gran_size: 256M 	chunk_size: 256M 	num_reg: 10  	lose cover RAM: 2240M
[    0.001557]  gran_size: 256M 	chunk_size: 512M 	num_reg: 10  	lose cover RAM: 0G
[    0.001558]  gran_size: 256M 	chunk_size: 1G 	num_reg: 10  	lose cover RAM: 0G
[    0.001560]  gran_size: 256M 	chunk_size: 2G 	num_reg: 10  	lose cover RAM: 0G
[    0.001562]  gran_size: 512M 	chunk_size: 512M 	num_reg: 10  	lose cover RAM: 448M
[    0.001564]  gran_size: 512M 	chunk_size: 1G 	num_reg: 10  	lose cover RAM: 2304M
[    0.001566]  gran_size: 512M 	chunk_size: 2G 	num_reg: 10  	lose cover RAM: 2304M
[    0.001568]  gran_size: 1G 	chunk_size: 1G 	num_reg: 9  	lose cover RAM: 960M
[    0.001570]  gran_size: 1G 	chunk_size: 2G 	num_reg: 10  	lose cover RAM: 264960M
[    0.001572]  gran_size: 2G 	chunk_size: 2G 	num_reg: 8  	lose cover RAM: 1984M
[    0.001573] mtrr_cleanup: can not find optimal value
[    0.001574] please specify mtrr_gran_size/mtrr_chunk_size
[    0.001577] e820: update [mem 0x70000000-0x73ffffff] usable ==> reserved
[    0.001581] e820: update [mem 0x80000000-0xffffffff] usable ==> reserved
[    0.001586] last_pfn = 0x70000 max_arch_pfn = 0x400000000
[    0.008832] efi: Failed to lookup EFI memory descriptor for 0x00000000683aa000
[    0.008851] check: Scanning 1 areas for low memory corruption
[    0.008856] Using GB pages for direct mapping
[    0.009328] Secure boot disabled
[    0.009329] RAMDISK: [mem 0x4bf14000-0x4f8defff]
[    0.009338] ACPI: Early table checksum verification disabled
[    0.009341] ACPI: RSDP 0x000000006FFFE014 000024 (v02 DELL  )
[    0.009346] ACPI: XSDT 0x000000006FBF9188 0000F4 (v01 DELL   PE_SC3   00000000      01000013)
[    0.009352] ACPI: FACP 0x000000006FFF8000 000114 (v06 DELL   PE_SC3   00000000 DELL 00000001)
[    0.009358] ACPI: DSDT 0x000000006FCFA000 2EE3DC (v02 DELL   PE_SC3   00000003 DELL 00000001)
[    0.009362] ACPI: FACS 0x000000006F6EE000 000040
[    0.009365] ACPI: SSDT 0x000000006FFFC000 00046C (v02 INTEL  ADDRXLAT 00000001 INTL 20180508)
[    0.009369] ACPI: MCEJ 0x000000006FFFB000 000130 (v01 DELL   PE_SC3   00000002 DELL 00000001)
[    0.009373] ACPI: WD__ 0x000000006FFFA000 000134 (v01 DELL   PE_SC3   00000001 DELL 00000001)
[    0.009376] ACPI: SLIC 0x000000006FFF9000 000176 (v01 DELL   PE_SC3   00000001 DELL 00000001)
[    0.009380] ACPI: HPET 0x000000006FFF7000 000038 (v01 DELL   PE_SC3   00000001 DELL 00000001)
[    0.009383] ACPI: APIC 0x000000006FFF5000 0016DE (v04 DELL   PE_SC3   00000000 DELL 00000001)
[    0.009387] ACPI: MCFG 0x000000006FFF4000 00003C (v01 DELL   PE_SC3   00000001 DELL 00000001)
[    0.009390] ACPI: MIGT 0x000000006FFF3000 000040 (v01 DELL   PE_SC3   00000000 DELL 00000001)
[    0.009394] ACPI: MSCT 0x000000006FFF2000 000090 (v01 DELL   PE_SC3   00000001 DELL 00000001)
[    0.009397] ACPI: PCAT 0x000000006FFF1000 000088 (v02 DELL   PE_SC3   00000002 DELL 00000001)
[    0.009401] ACPI: PCCT 0x000000006FFF0000 00006E (v01 DELL   PE_SC3   00000002 DELL 00000001)
[    0.009404] ACPI: RASF 0x000000006FFEF000 000030 (v01 DELL   PE_SC3   00000001 DELL 00000001)
[    0.009408] ACPI: SLIT 0x000000006FFEE000 00042C (v01 DELL   PE_SC3   00000001 DELL 00000001)
[    0.009411] ACPI: SRAT 0x000000006FFEB000 002D30 (v03 DELL   PE_SC3   00000002 DELL 00000001)
[    0.009415] ACPI: SVOS 0x000000006FFEA000 000032 (v01 DELL   PE_SC3   00000000 DELL 00000001)
[    0.009418] ACPI: WSMT 0x000000006FFE9000 000028 (v01 DELL   PE_SC3   00000000 DELL 00000001)
[    0.009422] ACPI: OEM4 0x000000006FC4C000 0AD1C1 (v02 INTEL  CPU  CST 00003000 INTL 20180508)
[    0.009426] ACPI: SSDT 0x000000006FC14000 037465 (v02 INTEL  SSDT  PM 00004000 INTL 20180508)
[    0.009430] ACPI: SSDT 0x000000006FBFA000 000A1F (v02 DELL   PE_SC3   00000000 DELL 00000001)
[    0.009433] ACPI: SSDT 0x000000006FC10000 00357F (v02 INTEL  SpsNm    00000002 INTL 20180508)
[    0.009437] ACPI: DMAR 0x000000006FFFD000 0001D0 (v01 DELL   PE_SC3   00000001 DELL 00000001)
[    0.009440] ACPI: HEST 0x000000006FC0F000 00017C (v01 DELL   PE_SC3   00000002 DELL 00000001)
[    0.009444] ACPI: BERT 0x000000006FC0E000 000030 (v01 DELL   PE_SC3   00000002 DELL 00000001)
[    0.009447] ACPI: ERST 0x000000006FC0D000 000230 (v01 DELL   PE_SC3   00000002 DELL 00000001)
[    0.009451] ACPI: EINJ 0x000000006FC0C000 000150 (v01 DELL   PE_SC3   00000002 DELL 00000001)
[    0.009460] ACPI: Local APIC address 0xfee00000
[    0.009563] SRAT: PXM 0 -> APIC 0x00 -> Node 0
[    0.009565] SRAT: PXM 1 -> APIC 0x40 -> Node 1
[    0.009566] SRAT: PXM 0 -> APIC 0x08 -> Node 0
[    0.009567] SRAT: PXM 1 -> APIC 0x48 -> Node 1
[    0.009568] SRAT: PXM 0 -> APIC 0x02 -> Node 0
[    0.009569] SRAT: PXM 1 -> APIC 0x42 -> Node 1
[    0.009570] SRAT: PXM 0 -> APIC 0x06 -> Node 0
[    0.009571] SRAT: PXM 1 -> APIC 0x46 -> Node 1
[    0.009572] SRAT: PXM 0 -> APIC 0x04 -> Node 0
[    0.009573] SRAT: PXM 1 -> APIC 0x44 -> Node 1
[    0.009574] SRAT: PXM 0 -> APIC 0x18 -> Node 0
[    0.009575] SRAT: PXM 1 -> APIC 0x58 -> Node 1
[    0.009576] SRAT: PXM 0 -> APIC 0x10 -> Node 0
[    0.009577] SRAT: PXM 1 -> APIC 0x50 -> Node 1
[    0.009578] SRAT: PXM 0 -> APIC 0x16 -> Node 0
[    0.009579] SRAT: PXM 1 -> APIC 0x56 -> Node 1
[    0.009580] SRAT: PXM 0 -> APIC 0x12 -> Node 0
[    0.009581] SRAT: PXM 1 -> APIC 0x52 -> Node 1
[    0.009582] SRAT: PXM 0 -> APIC 0x14 -> Node 0
[    0.009582] SRAT: PXM 1 -> APIC 0x54 -> Node 1
[    0.009583] SRAT: PXM 0 -> APIC 0x20 -> Node 0
[    0.009584] SRAT: PXM 1 -> APIC 0x60 -> Node 1
[    0.009585] SRAT: PXM 0 -> APIC 0x28 -> Node 0
[    0.009586] SRAT: PXM 1 -> APIC 0x68 -> Node 1
[    0.009587] SRAT: PXM 0 -> APIC 0x22 -> Node 0
[    0.009588] SRAT: PXM 1 -> APIC 0x62 -> Node 1
[    0.009589] SRAT: PXM 0 -> APIC 0x26 -> Node 0
[    0.009590] SRAT: PXM 1 -> APIC 0x66 -> Node 1
[    0.009591] SRAT: PXM 0 -> APIC 0x24 -> Node 0
[    0.009592] SRAT: PXM 1 -> APIC 0x64 -> Node 1
[    0.009593] SRAT: PXM 0 -> APIC 0x38 -> Node 0
[    0.009594] SRAT: PXM 1 -> APIC 0x78 -> Node 1
[    0.009595] SRAT: PXM 0 -> APIC 0x30 -> Node 0
[    0.009596] SRAT: PXM 1 -> APIC 0x70 -> Node 1
[    0.009597] SRAT: PXM 0 -> APIC 0x36 -> Node 0
[    0.009598] SRAT: PXM 1 -> APIC 0x76 -> Node 1
[    0.009599] SRAT: PXM 0 -> APIC 0x32 -> Node 0
[    0.009600] SRAT: PXM 1 -> APIC 0x72 -> Node 1
[    0.009601] SRAT: PXM 0 -> APIC 0x34 -> Node 0
[    0.009601] SRAT: PXM 1 -> APIC 0x74 -> Node 1
[    0.009615] ACPI: SRAT: Node 0 PXM 0 [mem 0x00000000-0x7fffffff]
[    0.009617] ACPI: SRAT: Node 0 PXM 0 [mem 0x100000000-0x407fffffff]
[    0.009619] ACPI: SRAT: Node 1 PXM 1 [mem 0x4080000000-0x807fffffff]
[    0.009627] NUMA: Initialized distance table, cnt=2
[    0.009629] NUMA: Node 0 [mem 0x00000000-0x7fffffff] + [mem 0x100000000-0x407fffffff] -> [mem 0x00000000-0x407fffffff]
[    0.009641] NODE_DATA(0) allocated [mem 0xffffd6000-0xfffffffff]
[    0.009667] NODE_DATA(1) allocated [mem 0x807ffd5000-0x807fffefff]
[    0.010015] Zone ranges:
[    0.010016]   DMA      [mem 0x0000000000001000-0x0000000000ffffff]
[    0.010018]   DMA32    [mem 0x0000000001000000-0x00000000ffffffff]
[    0.010020]   Normal   [mem 0x0000000100000000-0x000000807fffffff]
[    0.010022]   Device   empty
[    0.010023] Movable zone start for each node
[    0.010026] Early memory node ranges
[    0.010027]   node   0: [mem 0x0000000000001000-0x000000000009ffff]
[    0.010029]   node   0: [mem 0x0000000000100000-0x00000000682fefff]
[    0.010030]   node   0: [mem 0x000000006ffff000-0x000000006fffffff]
[    0.010031]   node   0: [mem 0x0000000100000000-0x0000000fffffffff]
[    0.010036]   node   1: [mem 0x0000008000000000-0x000000807fffffff]
[    0.011770] Zeroed struct page in unavailable ranges: 32097 pages
[    0.011772] Initmem setup node 0 [mem 0x0000000000001000-0x0000000fffffffff]
[    0.011774] On node 0 totalpages: 16155295
[    0.011776]   DMA zone: 64 pages used for memmap
[    0.011777]   DMA zone: 1094 pages reserved
[    0.011778]   DMA zone: 3999 pages, LIFO batch:0
[    0.011819]   DMA32 zone: 6604 pages used for memmap
[    0.011821]   DMA32 zone: 422656 pages, LIFO batch:63
[    0.016344]   Normal zone: 245760 pages used for memmap
[    0.016346]   Normal zone: 15728640 pages, LIFO batch:63
[    0.180886] Initmem setup node 1 [mem 0x0000008000000000-0x000000807fffffff]
[    0.180888] On node 1 totalpages: 524288
[    0.180889]   Normal zone: 8192 pages used for memmap
[    0.180890]   Normal zone: 524288 pages, LIFO batch:63
[    0.187112] ACPI: PM-Timer IO Port: 0x508
[    0.187115] ACPI: Local APIC address 0xfee00000
[    0.187137] ACPI: X2APIC_NMI (uid[0xffffffff] high level lint[0x1])
[    0.187142] ACPI: LAPIC_NMI (acpi_id[0xff] high level lint[0x1])
[    0.187162] IOAPIC[0]: apic_id 8, version 32, address 0xfec00000, GSI 0-23
[    0.187167] IOAPIC[1]: apic_id 9, version 32, address 0xfec01000, GSI 24-31
[    0.187172] IOAPIC[2]: apic_id 10, version 32, address 0xfec08000, GSI 32-39
[    0.187177] IOAPIC[3]: apic_id 11, version 32, address 0xfec10000, GSI 40-47
[    0.187181] IOAPIC[4]: apic_id 12, version 32, address 0xfec18000, GSI 48-55
[    0.187186] IOAPIC[5]: apic_id 15, version 32, address 0xfec20000, GSI 72-79
[    0.187191] IOAPIC[6]: apic_id 16, version 32, address 0xfec28000, GSI 80-87
[    0.187196] IOAPIC[7]: apic_id 17, version 32, address 0xfec30000, GSI 88-95
[    0.187201] IOAPIC[8]: apic_id 18, version 32, address 0xfec38000, GSI 96-103
[    0.187207] ACPI: INT_SRC_OVR (bus 0 bus_irq 0 global_irq 2 dfl dfl)
[    0.187209] ACPI: INT_SRC_OVR (bus 0 bus_irq 9 global_irq 9 high level)
[    0.187213] ACPI: IRQ0 used by override.
[    0.187214] ACPI: IRQ9 used by override.
[    0.187220] Using ACPI (MADT) for SMP configuration information
[    0.187221] ACPI: HPET id: 0x8086a701 base: 0xfed00000
[    0.187224] TSC deadline timer available
[    0.187225] smpboot: Allowing 40 CPUs, 0 hotplug CPUs
[    0.187243] PM: hibernation: Registered nosave memory: [mem 0x00000000-0x00000fff]
[    0.187246] PM: hibernation: Registered nosave memory: [mem 0x000a0000-0x000fffff]
[    0.187248] PM: hibernation: Registered nosave memory: [mem 0x4bd66000-0x4bd66fff]
[    0.187250] PM: hibernation: Registered nosave memory: [mem 0x4bd6c000-0x4bd6cfff]
[    0.187251] PM: hibernation: Registered nosave memory: [mem 0x4bd6d000-0x4bd6dfff]
[    0.187253] PM: hibernation: Registered nosave memory: [mem 0x4bd77000-0x4bd77fff]
[    0.187254] PM: hibernation: Registered nosave memory: [mem 0x4bd78000-0x4bd78fff]
[    0.187256] PM: hibernation: Registered nosave memory: [mem 0x4bdd4000-0x4bdd4fff]
[    0.187257] PM: hibernation: Registered nosave memory: [mem 0x4bdd5000-0x4bdd5fff]
[    0.187259] PM: hibernation: Registered nosave memory: [mem 0x4be31000-0x4be31fff]
[    0.187260] PM: hibernation: Registered nosave memory: [mem 0x4be32000-0x4be32fff]
[    0.187262] PM: hibernation: Registered nosave memory: [mem 0x4be91000-0x4be91fff]
[    0.187263] PM: hibernation: Registered nosave memory: [mem 0x4be92000-0x4be92fff]
[    0.187265] PM: hibernation: Registered nosave memory: [mem 0x4bef1000-0x4bef1fff]
[    0.187266] PM: hibernation: Registered nosave memory: [mem 0x4bef2000-0x4bef2fff]
[    0.187268] PM: hibernation: Registered nosave memory: [mem 0x4bf0a000-0x4bf0afff]
[    0.187269] PM: hibernation: Registered nosave memory: [mem 0x4bf0b000-0x4bf0bfff]
[    0.187271] PM: hibernation: Registered nosave memory: [mem 0x4bf13000-0x4bf13fff]
[    0.187273] PM: hibernation: Registered nosave memory: [mem 0x682ff000-0x6ebfefff]
[    0.187274] PM: hibernation: Registered nosave memory: [mem 0x6ebff000-0x6f9fefff]
[    0.187275] PM: hibernation: Registered nosave memory: [mem 0x6f9ff000-0x6fffefff]
[    0.187277] PM: hibernation: Registered nosave memory: [mem 0x70000000-0x8fffffff]
[    0.187278] PM: hibernation: Registered nosave memory: [mem 0x90000000-0xfdffffff]
[    0.187279] PM: hibernation: Registered nosave memory: [mem 0xfe000000-0xfe010fff]
[    0.187280] PM: hibernation: Registered nosave memory: [mem 0xfe011000-0xffffffff]
[    0.187282] PM: hibernation: Registered nosave memory: [mem 0x1000000000-0x7fffffffff]
[    0.187284] [mem 0x90000000-0xfdffffff] available for PCI devices
[    0.187286] Booting paravirtualized kernel on bare hardware
[    0.187288] clocksource: refined-jiffies: mask: 0xffffffff max_cycles: 0xffffffff, max_idle_ns: 7645519600211568 ns
[    0.187296] setup_percpu: NR_CPUS:8192 nr_cpumask_bits:40 nr_cpu_ids:40 nr_node_ids:2
[    0.190167] percpu: Embedded 56 pages/cpu s192512 r8192 d28672 u262144
[    0.190177] pcpu-alloc: s192512 r8192 d28672 u262144 alloc=1*2097152
[    0.190180] pcpu-alloc: [0] 00 02 04 06 08 10 12 14 [0] 16 18 20 22 24 26 28 30 
[    0.190192] pcpu-alloc: [0] 32 34 36 38 -- -- -- -- [1] 01 03 05 07 09 11 13 15 
[    0.190205] pcpu-alloc: [1] 17 19 21 23 25 27 29 31 [1] 33 35 37 39 -- -- -- -- 
[    0.190253] Built 2 zonelists, mobility grouping on.  Total pages: 16417869
[    0.190255] Policy zone: Normal
[    0.190256] Kernel command line: BOOT_IMAGE=/boot/vmlinuz-5.11.0.vanilla-f2fs root=UUID=0fe244cb-556c-49fd-bc46-148ab2afc428 ro memmap=448G$64G intremap=off isolcpus=37,39 quiet splash vt.handoff=7
[    0.190415] printk: log_buf_len individual max cpu contribution: 4096 bytes
[    0.190416] printk: log_buf_len total cpu_extra contributions: 159744 bytes
[    0.190417] printk: log_buf_len min size: 262144 bytes
[    0.191228] printk: log_buf_len: 524288 bytes
[    0.191229] printk: early log buf free: 230128(87%)
[    0.191604] mem auto-init: stack:off, heap alloc:on, heap free:off
[    0.363974] Memory: 65383884K/66718332K available (16393K kernel code, 4308K rwdata, 10284K rodata, 2804K init, 5032K bss, 1334188K reserved, 0K cma-reserved)
[    0.363980] random: get_random_u64 called from __kmem_cache_create+0x31/0x460 with crng_init=1
[    0.364439] SLUB: HWalign=64, Order=0-3, MinObjects=0, CPUs=40, Nodes=2
[    0.364462] ftrace: allocating 48076 entries in 188 pages
[    0.382479] ftrace: allocated 188 pages with 5 groups
[    0.383183] rcu: Hierarchical RCU implementation.
[    0.383185] rcu: 	RCU restricting CPUs from NR_CPUS=8192 to nr_cpu_ids=40.
[    0.383186] 	Rude variant of Tasks RCU enabled.
[    0.383187] 	Tracing variant of Tasks RCU enabled.
[    0.383188] rcu: RCU calculated value of scheduler-enlistment delay is 25 jiffies.
[    0.383189] rcu: Adjusting geometry for rcu_fanout_leaf=16, nr_cpu_ids=40
[    0.387167] NR_IRQS: 524544, nr_irqs: 2104, preallocated irqs: 16
[    0.387499] random: crng done (trusting CPU's manufacturer)
[    0.387597] Console: colour dummy device 80x25
[    0.387634] printk: console [tty0] enabled
[    0.387734] mempolicy: Enabling automatic NUMA balancing. Configure with numa_balancing= or the kernel.numa_balancing sysctl
[    0.387737] ACPI: Core revision 20201113
[    0.390815] clocksource: hpet: mask: 0xffffffff max_cycles: 0xffffffff, max_idle_ns: 79635855245 ns
[    0.390861] APIC: Switch to symmetric I/O mode setup
[    0.391073] x2apic: IRQ remapping doesn't support X2APIC mode
[    0.391180] Switched APIC routing to physical flat.
[    0.392107] ..TIMER: vector=0x30 apic1=0 pin1=2 apic2=-1 pin2=-1
[    0.410798] clocksource: tsc-early: mask: 0xffffffffffffffff max_cycles: 0x1e4530a99b6, max_idle_ns: 440795257976 ns
[    0.410803] Calibrating delay loop (skipped), value calculated using timer frequency.. 4200.00 BogoMIPS (lpj=8400000)
[    0.410806] pid_max: default: 40960 minimum: 320
[    0.414424] LSM: Security Framework initializing
[    0.414440] Yama: becoming mindful.
[    0.414476] AppArmor: AppArmor initialized
[    0.426224] Dentry cache hash table entries: 8388608 (order: 14, 67108864 bytes, vmalloc)
[    0.432027] Inode-cache hash table entries: 4194304 (order: 13, 33554432 bytes, vmalloc)
[    0.432275] Mount-cache hash table entries: 131072 (order: 8, 1048576 bytes, vmalloc)
[    0.432462] Mountpoint-cache hash table entries: 131072 (order: 8, 1048576 bytes, vmalloc)
[    0.433059] mce: CPU0: Thermal monitoring enabled (TM1)
[    0.433089] process: using mwait in idle threads
[    0.433092] Last level iTLB entries: 4KB 128, 2MB 8, 4MB 8
[    0.433093] Last level dTLB entries: 4KB 64, 2MB 0, 4MB 0, 1GB 4
[    0.433098] Spectre V1 : Mitigation: usercopy/swapgs barriers and __user pointer sanitization
[    0.433100] Spectre V2 : Mitigation: Enhanced IBRS
[    0.433101] Spectre V2 : Spectre v2 / SpectreRSB mitigation: Filling RSB on context switch
[    0.433102] Spectre V2 : mitigation: Enabling conditional Indirect Branch Prediction Barrier
[    0.433104] Speculative Store Bypass: Mitigation: Speculative Store Bypass disabled via prctl and seccomp
[    0.433105] TAA: Mitigation: TSX disabled
[    0.433368] Freeing SMP alternatives memory: 40K
[    0.438921] smpboot: Estimated ratio of average max frequency by base frequency (times 1024): 1804
[    0.438933] smpboot: CPU0: Intel(R) Xeon(R) Gold 6230 CPU @ 2.10GHz (family: 0x6, model: 0x55, stepping: 0x7)
[    0.439152] Performance Events: PEBS fmt3+, Skylake events, 32-deep LBR, full-width counters, Intel PMU driver.
[    0.439174] ... version:                4
[    0.439175] ... bit width:              48
[    0.439175] ... generic registers:      8
[    0.439176] ... value mask:             0000ffffffffffff
[    0.439177] ... max period:             00007fffffffffff
[    0.439178] ... fixed-purpose events:   3
[    0.439179] ... event mask:             00000007000000ff
[    0.439297] rcu: Hierarchical SRCU implementation.
[    0.442511] NMI watchdog: Enabled. Permanently consumes one hw-PMU counter.
[    0.443043] smp: Bringing up secondary CPUs ...
[    0.443220] x86: Booting SMP configuration:
[    0.443221] .... node  #1, CPUs:        #1
[    0.003346] smpboot: CPU 1 Converting physical 0 to logical die 1

[    0.538953] .... node  #0, CPUs:    #2
[    0.546038] .... node  #1, CPUs:    #3
[    0.554206] .... node  #0, CPUs:    #4
[    0.561196] .... node  #1, CPUs:    #5
[    0.569264] .... node  #0, CPUs:    #6
[    0.576280] .... node  #1, CPUs:    #7
[    0.584123] .... node  #0, CPUs:    #8
[    0.591005] .... node  #1, CPUs:    #9
[    0.598947] .... node  #0, CPUs:   #10
[    0.606043] .... node  #1, CPUs:   #11
[    0.614175] .... node  #0, CPUs:   #12
[    0.621367] .... node  #1, CPUs:   #13
[    0.629455] .... node  #0, CPUs:   #14
[    0.636426] .... node  #1, CPUs:   #15
[    0.644412] .... node  #0, CPUs:   #16
[    0.651600] .... node  #1, CPUs:   #17
[    0.659522] .... node  #0, CPUs:   #18
[    0.666397] .... node  #1, CPUs:   #19
[    0.674299] .... node  #0, CPUs:   #20
[    0.681409] .... node  #1, CPUs:   #21
[    0.689590] .... node  #0, CPUs:   #22
[    0.696774] .... node  #1, CPUs:   #23
[    0.704924] .... node  #0, CPUs:   #24
[    0.711930] .... node  #1, CPUs:   #25
[    0.719848] .... node  #0, CPUs:   #26
[    0.727016] .... node  #1, CPUs:   #27
[    0.734942] .... node  #0, CPUs:   #28
[    0.741893] .... node  #1, CPUs:   #29
[    0.750009] .... node  #0, CPUs:   #30
[    0.757207] .... node  #1, CPUs:   #31
[    0.765439] .... node  #0, CPUs:   #32
[    0.772529] .... node  #1, CPUs:   #33
[    0.780602] .... node  #0, CPUs:   #34
[    0.787700] .... node  #1, CPUs:   #35
[    0.795827] .... node  #0, CPUs:   #36
[    0.803005] .... node  #1, CPUs:   #37
[    0.810922] .... node  #0, CPUs:   #38
[    0.817585] .... node  #1, CPUs:   #39
[    0.825481] smp: Brought up 2 nodes, 40 CPUs
[    0.825481] smpboot: Max logical packages: 2
[    0.825481] smpboot: Total of 40 processors activated (168030.20 BogoMIPS)
[    0.830544] devtmpfs: initialized
[    0.830544] x86/mm: Memory block size: 2048MB
[    0.831104] PM: Registering ACPI NVS region [mem 0x6ebff000-0x6f9fefff] (14680064 bytes)
[    0.831111] clocksource: jiffies: mask: 0xffffffff max_cycles: 0xffffffff, max_idle_ns: 7645041785100000 ns
[    0.831441] futex hash table entries: 16384 (order: 8, 1048576 bytes, vmalloc)
[    0.831625] pinctrl core: initialized pinctrl subsystem
[    0.831761] PM: RTC time: 17:13:01, date: 2024-09-15
[    0.831968] NET: Registered protocol family 16
[    0.833587] DMA: preallocated 4096 KiB GFP_KERNEL pool for atomic allocations
[    0.834394] DMA: preallocated 4096 KiB GFP_KERNEL|GFP_DMA pool for atomic allocations
[    0.835590] DMA: preallocated 4096 KiB GFP_KERNEL|GFP_DMA32 pool for atomic allocations
[    0.835596] audit: initializing netlink subsys (disabled)
[    0.835602] audit: type=2000 audit(1726420381.448:1): state=initialized audit_enabled=0 res=1
[    0.835602] thermal_sys: Registered thermal governor 'fair_share'
[    0.835602] thermal_sys: Registered thermal governor 'bang_bang'
[    0.835602] thermal_sys: Registered thermal governor 'step_wise'
[    0.835602] thermal_sys: Registered thermal governor 'user_space'
[    0.835602] thermal_sys: Registered thermal governor 'power_allocator'
[    0.835602] EISA bus registered
[    0.835602] cpuidle: using governor ladder
[    0.835602] cpuidle: using governor menu
[    0.835602] Detected 1 PCC Subspaces
[    0.835602] Registering PCC driver as Mailbox controller
[    0.835602] ACPI FADT declares the system doesn't support PCIe ASPM, so disable it
[    0.835602] ACPI: bus type PCI registered
[    0.835602] acpiphp: ACPI Hot Plug PCI Controller Driver version: 0.5
[    0.835602] PCI: MMCONFIG for domain 0000 [bus 00-ff] at [mem 0x80000000-0x8fffffff] (base 0x80000000)
[    0.835602] PCI: MMCONFIG at [mem 0x80000000-0x8fffffff] reserved in E820
[    0.835602] pmd_set_huge: Cannot satisfy [mem 0x80000000-0x80200000] with a huge-page mapping due to MTRR override.
[    0.835602] PCI: Using configuration type 1 for base access
[    0.835602] PCI: Dell System detected, enabling pci=bfsort.
[    0.836305] ENERGY_PERF_BIAS: Set to 'normal', was 'performance'
[    0.839651] HugeTLB registered 1.00 GiB page size, pre-allocated 0 pages
[    0.839651] HugeTLB registered 2.00 MiB page size, pre-allocated 0 pages
[    0.839651] fbcon: Taking over console
[    0.839651] ACPI: Added _OSI(Module Device)
[    0.839651] ACPI: Added _OSI(Processor Device)
[    0.839651] ACPI: Added _OSI(3.0 _SCP Extensions)
[    0.839651] ACPI: Added _OSI(Processor Aggregator Device)
[    0.839651] ACPI: Added _OSI(Linux-Dell-Video)
[    0.839651] ACPI: Added _OSI(Linux-Lenovo-NV-HDMI-Audio)
[    0.839651] ACPI: Added _OSI(Linux-HPI-Hybrid-Graphics)
[    0.945522] ACPI: 5 ACPI AML tables successfully acquired and loaded
[    0.954483] ACPI: [Firmware Bug]: BIOS _OSI(Linux) query ignored
[    0.961586] ACPI: Dynamic OEM Table Load:
[    1.153697] ACPI: Interpreter enabled
[    1.153720] ACPI: (supports S0 S5)
[    1.153721] ACPI: Using IOAPIC for interrupt routing
[    1.153843] HEST: Table parsing has been initialized.
[    1.153846] PCI: Using host bridge windows from ACPI; if necessary, use "pci=nocrs" and report a bug
[    1.170013] ACPI: Enabled 5 GPEs in block 00 to 7F
[    1.246817] ACPI: PCI Root Bridge [PC00] (domain 0000 [bus 00-16])
[    1.246824] acpi PNP0A08:00: _OSC: OS supports [ExtendedConfig ASPM ClockPM Segments MSI EDR HPX-Type3]
[    1.246943] acpi PNP0A08:00: _OSC: platform does not support [SHPCHotplug AER LTR DPC]
[    1.247051] acpi PNP0A08:00: _OSC: OS now controls [PCIeHotplug PME PCIeCapability]
[    1.247052] acpi PNP0A08:00: FADT indicates ASPM is unsupported, using BIOS configuration
[    1.248980] PCI host bridge to bus 0000:00
[    1.248982] pci_bus 0000:00: root bus resource [io  0x0000-0x0cf7 window]
[    1.248984] pci_bus 0000:00: root bus resource [io  0x1000-0x3fff window]
[    1.248986] pci_bus 0000:00: root bus resource [mem 0x000a0000-0x000bffff window]
[    1.248987] pci_bus 0000:00: root bus resource [mem 0x000c4000-0x000c7fff window]
[    1.248989] pci_bus 0000:00: root bus resource [mem 0xfe010000-0xfe010fff window]
[    1.248990] pci_bus 0000:00: root bus resource [mem 0x90000000-0x9d7fffff window]
[    1.248992] pci_bus 0000:00: root bus resource [mem 0x380000000000-0x383fffffffff window]
[    1.248993] pci_bus 0000:00: root bus resource [bus 00-16]
[    1.249010] pci 0000:00:00.0: [8086:2020] type 00 class 0x060000
[    1.249863] pci 0000:00:05.0: [8086:2024] type 00 class 0x088000
[    1.250687] pci 0000:00:05.2: [8086:2025] type 00 class 0x088000
[    1.251496] pci 0000:00:05.4: [8086:2026] type 00 class 0x080020
[    1.251513] pci 0000:00:05.4: reg 0x10: [mem 0x92f20000-0x92f20fff]
[    1.252335] pci 0000:00:08.0: [8086:2014] type 00 class 0x088000
[    1.253137] pci 0000:00:08.1: [8086:2015] type 00 class 0x110100
[    1.253919] pci 0000:00:08.2: [8086:2016] type 00 class 0x088000
[    1.254734] pci 0000:00:11.0: [8086:a1ec] type 00 class 0xff0000
[    1.254737] pci 0000:00:11.0: device has non-compliant BARs; disabling IO/MEM decoding
[    1.255552] pci 0000:00:11.5: [8086:a1d2] type 00 class 0x010601
[    1.255574] pci 0000:00:11.5: reg 0x10: [mem 0x92f16000-0x92f17fff]
[    1.255588] pci 0000:00:11.5: reg 0x14: [mem 0x92f1f000-0x92f1f0ff]
[    1.255602] pci 0000:00:11.5: reg 0x18: [io  0x2068-0x206f]
[    1.255615] pci 0000:00:11.5: reg 0x1c: [io  0x2074-0x2077]
[    1.255629] pci 0000:00:11.5: reg 0x20: [io  0x2040-0x205f]
[    1.255642] pci 0000:00:11.5: reg 0x24: [mem 0x92e80000-0x92efffff]
[    1.255684] pci 0000:00:11.5: PME# supported from D3hot
[    1.256527] pci 0000:00:14.0: [8086:a1af] type 00 class 0x0c0330
[    1.256557] pci 0000:00:14.0: reg 0x10: [mem 0x92f00000-0x92f0ffff 64bit]
[    1.256648] pci 0000:00:14.0: PME# supported from D3hot D3cold
[    1.257496] pci 0000:00:14.2: [8086:a1b1] type 00 class 0x118000
[    1.257525] pci 0000:00:14.2: reg 0x10: [mem 0x92f1c000-0x92f1cfff 64bit]
[    1.258389] pci 0000:00:16.0: [8086:a1ba] type 00 class 0x078000
[    1.258424] pci 0000:00:16.0: reg 0x10: [mem 0x92f1b000-0x92f1bfff 64bit]
[    1.258534] pci 0000:00:16.0: PME# supported from D3hot
[    1.259313] pci 0000:00:16.1: [8086:a1bb] type 00 class 0x078000
[    1.259348] pci 0000:00:16.1: reg 0x10: [mem 0x92f1a000-0x92f1afff 64bit]
[    1.259458] pci 0000:00:16.1: PME# supported from D3hot
[    1.260250] pci 0000:00:16.4: [8086:a1be] type 00 class 0x078000
[    1.260285] pci 0000:00:16.4: reg 0x10: [mem 0x92f19000-0x92f19fff 64bit]
[    1.260395] pci 0000:00:16.4: PME# supported from D3hot
[    1.261175] pci 0000:00:17.0: [8086:a182] type 00 class 0x010601
[    1.261197] pci 0000:00:17.0: reg 0x10: [mem 0x92f14000-0x92f15fff]
[    1.261211] pci 0000:00:17.0: reg 0x14: [mem 0x92f1e000-0x92f1e0ff]
[    1.261224] pci 0000:00:17.0: reg 0x18: [io  0x2060-0x2067]
[    1.261238] pci 0000:00:17.0: reg 0x1c: [io  0x2070-0x2073]
[    1.261252] pci 0000:00:17.0: reg 0x20: [io  0x2020-0x203f]
[    1.261265] pci 0000:00:17.0: reg 0x24: [mem 0x92e00000-0x92e7ffff]
[    1.261306] pci 0000:00:17.0: PME# supported from D3hot
[    1.262144] pci 0000:00:1c.0: [8086:a190] type 01 class 0x060400
[    1.262951] pci 0000:00:1c.0: PME# supported from D0 D3hot D3cold
[    1.263195] pci 0000:00:1c.4: [8086:a194] type 01 class 0x060400
[    1.263283] pci 0000:00:1c.4: PME# supported from D0 D3hot D3cold
[    1.264248] pci 0000:00:1f.0: [8086:a1c1] type 00 class 0x060100
[    1.265221] pci 0000:00:1f.2: [8086:a1a1] type 00 class 0x058000
[    1.265245] pci 0000:00:1f.2: reg 0x10: [mem 0x92f10000-0x92f13fff]
[    1.266157] pci 0000:00:1f.4: [8086:a1a3] type 00 class 0x0c0500
[    1.266188] pci 0000:00:1f.4: reg 0x10: [mem 0x92f18000-0x92f180ff 64bit]
[    1.266229] pci 0000:00:1f.4: reg 0x20: [io  0x2000-0x201f]
[    1.267025] pci 0000:00:1f.5: [8086:a1a4] type 00 class 0x0c8000
[    1.267050] pci 0000:00:1f.5: reg 0x10: [mem 0xfe010000-0xfe010fff]
[    1.267951] pci 0000:00:1c.0: PCI bridge to [bus 01]
[    1.267955] pci 0000:00:1c.0:   bridge window [mem 0x92a00000-0x92dfffff]
[    1.268015] pci 0000:02:00.0: [1556:be00] type 01 class 0x060400
[    1.278815] pci 0000:00:1c.4: PCI bridge to [bus 02-03]
[    1.278819] pci 0000:00:1c.4:   bridge window [mem 0x92000000-0x928fffff]
[    1.278823] pci 0000:00:1c.4:   bridge window [mem 0x91000000-0x91ffffff 64bit pref]
[    1.278855] pci_bus 0000:03: extended config space not accessible
[    1.278876] pci 0000:03:00.0: [102b:0536] type 00 class 0x030000
[    1.278905] pci 0000:03:00.0: reg 0x10: [mem 0x91000000-0x91ffffff pref]
[    1.278922] pci 0000:03:00.0: reg 0x14: [mem 0x92808000-0x9280bfff]
[    1.278939] pci 0000:03:00.0: reg 0x18: [mem 0x92000000-0x927fffff]
[    1.279012] pci 0000:03:00.0: BAR 0: assigned to efifb
[    1.279106] pci 0000:02:00.0: PCI bridge to [bus 03]
[    1.279114] pci 0000:02:00.0:   bridge window [mem 0x92000000-0x928fffff]
[    1.279120] pci 0000:02:00.0:   bridge window [mem 0x91000000-0x91ffffff 64bit pref]
[    1.279148] pci_bus 0000:00: on NUMA node 0
[    1.279541] ACPI: PCI Interrupt Link [LNKA] (IRQs 3 4 5 6 10 *11 12 14 15)
[    1.279643] ACPI: PCI Interrupt Link [LNKB] (IRQs 3 4 5 *6 10 11 12 14 15)
[    1.279742] ACPI: PCI Interrupt Link [LNKC] (IRQs 3 4 *5 6 10 11 12 14 15)
[    1.279841] ACPI: PCI Interrupt Link [LNKD] (IRQs 3 4 5 6 10 *11 12 14 15)
[    1.279940] ACPI: PCI Interrupt Link [LNKE] (IRQs 3 4 5 6 10 *11 12 14 15)
[    1.280038] ACPI: PCI Interrupt Link [LNKF] (IRQs 3 4 5 *6 10 11 12 14 15)
[    1.280137] ACPI: PCI Interrupt Link [LNKG] (IRQs 3 4 *5 6 10 11 12 14 15)
[    1.280239] ACPI: PCI Interrupt Link [LNKH] (IRQs 3 4 5 6 10 *11 12 14 15)
[    1.280678] ACPI: PCI Root Bridge [PC01] (domain 0000 [bus 17-39])
[    1.280682] acpi PNP0A08:01: _OSC: OS supports [ExtendedConfig ASPM ClockPM Segments MSI EDR HPX-Type3]
[    1.280848] acpi PNP0A08:01: _OSC: platform does not support [SHPCHotplug AER LTR DPC]
[    1.281026] acpi PNP0A08:01: _OSC: OS now controls [PCIeHotplug PME PCIeCapability]
[    1.281027] acpi PNP0A08:01: FADT indicates ASPM is unsupported, using BIOS configuration
[    1.281261] PCI host bridge to bus 0000:17
[    1.281262] pci_bus 0000:17: root bus resource [io  0x4000-0x5fff window]
[    1.281264] pci_bus 0000:17: root bus resource [mem 0x9d800000-0xaaffffff window]
[    1.281266] pci_bus 0000:17: root bus resource [mem 0x384000000000-0x387fffffffff window]
[    1.281268] pci_bus 0000:17: root bus resource [bus 17-39]
[    1.281283] pci 0000:17:00.0: [8086:2030] type 01 class 0x060400
[    1.281358] pci 0000:17:00.0: PME# supported from D0 D3hot D3cold
[    1.281602] pci 0000:17:02.0: [8086:2032] type 01 class 0x060400
[    1.281647] pci 0000:17:02.0: enabling Extended Tags
[    1.281679] pci 0000:17:02.0: PME# supported from D0 D3hot D3cold
[    1.281786] pci 0000:17:03.0: [8086:2033] type 01 class 0x060400
[    1.281830] pci 0000:17:03.0: enabling Extended Tags
[    1.281862] pci 0000:17:03.0: PME# supported from D0 D3hot D3cold
[    1.281958] pci 0000:17:05.0: [8086:2034] type 00 class 0x088000
[    1.282078] pci 0000:17:05.2: [8086:2035] type 00 class 0x088000
[    1.282191] pci 0000:17:05.4: [8086:2036] type 00 class 0x080020
[    1.282207] pci 0000:17:05.4: reg 0x10: [mem 0x9e500000-0x9e500fff]
[    1.282335] pci 0000:17:08.0: [8086:208d] type 00 class 0x088000
[    1.282438] pci 0000:17:08.1: [8086:208d] type 00 class 0x088000
[    1.282527] pci 0000:17:08.2: [8086:208d] type 00 class 0x088000
[    1.282629] pci 0000:17:08.3: [8086:208d] type 00 class 0x088000
[    1.282717] pci 0000:17:08.4: [8086:208d] type 00 class 0x088000
[    1.282806] pci 0000:17:08.5: [8086:208d] type 00 class 0x088000
[    1.282894] pci 0000:17:08.6: [8086:208d] type 00 class 0x088000
[    1.282982] pci 0000:17:08.7: [8086:208d] type 00 class 0x088000
[    1.283070] pci 0000:17:09.0: [8086:208d] type 00 class 0x088000
[    1.283172] pci 0000:17:09.1: [8086:208d] type 00 class 0x088000
[    1.283260] pci 0000:17:09.2: [8086:208d] type 00 class 0x088000
[    1.283361] pci 0000:17:09.3: [8086:208d] type 00 class 0x088000
[    1.283448] pci 0000:17:09.4: [8086:208d] type 00 class 0x088000
[    1.283536] pci 0000:17:09.5: [8086:208d] type 00 class 0x088000
[    1.283625] pci 0000:17:09.6: [8086:208d] type 00 class 0x088000
[    1.283713] pci 0000:17:09.7: [8086:208d] type 00 class 0x088000
[    1.283803] pci 0000:17:0a.0: [8086:208d] type 00 class 0x088000
[    1.283903] pci 0000:17:0a.1: [8086:208d] type 00 class 0x088000
[    1.283995] pci 0000:17:0a.2: [8086:208d] type 00 class 0x088000
[    1.284096] pci 0000:17:0a.3: [8086:208d] type 00 class 0x088000
[    1.284184] pci 0000:17:0a.4: [8086:208d] type 00 class 0x088000
[    1.284272] pci 0000:17:0a.5: [8086:208d] type 00 class 0x088000
[    1.284359] pci 0000:17:0a.6: [8086:208d] type 00 class 0x088000
[    1.284447] pci 0000:17:0a.7: [8086:208d] type 00 class 0x088000
[    1.284536] pci 0000:17:0b.0: [8086:208d] type 00 class 0x088000
[    1.284646] pci 0000:17:0b.1: [8086:208d] type 00 class 0x088000
[    1.284735] pci 0000:17:0b.2: [8086:208d] type 00 class 0x088000
[    1.284836] pci 0000:17:0b.3: [8086:208d] type 00 class 0x088000
[    1.284928] pci 0000:17:0e.0: [8086:208e] type 00 class 0x088000
[    1.285029] pci 0000:17:0e.1: [8086:208e] type 00 class 0x088000
[    1.285117] pci 0000:17:0e.2: [8086:208e] type 00 class 0x088000
[    1.285205] pci 0000:17:0e.3: [8086:208e] type 00 class 0x088000
[    1.285295] pci 0000:17:0e.4: [8086:208e] type 00 class 0x088000
[    1.285383] pci 0000:17:0e.5: [8086:208e] type 00 class 0x088000
[    1.285472] pci 0000:17:0e.6: [8086:208e] type 00 class 0x088000
[    1.285570] pci 0000:17:0e.7: [8086:208e] type 00 class 0x088000
[    1.285661] pci 0000:17:0f.0: [8086:208e] type 00 class 0x088000
[    1.285762] pci 0000:17:0f.1: [8086:208e] type 00 class 0x088000
[    1.285850] pci 0000:17:0f.2: [8086:208e] type 00 class 0x088000
[    1.285938] pci 0000:17:0f.3: [8086:208e] type 00 class 0x088000
[    1.286026] pci 0000:17:0f.4: [8086:208e] type 00 class 0x088000
[    1.286120] pci 0000:17:0f.5: [8086:208e] type 00 class 0x088000
[    1.286210] pci 0000:17:0f.6: [8086:208e] type 00 class 0x088000
[    1.286309] pci 0000:17:0f.7: [8086:208e] type 00 class 0x088000
[    1.286397] pci 0000:17:10.0: [8086:208e] type 00 class 0x088000
[    1.286499] pci 0000:17:10.1: [8086:208e] type 00 class 0x088000
[    1.286591] pci 0000:17:10.2: [8086:208e] type 00 class 0x088000
[    1.286680] pci 0000:17:10.3: [8086:208e] type 00 class 0x088000
[    1.286769] pci 0000:17:10.4: [8086:208e] type 00 class 0x088000
[    1.286859] pci 0000:17:10.5: [8086:208e] type 00 class 0x088000
[    1.286948] pci 0000:17:10.6: [8086:208e] type 00 class 0x088000
[    1.287048] pci 0000:17:10.7: [8086:208e] type 00 class 0x088000
[    1.287136] pci 0000:17:11.0: [8086:208e] type 00 class 0x088000
[    1.287238] pci 0000:17:11.1: [8086:208e] type 00 class 0x088000
[    1.287326] pci 0000:17:11.2: [8086:208e] type 00 class 0x088000
[    1.287414] pci 0000:17:11.3: [8086:208e] type 00 class 0x088000
[    1.287513] pci 0000:17:1d.0: [8086:2054] type 00 class 0x088000
[    1.287615] pci 0000:17:1d.1: [8086:2055] type 00 class 0x088000
[    1.287704] pci 0000:17:1d.2: [8086:2056] type 00 class 0x088000
[    1.287806] pci 0000:17:1d.3: [8086:2057] type 00 class 0x088000
[    1.287899] pci 0000:17:1e.0: [8086:2080] type 00 class 0x088000
[    1.287998] pci 0000:17:1e.1: [8086:2081] type 00 class 0x088000
[    1.288088] pci 0000:17:1e.2: [8086:2082] type 00 class 0x088000
[    1.288207] pci 0000:17:1e.3: [8086:2083] type 00 class 0x088000
[    1.288297] pci 0000:17:1e.4: [8086:2084] type 00 class 0x088000
[    1.288385] pci 0000:17:1e.5: [8086:2085] type 00 class 0x088000
[    1.288474] pci 0000:17:1e.6: [8086:2086] type 00 class 0x088000
[    1.288609] pci 0000:18:00.0: [1000:005d] type 00 class 0x010400
[    1.288628] pci 0000:18:00.0: reg 0x10: [io  0x4000-0x40ff]
[    1.288645] pci 0000:18:00.0: reg 0x14: [mem 0x9e400000-0x9e40ffff 64bit]
[    1.288662] pci 0000:18:00.0: reg 0x1c: [mem 0x9e300000-0x9e3fffff 64bit]
[    1.288684] pci 0000:18:00.0: reg 0x30: [mem 0xfff00000-0xffffffff pref]
[    1.288722] pci 0000:18:00.0: supports D1 D2
[    1.288774] pci 0000:17:00.0: PCI bridge to [bus 18]
[    1.288776] pci 0000:17:00.0:   bridge window [io  0x4000-0x4fff]
[    1.288779] pci 0000:17:00.0:   bridge window [mem 0x9e300000-0x9e4fffff]
[    1.288923] pci 0000:19:00.0: [8086:1563] type 00 class 0x020000
[    1.288950] pci 0000:19:00.0: reg 0x10: [mem 0x9dc00000-0x9dffffff 64bit pref]
[    1.288994] pci 0000:19:00.0: reg 0x20: [mem 0x9e004000-0x9e007fff 64bit pref]
[    1.289007] pci 0000:19:00.0: reg 0x30: [mem 0xfff80000-0xffffffff pref]
[    1.289066] pci 0000:19:00.0: PME# supported from D0 D3hot D3cold
[    1.289292] pci 0000:19:00.1: [8086:1563] type 00 class 0x020000
[    1.289320] pci 0000:19:00.1: reg 0x10: [mem 0x9d800000-0x9dbfffff 64bit pref]
[    1.289363] pci 0000:19:00.1: reg 0x20: [mem 0x9e000000-0x9e003fff 64bit pref]
[    1.289376] pci 0000:19:00.1: reg 0x30: [mem 0xfff80000-0xffffffff pref]
[    1.289430] pci 0000:19:00.1: PME# supported from D0 D3hot D3cold
[    1.289624] pci 0000:17:02.0: PCI bridge to [bus 19]
[    1.289629] pci 0000:17:02.0:   bridge window [mem 0x9d800000-0x9e0fffff 64bit pref]
[    1.289689] pci 0000:1a:00.0: [8086:1521] type 00 class 0x020000
[    1.289711] pci 0000:1a:00.0: reg 0x10: [mem 0x9e180000-0x9e1fffff]
[    1.289748] pci 0000:1a:00.0: reg 0x1c: [mem 0x9e204000-0x9e207fff]
[    1.289785] pci 0000:1a:00.0: reg 0x30: [mem 0xfff80000-0xffffffff pref]
[    1.289842] pci 0000:1a:00.0: PME# supported from D0 D3hot D3cold
[    1.290030] pci 0000:1a:00.1: [8086:1521] type 00 class 0x020000
[    1.290051] pci 0000:1a:00.1: reg 0x10: [mem 0x9e100000-0x9e17ffff]
[    1.290089] pci 0000:1a:00.1: reg 0x1c: [mem 0x9e200000-0x9e203fff]
[    1.290126] pci 0000:1a:00.1: reg 0x30: [mem 0xfff80000-0xffffffff pref]
[    1.290180] pci 0000:1a:00.1: PME# supported from D0 D3hot D3cold
[    1.290346] pci 0000:17:03.0: PCI bridge to [bus 1a]
[    1.290349] pci 0000:17:03.0:   bridge window [mem 0x9e100000-0x9e2fffff]
[    1.290381] pci_bus 0000:17: on NUMA node 0
[    1.290539] ACPI: PCI Root Bridge [PC02] (domain 0000 [bus 3a-5c])
[    1.290543] acpi PNP0A08:02: _OSC: OS supports [ExtendedConfig ASPM ClockPM Segments MSI EDR HPX-Type3]
[    1.290698] acpi PNP0A08:02: _OSC: platform does not support [SHPCHotplug AER LTR DPC]
[    1.290855] acpi PNP0A08:02: _OSC: OS now controls [PCIeHotplug PME PCIeCapability]
[    1.290856] acpi PNP0A08:02: FADT indicates ASPM is unsupported, using BIOS configuration
[    1.291051] PCI host bridge to bus 0000:3a
[    1.291053] pci_bus 0000:3a: root bus resource [io  0x6000-0x7fff window]
[    1.291055] pci_bus 0000:3a: root bus resource [mem 0xab000000-0xb87fffff window]
[    1.291056] pci_bus 0000:3a: root bus resource [mem 0x388000000000-0x38bfffffffff window]
[    1.291058] pci_bus 0000:3a: root bus resource [bus 3a-5c]
[    1.291073] pci 0000:3a:00.0: [8086:2030] type 01 class 0x060400
[    1.291146] pci 0000:3a:00.0: PME# supported from D0 D3hot D3cold
[    1.291358] pci 0000:3a:05.0: [8086:2034] type 00 class 0x088000
[    1.291467] pci 0000:3a:05.2: [8086:2035] type 00 class 0x088000
[    1.291581] pci 0000:3a:05.4: [8086:2036] type 00 class 0x080020
[    1.291598] pci 0000:3a:05.4: reg 0x10: [mem 0xab100000-0xab100fff]
[    1.291718] pci 0000:3a:08.0: [8086:2066] type 00 class 0x088000
[    1.291832] pci 0000:3a:09.0: [8086:2066] type 00 class 0x088000
[    1.291940] pci 0000:3a:0a.0: [8086:2040] type 00 class 0x088000
[    1.292048] pci 0000:3a:0a.1: [8086:2041] type 00 class 0x088000
[    1.292141] pci 0000:3a:0a.2: [8086:2042] type 00 class 0x088000
[    1.292236] pci 0000:3a:0a.3: [8086:2043] type 00 class 0x088000
[    1.292329] pci 0000:3a:0a.4: [8086:2044] type 00 class 0x088000
[    1.292432] pci 0000:3a:0a.5: [8086:2045] type 00 class 0x088000
[    1.292526] pci 0000:3a:0a.6: [8086:2046] type 00 class 0x088000
[    1.292618] pci 0000:3a:0a.7: [8086:2047] type 00 class 0x088000
[    1.292710] pci 0000:3a:0b.0: [8086:2048] type 00 class 0x088000
[    1.292815] pci 0000:3a:0b.1: [8086:2049] type 00 class 0x088000
[    1.292908] pci 0000:3a:0b.2: [8086:204a] type 00 class 0x088000
[    1.293002] pci 0000:3a:0b.3: [8086:204b] type 00 class 0x088000
[    1.293096] pci 0000:3a:0c.0: [8086:2040] type 00 class 0x088000
[    1.293217] pci 0000:3a:0c.1: [8086:2041] type 00 class 0x088000
[    1.293315] pci 0000:3a:0c.2: [8086:2042] type 00 class 0x088000
[    1.293412] pci 0000:3a:0c.3: [8086:2043] type 00 class 0x088000
[    1.293506] pci 0000:3a:0c.4: [8086:2044] type 00 class 0x088000
[    1.293600] pci 0000:3a:0c.5: [8086:2045] type 00 class 0x088000
[    1.293694] pci 0000:3a:0c.6: [8086:2046] type 00 class 0x088000
[    1.293791] pci 0000:3a:0c.7: [8086:2047] type 00 class 0x088000
[    1.293885] pci 0000:3a:0d.0: [8086:2048] type 00 class 0x088000
[    1.294002] pci 0000:3a:0d.1: [8086:2049] type 00 class 0x088000
[    1.294096] pci 0000:3a:0d.2: [8086:204a] type 00 class 0x088000
[    1.294193] pci 0000:3a:0d.3: [8086:204b] type 00 class 0x088000
[    1.294335] pci 0000:3b:00.0: [8086:2700] type 00 class 0x010802
[    1.294359] pci 0000:3b:00.0: reg 0x10: [mem 0xab000000-0xab003fff 64bit]
[    1.294411] pci 0000:3b:00.0: reg 0x30: [mem 0xffff0000-0xffffffff pref]
[    1.294797] pci 0000:3a:00.0: PCI bridge to [bus 3b]
[    1.294800] pci 0000:3a:00.0:   bridge window [mem 0xab000000-0xab0fffff]
[    1.294815] pci_bus 0000:3a: on NUMA node 0
[    1.294939] ACPI: PCI Root Bridge [PC03] (domain 0000 [bus 5d-7f])
[    1.294942] acpi PNP0A08:03: _OSC: OS supports [ExtendedConfig ASPM ClockPM Segments MSI EDR HPX-Type3]
[    1.295097] acpi PNP0A08:03: _OSC: platform does not support [SHPCHotplug AER LTR DPC]
[    1.295253] acpi PNP0A08:03: _OSC: OS now controls [PCIeHotplug PME PCIeCapability]
[    1.295254] acpi PNP0A08:03: FADT indicates ASPM is unsupported, using BIOS configuration
[    1.295485] PCI host bridge to bus 0000:5d
[    1.295486] pci_bus 0000:5d: root bus resource [io  0x8000-0x9fff window]
[    1.295488] pci_bus 0000:5d: root bus resource [mem 0xb8800000-0xc5ffffff window]
[    1.295489] pci_bus 0000:5d: root bus resource [mem 0x38c000000000-0x38ffffffffff window]
[    1.295491] pci_bus 0000:5d: root bus resource [bus 5d-7f]
[    1.295503] pci 0000:5d:05.0: [8086:2034] type 00 class 0x088000
[    1.295615] pci 0000:5d:05.2: [8086:2035] type 00 class 0x088000
[    1.295722] pci 0000:5d:05.4: [8086:2036] type 00 class 0x080020
[    1.295739] pci 0000:5d:05.4: reg 0x10: [mem 0xb8800000-0xb8800fff]
[    1.295865] pci 0000:5d:0e.0: [8086:2058] type 00 class 0x110100
[    1.295984] pci 0000:5d:0e.1: [8086:2059] type 00 class 0x088000
[    1.296077] pci 0000:5d:0f.0: [8086:2058] type 00 class 0x110100
[    1.296195] pci 0000:5d:0f.1: [8086:2059] type 00 class 0x088000
[    1.296289] pci 0000:5d:10.0: [8086:2058] type 00 class 0x110100
[    1.296399] pci 0000:5d:10.1: [8086:2059] type 00 class 0x088000
[    1.296502] pci 0000:5d:12.0: [8086:204c] type 00 class 0x110100
[    1.296609] pci 0000:5d:12.1: [8086:204d] type 00 class 0x110100
[    1.296688] pci 0000:5d:12.2: [8086:204e] type 00 class 0x088000
[    1.296780] pci 0000:5d:12.4: [8086:204c] type 00 class 0x110100
[    1.296870] pci 0000:5d:12.5: [8086:204d] type 00 class 0x110100
[    1.296951] pci 0000:5d:15.0: [8086:2018] type 00 class 0x088000
[    1.297042] pci 0000:5d:15.1: [8086:2088] type 00 class 0x110100
[    1.297122] pci 0000:5d:16.0: [8086:2018] type 00 class 0x088000
[    1.297216] pci 0000:5d:16.1: [8086:2088] type 00 class 0x110100
[    1.297295] pci 0000:5d:16.4: [8086:2018] type 00 class 0x088000
[    1.297375] pci 0000:5d:16.5: [8086:2088] type 00 class 0x110100
[    1.297465] pci 0000:5d:17.0: [8086:2018] type 00 class 0x088000
[    1.297554] pci 0000:5d:17.1: [8086:2088] type 00 class 0x110100
[    1.297639] pci_bus 0000:5d: on NUMA node 0
[    1.297873] ACPI: PCI Root Bridge [PC06] (domain 0000 [bus 80-84])
[    1.297877] acpi PNP0A08:06: _OSC: OS supports [ExtendedConfig ASPM ClockPM Segments MSI EDR HPX-Type3]
[    1.298030] acpi PNP0A08:06: _OSC: platform does not support [SHPCHotplug AER LTR DPC]
[    1.298185] acpi PNP0A08:06: _OSC: OS now controls [PCIeHotplug PME PCIeCapability]
[    1.298187] acpi PNP0A08:06: FADT indicates ASPM is unsupported, using BIOS configuration
[    1.298233] acpi PNP0A08:06: host bridge window [io  0x0000 window] (ignored, not CPU addressable)
[    1.298350] PCI host bridge to bus 0000:80
[    1.298351] pci_bus 0000:80: root bus resource [mem 0xc6000000-0xd37fffff window]
[    1.298353] pci_bus 0000:80: root bus resource [mem 0x390000000000-0x393fffffffff window]
[    1.298355] pci_bus 0000:80: root bus resource [bus 80-84]
[    1.298379] pci 0000:80:05.0: [8086:2024] type 00 class 0x088000
[    1.298508] pci 0000:80:05.2: [8086:2025] type 00 class 0x088000
[    1.298619] pci 0000:80:05.4: [8086:2026] type 00 class 0x080020
[    1.298636] pci 0000:80:05.4: reg 0x10: [mem 0xc6000000-0xc6000fff]
[    1.298765] pci 0000:80:08.0: [8086:2014] type 00 class 0x088000
[    1.298873] pci 0000:80:08.1: [8086:2015] type 00 class 0x110100
[    1.298958] pci 0000:80:08.2: [8086:2016] type 00 class 0x088000
[    1.299072] pci_bus 0000:80: on NUMA node 1
[    1.299181] ACPI: PCI Root Bridge [PC07] (domain 0000 [bus 85-ad])
[    1.299184] acpi PNP0A08:07: _OSC: OS supports [ExtendedConfig ASPM ClockPM Segments MSI EDR HPX-Type3]
[    1.299336] acpi PNP0A08:07: _OSC: platform does not support [SHPCHotplug AER LTR DPC]
[    1.299491] acpi PNP0A08:07: _OSC: OS now controls [PCIeHotplug PME PCIeCapability]
[    1.299493] acpi PNP0A08:07: FADT indicates ASPM is unsupported, using BIOS configuration
[    1.299775] PCI host bridge to bus 0000:85
[    1.299777] pci_bus 0000:85: root bus resource [io  0xa000-0xbfff window]
[    1.299779] pci_bus 0000:85: root bus resource [mem 0xd3800000-0xe0ffffff window]
[    1.299780] pci_bus 0000:85: root bus resource [mem 0x394000000000-0x397fffffffff window]
[    1.299782] pci_bus 0000:85: root bus resource [bus 85-ad]
[    1.299799] pci 0000:85:00.0: [8086:2030] type 01 class 0x060400
[    1.299879] pci 0000:85:00.0: PME# supported from D0 D3hot D3cold
[    1.300128] pci 0000:85:05.0: [8086:2034] type 00 class 0x088000
[    1.300248] pci 0000:85:05.2: [8086:2035] type 00 class 0x088000
[    1.300366] pci 0000:85:05.4: [8086:2036] type 00 class 0x080020
[    1.300383] pci 0000:85:05.4: reg 0x10: [mem 0xd3900000-0xd3900fff]
[    1.300519] pci 0000:85:08.0: [8086:208d] type 00 class 0x088000
[    1.300622] pci 0000:85:08.1: [8086:208d] type 00 class 0x088000
[    1.300716] pci 0000:85:08.2: [8086:208d] type 00 class 0x088000
[    1.300806] pci 0000:85:08.3: [8086:208d] type 00 class 0x088000
[    1.300907] pci 0000:85:08.4: [8086:208d] type 00 class 0x088000
[    1.300997] pci 0000:85:08.5: [8086:208d] type 00 class 0x088000
[    1.301086] pci 0000:85:08.6: [8086:208d] type 00 class 0x088000
[    1.301178] pci 0000:85:08.7: [8086:208d] type 00 class 0x088000
[    1.301267] pci 0000:85:09.0: [8086:208d] type 00 class 0x088000
[    1.301371] pci 0000:85:09.1: [8086:208d] type 00 class 0x088000
[    1.301462] pci 0000:85:09.2: [8086:208d] type 00 class 0x088000
[    1.301554] pci 0000:85:09.3: [8086:208d] type 00 class 0x088000
[    1.301649] pci 0000:85:09.4: [8086:208d] type 00 class 0x088000
[    1.301739] pci 0000:85:09.5: [8086:208d] type 00 class 0x088000
[    1.301829] pci 0000:85:09.6: [8086:208d] type 00 class 0x088000
[    1.301925] pci 0000:85:09.7: [8086:208d] type 00 class 0x088000
[    1.302015] pci 0000:85:0a.0: [8086:208d] type 00 class 0x088000
[    1.302120] pci 0000:85:0a.1: [8086:208d] type 00 class 0x088000
[    1.302212] pci 0000:85:0a.2: [8086:208d] type 00 class 0x088000
[    1.302303] pci 0000:85:0a.3: [8086:208d] type 00 class 0x088000
[    1.302400] pci 0000:85:0a.4: [8086:208d] type 00 class 0x088000
[    1.302489] pci 0000:85:0a.5: [8086:208d] type 00 class 0x088000
[    1.302580] pci 0000:85:0a.6: [8086:208d] type 00 class 0x088000
[    1.302670] pci 0000:85:0a.7: [8086:208d] type 00 class 0x088000
[    1.302759] pci 0000:85:0b.0: [8086:208d] type 00 class 0x088000
[    1.302865] pci 0000:85:0b.1: [8086:208d] type 00 class 0x088000
[    1.302958] pci 0000:85:0b.2: [8086:208d] type 00 class 0x088000
[    1.303048] pci 0000:85:0b.3: [8086:208d] type 00 class 0x088000
[    1.303150] pci 0000:85:0e.0: [8086:208e] type 00 class 0x088000
[    1.303253] pci 0000:85:0e.1: [8086:208e] type 00 class 0x088000
[    1.303343] pci 0000:85:0e.2: [8086:208e] type 00 class 0x088000
[    1.303432] pci 0000:85:0e.3: [8086:208e] type 00 class 0x088000
[    1.303523] pci 0000:85:0e.4: [8086:208e] type 00 class 0x088000
[    1.303613] pci 0000:85:0e.5: [8086:208e] type 00 class 0x088000
[    1.303703] pci 0000:85:0e.6: [8086:208e] type 00 class 0x088000
[    1.303792] pci 0000:85:0e.7: [8086:208e] type 00 class 0x088000
[    1.303889] pci 0000:85:0f.0: [8086:208e] type 00 class 0x088000
[    1.303991] pci 0000:85:0f.1: [8086:208e] type 00 class 0x088000
[    1.304082] pci 0000:85:0f.2: [8086:208e] type 00 class 0x088000
[    1.304172] pci 0000:85:0f.3: [8086:208e] type 00 class 0x088000
[    1.304264] pci 0000:85:0f.4: [8086:208e] type 00 class 0x088000
[    1.304354] pci 0000:85:0f.5: [8086:208e] type 00 class 0x088000
[    1.304444] pci 0000:85:0f.6: [8086:208e] type 00 class 0x088000
[    1.304534] pci 0000:85:0f.7: [8086:208e] type 00 class 0x088000
[    1.304631] pci 0000:85:10.0: [8086:208e] type 00 class 0x088000
[    1.304735] pci 0000:85:10.1: [8086:208e] type 00 class 0x088000
[    1.304826] pci 0000:85:10.2: [8086:208e] type 00 class 0x088000
[    1.304917] pci 0000:85:10.3: [8086:208e] type 00 class 0x088000
[    1.305009] pci 0000:85:10.4: [8086:208e] type 00 class 0x088000
[    1.305099] pci 0000:85:10.5: [8086:208e] type 00 class 0x088000
[    1.305189] pci 0000:85:10.6: [8086:208e] type 00 class 0x088000
[    1.305279] pci 0000:85:10.7: [8086:208e] type 00 class 0x088000
[    1.305374] pci 0000:85:11.0: [8086:208e] type 00 class 0x088000
[    1.305480] pci 0000:85:11.1: [8086:208e] type 00 class 0x088000
[    1.305571] pci 0000:85:11.2: [8086:208e] type 00 class 0x088000
[    1.305663] pci 0000:85:11.3: [8086:208e] type 00 class 0x088000
[    1.305765] pci 0000:85:1d.0: [8086:2054] type 00 class 0x088000
[    1.305867] pci 0000:85:1d.1: [8086:2055] type 00 class 0x088000
[    1.305964] pci 0000:85:1d.2: [8086:2056] type 00 class 0x088000
[    1.306055] pci 0000:85:1d.3: [8086:2057] type 00 class 0x088000
[    1.306155] pci 0000:85:1e.0: [8086:2080] type 00 class 0x088000
[    1.306261] pci 0000:85:1e.1: [8086:2081] type 00 class 0x088000
[    1.306351] pci 0000:85:1e.2: [8086:2082] type 00 class 0x088000
[    1.306443] pci 0000:85:1e.3: [8086:2083] type 00 class 0x088000
[    1.306534] pci 0000:85:1e.4: [8086:2084] type 00 class 0x088000
[    1.306625] pci 0000:85:1e.5: [8086:2085] type 00 class 0x088000
[    1.306716] pci 0000:85:1e.6: [8086:2086] type 00 class 0x088000
[    1.306856] pci 0000:86:00.0: [144d:a80a] type 00 class 0x010802
[    1.306884] pci 0000:86:00.0: reg 0x10: [mem 0xd3800000-0xd3803fff 64bit]
[    1.306946] pci 0000:86:00.0: reg 0x30: [mem 0xffff0000-0xffffffff pref]
[    1.307335] pci 0000:86:00.0: 31.504 Gb/s available PCIe bandwidth, limited by 8.0 GT/s PCIe x4 link at 0000:85:00.0 (capable of 63.012 Gb/s with 16.0 GT/s PCIe x4 link)
[    1.307424] pci 0000:85:00.0: PCI bridge to [bus 86]
[    1.307428] pci 0000:85:00.0:   bridge window [mem 0xd3800000-0xd38fffff]
[    1.307444] pci_bus 0000:85: on NUMA node 1
[    1.307587] ACPI: PCI Root Bridge [PC08] (domain 0000 [bus ae-d6])
[    1.307591] acpi PNP0A08:08: _OSC: OS supports [ExtendedConfig ASPM ClockPM Segments MSI EDR HPX-Type3]
[    1.307746] acpi PNP0A08:08: _OSC: platform does not support [SHPCHotplug AER LTR DPC]
[    1.307901] acpi PNP0A08:08: _OSC: OS now controls [PCIeHotplug PME PCIeCapability]
[    1.307902] acpi PNP0A08:08: FADT indicates ASPM is unsupported, using BIOS configuration
[    1.308101] PCI host bridge to bus 0000:ae
[    1.308103] pci_bus 0000:ae: root bus resource [io  0xc000-0xdfff window]
[    1.308105] pci_bus 0000:ae: root bus resource [mem 0xe1000000-0xee7fffff window]
[    1.308106] pci_bus 0000:ae: root bus resource [mem 0x398000000000-0x39bfffffffff window]
[    1.308108] pci_bus 0000:ae: root bus resource [bus ae-d6]
[    1.308124] pci 0000:ae:00.0: [8086:2030] type 01 class 0x060400
[    1.308171] pci 0000:ae:00.0: enabling Extended Tags
[    1.308207] pci 0000:ae:00.0: PME# supported from D0 D3hot D3cold
[    1.308448] pci 0000:ae:05.0: [8086:2034] type 00 class 0x088000
[    1.308560] pci 0000:ae:05.2: [8086:2035] type 00 class 0x088000
[    1.308670] pci 0000:ae:05.4: [8086:2036] type 00 class 0x080020
[    1.308687] pci 0000:ae:05.4: reg 0x10: [mem 0xe1100000-0xe1100fff]
[    1.308813] pci 0000:ae:08.0: [8086:2066] type 00 class 0x088000
[    1.308937] pci 0000:ae:09.0: [8086:2066] type 00 class 0x088000
[    1.309057] pci 0000:ae:0a.0: [8086:2040] type 00 class 0x088000
[    1.309166] pci 0000:ae:0a.1: [8086:2041] type 00 class 0x088000
[    1.309270] pci 0000:ae:0a.2: [8086:2042] type 00 class 0x088000
[    1.309367] pci 0000:ae:0a.3: [8086:2043] type 00 class 0x088000
[    1.309467] pci 0000:ae:0a.4: [8086:2044] type 00 class 0x088000
[    1.309564] pci 0000:ae:0a.5: [8086:2045] type 00 class 0x088000
[    1.309660] pci 0000:ae:0a.6: [8086:2046] type 00 class 0x088000
[    1.309757] pci 0000:ae:0a.7: [8086:2047] type 00 class 0x088000
[    1.309854] pci 0000:ae:0b.0: [8086:2048] type 00 class 0x088000
[    1.309964] pci 0000:ae:0b.1: [8086:2049] type 00 class 0x088000
[    1.310066] pci 0000:ae:0b.2: [8086:204a] type 00 class 0x088000
[    1.310163] pci 0000:ae:0b.3: [8086:204b] type 00 class 0x088000
[    1.310263] pci 0000:ae:0c.0: [8086:2040] type 00 class 0x088000
[    1.310373] pci 0000:ae:0c.1: [8086:2041] type 00 class 0x088000
[    1.310473] pci 0000:ae:0c.2: [8086:2042] type 00 class 0x088000
[    1.310571] pci 0000:ae:0c.3: [8086:2043] type 00 class 0x088000
[    1.310670] pci 0000:ae:0c.4: [8086:2044] type 00 class 0x088000
[    1.310769] pci 0000:ae:0c.5: [8086:2045] type 00 class 0x088000
[    1.310876] pci 0000:ae:0c.6: [8086:2046] type 00 class 0x088000
[    1.310974] pci 0000:ae:0c.7: [8086:2047] type 00 class 0x088000
[    1.311074] pci 0000:ae:0d.0: [8086:2048] type 00 class 0x088000
[    1.311190] pci 0000:ae:0d.1: [8086:2049] type 00 class 0x088000
[    1.311288] pci 0000:ae:0d.2: [8086:204a] type 00 class 0x088000
[    1.311387] pci 0000:ae:0d.3: [8086:204b] type 00 class 0x088000
[    1.311542] pci 0000:af:00.0: [144d:a808] type 00 class 0x010802
[    1.311569] pci 0000:af:00.0: reg 0x10: [mem 0xe1000000-0xe1003fff 64bit]
[    1.312172] pci 0000:ae:00.0: PCI bridge to [bus af]
[    1.312176] pci 0000:ae:00.0:   bridge window [mem 0xe1000000-0xe10fffff]
[    1.312190] pci_bus 0000:ae: on NUMA node 1
[    1.312360] ACPI: PCI Root Bridge [PC09] (domain 0000 [bus d7-ff])
[    1.312364] acpi PNP0A08:09: _OSC: OS supports [ExtendedConfig ASPM ClockPM Segments MSI EDR HPX-Type3]
[    1.312518] acpi PNP0A08:09: _OSC: platform does not support [SHPCHotplug AER LTR DPC]
[    1.312673] acpi PNP0A08:09: _OSC: OS now controls [PCIeHotplug PME PCIeCapability]
[    1.312674] acpi PNP0A08:09: FADT indicates ASPM is unsupported, using BIOS configuration
[    1.312866] PCI host bridge to bus 0000:d7
[    1.312867] pci_bus 0000:d7: root bus resource [io  0xe000-0xffff window]
[    1.312869] pci_bus 0000:d7: root bus resource [mem 0xee800000-0xfbffffff window]
[    1.312871] pci_bus 0000:d7: root bus resource [mem 0x39c000000000-0x39ffffffffff window]
[    1.312873] pci_bus 0000:d7: root bus resource [bus d7-ff]
[    1.312885] pci 0000:d7:05.0: [8086:2034] type 00 class 0x088000
[    1.313006] pci 0000:d7:05.2: [8086:2035] type 00 class 0x088000
[    1.313117] pci 0000:d7:05.4: [8086:2036] type 00 class 0x080020
[    1.313135] pci 0000:d7:05.4: reg 0x10: [mem 0xee800000-0xee800fff]
[    1.313266] pci 0000:d7:0e.0: [8086:2058] type 00 class 0x110100
[    1.313376] pci 0000:d7:0e.1: [8086:2059] type 00 class 0x088000
[    1.313475] pci 0000:d7:0f.0: [8086:2058] type 00 class 0x110100
[    1.313588] pci 0000:d7:0f.1: [8086:2059] type 00 class 0x088000
[    1.313686] pci 0000:d7:10.0: [8086:2058] type 00 class 0x110100
[    1.313796] pci 0000:d7:10.1: [8086:2059] type 00 class 0x088000
[    1.313908] pci 0000:d7:12.0: [8086:204c] type 00 class 0x110100
[    1.314016] pci 0000:d7:12.1: [8086:204d] type 00 class 0x110100
[    1.314098] pci 0000:d7:12.2: [8086:204e] type 00 class 0x088000
[    1.314180] pci 0000:d7:12.4: [8086:204c] type 00 class 0x110100
[    1.314277] pci 0000:d7:12.5: [8086:204d] type 00 class 0x110100
[    1.314360] pci 0000:d7:15.0: [8086:2018] type 00 class 0x088000
[    1.314455] pci 0000:d7:15.1: [8086:2088] type 00 class 0x110100
[    1.314538] pci 0000:d7:16.0: [8086:2018] type 00 class 0x088000
[    1.314648] pci 0000:d7:16.1: [8086:2088] type 00 class 0x110100
[    1.314730] pci 0000:d7:16.4: [8086:2018] type 00 class 0x088000
[    1.314812] pci 0000:d7:16.5: [8086:2088] type 00 class 0x110100
[    1.314896] pci 0000:d7:17.0: [8086:2018] type 00 class 0x088000
[    1.314992] pci 0000:d7:17.1: [8086:2088] type 00 class 0x110100
[    1.315082] pci_bus 0000:d7: on NUMA node 1
[    1.315886] iommu: Default domain type: Translated 
[    1.315886] pci 0000:03:00.0: vgaarb: setting as boot VGA device
[    1.315886] pci 0000:03:00.0: vgaarb: VGA device added: decodes=io+mem,owns=io+mem,locks=none
[    1.315886] pci 0000:03:00.0: vgaarb: bridge control possible
[    1.315886] vgaarb: loaded
[    1.315886] SCSI subsystem initialized
[    1.315886] libata version 3.00 loaded.
[    1.315886] ACPI: bus type USB registered
[    1.315886] usbcore: registered new interface driver usbfs
[    1.315886] usbcore: registered new interface driver hub
[    1.315886] usbcore: registered new device driver usb
[    1.315886] pps_core: LinuxPPS API ver. 1 registered
[    1.315886] pps_core: Software ver. 5.3.6 - Copyright 2005-2007 Rodolfo Giometti <giometti@linux.it>
[    1.315886] PTP clock support registered
[    1.315886] EDAC MC: Ver: 3.0.0
[    1.315886] Registered efivars operations
[    1.315886] NetLabel: Initializing
[    1.315886] NetLabel:  domain hash size = 128
[    1.315886] NetLabel:  protocols = UNLABELED CIPSOv4 CALIPSO
[    1.315886] NetLabel:  unlabeled traffic allowed by default
[    1.315886] PCI: Using ACPI for IRQ routing
[    1.320288] PCI: pci_cache_line_size set to 64 bytes
[    1.320546] e820: reserve RAM buffer [mem 0x4bd66020-0x4bffffff]
[    1.320549] e820: reserve RAM buffer [mem 0x4bd6d020-0x4bffffff]
[    1.320551] e820: reserve RAM buffer [mem 0x4bd78020-0x4bffffff]
[    1.320552] e820: reserve RAM buffer [mem 0x4bdd5020-0x4bffffff]
[    1.320554] e820: reserve RAM buffer [mem 0x4be32020-0x4bffffff]
[    1.320555] e820: reserve RAM buffer [mem 0x4be92020-0x4bffffff]
[    1.320556] e820: reserve RAM buffer [mem 0x4bef2020-0x4bffffff]
[    1.320557] e820: reserve RAM buffer [mem 0x4bf0b020-0x4bffffff]
[    1.320558] e820: reserve RAM buffer [mem 0x682ff000-0x6bffffff]
[    1.323064] hpet0: at MMIO 0xfed00000, IRQs 2, 8, 0, 0, 0, 0, 0, 0
[    1.323072] hpet0: 8 comparators, 64-bit 24.000000 MHz counter
[    1.325211] clocksource: Switched to clocksource tsc-early
[    1.334757] VFS: Disk quotas dquot_6.6.0
[    1.334792] VFS: Dquot-cache hash table entries: 512 (order 0, 4096 bytes)
[    1.334975] AppArmor: AppArmor Filesystem Enabled
[    1.334987] pnp: PnP ACPI init
[    1.341357] pnp 00:00: Plug and Play ACPI device, IDs PNP0b00 (active)
[    1.341558] system 00:01: [io  0x0500-0x05fe] has been reserved
[    1.341561] system 00:01: [io  0x0400-0x047f] has been reserved
[    1.341563] system 00:01: [io  0x0600-0x061f] has been reserved
[    1.341565] system 00:01: [io  0x0ca0-0x0ca5] has been reserved
[    1.341566] system 00:01: [io  0x0880-0x0883] has been reserved
[    1.341568] system 00:01: [io  0x0800-0x081f] has been reserved
[    1.341570] system 00:01: [mem 0xfed1c000-0xfed3ffff] has been reserved
[    1.341572] system 00:01: [mem 0xfed45000-0xfed8bfff] has been reserved
[    1.341574] system 00:01: [mem 0xff000000-0xffffffff] has been reserved
[    1.341575] system 00:01: [mem 0xfee00000-0xfeefffff] has been reserved
[    1.341577] system 00:01: [mem 0xfed12000-0xfed1200f] has been reserved
[    1.341579] system 00:01: [mem 0xfed12010-0xfed1201f] has been reserved
[    1.341580] system 00:01: [mem 0xfed1b000-0xfed1bfff] has been reserved
[    1.341585] system 00:01: Plug and Play ACPI device, IDs PNP0c02 (active)
[    1.341843] pnp 00:02: Plug and Play ACPI device, IDs PNP0501 (active)
[    1.342064] pnp 00:03: Plug and Play ACPI device, IDs PNP0501 (active)
[    1.342252] system 00:04: [mem 0xfd000000-0xfdabffff] has been reserved
[    1.342254] system 00:04: [mem 0xfdad0000-0xfdadffff] has been reserved
[    1.342256] system 00:04: [mem 0xfdb00000-0xfdffffff] has been reserved
[    1.342258] system 00:04: [mem 0xfe000000-0xfe00ffff] has been reserved
[    1.342259] system 00:04: [mem 0xfe011000-0xfe01ffff] has been reserved
[    1.342261] system 00:04: [mem 0xfe036000-0xfe03bfff] has been reserved
[    1.342263] system 00:04: [mem 0xfe03d000-0xfe3fffff] has been reserved
[    1.342264] system 00:04: [mem 0xfe410000-0xfe7fffff] has been reserved
[    1.342268] system 00:04: Plug and Play ACPI device, IDs PNP0c02 (active)
[    1.342628] system 00:05: [io  0x1000-0x10fe] has been reserved
[    1.342632] system 00:05: Plug and Play ACPI device, IDs PNP0c02 (active)
[    1.343612] pnp: PnP ACPI: found 6 devices
[    1.349252] clocksource: acpi_pm: mask: 0xffffff max_cycles: 0xffffff, max_idle_ns: 2085701024 ns
[    1.349336] NET: Registered protocol family 2
[    1.349928] tcp_listen_portaddr_hash hash table entries: 32768 (order: 7, 524288 bytes, vmalloc)
[    1.351295] TCP established hash table entries: 524288 (order: 10, 4194304 bytes, vmalloc)
[    1.352127] TCP bind hash table entries: 65536 (order: 8, 1048576 bytes, vmalloc)
[    1.352208] TCP: Hash tables configured (established 524288 bind 65536)
[    1.352827] MPTCP token hash table entries: 65536 (order: 8, 1572864 bytes, vmalloc)
[    1.353328] UDP hash table entries: 32768 (order: 8, 1048576 bytes, vmalloc)
[    1.353765] UDP-Lite hash table entries: 32768 (order: 8, 1048576 bytes, vmalloc)
[    1.353982] NET: Registered protocol family 1
[    1.353986] NET: Registered protocol family 44
[    1.353994] pci 0000:18:00.0: can't claim BAR 6 [mem 0xfff00000-0xffffffff pref]: no compatible bridge window
[    1.353997] pci 0000:19:00.0: can't claim BAR 6 [mem 0xfff80000-0xffffffff pref]: no compatible bridge window
[    1.353999] pci 0000:19:00.1: can't claim BAR 6 [mem 0xfff80000-0xffffffff pref]: no compatible bridge window
[    1.354001] pci 0000:1a:00.0: can't claim BAR 6 [mem 0xfff80000-0xffffffff pref]: no compatible bridge window
[    1.354003] pci 0000:1a:00.1: can't claim BAR 6 [mem 0xfff80000-0xffffffff pref]: no compatible bridge window
[    1.354006] pci 0000:3b:00.0: can't claim BAR 6 [mem 0xffff0000-0xffffffff pref]: no compatible bridge window
[    1.354010] pci 0000:86:00.0: can't claim BAR 6 [mem 0xffff0000-0xffffffff pref]: no compatible bridge window
[    1.354017] pci 0000:00:1c.0: bridge window [io  0x1000-0x0fff] to [bus 01] add_size 1000
[    1.354020] pci 0000:00:1c.0: bridge window [mem 0x00100000-0x000fffff 64bit pref] to [bus 01] add_size 200000 add_align 100000
[    1.354030] pci 0000:00:1c.0: BAR 15: assigned [mem 0x380000000000-0x3800001fffff 64bit pref]
[    1.354033] pci 0000:00:1c.0: BAR 13: assigned [io  0x3000-0x3fff]
[    1.354037] pci 0000:00:1c.0: PCI bridge to [bus 01]
[    1.354039] pci 0000:00:1c.0:   bridge window [io  0x3000-0x3fff]
[    1.354048] pci 0000:00:1c.0:   bridge window [mem 0x92a00000-0x92dfffff]
[    1.354054] pci 0000:00:1c.0:   bridge window [mem 0x380000000000-0x3800001fffff 64bit pref]
[    1.354066] pci 0000:02:00.0: PCI bridge to [bus 03]
[    1.354075] pci 0000:02:00.0:   bridge window [mem 0x92000000-0x928fffff]
[    1.354082] pci 0000:02:00.0:   bridge window [mem 0x91000000-0x91ffffff 64bit pref]
[    1.354095] pci 0000:00:1c.4: PCI bridge to [bus 02-03]
[    1.354103] pci 0000:00:1c.4:   bridge window [mem 0x92000000-0x928fffff]
[    1.354109] pci 0000:00:1c.4:   bridge window [mem 0x91000000-0x91ffffff 64bit pref]
[    1.354120] pci_bus 0000:00: resource 4 [io  0x0000-0x0cf7 window]
[    1.354121] pci_bus 0000:00: resource 5 [io  0x1000-0x3fff window]
[    1.354123] pci_bus 0000:00: resource 6 [mem 0x000a0000-0x000bffff window]
[    1.354124] pci_bus 0000:00: resource 7 [mem 0x000c4000-0x000c7fff window]
[    1.354126] pci_bus 0000:00: resource 8 [mem 0xfe010000-0xfe010fff window]
[    1.354127] pci_bus 0000:00: resource 9 [mem 0x90000000-0x9d7fffff window]
[    1.354128] pci_bus 0000:00: resource 10 [mem 0x380000000000-0x383fffffffff window]
[    1.354130] pci_bus 0000:01: resource 0 [io  0x3000-0x3fff]
[    1.354132] pci_bus 0000:01: resource 1 [mem 0x92a00000-0x92dfffff]
[    1.354133] pci_bus 0000:01: resource 2 [mem 0x380000000000-0x3800001fffff 64bit pref]
[    1.354135] pci_bus 0000:02: resource 1 [mem 0x92000000-0x928fffff]
[    1.354136] pci_bus 0000:02: resource 2 [mem 0x91000000-0x91ffffff 64bit pref]
[    1.354138] pci_bus 0000:03: resource 1 [mem 0x92000000-0x928fffff]
[    1.354139] pci_bus 0000:03: resource 2 [mem 0x91000000-0x91ffffff 64bit pref]
[    1.354275] pci 0000:17:02.0: BAR 14: assigned [mem 0x9e600000-0x9e6fffff]
[    1.354277] pci 0000:18:00.0: BAR 6: no space for [mem size 0x00100000 pref]
[    1.354279] pci 0000:18:00.0: BAR 6: failed to assign [mem size 0x00100000 pref]
[    1.354280] pci 0000:17:00.0: PCI bridge to [bus 18]
[    1.354282] pci 0000:17:00.0:   bridge window [io  0x4000-0x4fff]
[    1.354290] pci 0000:17:00.0:   bridge window [mem 0x9e300000-0x9e4fffff]
[    1.354304] pci 0000:19:00.0: BAR 6: assigned [mem 0x9e600000-0x9e67ffff pref]
[    1.354306] pci 0000:19:00.1: BAR 6: assigned [mem 0x9e680000-0x9e6fffff pref]
[    1.354308] pci 0000:17:02.0: PCI bridge to [bus 19]
[    1.354315] pci 0000:17:02.0:   bridge window [mem 0x9e600000-0x9e6fffff]
[    1.354320] pci 0000:17:02.0:   bridge window [mem 0x9d800000-0x9e0fffff 64bit pref]
[    1.354330] pci 0000:1a:00.0: BAR 6: assigned [mem 0x9e280000-0x9e2fffff pref]
[    1.354332] pci 0000:1a:00.1: BAR 6: no space for [mem size 0x00080000 pref]
[    1.354334] pci 0000:1a:00.1: BAR 6: failed to assign [mem size 0x00080000 pref]
[    1.354335] pci 0000:17:03.0: PCI bridge to [bus 1a]
[    1.354343] pci 0000:17:03.0:   bridge window [mem 0x9e100000-0x9e2fffff]
[    1.354359] pci_bus 0000:17: resource 4 [io  0x4000-0x5fff window]
[    1.354361] pci_bus 0000:17: resource 5 [mem 0x9d800000-0xaaffffff window]
[    1.354362] pci_bus 0000:17: resource 6 [mem 0x384000000000-0x387fffffffff window]
[    1.354364] pci_bus 0000:18: resource 0 [io  0x4000-0x4fff]
[    1.354365] pci_bus 0000:18: resource 1 [mem 0x9e300000-0x9e4fffff]
[    1.354367] pci_bus 0000:19: resource 1 [mem 0x9e600000-0x9e6fffff]
[    1.354368] pci_bus 0000:19: resource 2 [mem 0x9d800000-0x9e0fffff 64bit pref]
[    1.354369] pci_bus 0000:1a: resource 1 [mem 0x9e100000-0x9e2fffff]
[    1.354396] pci 0000:3b:00.0: BAR 6: assigned [mem 0xab010000-0xab01ffff pref]
[    1.354398] pci 0000:3a:00.0: PCI bridge to [bus 3b]
[    1.354406] pci 0000:3a:00.0:   bridge window [mem 0xab000000-0xab0fffff]
[    1.354421] pci_bus 0000:3a: resource 4 [io  0x6000-0x7fff window]
[    1.354422] pci_bus 0000:3a: resource 5 [mem 0xab000000-0xb87fffff window]
[    1.354423] pci_bus 0000:3a: resource 6 [mem 0x388000000000-0x38bfffffffff window]
[    1.354425] pci_bus 0000:3b: resource 1 [mem 0xab000000-0xab0fffff]
[    1.354443] pci_bus 0000:5d: resource 4 [io  0x8000-0x9fff window]
[    1.354445] pci_bus 0000:5d: resource 5 [mem 0xb8800000-0xc5ffffff window]
[    1.354446] pci_bus 0000:5d: resource 6 [mem 0x38c000000000-0x38ffffffffff window]
[    1.354472] pci_bus 0000:80: resource 4 [mem 0xc6000000-0xd37fffff window]
[    1.354474] pci_bus 0000:80: resource 5 [mem 0x390000000000-0x393fffffffff window]
[    1.354491] pci 0000:86:00.0: BAR 6: assigned [mem 0xd3810000-0xd381ffff pref]
[    1.354492] pci 0000:85:00.0: PCI bridge to [bus 86]
[    1.354500] pci 0000:85:00.0:   bridge window [mem 0xd3800000-0xd38fffff]
[    1.354517] pci_bus 0000:85: resource 4 [io  0xa000-0xbfff window]
[    1.354518] pci_bus 0000:85: resource 5 [mem 0xd3800000-0xe0ffffff window]
[    1.354520] pci_bus 0000:85: resource 6 [mem 0x394000000000-0x397fffffffff window]
[    1.354521] pci_bus 0000:86: resource 1 [mem 0xd3800000-0xd38fffff]
[    1.354541] pci 0000:ae:00.0: PCI bridge to [bus af]
[    1.354549] pci 0000:ae:00.0:   bridge window [mem 0xe1000000-0xe10fffff]
[    1.354564] pci_bus 0000:ae: resource 4 [io  0xc000-0xdfff window]
[    1.354565] pci_bus 0000:ae: resource 5 [mem 0xe1000000-0xee7fffff window]
[    1.354567] pci_bus 0000:ae: resource 6 [mem 0x398000000000-0x39bfffffffff window]
[    1.354568] pci_bus 0000:af: resource 1 [mem 0xe1000000-0xe10fffff]
[    1.354604] pci_bus 0000:d7: resource 4 [io  0xe000-0xffff window]
[    1.354606] pci_bus 0000:d7: resource 5 [mem 0xee800000-0xfbffffff window]
[    1.354607] pci_bus 0000:d7: resource 6 [mem 0x39c000000000-0x39ffffffffff window]
[    1.354992] pci 0000:03:00.0: Video device with shadowed ROM at [mem 0x000c0000-0x000dffff]
[    1.355002] pci 0000:17:05.0: disabled boot interrupts on device [8086:2034]
[    1.355114] pci 0000:3a:05.0: disabled boot interrupts on device [8086:2034]
[    1.355158] pci 0000:5d:05.0: disabled boot interrupts on device [8086:2034]
[    1.355202] pci 0000:85:05.0: disabled boot interrupts on device [8086:2034]
[    1.355307] pci 0000:ae:05.0: disabled boot interrupts on device [8086:2034]
[    1.355353] pci 0000:d7:05.0: disabled boot interrupts on device [8086:2034]
[    1.355386] PCI: CLS 128 bytes, default 64
[    1.355427] Trying to unpack rootfs image as initramfs...
[    1.512593] Initramfs unpacking failed: Decoding failed
[    1.524662] Freeing initrd memory: 59180K
[    1.524727] DMAR: Host address width 46
[    1.524728] DMAR: DRHD base: 0x000000d37fc000 flags: 0x0
[    1.524752] DMAR: dmar0: reg_base_addr d37fc000 ver 1:0 cap 8d2078c106f0466 ecap f020df
[    1.524755] DMAR: DRHD base: 0x000000e0ffc000 flags: 0x0
[    1.524761] DMAR: dmar1: reg_base_addr e0ffc000 ver 1:0 cap 8d2078c106f0466 ecap f020df
[    1.524763] DMAR: DRHD base: 0x000000ee7fc000 flags: 0x0
[    1.524768] DMAR: dmar2: reg_base_addr ee7fc000 ver 1:0 cap 8d2078c106f0466 ecap f020df
[    1.524770] DMAR: DRHD base: 0x000000fbffc000 flags: 0x0
[    1.524775] DMAR: dmar3: reg_base_addr fbffc000 ver 1:0 cap 8d2078c106f0466 ecap f020df
[    1.524777] DMAR: DRHD base: 0x000000aaffc000 flags: 0x0
[    1.524782] DMAR: dmar4: reg_base_addr aaffc000 ver 1:0 cap 8d2078c106f0466 ecap f020df
[    1.524784] DMAR: DRHD base: 0x000000b87fc000 flags: 0x0
[    1.524789] DMAR: dmar5: reg_base_addr b87fc000 ver 1:0 cap 8d2078c106f0466 ecap f020df
[    1.524790] DMAR: DRHD base: 0x000000c5ffc000 flags: 0x0
[    1.524795] DMAR: dmar6: reg_base_addr c5ffc000 ver 1:0 cap 8d2078c106f0466 ecap f020df
[    1.524797] DMAR: DRHD base: 0x0000009d7fc000 flags: 0x1
[    1.524807] DMAR: dmar7: reg_base_addr 9d7fc000 ver 1:0 cap 8d2078c106f0466 ecap f020df
[    1.524808] DMAR: RMRR base: 0x0000006f6e0000 end: 0x0000006f6e2fff
[    1.524810] DMAR: [Firmware Bug]: No firmware reserved region can cover this RMRR [0x000000006f6e0000-0x000000006f6e2fff], contact BIOS vendor for fixes
[    1.524815] DMAR: [Firmware Bug]: Your BIOS is broken; bad RMRR [0x000000006f6e0000-0x000000006f6e2fff]
               BIOS vendor: Dell Inc.; Ver: 2.14.2; Product Version: 
[    1.524818] DMAR: ATSR flags: 0x0
[    1.524819] DMAR: ATSR flags: 0x0
[    1.524987] PCI-DMA: Using software bounce buffering for IO (SWIOTLB)
[    1.524988] software IO TLB: mapped [mem 0x0000000061053000-0x0000000065053000] (64MB)
[    1.527503] check: Scanning for low memory corruption every 60 seconds
[    1.529022] Initialise system trusted keyrings
[    1.529031] Key type blacklist registered
[    1.529079] workingset: timestamp_bits=36 max_order=24 bucket_order=0
[    1.530160] zbud: loaded
[    1.530494] squashfs: version 4.0 (2009/01/31) Phillip Lougher
[    1.530626] fuse: init (API version 7.33)
[    1.530801] integrity: Platform Keyring initialized
[    1.538743] Key type asymmetric registered
[    1.538744] Asymmetric key parser 'x509' registered
[    1.538750] Block layer SCSI generic (bsg) driver version 0.4 loaded (major 243)
[    1.538789] io scheduler mq-deadline registered
[    1.539557] pcieport 0000:00:1c.0: PME: Signaling with IRQ 24
[    1.539583] pcieport 0000:00:1c.0: pciehp: Slot #0 AttnBtn- PwrCtrl- MRL- AttnInd- PwrInd- HotPlug+ Surprise+ Interlock- NoCompl+ IbPresDis- LLActRep+
[    1.539827] pcieport 0000:00:1c.4: PME: Signaling with IRQ 25
[    1.540097] pcieport 0000:17:00.0: PME: Signaling with IRQ 27
[    1.540330] pcieport 0000:17:02.0: PME: Signaling with IRQ 28
[    1.540554] pcieport 0000:17:03.0: PME: Signaling with IRQ 29
[    1.540772] pcieport 0000:3a:00.0: PME: Signaling with IRQ 31
[    1.541201] pcieport 0000:85:00.0: PME: Signaling with IRQ 33
[    1.541465] pcieport 0000:ae:00.0: PME: Signaling with IRQ 35
[    1.541802] shpchp: Standard Hot Plug PCI Controller Driver version: 0.4
[    1.541914] efifb: probing for efifb
[    1.541941] efifb: No BGRT, not showing boot graphics
[    1.541942] efifb: framebuffer at 0x91000000, using 3072k, total 3072k
[    1.541944] efifb: mode is 1024x768x32, linelength=4096, pages=1
[    1.541945] efifb: scrolling: redraw
[    1.541946] efifb: Truecolor: size=8:8:8:8, shift=24:16:8:0
[    1.542027] Console: switching to colour frame buffer device 128x48
[    1.557713] fb0: EFI VGA frame buffer device
[    1.557721] intel_idle: MWAIT substates: 0x2020
[    1.557876] Monitor-Mwait will be used to enter C-1 state
[    1.557879] ACPI: \_SB_.SCK0.CP00: Found 1 idle states
[    1.557881] intel_idle: v0.5.1 model 0x55
[    1.559395] intel_idle: Local APIC timer is reliable in all C-states
[    1.559879] input: Power Button as /devices/LNXSYSTM:00/LNXPWRBN:00/input/input0
[    1.559927] ACPI: Power Button [PWRF]
[    1.561756] ERST: Error Record Serialization Table (ERST) support is initialized.
[    1.561768] pstore: Registered erst as persistent store backend
[    1.562358] GHES: APEI firmware first mode is enabled by APEI bit and WHEA _OSC.
[    1.562516] Serial: 8250/16550 driver, 32 ports, IRQ sharing enabled
[    1.583229] 00:02: ttyS1 at I/O 0x2f8 (irq = 3, base_baud = 115200) is a 16550A
[    1.616300] 00:03: ttyS0 at I/O 0x3f8 (irq = 4, base_baud = 115200) is a 16550A
[    1.629984] Linux agpgart interface v0.103
[    1.637096] loop: module loaded
[    1.637464] libphy: Fixed MDIO Bus: probed
[    1.637466] tun: Universal TUN/TAP device driver, 1.6
[    1.637504] PPP generic driver version 2.4.2
[    1.637543] VFIO - User Level meta-driver version: 0.3
[    1.637616] ehci_hcd: USB 2.0 'Enhanced' Host Controller (EHCI) Driver
[    1.637619] ehci-pci: EHCI PCI platform driver
[    1.637652] ehci-platform: EHCI generic platform driver
[    1.637658] ohci_hcd: USB 1.1 'Open' Host Controller (OHCI) Driver
[    1.637660] ohci-pci: OHCI PCI platform driver
[    1.637692] ohci-platform: OHCI generic platform driver
[    1.637698] uhci_hcd: USB Universal Host Controller Interface driver
[    1.637750] i8042: PNP: No PS/2 controller found.
[    1.637784] mousedev: PS/2 mouse device common for all mice
[    1.637846] rtc_cmos 00:00: RTC can wake from S4
[    1.638212] rtc_cmos 00:00: registered as rtc0
[    1.638298] rtc_cmos 00:00: setting system clock to 2024-09-15T17:13:02 UTC (1726420382)
[    1.638312] rtc_cmos 00:00: alarms up to one month, y3k, 114 bytes nvram, hpet irqs
[    1.638318] i2c /dev entries driver
[    1.638356] device-mapper: uevent: version 1.0.3
[    1.638394] device-mapper: ioctl: 4.43.0-ioctl (2020-10-01) initialised: dm-devel@redhat.com
[    1.638408] platform eisa.0: Probing EISA bus 0
[    1.638410] platform eisa.0: EISA: Cannot allocate resource for mainboard
[    1.638412] platform eisa.0: Cannot allocate resource for EISA slot 1
[    1.638413] platform eisa.0: Cannot allocate resource for EISA slot 2
[    1.638414] platform eisa.0: Cannot allocate resource for EISA slot 3
[    1.638416] platform eisa.0: Cannot allocate resource for EISA slot 4
[    1.638417] platform eisa.0: Cannot allocate resource for EISA slot 5
[    1.638418] platform eisa.0: Cannot allocate resource for EISA slot 6
[    1.638420] platform eisa.0: Cannot allocate resource for EISA slot 7
[    1.638421] platform eisa.0: Cannot allocate resource for EISA slot 8
[    1.638422] platform eisa.0: EISA: Detected 0 cards
[    1.638429] intel_pstate: Intel P-state driver initializing
[    1.640439] ledtrig-cpu: registered to indicate activity on CPUs
[    1.640443] EFI Variables Facility v0.08 2004-May-17
[    1.702069] drop_monitor: Initializing network drop monitor service
[    1.702460] NET: Registered protocol family 10
[    1.712804] Segment Routing with IPv6
[    1.712819] NET: Registered protocol family 17
[    1.712862] Key type dns_resolver registered
[    1.717568] microcode: sig=0x50657, pf=0x80, revision=0x5003707
[    1.717806] microcode: Microcode Update Driver: v2.2.
[    1.718614] resctrl: MB allocation detected
[    1.718615] resctrl: L3 monitoring detected
[    1.718619] IPI shorthand broadcast: enabled
[    1.718627] sched_clock: Marking stable (1719260013, -653709)->(1756013820, -37407516)
[    1.719029] registered taskstats version 1
[    1.719038] Loading compiled-in X.509 certificates
[    1.719659] Loaded X.509 cert 'Build time autogenerated kernel key: 0d8e103743cf2d74dd103586183fa3490f9c75ad'
[    1.723332] zswap: loaded using pool lzo/zbud
[    1.723555] Key type ._fscrypt registered
[    1.723556] Key type .fscrypt registered
[    1.723557] Key type fscrypt-provisioning registered
[    1.723700] pstore: Using crash dump compression: deflate
[    1.727514] Key type encrypted registered
[    1.727516] AppArmor: AppArmor sha1 policy hashing enabled
[    1.729540] integrity: Loading X.509 certificate: UEFI:db
[    1.729564] integrity: Loaded X.509 cert 'Microsoft Corporation UEFI CA 2011: 13adbf4309bd82709c8cd54f316ed522988a1bd4'
[    1.729565] integrity: Loading X.509 certificate: UEFI:db
[    1.729581] integrity: Loaded X.509 cert 'Microsoft Windows Production PCA 2011: a92902398e16c49778cd90f99e4f9ae17c55af53'
[    1.729583] integrity: Loading X.509 certificate: UEFI:db
[    1.729732] integrity: Loaded X.509 cert 'VMware, Inc.: 4ad8ba0472073d28127706ddc6ccb9050441bbc7'
[    1.729733] integrity: Loading X.509 certificate: UEFI:db
[    1.729901] integrity: Loaded X.509 cert 'VMware, Inc.: VMware Secure Boot Signing: 04597f3e1ffb240bba0ff0f05d5eb05f3e15f6d7'
[    1.731397] integrity: Loading X.509 certificate: UEFI:MokListRT (MOKvar table)
[    1.731570] integrity: Loaded X.509 cert 'Canonical Ltd. Master Certificate Authority: ad91990bc22ab1f517048c23b6655a268e345a63'
[    1.731573] ima: No TPM chip found, activating TPM-bypass!
[    1.731577] ima: Allocated hash algorithm: sha1
[    1.731583] ima: No architecture policies found
[    1.731594] evm: Initialising EVM extended attributes:
[    1.731594] evm: security.selinux
[    1.731595] evm: security.SMACK64
