[    0.000000] microcode: microcode updated early to revision 0x5003707, date = 2024-03-01
[    0.000000] Linux version 5.11.0.d2fs (root@oslab-PowerEdge-R740xd) (gcc (Ubuntu 9.4.0-1ubuntu1~20.04.2) 9.4.0, GNU ld (GNU Binutils for Ubuntu) 2.34) #81 SMP Fri Nov 22 12:29:17 KST 2024
[    0.000000] Command line: BOOT_IMAGE=/boot/vmlinuz-5.11.0.d2fs root=UUID=0fe244cb-556c-49fd-bc46-148ab2afc428 ro memmap=448G$64G intremap=off isolcpus=37,39 quiet splash vt.handoff=7
[    0.000000] KERNEL supported cpus:
[    0.000000]   Intel GenuineIntel
[    0.000000]   AMD AuthenticAMD
[    0.000000]   Hygon HygonGenuine
[    0.000000]   Centaur CentaurHauls
[    0.000000]   zhaoxin   Shanghai  
[    0.000000] x86/fpu: Supporting XSAVE feature 0x001: 'x87 floating point registers'
[    0.000000] x86/fpu: Supporting XSAVE feature 0x002: 'SSE registers'
[    0.000000] x86/fpu: Supporting XSAVE feature 0x004: 'AVX registers'
[    0.000000] x86/fpu: Supporting XSAVE feature 0x008: 'MPX bounds registers'
[    0.000000] x86/fpu: Supporting XSAVE feature 0x010: 'MPX CSR'
[    0.000000] x86/fpu: Supporting XSAVE feature 0x020: 'AVX-512 opmask'
[    0.000000] x86/fpu: Supporting XSAVE feature 0x040: 'AVX-512 Hi256'
[    0.000000] x86/fpu: Supporting XSAVE feature 0x080: 'AVX-512 ZMM_Hi256'
[    0.000000] x86/fpu: Supporting XSAVE feature 0x200: 'Protection Keys User registers'
[    0.000000] x86/fpu: xstate_offset[2]:  576, xstate_sizes[2]:  256
[    0.000000] x86/fpu: xstate_offset[3]:  832, xstate_sizes[3]:   64
[    0.000000] x86/fpu: xstate_offset[4]:  896, xstate_sizes[4]:   64
[    0.000000] x86/fpu: xstate_offset[5]:  960, xstate_sizes[5]:   64
[    0.000000] x86/fpu: xstate_offset[6]: 1024, xstate_sizes[6]:  512
[    0.000000] x86/fpu: xstate_offset[7]: 1536, xstate_sizes[7]: 1024
[    0.000000] x86/fpu: xstate_offset[9]: 2560, xstate_sizes[9]:    8
[    0.000000] x86/fpu: Enabled xstate features 0x2ff, context size is 2568 bytes, using 'compacted' format.
[    0.000000] BIOS-provided physical RAM map:
[    0.000000] BIOS-e820: [mem 0x0000000000000000-0x000000000009ffff] usable
[    0.000000] BIOS-e820: [mem 0x00000000000a0000-0x00000000000fffff] reserved
[    0.000000] BIOS-e820: [mem 0x0000000000100000-0x00000000682fefff] usable
[    0.000000] BIOS-e820: [mem 0x00000000682ff000-0x000000006ebfefff] reserved
[    0.000000] BIOS-e820: [mem 0x000000006ebff000-0x000000006f9fefff] ACPI NVS
[    0.000000] BIOS-e820: [mem 0x000000006f9ff000-0x000000006fffefff] ACPI data
[    0.000000] BIOS-e820: [mem 0x000000006ffff000-0x000000006fffffff] usable
[    0.000000] BIOS-e820: [mem 0x0000000070000000-0x000000008fffffff] reserved
[    0.000000] BIOS-e820: [mem 0x00000000fe000000-0x00000000fe010fff] reserved
[    0.000000] BIOS-e820: [mem 0x0000000100000000-0x000000807fffffff] usable
[    0.000000] NX (Execute Disable) protection: active
[    0.000000] e820: update [mem 0x4bf07020-0x4bf0f05f] usable ==> usable
[    0.000000] e820: update [mem 0x4bf07020-0x4bf0f05f] usable ==> usable
[    0.000000] e820: update [mem 0x4beee020-0x4bf0665f] usable ==> usable
[    0.000000] e820: update [mem 0x4beee020-0x4bf0665f] usable ==> usable
[    0.000000] e820: update [mem 0x4be8e020-0x4beeda5f] usable ==> usable
[    0.000000] e820: update [mem 0x4be8e020-0x4beeda5f] usable ==> usable
[    0.000000] e820: update [mem 0x4be2e020-0x4be8da5f] usable ==> usable
[    0.000000] e820: update [mem 0x4be2e020-0x4be8da5f] usable ==> usable
[    0.000000] e820: update [mem 0x4bdd1020-0x4be2dc5f] usable ==> usable
[    0.000000] e820: update [mem 0x4bdd1020-0x4be2dc5f] usable ==> usable
[    0.000000] e820: update [mem 0x4bd74020-0x4bdd0c5f] usable ==> usable
[    0.000000] e820: update [mem 0x4bd74020-0x4bdd0c5f] usable ==> usable
[    0.000000] e820: update [mem 0x4bd69020-0x4bd73a5f] usable ==> usable
[    0.000000] e820: update [mem 0x4bd69020-0x4bd73a5f] usable ==> usable
[    0.000000] e820: update [mem 0x4bd62020-0x4bd6845f] usable ==> usable
[    0.000000] e820: update [mem 0x4bd62020-0x4bd6845f] usable ==> usable
[    0.000000] extended physical RAM map:
[    0.000000] reserve setup_data: [mem 0x0000000000000000-0x000000000009ffff] usable
[    0.000000] reserve setup_data: [mem 0x00000000000a0000-0x00000000000fffff] reserved
[    0.000000] reserve setup_data: [mem 0x0000000000100000-0x000000004bd6201f] usable
[    0.000000] reserve setup_data: [mem 0x000000004bd62020-0x000000004bd6845f] usable
[    0.000000] reserve setup_data: [mem 0x000000004bd68460-0x000000004bd6901f] usable
[    0.000000] reserve setup_data: [mem 0x000000004bd69020-0x000000004bd73a5f] usable
[    0.000000] reserve setup_data: [mem 0x000000004bd73a60-0x000000004bd7401f] usable
[    0.000000] reserve setup_data: [mem 0x000000004bd74020-0x000000004bdd0c5f] usable
[    0.000000] reserve setup_data: [mem 0x000000004bdd0c60-0x000000004bdd101f] usable
[    0.000000] reserve setup_data: [mem 0x000000004bdd1020-0x000000004be2dc5f] usable
[    0.000000] reserve setup_data: [mem 0x000000004be2dc60-0x000000004be2e01f] usable
[    0.000000] reserve setup_data: [mem 0x000000004be2e020-0x000000004be8da5f] usable
[    0.000000] reserve setup_data: [mem 0x000000004be8da60-0x000000004be8e01f] usable
[    0.000000] reserve setup_data: [mem 0x000000004be8e020-0x000000004beeda5f] usable
[    0.000000] reserve setup_data: [mem 0x000000004beeda60-0x000000004beee01f] usable
[    0.000000] reserve setup_data: [mem 0x000000004beee020-0x000000004bf0665f] usable
[    0.000000] reserve setup_data: [mem 0x000000004bf06660-0x000000004bf0701f] usable
[    0.000000] reserve setup_data: [mem 0x000000004bf07020-0x000000004bf0f05f] usable
[    0.000000] reserve setup_data: [mem 0x000000004bf0f060-0x00000000682fefff] usable
[    0.000000] reserve setup_data: [mem 0x00000000682ff000-0x000000006ebfefff] reserved
[    0.000000] reserve setup_data: [mem 0x000000006ebff000-0x000000006f9fefff] ACPI NVS
[    0.000000] reserve setup_data: [mem 0x000000006f9ff000-0x000000006fffefff] ACPI data
[    0.000000] reserve setup_data: [mem 0x000000006ffff000-0x000000006fffffff] usable
[    0.000000] reserve setup_data: [mem 0x0000000070000000-0x000000008fffffff] reserved
[    0.000000] reserve setup_data: [mem 0x00000000fe000000-0x00000000fe010fff] reserved
[    0.000000] reserve setup_data: [mem 0x0000000100000000-0x0000000fffffffff] usable
[    0.000000] reserve setup_data: [mem 0x0000001000000000-0x0000007fffffffff] reserved
[    0.000000] reserve setup_data: [mem 0x0000008000000000-0x000000807fffffff] usable
[    0.000000] user-defined physical RAM map:
[    0.000000] user: [mem 0x0000000000000000-0x000000000009ffff] usable
[    0.000000] user: [mem 0x00000000000a0000-0x00000000000fffff] reserved
[    0.000000] user: [mem 0x0000000000100000-0x000000004bd6201f] usable
[    0.000000] user: [mem 0x000000004bd62020-0x000000004bd6845f] usable
[    0.000000] user: [mem 0x000000004bd68460-0x000000004bd6901f] usable
[    0.000000] user: [mem 0x000000004bd69020-0x000000004bd73a5f] usable
[    0.000000] user: [mem 0x000000004bd73a60-0x000000004bd7401f] usable
[    0.000000] user: [mem 0x000000004bd74020-0x000000004bdd0c5f] usable
[    0.000000] user: [mem 0x000000004bdd0c60-0x000000004bdd101f] usable
[    0.000000] user: [mem 0x000000004bdd1020-0x000000004be2dc5f] usable
[    0.000000] user: [mem 0x000000004be2dc60-0x000000004be2e01f] usable
[    0.000000] user: [mem 0x000000004be2e020-0x000000004be8da5f] usable
[    0.000000] user: [mem 0x000000004be8da60-0x000000004be8e01f] usable
[    0.000000] user: [mem 0x000000004be8e020-0x000000004beeda5f] usable
[    0.000000] user: [mem 0x000000004beeda60-0x000000004beee01f] usable
[    0.000000] user: [mem 0x000000004beee020-0x000000004bf0665f] usable
[    0.000000] user: [mem 0x000000004bf06660-0x000000004bf0701f] usable
[    0.000000] user: [mem 0x000000004bf07020-0x000000004bf0f05f] usable
[    0.000000] user: [mem 0x000000004bf0f060-0x00000000682fefff] usable
[    0.000000] user: [mem 0x00000000682ff000-0x000000006ebfefff] reserved
[    0.000000] user: [mem 0x000000006ebff000-0x000000006f9fefff] ACPI NVS
[    0.000000] user: [mem 0x000000006f9ff000-0x000000006fffefff] ACPI data
[    0.000000] user: [mem 0x000000006ffff000-0x000000006fffffff] usable
[    0.000000] user: [mem 0x0000000070000000-0x000000008fffffff] reserved
[    0.000000] user: [mem 0x00000000fe000000-0x00000000fe010fff] reserved
[    0.000000] user: [mem 0x0000000100000000-0x0000000fffffffff] usable
[    0.000000] user: [mem 0x0000001000000000-0x0000007fffffffff] reserved
[    0.000000] user: [mem 0x0000008000000000-0x000000807fffffff] usable
[    0.000000] efi: EFI v2.70 by Dell Inc.
[    0.000000] efi: ACPI=0x6fffe000 ACPI 2.0=0x6fffe014 SMBIOS=0x68d36000 SMBIOS 3.0=0x68d34000 MEMATTR=0x65053020 MOKvar=0x683aa000 RNG=0x683d5720 
[    0.000000] efi: seeding entropy pool
[    0.000000] random: fast init done
[    0.000000] SMBIOS 3.2.0 present.
[    0.000000] DMI: Dell Inc. PowerEdge R740xd/06WXJT, BIOS 2.14.2 03/21/2022
[    0.000000] tsc: Detected 2100.000 MHz processor
[    0.000009] e820: update [mem 0x00000000-0x00000fff] usable ==> reserved
[    0.000012] e820: remove [mem 0x000a0000-0x000fffff] usable
[    0.000021] last_pfn = 0x8080000 max_arch_pfn = 0x400000000
[    0.000025] MTRR default type: uncachable
[    0.000026] MTRR fixed ranges enabled:
[    0.000028]   00000-9FFFF write-back
[    0.000029]   A0000-BFFFF uncachable
[    0.000031]   C0000-FFFFF write-protect
[    0.000032] MTRR variable ranges enabled:
[    0.000033]   0 base 000000000000 mask 3F8000000000 write-back
[    0.000036]   1 base 008000000000 mask 3FFF80000000 write-back
[    0.000038]   2 base 000080000000 mask 3FFF80000000 uncachable
[    0.000040]   3 base 000070000000 mask 3FFFFC000000 uncachable
[    0.000041]   4 disabled
[    0.000042]   5 disabled
[    0.000043]   6 disabled
[    0.000044]   7 disabled
[    0.000045]   8 disabled
[    0.000046]   9 disabled
[    0.000201] x86/PAT: Configuration [0-7]: WB  WC  UC- UC  WB  WP  UC- WT  
[    0.001074] total RAM covered: 524224M
[    0.001312]  gran_size: 64K 	chunk_size: 64K 	num_reg: 10  	lose cover RAM: 386G
[    0.001316]  gran_size: 64K 	chunk_size: 128K 	num_reg: 10  	lose cover RAM: 386G
[    0.001318]  gran_size: 64K 	chunk_size: 256K 	num_reg: 10  	lose cover RAM: 386G
[    0.001320]  gran_size: 64K 	chunk_size: 512K 	num_reg: 10  	lose cover RAM: 386G
[    0.001322]  gran_size: 64K 	chunk_size: 1M 	num_reg: 10  	lose cover RAM: 386G
[    0.001324]  gran_size: 64K 	chunk_size: 2M 	num_reg: 10  	lose cover RAM: 386G
[    0.001326]  gran_size: 64K 	chunk_size: 4M 	num_reg: 10  	lose cover RAM: 386G
[    0.001327]  gran_size: 64K 	chunk_size: 8M 	num_reg: 10  	lose cover RAM: 386G
[    0.001329]  gran_size: 64K 	chunk_size: 16M 	num_reg: 10  	lose cover RAM: 386G
[    0.001331]  gran_size: 64K 	chunk_size: 32M 	num_reg: 10  	lose cover RAM: 386G
[    0.001333]  gran_size: 64K 	chunk_size: 64M 	num_reg: 10  	lose cover RAM: 386G
[    0.001335]  gran_size: 64K 	chunk_size: 128M 	num_reg: 10  	lose cover RAM: 482G
[    0.001337]  gran_size: 64K 	chunk_size: 256M 	num_reg: 10  	lose cover RAM: 482G
[    0.001339]  gran_size: 64K 	chunk_size: 512M 	num_reg: 10  	lose cover RAM: 0G
[    0.001340]  gran_size: 64K 	chunk_size: 1G 	num_reg: 10  	lose cover RAM: 0G
[    0.001342]  gran_size: 64K 	chunk_size: 2G 	num_reg: 10  	lose cover RAM: 0G
[    0.001344]  gran_size: 128K 	chunk_size: 128K 	num_reg: 10  	lose cover RAM: 386G
[    0.001346]  gran_size: 128K 	chunk_size: 256K 	num_reg: 10  	lose cover RAM: 386G
[    0.001348]  gran_size: 128K 	chunk_size: 512K 	num_reg: 10  	lose cover RAM: 386G
[    0.001350]  gran_size: 128K 	chunk_size: 1M 	num_reg: 10  	lose cover RAM: 386G
[    0.001352]  gran_size: 128K 	chunk_size: 2M 	num_reg: 10  	lose cover RAM: 386G
[    0.001354]  gran_size: 128K 	chunk_size: 4M 	num_reg: 10  	lose cover RAM: 386G
[    0.001356]  gran_size: 128K 	chunk_size: 8M 	num_reg: 10  	lose cover RAM: 386G
[    0.001358]  gran_size: 128K 	chunk_size: 16M 	num_reg: 10  	lose cover RAM: 386G
[    0.001360]  gran_size: 128K 	chunk_size: 32M 	num_reg: 10  	lose cover RAM: 386G
[    0.001362]  gran_size: 128K 	chunk_size: 64M 	num_reg: 10  	lose cover RAM: 386G
[    0.001364]  gran_size: 128K 	chunk_size: 128M 	num_reg: 10  	lose cover RAM: 482G
[    0.001366]  gran_size: 128K 	chunk_size: 256M 	num_reg: 10  	lose cover RAM: 482G
[    0.001368]  gran_size: 128K 	chunk_size: 512M 	num_reg: 10  	lose cover RAM: 0G
[    0.001370]  gran_size: 128K 	chunk_size: 1G 	num_reg: 10  	lose cover RAM: 0G
[    0.001371]  gran_size: 128K 	chunk_size: 2G 	num_reg: 10  	lose cover RAM: 0G
[    0.001373]  gran_size: 256K 	chunk_size: 256K 	num_reg: 10  	lose cover RAM: 386G
[    0.001375]  gran_size: 256K 	chunk_size: 512K 	num_reg: 10  	lose cover RAM: 386G
[    0.001377]  gran_size: 256K 	chunk_size: 1M 	num_reg: 10  	lose cover RAM: 386G
[    0.001379]  gran_size: 256K 	chunk_size: 2M 	num_reg: 10  	lose cover RAM: 386G
[    0.001381]  gran_size: 256K 	chunk_size: 4M 	num_reg: 10  	lose cover RAM: 386G
[    0.001383]  gran_size: 256K 	chunk_size: 8M 	num_reg: 10  	lose cover RAM: 386G
[    0.001385]  gran_size: 256K 	chunk_size: 16M 	num_reg: 10  	lose cover RAM: 386G
[    0.001387]  gran_size: 256K 	chunk_size: 32M 	num_reg: 10  	lose cover RAM: 386G
[    0.001388]  gran_size: 256K 	chunk_size: 64M 	num_reg: 10  	lose cover RAM: 386G
[    0.001390]  gran_size: 256K 	chunk_size: 128M 	num_reg: 10  	lose cover RAM: 482G
[    0.001392]  gran_size: 256K 	chunk_size: 256M 	num_reg: 10  	lose cover RAM: 482G
[    0.001394]  gran_size: 256K 	chunk_size: 512M 	num_reg: 10  	lose cover RAM: 0G
[    0.001396]  gran_size: 256K 	chunk_size: 1G 	num_reg: 10  	lose cover RAM: 0G
[    0.001398]  gran_size: 256K 	chunk_size: 2G 	num_reg: 10  	lose cover RAM: 0G
[    0.001400]  gran_size: 512K 	chunk_size: 512K 	num_reg: 10  	lose cover RAM: 386G
[    0.001402]  gran_size: 512K 	chunk_size: 1M 	num_reg: 10  	lose cover RAM: 386G
[    0.001404]  gran_size: 512K 	chunk_size: 2M 	num_reg: 10  	lose cover RAM: 386G
[    0.001405]  gran_size: 512K 	chunk_size: 4M 	num_reg: 10  	lose cover RAM: 386G
[    0.001407]  gran_size: 512K 	chunk_size: 8M 	num_reg: 10  	lose cover RAM: 386G
[    0.001409]  gran_size: 512K 	chunk_size: 16M 	num_reg: 10  	lose cover RAM: 386G
[    0.001411]  gran_size: 512K 	chunk_size: 32M 	num_reg: 10  	lose cover RAM: 386G
[    0.001413]  gran_size: 512K 	chunk_size: 64M 	num_reg: 10  	lose cover RAM: 386G
[    0.001415]  gran_size: 512K 	chunk_size: 128M 	num_reg: 10  	lose cover RAM: 482G
[    0.001417]  gran_size: 512K 	chunk_size: 256M 	num_reg: 10  	lose cover RAM: 482G
[    0.001418]  gran_size: 512K 	chunk_size: 512M 	num_reg: 10  	lose cover RAM: 0G
[    0.001420]  gran_size: 512K 	chunk_size: 1G 	num_reg: 10  	lose cover RAM: 0G
[    0.001422]  gran_size: 512K 	chunk_size: 2G 	num_reg: 10  	lose cover RAM: 0G
[    0.001424]  gran_size: 1M 	chunk_size: 1M 	num_reg: 10  	lose cover RAM: 386G
[    0.001426]  gran_size: 1M 	chunk_size: 2M 	num_reg: 10  	lose cover RAM: 386G
[    0.001428]  gran_size: 1M 	chunk_size: 4M 	num_reg: 10  	lose cover RAM: 386G
[    0.001429]  gran_size: 1M 	chunk_size: 8M 	num_reg: 10  	lose cover RAM: 386G
[    0.001431]  gran_size: 1M 	chunk_size: 16M 	num_reg: 10  	lose cover RAM: 386G
[    0.001433]  gran_size: 1M 	chunk_size: 32M 	num_reg: 10  	lose cover RAM: 386G
[    0.001435]  gran_size: 1M 	chunk_size: 64M 	num_reg: 10  	lose cover RAM: 386G
[    0.001437]  gran_size: 1M 	chunk_size: 128M 	num_reg: 10  	lose cover RAM: 482G
[    0.001438]  gran_size: 1M 	chunk_size: 256M 	num_reg: 10  	lose cover RAM: 482G
[    0.001440]  gran_size: 1M 	chunk_size: 512M 	num_reg: 10  	lose cover RAM: 0G
[    0.001442]  gran_size: 1M 	chunk_size: 1G 	num_reg: 10  	lose cover RAM: 0G
[    0.001444]  gran_size: 1M 	chunk_size: 2G 	num_reg: 10  	lose cover RAM: 0G
[    0.001446]  gran_size: 2M 	chunk_size: 2M 	num_reg: 10  	lose cover RAM: 386G
[    0.001447]  gran_size: 2M 	chunk_size: 4M 	num_reg: 10  	lose cover RAM: 386G
[    0.001449]  gran_size: 2M 	chunk_size: 8M 	num_reg: 10  	lose cover RAM: 386G
[    0.001451]  gran_size: 2M 	chunk_size: 16M 	num_reg: 10  	lose cover RAM: 386G
[    0.001453]  gran_size: 2M 	chunk_size: 32M 	num_reg: 10  	lose cover RAM: 386G
[    0.001455]  gran_size: 2M 	chunk_size: 64M 	num_reg: 10  	lose cover RAM: 386G
[    0.001457]  gran_size: 2M 	chunk_size: 128M 	num_reg: 10  	lose cover RAM: 482G
[    0.001459]  gran_size: 2M 	chunk_size: 256M 	num_reg: 10  	lose cover RAM: 482G
[    0.001461]  gran_size: 2M 	chunk_size: 512M 	num_reg: 10  	lose cover RAM: 0G
[    0.001462]  gran_size: 2M 	chunk_size: 1G 	num_reg: 10  	lose cover RAM: 0G
[    0.001464]  gran_size: 2M 	chunk_size: 2G 	num_reg: 10  	lose cover RAM: 0G
[    0.001466]  gran_size: 4M 	chunk_size: 4M 	num_reg: 10  	lose cover RAM: 386G
[    0.001468]  gran_size: 4M 	chunk_size: 8M 	num_reg: 10  	lose cover RAM: 386G
[    0.001470]  gran_size: 4M 	chunk_size: 16M 	num_reg: 10  	lose cover RAM: 386G
[    0.001472]  gran_size: 4M 	chunk_size: 32M 	num_reg: 10  	lose cover RAM: 386G
[    0.001473]  gran_size: 4M 	chunk_size: 64M 	num_reg: 10  	lose cover RAM: 386G
[    0.001475]  gran_size: 4M 	chunk_size: 128M 	num_reg: 10  	lose cover RAM: 482G
[    0.001477]  gran_size: 4M 	chunk_size: 256M 	num_reg: 10  	lose cover RAM: 482G
[    0.001479]  gran_size: 4M 	chunk_size: 512M 	num_reg: 10  	lose cover RAM: 0G
[    0.001481]  gran_size: 4M 	chunk_size: 1G 	num_reg: 10  	lose cover RAM: 0G
[    0.001482]  gran_size: 4M 	chunk_size: 2G 	num_reg: 10  	lose cover RAM: 0G
[    0.001484]  gran_size: 8M 	chunk_size: 8M 	num_reg: 10  	lose cover RAM: 386G
[    0.001486]  gran_size: 8M 	chunk_size: 16M 	num_reg: 10  	lose cover RAM: 386G
[    0.001488]  gran_size: 8M 	chunk_size: 32M 	num_reg: 10  	lose cover RAM: 386G
[    0.001490]  gran_size: 8M 	chunk_size: 64M 	num_reg: 10  	lose cover RAM: 386G
[    0.001492]  gran_size: 8M 	chunk_size: 128M 	num_reg: 10  	lose cover RAM: 482G
[    0.001493]  gran_size: 8M 	chunk_size: 256M 	num_reg: 10  	lose cover RAM: 482G
[    0.001495]  gran_size: 8M 	chunk_size: 512M 	num_reg: 10  	lose cover RAM: 0G
[    0.001497]  gran_size: 8M 	chunk_size: 1G 	num_reg: 10  	lose cover RAM: 0G
[    0.001499]  gran_size: 8M 	chunk_size: 2G 	num_reg: 10  	lose cover RAM: 0G
[    0.001501]  gran_size: 16M 	chunk_size: 16M 	num_reg: 10  	lose cover RAM: 386G
[    0.001503]  gran_size: 16M 	chunk_size: 32M 	num_reg: 10  	lose cover RAM: 386G
[    0.001505]  gran_size: 16M 	chunk_size: 64M 	num_reg: 10  	lose cover RAM: 386G
[    0.001507]  gran_size: 16M 	chunk_size: 128M 	num_reg: 10  	lose cover RAM: 482G
[    0.001509]  gran_size: 16M 	chunk_size: 256M 	num_reg: 10  	lose cover RAM: 482G
[    0.001511]  gran_size: 16M 	chunk_size: 512M 	num_reg: 10  	lose cover RAM: 0G
[    0.001512]  gran_size: 16M 	chunk_size: 1G 	num_reg: 10  	lose cover RAM: 0G
[    0.001514]  gran_size: 16M 	chunk_size: 2G 	num_reg: 10  	lose cover RAM: 0G
[    0.001516]  gran_size: 32M 	chunk_size: 32M 	num_reg: 10  	lose cover RAM: 386G
[    0.001518]  gran_size: 32M 	chunk_size: 64M 	num_reg: 10  	lose cover RAM: 386G
[    0.001520]  gran_size: 32M 	chunk_size: 128M 	num_reg: 10  	lose cover RAM: 482G
[    0.001522]  gran_size: 32M 	chunk_size: 256M 	num_reg: 10  	lose cover RAM: 482G
[    0.001523]  gran_size: 32M 	chunk_size: 512M 	num_reg: 10  	lose cover RAM: 0G
[    0.001525]  gran_size: 32M 	chunk_size: 1G 	num_reg: 10  	lose cover RAM: 0G
[    0.001527]  gran_size: 32M 	chunk_size: 2G 	num_reg: 10  	lose cover RAM: 0G
[    0.001529]  gran_size: 64M 	chunk_size: 64M 	num_reg: 10  	lose cover RAM: 386G
[    0.001531]  gran_size: 64M 	chunk_size: 128M 	num_reg: 10  	lose cover RAM: 482G
[    0.001533]  gran_size: 64M 	chunk_size: 256M 	num_reg: 10  	lose cover RAM: 482G
[    0.001534]  gran_size: 64M 	chunk_size: 512M 	num_reg: 10  	lose cover RAM: 0G
[    0.001536]  gran_size: 64M 	chunk_size: 1G 	num_reg: 10  	lose cover RAM: 0G
[    0.001538]  gran_size: 64M 	chunk_size: 2G 	num_reg: 10  	lose cover RAM: 0G
[    0.001540]  gran_size: 128M 	chunk_size: 128M 	num_reg: 10  	lose cover RAM: 395328M
[    0.001542]  gran_size: 128M 	chunk_size: 256M 	num_reg: 10  	lose cover RAM: 395328M
[    0.001544]  gran_size: 128M 	chunk_size: 512M 	num_reg: 10  	lose cover RAM: 0G
[    0.001546]  gran_size: 128M 	chunk_size: 1G 	num_reg: 10  	lose cover RAM: 0G
[    0.001548]  gran_size: 128M 	chunk_size: 2G 	num_reg: 10  	lose cover RAM: 0G
[    0.001550]  gran_size: 256M 	chunk_size: 256M 	num_reg: 10  	lose cover RAM: 2240M
[    0.001552]  gran_size: 256M 	chunk_size: 512M 	num_reg: 10  	lose cover RAM: 0G
[    0.001554]  gran_size: 256M 	chunk_size: 1G 	num_reg: 10  	lose cover RAM: 0G
[    0.001556]  gran_size: 256M 	chunk_size: 2G 	num_reg: 10  	lose cover RAM: 0G
[    0.001557]  gran_size: 512M 	chunk_size: 512M 	num_reg: 10  	lose cover RAM: 448M
[    0.001559]  gran_size: 512M 	chunk_size: 1G 	num_reg: 10  	lose cover RAM: 2304M
[    0.001561]  gran_size: 512M 	chunk_size: 2G 	num_reg: 10  	lose cover RAM: 2304M
[    0.001563]  gran_size: 1G 	chunk_size: 1G 	num_reg: 9  	lose cover RAM: 960M
[    0.001565]  gran_size: 1G 	chunk_size: 2G 	num_reg: 10  	lose cover RAM: 264960M
[    0.001567]  gran_size: 2G 	chunk_size: 2G 	num_reg: 8  	lose cover RAM: 1984M
[    0.001569] mtrr_cleanup: can not find optimal value
[    0.001570] please specify mtrr_gran_size/mtrr_chunk_size
[    0.001573] e820: update [mem 0x70000000-0x73ffffff] usable ==> reserved
[    0.001576] e820: update [mem 0x80000000-0xffffffff] usable ==> reserved
[    0.001581] last_pfn = 0x70000 max_arch_pfn = 0x400000000
[    0.009258] efi: Failed to lookup EFI memory descriptor for 0x00000000683aa000
[    0.009277] check: Scanning 1 areas for low memory corruption
[    0.009282] Using GB pages for direct mapping
[    0.009734] Secure boot disabled
[    0.009735] RAMDISK: [mem 0x4bf10000-0x4f8defff]
[    0.009744] ACPI: Early table checksum verification disabled
[    0.009748] ACPI: RSDP 0x000000006FFFE014 000024 (v02 DELL  )
[    0.009752] ACPI: XSDT 0x000000006FBF9188 0000F4 (v01 DELL   PE_SC3   00000000      01000013)
[    0.009759] ACPI: FACP 0x000000006FFF8000 000114 (v06 DELL   PE_SC3   00000000 DELL 00000001)
[    0.009765] ACPI: DSDT 0x000000006FCFA000 2EE3DC (v02 DELL   PE_SC3   00000003 DELL 00000001)
[    0.009769] ACPI: FACS 0x000000006F6EE000 000040
[    0.009773] ACPI: SSDT 0x000000006FFFC000 00046C (v02 INTEL  ADDRXLAT 00000001 INTL 20180508)
[    0.009776] ACPI: MCEJ 0x000000006FFFB000 000130 (v01 DELL   PE_SC3   00000002 DELL 00000001)
[    0.009780] ACPI: WD__ 0x000000006FFFA000 000134 (v01 DELL   PE_SC3   00000001 DELL 00000001)
[    0.009784] ACPI: SLIC 0x000000006FFF9000 000176 (v01 DELL   PE_SC3   00000001 DELL 00000001)
[    0.009787] ACPI: HPET 0x000000006FFF7000 000038 (v01 DELL   PE_SC3   00000001 DELL 00000001)
[    0.009791] ACPI: APIC 0x000000006FFF5000 0016DE (v04 DELL   PE_SC3   00000000 DELL 00000001)
[    0.009795] ACPI: MCFG 0x000000006FFF4000 00003C (v01 DELL   PE_SC3   00000001 DELL 00000001)
[    0.009798] ACPI: MIGT 0x000000006FFF3000 000040 (v01 DELL   PE_SC3   00000000 DELL 00000001)
[    0.009802] ACPI: MSCT 0x000000006FFF2000 000090 (v01 DELL   PE_SC3   00000001 DELL 00000001)
[    0.009805] ACPI: PCAT 0x000000006FFF1000 000088 (v02 DELL   PE_SC3   00000002 DELL 00000001)
[    0.009809] ACPI: PCCT 0x000000006FFF0000 00006E (v01 DELL   PE_SC3   00000002 DELL 00000001)
[    0.009812] ACPI: RASF 0x000000006FFEF000 000030 (v01 DELL   PE_SC3   00000001 DELL 00000001)
[    0.009816] ACPI: SLIT 0x000000006FFEE000 00042C (v01 DELL   PE_SC3   00000001 DELL 00000001)
[    0.009819] ACPI: SRAT 0x000000006FFEB000 002D30 (v03 DELL   PE_SC3   00000002 DELL 00000001)
[    0.009823] ACPI: SVOS 0x000000006FFEA000 000032 (v01 DELL   PE_SC3   00000000 DELL 00000001)
[    0.009827] ACPI: WSMT 0x000000006FFE9000 000028 (v01 DELL   PE_SC3   00000000 DELL 00000001)
[    0.009830] ACPI: OEM4 0x000000006FC4C000 0AD1C1 (v02 INTEL  CPU  CST 00003000 INTL 20180508)
[    0.009834] ACPI: SSDT 0x000000006FC14000 037465 (v02 INTEL  SSDT  PM 00004000 INTL 20180508)
[    0.009838] ACPI: SSDT 0x000000006FBFA000 000A1F (v02 DELL   PE_SC3   00000000 DELL 00000001)
[    0.009841] ACPI: SSDT 0x000000006FC10000 00357F (v02 INTEL  SpsNm    00000002 INTL 20180508)
[    0.009845] ACPI: DMAR 0x000000006FFFD000 0001D0 (v01 DELL   PE_SC3   00000001 DELL 00000001)
[    0.009849] ACPI: HEST 0x000000006FC0F000 00017C (v01 DELL   PE_SC3   00000002 DELL 00000001)
[    0.009852] ACPI: BERT 0x000000006FC0E000 000030 (v01 DELL   PE_SC3   00000002 DELL 00000001)
[    0.009856] ACPI: ERST 0x000000006FC0D000 000230 (v01 DELL   PE_SC3   00000002 DELL 00000001)
[    0.009859] ACPI: EINJ 0x000000006FC0C000 000150 (v01 DELL   PE_SC3   00000002 DELL 00000001)
[    0.009867] ACPI: Local APIC address 0xfee00000
[    0.009970] SRAT: PXM 0 -> APIC 0x00 -> Node 0
[    0.009972] SRAT: PXM 1 -> APIC 0x40 -> Node 1
[    0.009974] SRAT: PXM 0 -> APIC 0x08 -> Node 0
[    0.009975] SRAT: PXM 1 -> APIC 0x48 -> Node 1
[    0.009976] SRAT: PXM 0 -> APIC 0x02 -> Node 0
[    0.009977] SRAT: PXM 1 -> APIC 0x42 -> Node 1
[    0.009978] SRAT: PXM 0 -> APIC 0x06 -> Node 0
[    0.009979] SRAT: PXM 1 -> APIC 0x46 -> Node 1
[    0.009980] SRAT: PXM 0 -> APIC 0x04 -> Node 0
[    0.009981] SRAT: PXM 1 -> APIC 0x44 -> Node 1
[    0.009982] SRAT: PXM 0 -> APIC 0x18 -> Node 0
[    0.009983] SRAT: PXM 1 -> APIC 0x58 -> Node 1
[    0.009984] SRAT: PXM 0 -> APIC 0x10 -> Node 0
[    0.009985] SRAT: PXM 1 -> APIC 0x50 -> Node 1
[    0.009986] SRAT: PXM 0 -> APIC 0x16 -> Node 0
[    0.009987] SRAT: PXM 1 -> APIC 0x56 -> Node 1
[    0.009988] SRAT: PXM 0 -> APIC 0x12 -> Node 0
[    0.009989] SRAT: PXM 1 -> APIC 0x52 -> Node 1
[    0.009990] SRAT: PXM 0 -> APIC 0x14 -> Node 0
[    0.009991] SRAT: PXM 1 -> APIC 0x54 -> Node 1
[    0.009992] SRAT: PXM 0 -> APIC 0x20 -> Node 0
[    0.009993] SRAT: PXM 1 -> APIC 0x60 -> Node 1
[    0.009994] SRAT: PXM 0 -> APIC 0x28 -> Node 0
[    0.009995] SRAT: PXM 1 -> APIC 0x68 -> Node 1
[    0.009996] SRAT: PXM 0 -> APIC 0x22 -> Node 0
[    0.009997] SRAT: PXM 1 -> APIC 0x62 -> Node 1
[    0.009998] SRAT: PXM 0 -> APIC 0x26 -> Node 0
[    0.009999] SRAT: PXM 1 -> APIC 0x66 -> Node 1
[    0.010000] SRAT: PXM 0 -> APIC 0x24 -> Node 0
[    0.010001] SRAT: PXM 1 -> APIC 0x64 -> Node 1
[    0.010002] SRAT: PXM 0 -> APIC 0x38 -> Node 0
[    0.010003] SRAT: PXM 1 -> APIC 0x78 -> Node 1
[    0.010004] SRAT: PXM 0 -> APIC 0x30 -> Node 0
[    0.010005] SRAT: PXM 1 -> APIC 0x70 -> Node 1
[    0.010006] SRAT: PXM 0 -> APIC 0x36 -> Node 0
[    0.010007] SRAT: PXM 1 -> APIC 0x76 -> Node 1
[    0.010008] SRAT: PXM 0 -> APIC 0x32 -> Node 0
[    0.010009] SRAT: PXM 1 -> APIC 0x72 -> Node 1
[    0.010010] SRAT: PXM 0 -> APIC 0x34 -> Node 0
[    0.010011] SRAT: PXM 1 -> APIC 0x74 -> Node 1
[    0.010025] ACPI: SRAT: Node 0 PXM 0 [mem 0x00000000-0x7fffffff]
[    0.010027] ACPI: SRAT: Node 0 PXM 0 [mem 0x100000000-0x407fffffff]
[    0.010029] ACPI: SRAT: Node 1 PXM 1 [mem 0x4080000000-0x807fffffff]
[    0.010037] NUMA: Initialized distance table, cnt=2
[    0.010039] NUMA: Node 0 [mem 0x00000000-0x7fffffff] + [mem 0x100000000-0x407fffffff] -> [mem 0x00000000-0x407fffffff]
[    0.010051] NODE_DATA(0) allocated [mem 0xffffd5000-0xfffffffff]
[    0.010077] NODE_DATA(1) allocated [mem 0x807ffd4000-0x807fffefff]
[    0.010426] Zone ranges:
[    0.010427]   DMA      [mem 0x0000000000001000-0x0000000000ffffff]
[    0.010429]   DMA32    [mem 0x0000000001000000-0x00000000ffffffff]
[    0.010431]   Normal   [mem 0x0000000100000000-0x000000807fffffff]
[    0.010433]   Device   empty
[    0.010434] Movable zone start for each node
[    0.010437] Early memory node ranges
[    0.010438]   node   0: [mem 0x0000000000001000-0x000000000009ffff]
[    0.010440]   node   0: [mem 0x0000000000100000-0x00000000682fefff]
[    0.010441]   node   0: [mem 0x000000006ffff000-0x000000006fffffff]
[    0.010442]   node   0: [mem 0x0000000100000000-0x0000000fffffffff]
[    0.010447]   node   1: [mem 0x0000008000000000-0x000000807fffffff]
[    0.012188] Zeroed struct page in unavailable ranges: 32097 pages
[    0.012190] Initmem setup node 0 [mem 0x0000000000001000-0x0000000fffffffff]
[    0.012192] On node 0 totalpages: 16155295
[    0.012194]   DMA zone: 64 pages used for memmap
[    0.012195]   DMA zone: 1094 pages reserved
[    0.012196]   DMA zone: 3999 pages, LIFO batch:0
[    0.012237]   DMA32 zone: 6604 pages used for memmap
[    0.012238]   DMA32 zone: 422656 pages, LIFO batch:63
[    0.016263]   Normal zone: 245760 pages used for memmap
[    0.016264]   Normal zone: 15728640 pages, LIFO batch:63
[    0.159414] Initmem setup node 1 [mem 0x0000008000000000-0x000000807fffffff]
[    0.159416] On node 1 totalpages: 524288
[    0.159417]   Normal zone: 8192 pages used for memmap
[    0.159418]   Normal zone: 524288 pages, LIFO batch:63
[    0.165664] ACPI: PM-Timer IO Port: 0x508
[    0.165667] ACPI: Local APIC address 0xfee00000
[    0.165689] ACPI: X2APIC_NMI (uid[0xffffffff] high level lint[0x1])
[    0.165694] ACPI: LAPIC_NMI (acpi_id[0xff] high level lint[0x1])
[    0.165714] IOAPIC[0]: apic_id 8, version 32, address 0xfec00000, GSI 0-23
[    0.165719] IOAPIC[1]: apic_id 9, version 32, address 0xfec01000, GSI 24-31
[    0.165724] IOAPIC[2]: apic_id 10, version 32, address 0xfec08000, GSI 32-39
[    0.165729] IOAPIC[3]: apic_id 11, version 32, address 0xfec10000, GSI 40-47
[    0.165733] IOAPIC[4]: apic_id 12, version 32, address 0xfec18000, GSI 48-55
[    0.165739] IOAPIC[5]: apic_id 15, version 32, address 0xfec20000, GSI 72-79
[    0.165743] IOAPIC[6]: apic_id 16, version 32, address 0xfec28000, GSI 80-87
[    0.165748] IOAPIC[7]: apic_id 17, version 32, address 0xfec30000, GSI 88-95
[    0.165753] IOAPIC[8]: apic_id 18, version 32, address 0xfec38000, GSI 96-103
[    0.165759] ACPI: INT_SRC_OVR (bus 0 bus_irq 0 global_irq 2 dfl dfl)
[    0.165761] ACPI: INT_SRC_OVR (bus 0 bus_irq 9 global_irq 9 high level)
[    0.165765] ACPI: IRQ0 used by override.
[    0.165766] ACPI: IRQ9 used by override.
[    0.165772] Using ACPI (MADT) for SMP configuration information
[    0.165773] ACPI: HPET id: 0x8086a701 base: 0xfed00000
[    0.165777] TSC deadline timer available
[    0.165778] smpboot: Allowing 40 CPUs, 0 hotplug CPUs
[    0.165796] PM: hibernation: Registered nosave memory: [mem 0x00000000-0x00000fff]
[    0.165798] PM: hibernation: Registered nosave memory: [mem 0x000a0000-0x000fffff]
[    0.165800] PM: hibernation: Registered nosave memory: [mem 0x4bd62000-0x4bd62fff]
[    0.165802] PM: hibernation: Registered nosave memory: [mem 0x4bd68000-0x4bd68fff]
[    0.165803] PM: hibernation: Registered nosave memory: [mem 0x4bd69000-0x4bd69fff]
[    0.165805] PM: hibernation: Registered nosave memory: [mem 0x4bd73000-0x4bd73fff]
[    0.165806] PM: hibernation: Registered nosave memory: [mem 0x4bd74000-0x4bd74fff]
[    0.165808] PM: hibernation: Registered nosave memory: [mem 0x4bdd0000-0x4bdd0fff]
[    0.165809] PM: hibernation: Registered nosave memory: [mem 0x4bdd1000-0x4bdd1fff]
[    0.165811] PM: hibernation: Registered nosave memory: [mem 0x4be2d000-0x4be2dfff]
[    0.165812] PM: hibernation: Registered nosave memory: [mem 0x4be2e000-0x4be2efff]
[    0.165814] PM: hibernation: Registered nosave memory: [mem 0x4be8d000-0x4be8dfff]
[    0.165815] PM: hibernation: Registered nosave memory: [mem 0x4be8e000-0x4be8efff]
[    0.165817] PM: hibernation: Registered nosave memory: [mem 0x4beed000-0x4beedfff]
[    0.165818] PM: hibernation: Registered nosave memory: [mem 0x4beee000-0x4beeefff]
[    0.165820] PM: hibernation: Registered nosave memory: [mem 0x4bf06000-0x4bf06fff]
[    0.165821] PM: hibernation: Registered nosave memory: [mem 0x4bf07000-0x4bf07fff]
[    0.165823] PM: hibernation: Registered nosave memory: [mem 0x4bf0f000-0x4bf0ffff]
[    0.165825] PM: hibernation: Registered nosave memory: [mem 0x682ff000-0x6ebfefff]
[    0.165826] PM: hibernation: Registered nosave memory: [mem 0x6ebff000-0x6f9fefff]
[    0.165827] PM: hibernation: Registered nosave memory: [mem 0x6f9ff000-0x6fffefff]
[    0.165829] PM: hibernation: Registered nosave memory: [mem 0x70000000-0x8fffffff]
[    0.165830] PM: hibernation: Registered nosave memory: [mem 0x90000000-0xfdffffff]
[    0.165831] PM: hibernation: Registered nosave memory: [mem 0xfe000000-0xfe010fff]
[    0.165832] PM: hibernation: Registered nosave memory: [mem 0xfe011000-0xffffffff]
[    0.165834] PM: hibernation: Registered nosave memory: [mem 0x1000000000-0x7fffffffff]
[    0.165836] [mem 0x90000000-0xfdffffff] available for PCI devices
[    0.165838] Booting paravirtualized kernel on bare hardware
[    0.165840] clocksource: refined-jiffies: mask: 0xffffffff max_cycles: 0xffffffff, max_idle_ns: 7645519600211568 ns
[    0.165848] setup_percpu: NR_CPUS:8192 nr_cpumask_bits:40 nr_cpu_ids:40 nr_node_ids:2
[    0.168718] percpu: Embedded 56 pages/cpu s192512 r8192 d28672 u262144
[    0.168729] pcpu-alloc: s192512 r8192 d28672 u262144 alloc=1*2097152
[    0.168732] pcpu-alloc: [0] 00 02 04 06 08 10 12 14 [0] 16 18 20 22 24 26 28 30 
[    0.168744] pcpu-alloc: [0] 32 34 36 38 -- -- -- -- [1] 01 03 05 07 09 11 13 15 
[    0.168756] pcpu-alloc: [1] 17 19 21 23 25 27 29 31 [1] 33 35 37 39 -- -- -- -- 
[    0.168804] Built 2 zonelists, mobility grouping on.  Total pages: 16417869
[    0.168806] Policy zone: Normal
[    0.168807] Kernel command line: BOOT_IMAGE=/boot/vmlinuz-5.11.0.d2fs root=UUID=0fe244cb-556c-49fd-bc46-148ab2afc428 ro memmap=448G$64G intremap=off isolcpus=37,39 quiet splash vt.handoff=7
[    0.169348] mem auto-init: stack:off, heap alloc:on, heap free:off
[    0.341772] Memory: 65367732K/66718332K available (16393K kernel code, 17748K rwdata, 10284K rodata, 2804K init, 10024K bss, 1350340K reserved, 0K cma-reserved)
[    0.341778] random: get_random_u64 called from __kmem_cache_create+0x31/0x460 with crng_init=1
[    0.342235] SLUB: HWalign=64, Order=0-3, MinObjects=0, CPUs=40, Nodes=2
[    0.342257] ftrace: allocating 48080 entries in 188 pages
[    0.360190] ftrace: allocated 188 pages with 5 groups
[    0.360896] rcu: Hierarchical RCU implementation.
[    0.360898] rcu: 	RCU restricting CPUs from NR_CPUS=8192 to nr_cpu_ids=40.
[    0.360899] 	Rude variant of Tasks RCU enabled.
[    0.360900] 	Tracing variant of Tasks RCU enabled.
[    0.360901] rcu: RCU calculated value of scheduler-enlistment delay is 25 jiffies.
[    0.360903] rcu: Adjusting geometry for rcu_fanout_leaf=16, nr_cpu_ids=40
[    0.364890] NR_IRQS: 524544, nr_irqs: 2104, preallocated irqs: 16
[    0.365219] random: crng done (trusting CPU's manufacturer)
[    0.365317] Console: colour dummy device 80x25
[    0.365358] printk: console [tty0] enabled
[    0.365455] mempolicy: Enabling automatic NUMA balancing. Configure with numa_balancing= or the kernel.numa_balancing sysctl
[    0.365458] ACPI: Core revision 20201113
[    0.368533] clocksource: hpet: mask: 0xffffffff max_cycles: 0xffffffff, max_idle_ns: 79635855245 ns
[    0.368580] APIC: Switch to symmetric I/O mode setup
[    0.368791] x2apic: IRQ remapping doesn't support X2APIC mode
[    0.368898] Switched APIC routing to physical flat.
[    0.369827] ..TIMER: vector=0x30 apic1=0 pin1=2 apic2=-1 pin2=-1
[    0.388516] clocksource: tsc-early: mask: 0xffffffffffffffff max_cycles: 0x1e4530a99b6, max_idle_ns: 440795257976 ns
[    0.388521] Calibrating delay loop (skipped), value calculated using timer frequency.. 4200.00 BogoMIPS (lpj=8400000)
[    0.388524] pid_max: default: 40960 minimum: 320
[    0.392223] LSM: Security Framework initializing
[    0.392236] Yama: becoming mindful.
[    0.392271] AppArmor: AppArmor initialized
[    0.404109] Dentry cache hash table entries: 8388608 (order: 14, 67108864 bytes, vmalloc)
[    0.409994] Inode-cache hash table entries: 4194304 (order: 13, 33554432 bytes, vmalloc)
[    0.410237] Mount-cache hash table entries: 131072 (order: 8, 1048576 bytes, vmalloc)
[    0.410427] Mountpoint-cache hash table entries: 131072 (order: 8, 1048576 bytes, vmalloc)
[    0.411024] mce: CPU0: Thermal monitoring enabled (TM1)
[    0.411054] process: using mwait in idle threads
[    0.411057] Last level iTLB entries: 4KB 128, 2MB 8, 4MB 8
[    0.411058] Last level dTLB entries: 4KB 64, 2MB 0, 4MB 0, 1GB 4
[    0.411063] Spectre V1 : Mitigation: usercopy/swapgs barriers and __user pointer sanitization
[    0.411065] Spectre V2 : Mitigation: Enhanced IBRS
[    0.411067] Spectre V2 : Spectre v2 / SpectreRSB mitigation: Filling RSB on context switch
[    0.411068] Spectre V2 : mitigation: Enabling conditional Indirect Branch Prediction Barrier
[    0.411070] Speculative Store Bypass: Mitigation: Speculative Store Bypass disabled via prctl and seccomp
[    0.411071] TAA: Mitigation: TSX disabled
[    0.411343] Freeing SMP alternatives memory: 40K
[    0.416660] smpboot: Estimated ratio of average max frequency by base frequency (times 1024): 1804
[    0.416672] smpboot: CPU0: Intel(R) Xeon(R) Gold 6230 CPU @ 2.10GHz (family: 0x6, model: 0x55, stepping: 0x7)
[    0.416891] Performance Events: PEBS fmt3+, Skylake events, 32-deep LBR, full-width counters, Intel PMU driver.
[    0.416916] ... version:                4
[    0.416916] ... bit width:              48
[    0.416917] ... generic registers:      8
[    0.416918] ... value mask:             0000ffffffffffff
[    0.416919] ... max period:             00007fffffffffff
[    0.416920] ... fixed-purpose events:   3
[    0.416921] ... event mask:             00000007000000ff
[    0.417042] rcu: Hierarchical SRCU implementation.
[    0.420258] NMI watchdog: Enabled. Permanently consumes one hw-PMU counter.
[    0.420807] smp: Bringing up secondary CPUs ...
[    0.420995] x86: Booting SMP configuration:
[    0.420996] .... node  #1, CPUs:        #1
[    0.003343] smpboot: CPU 1 Converting physical 0 to logical die 1

[    0.512660] .... node  #0, CPUs:    #2
[    0.519738] .... node  #1, CPUs:    #3
[    0.527929] .... node  #0, CPUs:    #4
[    0.534915] .... node  #1, CPUs:    #5
[    0.542981] .... node  #0, CPUs:    #6
[    0.550005] .... node  #1, CPUs:    #7
[    0.557851] .... node  #0, CPUs:    #8
[    0.564721] .... node  #1, CPUs:    #9
[    0.572668] .... node  #0, CPUs:   #10
[    0.579777] .... node  #1, CPUs:   #11
[    0.587903] .... node  #0, CPUs:   #12
[    0.595091] .... node  #1, CPUs:   #13
[    0.603132] .... node  #0, CPUs:   #14
[    0.610103] .... node  #1, CPUs:   #15
[    0.618091] .... node  #0, CPUs:   #16
[    0.625263] .... node  #1, CPUs:   #17
[    0.633185] .... node  #0, CPUs:   #18
[    0.640067] .... node  #1, CPUs:   #19
[    0.647964] .... node  #0, CPUs:   #20
[    0.655069] .... node  #1, CPUs:   #21
[    0.663274] .... node  #0, CPUs:   #22
[    0.670447] .... node  #1, CPUs:   #23
[    0.678610] .... node  #0, CPUs:   #24
[    0.685631] .... node  #1, CPUs:   #25
[    0.693604] .... node  #0, CPUs:   #26
[    0.700732] .... node  #1, CPUs:   #27
[    0.708659] .... node  #0, CPUs:   #28
[    0.715635] .... node  #1, CPUs:   #29
[    0.723729] .... node  #0, CPUs:   #30
[    0.730926] .... node  #1, CPUs:   #31
[    0.739153] .... node  #0, CPUs:   #32
[    0.746267] .... node  #1, CPUs:   #33
[    0.754348] .... node  #0, CPUs:   #34
[    0.761448] .... node  #1, CPUs:   #35
[    0.769572] .... node  #0, CPUs:   #36
[    0.776724] .... node  #1, CPUs:   #37
[    0.784654] .... node  #0, CPUs:   #38
[    0.791317] .... node  #1, CPUs:   #39
[    0.799225] smp: Brought up 2 nodes, 40 CPUs
[    0.799225] smpboot: Max logical packages: 2
[    0.799225] smpboot: Total of 40 processors activated (168030.36 BogoMIPS)
[    0.804306] devtmpfs: initialized
[    0.804306] x86/mm: Memory block size: 2048MB
[    0.804860] PM: Registering ACPI NVS region [mem 0x6ebff000-0x6f9fefff] (14680064 bytes)
[    0.804860] clocksource: jiffies: mask: 0xffffffff max_cycles: 0xffffffff, max_idle_ns: 7645041785100000 ns
[    0.805181] futex hash table entries: 16384 (order: 8, 1048576 bytes, vmalloc)
[    0.805364] pinctrl core: initialized pinctrl subsystem
[    0.805498] PM: RTC time: 09:14:53, date: 2024-12-20
[    0.805704] NET: Registered protocol family 16
[    0.809223] DMA: preallocated 8192 KiB GFP_KERNEL pool for atomic allocations
[    0.810849] DMA: preallocated 8192 KiB GFP_KERNEL|GFP_DMA pool for atomic allocations
[    0.812455] DMA: preallocated 8192 KiB GFP_KERNEL|GFP_DMA32 pool for atomic allocations
[    0.812463] audit: initializing netlink subsys (disabled)
[    0.812469] audit: type=2000 audit(1734686093.444:1): state=initialized audit_enabled=0 res=1
[    0.812644] thermal_sys: Registered thermal governor 'fair_share'
[    0.812646] thermal_sys: Registered thermal governor 'bang_bang'
[    0.812647] thermal_sys: Registered thermal governor 'step_wise'
[    0.812648] thermal_sys: Registered thermal governor 'user_space'
[    0.812649] thermal_sys: Registered thermal governor 'power_allocator'
[    0.812654] EISA bus registered
[    0.812671] cpuidle: using governor ladder
[    0.812671] cpuidle: using governor menu
[    0.812671] Detected 1 PCC Subspaces
[    0.812671] Registering PCC driver as Mailbox controller
[    0.812671] ACPI FADT declares the system doesn't support PCIe ASPM, so disable it
[    0.812671] ACPI: bus type PCI registered
[    0.812671] acpiphp: ACPI Hot Plug PCI Controller Driver version: 0.5
[    0.812671] PCI: MMCONFIG for domain 0000 [bus 00-ff] at [mem 0x80000000-0x8fffffff] (base 0x80000000)
[    0.812671] PCI: MMCONFIG at [mem 0x80000000-0x8fffffff] reserved in E820
[    0.812671] pmd_set_huge: Cannot satisfy [mem 0x80000000-0x80200000] with a huge-page mapping due to MTRR override.
[    0.812984] PCI: Using configuration type 1 for base access
[    0.812993] PCI: Dell System detected, enabling pci=bfsort.
[    0.814056] ENERGY_PERF_BIAS: Set to 'normal', was 'performance'
[    0.816605] HugeTLB registered 1.00 GiB page size, pre-allocated 0 pages
[    0.816605] HugeTLB registered 2.00 MiB page size, pre-allocated 0 pages
[    0.816605] fbcon: Taking over console
[    0.816653] ACPI: Added _OSI(Module Device)
[    0.816654] ACPI: Added _OSI(Processor Device)
[    0.816655] ACPI: Added _OSI(3.0 _SCP Extensions)
[    0.816656] ACPI: Added _OSI(Processor Aggregator Device)
[    0.816658] ACPI: Added _OSI(Linux-Dell-Video)
[    0.816659] ACPI: Added _OSI(Linux-Lenovo-NV-HDMI-Audio)
[    0.816661] ACPI: Added _OSI(Linux-HPI-Hybrid-Graphics)
[    0.922932] ACPI: 5 ACPI AML tables successfully acquired and loaded
[    0.932063] ACPI: [Firmware Bug]: BIOS _OSI(Linux) query ignored
[    0.939197] ACPI: Dynamic OEM Table Load:
[    1.131531] ACPI: Interpreter enabled
[    1.131553] ACPI: (supports S0 S5)
[    1.131555] ACPI: Using IOAPIC for interrupt routing
[    1.131672] HEST: Table parsing has been initialized.
[    1.131674] PCI: Using host bridge windows from ACPI; if necessary, use "pci=nocrs" and report a bug
[    1.147779] ACPI: Enabled 5 GPEs in block 00 to 7F
[    1.224109] ACPI: PCI Root Bridge [PC00] (domain 0000 [bus 00-16])
[    1.224116] acpi PNP0A08:00: _OSC: OS supports [ExtendedConfig ASPM ClockPM Segments MSI EDR HPX-Type3]
[    1.224235] acpi PNP0A08:00: _OSC: platform does not support [SHPCHotplug AER LTR DPC]
[    1.224343] acpi PNP0A08:00: _OSC: OS now controls [PCIeHotplug PME PCIeCapability]
[    1.224345] acpi PNP0A08:00: FADT indicates ASPM is unsupported, using BIOS configuration
[    1.226274] PCI host bridge to bus 0000:00
[    1.226276] pci_bus 0000:00: root bus resource [io  0x0000-0x0cf7 window]
[    1.226278] pci_bus 0000:00: root bus resource [io  0x1000-0x3fff window]
[    1.226280] pci_bus 0000:00: root bus resource [mem 0x000a0000-0x000bffff window]
[    1.226281] pci_bus 0000:00: root bus resource [mem 0x000c4000-0x000c7fff window]
[    1.226283] pci_bus 0000:00: root bus resource [mem 0xfe010000-0xfe010fff window]
[    1.226284] pci_bus 0000:00: root bus resource [mem 0x90000000-0x9d7fffff window]
[    1.226286] pci_bus 0000:00: root bus resource [mem 0x380000000000-0x383fffffffff window]
[    1.226287] pci_bus 0000:00: root bus resource [bus 00-16]
[    1.226304] pci 0000:00:00.0: [8086:2020] type 00 class 0x060000
[    1.227155] pci 0000:00:05.0: [8086:2024] type 00 class 0x088000
[    1.227974] pci 0000:00:05.2: [8086:2025] type 00 class 0x088000
[    1.228779] pci 0000:00:05.4: [8086:2026] type 00 class 0x080020
[    1.228796] pci 0000:00:05.4: reg 0x10: [mem 0x92f20000-0x92f20fff]
[    1.229614] pci 0000:00:08.0: [8086:2014] type 00 class 0x088000
[    1.230413] pci 0000:00:08.1: [8086:2015] type 00 class 0x110100
[    1.231191] pci 0000:00:08.2: [8086:2016] type 00 class 0x088000
[    1.232003] pci 0000:00:11.0: [8086:a1ec] type 00 class 0xff0000
[    1.232006] pci 0000:00:11.0: device has non-compliant BARs; disabling IO/MEM decoding
[    1.232823] pci 0000:00:11.5: [8086:a1d2] type 00 class 0x010601
[    1.232845] pci 0000:00:11.5: reg 0x10: [mem 0x92f16000-0x92f17fff]
[    1.232859] pci 0000:00:11.5: reg 0x14: [mem 0x92f1f000-0x92f1f0ff]
[    1.232873] pci 0000:00:11.5: reg 0x18: [io  0x2068-0x206f]
[    1.232886] pci 0000:00:11.5: reg 0x1c: [io  0x2074-0x2077]
[    1.232900] pci 0000:00:11.5: reg 0x20: [io  0x2040-0x205f]
[    1.232913] pci 0000:00:11.5: reg 0x24: [mem 0x92e80000-0x92efffff]
[    1.232955] pci 0000:00:11.5: PME# supported from D3hot
[    1.233797] pci 0000:00:14.0: [8086:a1af] type 00 class 0x0c0330
[    1.233827] pci 0000:00:14.0: reg 0x10: [mem 0x92f00000-0x92f0ffff 64bit]
[    1.233918] pci 0000:00:14.0: PME# supported from D3hot D3cold
[    1.234762] pci 0000:00:14.2: [8086:a1b1] type 00 class 0x118000
[    1.234791] pci 0000:00:14.2: reg 0x10: [mem 0x92f1c000-0x92f1cfff 64bit]
[    1.235653] pci 0000:00:16.0: [8086:a1ba] type 00 class 0x078000
[    1.235688] pci 0000:00:16.0: reg 0x10: [mem 0x92f1b000-0x92f1bfff 64bit]
[    1.235798] pci 0000:00:16.0: PME# supported from D3hot
[    1.236573] pci 0000:00:16.1: [8086:a1bb] type 00 class 0x078000
[    1.236608] pci 0000:00:16.1: reg 0x10: [mem 0x92f1a000-0x92f1afff 64bit]
[    1.236718] pci 0000:00:16.1: PME# supported from D3hot
[    1.237510] pci 0000:00:16.4: [8086:a1be] type 00 class 0x078000
[    1.237545] pci 0000:00:16.4: reg 0x10: [mem 0x92f19000-0x92f19fff 64bit]
[    1.237655] pci 0000:00:16.4: PME# supported from D3hot
[    1.238430] pci 0000:00:17.0: [8086:a182] type 00 class 0x010601
[    1.238452] pci 0000:00:17.0: reg 0x10: [mem 0x92f14000-0x92f15fff]
[    1.238466] pci 0000:00:17.0: reg 0x14: [mem 0x92f1e000-0x92f1e0ff]
[    1.238479] pci 0000:00:17.0: reg 0x18: [io  0x2060-0x2067]
[    1.238493] pci 0000:00:17.0: reg 0x1c: [io  0x2070-0x2073]
[    1.238506] pci 0000:00:17.0: reg 0x20: [io  0x2020-0x203f]
[    1.238520] pci 0000:00:17.0: reg 0x24: [mem 0x92e00000-0x92e7ffff]
[    1.238561] pci 0000:00:17.0: PME# supported from D3hot
[    1.239395] pci 0000:00:1c.0: [8086:a190] type 01 class 0x060400
[    1.240196] pci 0000:00:1c.0: PME# supported from D0 D3hot D3cold
[    1.240439] pci 0000:00:1c.4: [8086:a194] type 01 class 0x060400
[    1.240528] pci 0000:00:1c.4: PME# supported from D0 D3hot D3cold
[    1.241493] pci 0000:00:1f.0: [8086:a1c1] type 00 class 0x060100
[    1.242463] pci 0000:00:1f.2: [8086:a1a1] type 00 class 0x058000
[    1.242487] pci 0000:00:1f.2: reg 0x10: [mem 0x92f10000-0x92f13fff]
[    1.243391] pci 0000:00:1f.4: [8086:a1a3] type 00 class 0x0c0500
[    1.243422] pci 0000:00:1f.4: reg 0x10: [mem 0x92f18000-0x92f180ff 64bit]
[    1.243462] pci 0000:00:1f.4: reg 0x20: [io  0x2000-0x201f]
[    1.244253] pci 0000:00:1f.5: [8086:a1a4] type 00 class 0x0c8000
[    1.244277] pci 0000:00:1f.5: reg 0x10: [mem 0xfe010000-0xfe010fff]
[    1.245174] pci 0000:00:1c.0: PCI bridge to [bus 01]
[    1.245179] pci 0000:00:1c.0:   bridge window [mem 0x92a00000-0x92dfffff]
[    1.245239] pci 0000:02:00.0: [1556:be00] type 01 class 0x060400
[    1.256533] pci 0000:00:1c.4: PCI bridge to [bus 02-03]
[    1.256538] pci 0000:00:1c.4:   bridge window [mem 0x92000000-0x928fffff]
[    1.256542] pci 0000:00:1c.4:   bridge window [mem 0x91000000-0x91ffffff 64bit pref]
[    1.256574] pci_bus 0000:03: extended config space not accessible
[    1.256595] pci 0000:03:00.0: [102b:0536] type 00 class 0x030000
[    1.256624] pci 0000:03:00.0: reg 0x10: [mem 0x91000000-0x91ffffff pref]
[    1.256641] pci 0000:03:00.0: reg 0x14: [mem 0x92808000-0x9280bfff]
[    1.256658] pci 0000:03:00.0: reg 0x18: [mem 0x92000000-0x927fffff]
[    1.256731] pci 0000:03:00.0: BAR 0: assigned to efifb
[    1.256826] pci 0000:02:00.0: PCI bridge to [bus 03]
[    1.256835] pci 0000:02:00.0:   bridge window [mem 0x92000000-0x928fffff]
[    1.256840] pci 0000:02:00.0:   bridge window [mem 0x91000000-0x91ffffff 64bit pref]
[    1.256869] pci_bus 0000:00: on NUMA node 0
[    1.257272] ACPI: PCI Interrupt Link [LNKA] (IRQs 3 4 5 6 10 *11 12 14 15)
[    1.257374] ACPI: PCI Interrupt Link [LNKB] (IRQs 3 4 5 *6 10 11 12 14 15)
[    1.257477] ACPI: PCI Interrupt Link [LNKC] (IRQs 3 4 *5 6 10 11 12 14 15)
[    1.257577] ACPI: PCI Interrupt Link [LNKD] (IRQs 3 4 5 6 10 *11 12 14 15)
[    1.257678] ACPI: PCI Interrupt Link [LNKE] (IRQs 3 4 5 6 10 *11 12 14 15)
[    1.257777] ACPI: PCI Interrupt Link [LNKF] (IRQs 3 4 5 *6 10 11 12 14 15)
[    1.257875] ACPI: PCI Interrupt Link [LNKG] (IRQs 3 4 *5 6 10 11 12 14 15)
[    1.257973] ACPI: PCI Interrupt Link [LNKH] (IRQs 3 4 5 6 10 *11 12 14 15)
[    1.258411] ACPI: PCI Root Bridge [PC01] (domain 0000 [bus 17-39])
[    1.258415] acpi PNP0A08:01: _OSC: OS supports [ExtendedConfig ASPM ClockPM Segments MSI EDR HPX-Type3]
[    1.258581] acpi PNP0A08:01: _OSC: platform does not support [SHPCHotplug AER LTR DPC]
[    1.258760] acpi PNP0A08:01: _OSC: OS now controls [PCIeHotplug PME PCIeCapability]
[    1.258761] acpi PNP0A08:01: FADT indicates ASPM is unsupported, using BIOS configuration
[    1.258993] PCI host bridge to bus 0000:17
[    1.258994] pci_bus 0000:17: root bus resource [io  0x4000-0x5fff window]
[    1.258996] pci_bus 0000:17: root bus resource [mem 0x9d800000-0xaaffffff window]
[    1.258998] pci_bus 0000:17: root bus resource [mem 0x384000000000-0x387fffffffff window]
[    1.259000] pci_bus 0000:17: root bus resource [bus 17-39]
[    1.259016] pci 0000:17:00.0: [8086:2030] type 01 class 0x060400
[    1.259091] pci 0000:17:00.0: PME# supported from D0 D3hot D3cold
[    1.259334] pci 0000:17:02.0: [8086:2032] type 01 class 0x060400
[    1.259379] pci 0000:17:02.0: enabling Extended Tags
[    1.259412] pci 0000:17:02.0: PME# supported from D0 D3hot D3cold
[    1.259519] pci 0000:17:03.0: [8086:2033] type 01 class 0x060400
[    1.259563] pci 0000:17:03.0: enabling Extended Tags
[    1.259595] pci 0000:17:03.0: PME# supported from D0 D3hot D3cold
[    1.259691] pci 0000:17:05.0: [8086:2034] type 00 class 0x088000
[    1.259814] pci 0000:17:05.2: [8086:2035] type 00 class 0x088000
[    1.259927] pci 0000:17:05.4: [8086:2036] type 00 class 0x080020
[    1.259943] pci 0000:17:05.4: reg 0x10: [mem 0x9e500000-0x9e500fff]
[    1.260071] pci 0000:17:08.0: [8086:208d] type 00 class 0x088000
[    1.260173] pci 0000:17:08.1: [8086:208d] type 00 class 0x088000
[    1.260261] pci 0000:17:08.2: [8086:208d] type 00 class 0x088000
[    1.260362] pci 0000:17:08.3: [8086:208d] type 00 class 0x088000
[    1.260449] pci 0000:17:08.4: [8086:208d] type 00 class 0x088000
[    1.260537] pci 0000:17:08.5: [8086:208d] type 00 class 0x088000
[    1.260625] pci 0000:17:08.6: [8086:208d] type 00 class 0x088000
[    1.260711] pci 0000:17:08.7: [8086:208d] type 00 class 0x088000
[    1.260798] pci 0000:17:09.0: [8086:208d] type 00 class 0x088000
[    1.260898] pci 0000:17:09.1: [8086:208d] type 00 class 0x088000
[    1.260985] pci 0000:17:09.2: [8086:208d] type 00 class 0x088000
[    1.261079] pci 0000:17:09.3: [8086:208d] type 00 class 0x088000
[    1.261166] pci 0000:17:09.4: [8086:208d] type 00 class 0x088000
[    1.261254] pci 0000:17:09.5: [8086:208d] type 00 class 0x088000
[    1.261340] pci 0000:17:09.6: [8086:208d] type 00 class 0x088000
[    1.261428] pci 0000:17:09.7: [8086:208d] type 00 class 0x088000
[    1.261518] pci 0000:17:0a.0: [8086:208d] type 00 class 0x088000
[    1.261617] pci 0000:17:0a.1: [8086:208d] type 00 class 0x088000
[    1.261709] pci 0000:17:0a.2: [8086:208d] type 00 class 0x088000
[    1.261803] pci 0000:17:0a.3: [8086:208d] type 00 class 0x088000
[    1.261891] pci 0000:17:0a.4: [8086:208d] type 00 class 0x088000
[    1.261977] pci 0000:17:0a.5: [8086:208d] type 00 class 0x088000
[    1.262064] pci 0000:17:0a.6: [8086:208d] type 00 class 0x088000
[    1.262150] pci 0000:17:0a.7: [8086:208d] type 00 class 0x088000
[    1.262238] pci 0000:17:0b.0: [8086:208d] type 00 class 0x088000
[    1.262342] pci 0000:17:0b.1: [8086:208d] type 00 class 0x088000
[    1.262430] pci 0000:17:0b.2: [8086:208d] type 00 class 0x088000
[    1.262523] pci 0000:17:0b.3: [8086:208d] type 00 class 0x088000
[    1.262614] pci 0000:17:0e.0: [8086:208e] type 00 class 0x088000
[    1.262713] pci 0000:17:0e.1: [8086:208e] type 00 class 0x088000
[    1.262799] pci 0000:17:0e.2: [8086:208e] type 00 class 0x088000
[    1.262887] pci 0000:17:0e.3: [8086:208e] type 00 class 0x088000
[    1.262974] pci 0000:17:0e.4: [8086:208e] type 00 class 0x088000
[    1.263060] pci 0000:17:0e.5: [8086:208e] type 00 class 0x088000
[    1.263149] pci 0000:17:0e.6: [8086:208e] type 00 class 0x088000
[    1.263248] pci 0000:17:0e.7: [8086:208e] type 00 class 0x088000
[    1.263338] pci 0000:17:0f.0: [8086:208e] type 00 class 0x088000
[    1.263438] pci 0000:17:0f.1: [8086:208e] type 00 class 0x088000
[    1.263525] pci 0000:17:0f.2: [8086:208e] type 00 class 0x088000
[    1.263613] pci 0000:17:0f.3: [8086:208e] type 00 class 0x088000
[    1.263700] pci 0000:17:0f.4: [8086:208e] type 00 class 0x088000
[    1.263794] pci 0000:17:0f.5: [8086:208e] type 00 class 0x088000
[    1.263886] pci 0000:17:0f.6: [8086:208e] type 00 class 0x088000
[    1.263986] pci 0000:17:0f.7: [8086:208e] type 00 class 0x088000
[    1.264074] pci 0000:17:10.0: [8086:208e] type 00 class 0x088000
[    1.264175] pci 0000:17:10.1: [8086:208e] type 00 class 0x088000
[    1.264266] pci 0000:17:10.2: [8086:208e] type 00 class 0x088000
[    1.264354] pci 0000:17:10.3: [8086:208e] type 00 class 0x088000
[    1.264442] pci 0000:17:10.4: [8086:208e] type 00 class 0x088000
[    1.264532] pci 0000:17:10.5: [8086:208e] type 00 class 0x088000
[    1.264619] pci 0000:17:10.6: [8086:208e] type 00 class 0x088000
[    1.264717] pci 0000:17:10.7: [8086:208e] type 00 class 0x088000
[    1.264805] pci 0000:17:11.0: [8086:208e] type 00 class 0x088000
[    1.264905] pci 0000:17:11.1: [8086:208e] type 00 class 0x088000
[    1.264993] pci 0000:17:11.2: [8086:208e] type 00 class 0x088000
[    1.265081] pci 0000:17:11.3: [8086:208e] type 00 class 0x088000
[    1.265180] pci 0000:17:1d.0: [8086:2054] type 00 class 0x088000
[    1.265281] pci 0000:17:1d.1: [8086:2055] type 00 class 0x088000
[    1.265370] pci 0000:17:1d.2: [8086:2056] type 00 class 0x088000
[    1.265471] pci 0000:17:1d.3: [8086:2057] type 00 class 0x088000
[    1.265563] pci 0000:17:1e.0: [8086:2080] type 00 class 0x088000
[    1.265662] pci 0000:17:1e.1: [8086:2081] type 00 class 0x088000
[    1.265752] pci 0000:17:1e.2: [8086:2082] type 00 class 0x088000
[    1.265873] pci 0000:17:1e.3: [8086:2083] type 00 class 0x088000
[    1.265961] pci 0000:17:1e.4: [8086:2084] type 00 class 0x088000
[    1.266049] pci 0000:17:1e.5: [8086:2085] type 00 class 0x088000
[    1.266137] pci 0000:17:1e.6: [8086:2086] type 00 class 0x088000
[    1.266272] pci 0000:18:00.0: [1000:005d] type 00 class 0x010400
[    1.266291] pci 0000:18:00.0: reg 0x10: [io  0x4000-0x40ff]
[    1.266308] pci 0000:18:00.0: reg 0x14: [mem 0x9e400000-0x9e40ffff 64bit]
[    1.266325] pci 0000:18:00.0: reg 0x1c: [mem 0x9e300000-0x9e3fffff 64bit]
[    1.266347] pci 0000:18:00.0: reg 0x30: [mem 0xfff00000-0xffffffff pref]
[    1.266384] pci 0000:18:00.0: supports D1 D2
[    1.266436] pci 0000:17:00.0: PCI bridge to [bus 18]
[    1.266438] pci 0000:17:00.0:   bridge window [io  0x4000-0x4fff]
[    1.266441] pci 0000:17:00.0:   bridge window [mem 0x9e300000-0x9e4fffff]
[    1.266585] pci 0000:19:00.0: [8086:1563] type 00 class 0x020000
[    1.266613] pci 0000:19:00.0: reg 0x10: [mem 0x9dc00000-0x9dffffff 64bit pref]
[    1.266656] pci 0000:19:00.0: reg 0x20: [mem 0x9e004000-0x9e007fff 64bit pref]
[    1.266669] pci 0000:19:00.0: reg 0x30: [mem 0xfff80000-0xffffffff pref]
[    1.266728] pci 0000:19:00.0: PME# supported from D0 D3hot D3cold
[    1.266957] pci 0000:19:00.1: [8086:1563] type 00 class 0x020000
[    1.266985] pci 0000:19:00.1: reg 0x10: [mem 0x9d800000-0x9dbfffff 64bit pref]
[    1.267029] pci 0000:19:00.1: reg 0x20: [mem 0x9e000000-0x9e003fff 64bit pref]
[    1.267042] pci 0000:19:00.1: reg 0x30: [mem 0xfff80000-0xffffffff pref]
[    1.267096] pci 0000:19:00.1: PME# supported from D0 D3hot D3cold
[    1.267287] pci 0000:17:02.0: PCI bridge to [bus 19]
[    1.267292] pci 0000:17:02.0:   bridge window [mem 0x9d800000-0x9e0fffff 64bit pref]
[    1.267352] pci 0000:1a:00.0: [8086:1521] type 00 class 0x020000
[    1.267373] pci 0000:1a:00.0: reg 0x10: [mem 0x9e180000-0x9e1fffff]
[    1.267411] pci 0000:1a:00.0: reg 0x1c: [mem 0x9e204000-0x9e207fff]
[    1.267448] pci 0000:1a:00.0: reg 0x30: [mem 0xfff80000-0xffffffff pref]
[    1.267506] pci 0000:1a:00.0: PME# supported from D0 D3hot D3cold
[    1.267690] pci 0000:1a:00.1: [8086:1521] type 00 class 0x020000
[    1.267712] pci 0000:1a:00.1: reg 0x10: [mem 0x9e100000-0x9e17ffff]
[    1.267749] pci 0000:1a:00.1: reg 0x1c: [mem 0x9e200000-0x9e203fff]
[    1.267786] pci 0000:1a:00.1: reg 0x30: [mem 0xfff80000-0xffffffff pref]
[    1.267840] pci 0000:1a:00.1: PME# supported from D0 D3hot D3cold
[    1.268004] pci 0000:17:03.0: PCI bridge to [bus 1a]
[    1.268007] pci 0000:17:03.0:   bridge window [mem 0x9e100000-0x9e2fffff]
[    1.268041] pci_bus 0000:17: on NUMA node 0
[    1.268204] ACPI: PCI Root Bridge [PC02] (domain 0000 [bus 3a-5c])
[    1.268208] acpi PNP0A08:02: _OSC: OS supports [ExtendedConfig ASPM ClockPM Segments MSI EDR HPX-Type3]
[    1.268363] acpi PNP0A08:02: _OSC: platform does not support [SHPCHotplug AER LTR DPC]
[    1.268518] acpi PNP0A08:02: _OSC: OS now controls [PCIeHotplug PME PCIeCapability]
[    1.268519] acpi PNP0A08:02: FADT indicates ASPM is unsupported, using BIOS configuration
[    1.268714] PCI host bridge to bus 0000:3a
[    1.268715] pci_bus 0000:3a: root bus resource [io  0x6000-0x7fff window]
[    1.268717] pci_bus 0000:3a: root bus resource [mem 0xab000000-0xb87fffff window]
[    1.268718] pci_bus 0000:3a: root bus resource [mem 0x388000000000-0x38bfffffffff window]
[    1.268720] pci_bus 0000:3a: root bus resource [bus 3a-5c]
[    1.268735] pci 0000:3a:00.0: [8086:2030] type 01 class 0x060400
[    1.268808] pci 0000:3a:00.0: PME# supported from D0 D3hot D3cold
[    1.269017] pci 0000:3a:05.0: [8086:2034] type 00 class 0x088000
[    1.269124] pci 0000:3a:05.2: [8086:2035] type 00 class 0x088000
[    1.269234] pci 0000:3a:05.4: [8086:2036] type 00 class 0x080020
[    1.269250] pci 0000:3a:05.4: reg 0x10: [mem 0xab100000-0xab100fff]
[    1.269369] pci 0000:3a:08.0: [8086:2066] type 00 class 0x088000
[    1.269484] pci 0000:3a:09.0: [8086:2066] type 00 class 0x088000
[    1.269592] pci 0000:3a:0a.0: [8086:2040] type 00 class 0x088000
[    1.269700] pci 0000:3a:0a.1: [8086:2041] type 00 class 0x088000
[    1.269792] pci 0000:3a:0a.2: [8086:2042] type 00 class 0x088000
[    1.269887] pci 0000:3a:0a.3: [8086:2043] type 00 class 0x088000
[    1.269979] pci 0000:3a:0a.4: [8086:2044] type 00 class 0x088000
[    1.270083] pci 0000:3a:0a.5: [8086:2045] type 00 class 0x088000
[    1.270176] pci 0000:3a:0a.6: [8086:2046] type 00 class 0x088000
[    1.270267] pci 0000:3a:0a.7: [8086:2047] type 00 class 0x088000
[    1.270358] pci 0000:3a:0b.0: [8086:2048] type 00 class 0x088000
[    1.270462] pci 0000:3a:0b.1: [8086:2049] type 00 class 0x088000
[    1.270554] pci 0000:3a:0b.2: [8086:204a] type 00 class 0x088000
[    1.270646] pci 0000:3a:0b.3: [8086:204b] type 00 class 0x088000
[    1.270740] pci 0000:3a:0c.0: [8086:2040] type 00 class 0x088000
[    1.270856] pci 0000:3a:0c.1: [8086:2041] type 00 class 0x088000
[    1.270951] pci 0000:3a:0c.2: [8086:2042] type 00 class 0x088000
[    1.271046] pci 0000:3a:0c.3: [8086:2043] type 00 class 0x088000
[    1.271139] pci 0000:3a:0c.4: [8086:2044] type 00 class 0x088000
[    1.271232] pci 0000:3a:0c.5: [8086:2045] type 00 class 0x088000
[    1.271325] pci 0000:3a:0c.6: [8086:2046] type 00 class 0x088000
[    1.271420] pci 0000:3a:0c.7: [8086:2047] type 00 class 0x088000
[    1.271513] pci 0000:3a:0d.0: [8086:2048] type 00 class 0x088000
[    1.271625] pci 0000:3a:0d.1: [8086:2049] type 00 class 0x088000
[    1.271718] pci 0000:3a:0d.2: [8086:204a] type 00 class 0x088000
[    1.271813] pci 0000:3a:0d.3: [8086:204b] type 00 class 0x088000
[    1.271954] pci 0000:3b:00.0: [8086:2700] type 00 class 0x010802
[    1.271977] pci 0000:3b:00.0: reg 0x10: [mem 0xab000000-0xab003fff 64bit]
[    1.272030] pci 0000:3b:00.0: reg 0x30: [mem 0xffff0000-0xffffffff pref]
[    1.272414] pci 0000:3a:00.0: PCI bridge to [bus 3b]
[    1.272417] pci 0000:3a:00.0:   bridge window [mem 0xab000000-0xab0fffff]
[    1.272431] pci_bus 0000:3a: on NUMA node 0
[    1.272555] ACPI: PCI Root Bridge [PC03] (domain 0000 [bus 5d-7f])
[    1.272559] acpi PNP0A08:03: _OSC: OS supports [ExtendedConfig ASPM ClockPM Segments MSI EDR HPX-Type3]
[    1.272714] acpi PNP0A08:03: _OSC: platform does not support [SHPCHotplug AER LTR DPC]
[    1.272870] acpi PNP0A08:03: _OSC: OS now controls [PCIeHotplug PME PCIeCapability]
[    1.272871] acpi PNP0A08:03: FADT indicates ASPM is unsupported, using BIOS configuration
[    1.273101] PCI host bridge to bus 0000:5d
[    1.273103] pci_bus 0000:5d: root bus resource [io  0x8000-0x9fff window]
[    1.273104] pci_bus 0000:5d: root bus resource [mem 0xb8800000-0xc5ffffff window]
[    1.273106] pci_bus 0000:5d: root bus resource [mem 0x38c000000000-0x38ffffffffff window]
[    1.273108] pci_bus 0000:5d: root bus resource [bus 5d-7f]
[    1.273119] pci 0000:5d:05.0: [8086:2034] type 00 class 0x088000
[    1.273230] pci 0000:5d:05.2: [8086:2035] type 00 class 0x088000
[    1.273336] pci 0000:5d:05.4: [8086:2036] type 00 class 0x080020
[    1.273353] pci 0000:5d:05.4: reg 0x10: [mem 0xb8800000-0xb8800fff]
[    1.273476] pci 0000:5d:0e.0: [8086:2058] type 00 class 0x110100
[    1.273588] pci 0000:5d:0e.1: [8086:2059] type 00 class 0x088000
[    1.273680] pci 0000:5d:0f.0: [8086:2058] type 00 class 0x110100
[    1.273789] pci 0000:5d:0f.1: [8086:2059] type 00 class 0x088000
[    1.273882] pci 0000:5d:10.0: [8086:2058] type 00 class 0x110100
[    1.273988] pci 0000:5d:10.1: [8086:2059] type 00 class 0x088000
[    1.274087] pci 0000:5d:12.0: [8086:204c] type 00 class 0x110100
[    1.274190] pci 0000:5d:12.1: [8086:204d] type 00 class 0x110100
[    1.274268] pci 0000:5d:12.2: [8086:204e] type 00 class 0x088000
[    1.274355] pci 0000:5d:12.4: [8086:204c] type 00 class 0x110100
[    1.274445] pci 0000:5d:12.5: [8086:204d] type 00 class 0x110100
[    1.274524] pci 0000:5d:15.0: [8086:2018] type 00 class 0x088000
[    1.274613] pci 0000:5d:15.1: [8086:2088] type 00 class 0x110100
[    1.274692] pci 0000:5d:16.0: [8086:2018] type 00 class 0x088000
[    1.274783] pci 0000:5d:16.1: [8086:2088] type 00 class 0x110100
[    1.274861] pci 0000:5d:16.4: [8086:2018] type 00 class 0x088000
[    1.274939] pci 0000:5d:16.5: [8086:2088] type 00 class 0x110100
[    1.275025] pci 0000:5d:17.0: [8086:2018] type 00 class 0x088000
[    1.275114] pci 0000:5d:17.1: [8086:2088] type 00 class 0x110100
[    1.275198] pci_bus 0000:5d: on NUMA node 0
[    1.275432] ACPI: PCI Root Bridge [PC06] (domain 0000 [bus 80-84])
[    1.275436] acpi PNP0A08:06: _OSC: OS supports [ExtendedConfig ASPM ClockPM Segments MSI EDR HPX-Type3]
[    1.275590] acpi PNP0A08:06: _OSC: platform does not support [SHPCHotplug AER LTR DPC]
[    1.275746] acpi PNP0A08:06: _OSC: OS now controls [PCIeHotplug PME PCIeCapability]
[    1.275747] acpi PNP0A08:06: FADT indicates ASPM is unsupported, using BIOS configuration
[    1.275794] acpi PNP0A08:06: host bridge window [io  0x0000 window] (ignored, not CPU addressable)
[    1.275911] PCI host bridge to bus 0000:80
[    1.275912] pci_bus 0000:80: root bus resource [mem 0xc6000000-0xd37fffff window]
[    1.275914] pci_bus 0000:80: root bus resource [mem 0x390000000000-0x393fffffffff window]
[    1.275915] pci_bus 0000:80: root bus resource [bus 80-84]
[    1.275940] pci 0000:80:05.0: [8086:2024] type 00 class 0x088000
[    1.276067] pci 0000:80:05.2: [8086:2025] type 00 class 0x088000
[    1.276177] pci 0000:80:05.4: [8086:2026] type 00 class 0x080020
[    1.276194] pci 0000:80:05.4: reg 0x10: [mem 0xc6000000-0xc6000fff]
[    1.276322] pci 0000:80:08.0: [8086:2014] type 00 class 0x088000
[    1.276427] pci 0000:80:08.1: [8086:2015] type 00 class 0x110100
[    1.276511] pci 0000:80:08.2: [8086:2016] type 00 class 0x088000
[    1.276619] pci_bus 0000:80: on NUMA node 1
[    1.276727] ACPI: PCI Root Bridge [PC07] (domain 0000 [bus 85-ad])
[    1.276731] acpi PNP0A08:07: _OSC: OS supports [ExtendedConfig ASPM ClockPM Segments MSI EDR HPX-Type3]
[    1.276883] acpi PNP0A08:07: _OSC: platform does not support [SHPCHotplug AER LTR DPC]
[    1.277038] acpi PNP0A08:07: _OSC: OS now controls [PCIeHotplug PME PCIeCapability]
[    1.277040] acpi PNP0A08:07: FADT indicates ASPM is unsupported, using BIOS configuration
[    1.277323] PCI host bridge to bus 0000:85
[    1.277324] pci_bus 0000:85: root bus resource [io  0xa000-0xbfff window]
[    1.277326] pci_bus 0000:85: root bus resource [mem 0xd3800000-0xe0ffffff window]
[    1.277328] pci_bus 0000:85: root bus resource [mem 0x394000000000-0x397fffffffff window]
[    1.277330] pci_bus 0000:85: root bus resource [bus 85-ad]
[    1.277346] pci 0000:85:00.0: [8086:2030] type 01 class 0x060400
[    1.277427] pci 0000:85:00.0: PME# supported from D0 D3hot D3cold
[    1.277672] pci 0000:85:05.0: [8086:2034] type 00 class 0x088000
[    1.277792] pci 0000:85:05.2: [8086:2035] type 00 class 0x088000
[    1.277909] pci 0000:85:05.4: [8086:2036] type 00 class 0x080020
[    1.277926] pci 0000:85:05.4: reg 0x10: [mem 0xd3900000-0xd3900fff]
[    1.278060] pci 0000:85:08.0: [8086:208d] type 00 class 0x088000
[    1.278163] pci 0000:85:08.1: [8086:208d] type 00 class 0x088000
[    1.278254] pci 0000:85:08.2: [8086:208d] type 00 class 0x088000
[    1.278343] pci 0000:85:08.3: [8086:208d] type 00 class 0x088000
[    1.278444] pci 0000:85:08.4: [8086:208d] type 00 class 0x088000
[    1.278534] pci 0000:85:08.5: [8086:208d] type 00 class 0x088000
[    1.278623] pci 0000:85:08.6: [8086:208d] type 00 class 0x088000
[    1.278716] pci 0000:85:08.7: [8086:208d] type 00 class 0x088000
[    1.278806] pci 0000:85:09.0: [8086:208d] type 00 class 0x088000
[    1.278910] pci 0000:85:09.1: [8086:208d] type 00 class 0x088000
[    1.279000] pci 0000:85:09.2: [8086:208d] type 00 class 0x088000
[    1.279096] pci 0000:85:09.3: [8086:208d] type 00 class 0x088000
[    1.279198] pci 0000:85:09.4: [8086:208d] type 00 class 0x088000
[    1.279288] pci 0000:85:09.5: [8086:208d] type 00 class 0x088000
[    1.279379] pci 0000:85:09.6: [8086:208d] type 00 class 0x088000
[    1.279478] pci 0000:85:09.7: [8086:208d] type 00 class 0x088000
[    1.279568] pci 0000:85:0a.0: [8086:208d] type 00 class 0x088000
[    1.279675] pci 0000:85:0a.1: [8086:208d] type 00 class 0x088000
[    1.279766] pci 0000:85:0a.2: [8086:208d] type 00 class 0x088000
[    1.279856] pci 0000:85:0a.3: [8086:208d] type 00 class 0x088000
[    1.279954] pci 0000:85:0a.4: [8086:208d] type 00 class 0x088000
[    1.280043] pci 0000:85:0a.5: [8086:208d] type 00 class 0x088000
[    1.280134] pci 0000:85:0a.6: [8086:208d] type 00 class 0x088000
[    1.280224] pci 0000:85:0a.7: [8086:208d] type 00 class 0x088000
[    1.280313] pci 0000:85:0b.0: [8086:208d] type 00 class 0x088000
[    1.280418] pci 0000:85:0b.1: [8086:208d] type 00 class 0x088000
[    1.280508] pci 0000:85:0b.2: [8086:208d] type 00 class 0x088000
[    1.280597] pci 0000:85:0b.3: [8086:208d] type 00 class 0x088000
[    1.280698] pci 0000:85:0e.0: [8086:208e] type 00 class 0x088000
[    1.280801] pci 0000:85:0e.1: [8086:208e] type 00 class 0x088000
[    1.280891] pci 0000:85:0e.2: [8086:208e] type 00 class 0x088000
[    1.280980] pci 0000:85:0e.3: [8086:208e] type 00 class 0x088000
[    1.281070] pci 0000:85:0e.4: [8086:208e] type 00 class 0x088000
[    1.281160] pci 0000:85:0e.5: [8086:208e] type 00 class 0x088000
[    1.281249] pci 0000:85:0e.6: [8086:208e] type 00 class 0x088000
[    1.281339] pci 0000:85:0e.7: [8086:208e] type 00 class 0x088000
[    1.281434] pci 0000:85:0f.0: [8086:208e] type 00 class 0x088000
[    1.281536] pci 0000:85:0f.1: [8086:208e] type 00 class 0x088000
[    1.281626] pci 0000:85:0f.2: [8086:208e] type 00 class 0x088000
[    1.281716] pci 0000:85:0f.3: [8086:208e] type 00 class 0x088000
[    1.281807] pci 0000:85:0f.4: [8086:208e] type 00 class 0x088000
[    1.281898] pci 0000:85:0f.5: [8086:208e] type 00 class 0x088000
[    1.281988] pci 0000:85:0f.6: [8086:208e] type 00 class 0x088000
[    1.282079] pci 0000:85:0f.7: [8086:208e] type 00 class 0x088000
[    1.282181] pci 0000:85:10.0: [8086:208e] type 00 class 0x088000
[    1.282285] pci 0000:85:10.1: [8086:208e] type 00 class 0x088000
[    1.282376] pci 0000:85:10.2: [8086:208e] type 00 class 0x088000
[    1.282467] pci 0000:85:10.3: [8086:208e] type 00 class 0x088000
[    1.282560] pci 0000:85:10.4: [8086:208e] type 00 class 0x088000
[    1.282650] pci 0000:85:10.5: [8086:208e] type 00 class 0x088000
[    1.282740] pci 0000:85:10.6: [8086:208e] type 00 class 0x088000
[    1.282831] pci 0000:85:10.7: [8086:208e] type 00 class 0x088000
[    1.282933] pci 0000:85:11.0: [8086:208e] type 00 class 0x088000
[    1.283041] pci 0000:85:11.1: [8086:208e] type 00 class 0x088000
[    1.283132] pci 0000:85:11.2: [8086:208e] type 00 class 0x088000
[    1.283224] pci 0000:85:11.3: [8086:208e] type 00 class 0x088000
[    1.283327] pci 0000:85:1d.0: [8086:2054] type 00 class 0x088000
[    1.283430] pci 0000:85:1d.1: [8086:2055] type 00 class 0x088000
[    1.283529] pci 0000:85:1d.2: [8086:2056] type 00 class 0x088000
[    1.283620] pci 0000:85:1d.3: [8086:2057] type 00 class 0x088000
[    1.283721] pci 0000:85:1e.0: [8086:2080] type 00 class 0x088000
[    1.283826] pci 0000:85:1e.1: [8086:2081] type 00 class 0x088000
[    1.283916] pci 0000:85:1e.2: [8086:2082] type 00 class 0x088000
[    1.284009] pci 0000:85:1e.3: [8086:2083] type 00 class 0x088000
[    1.284099] pci 0000:85:1e.4: [8086:2084] type 00 class 0x088000
[    1.284190] pci 0000:85:1e.5: [8086:2085] type 00 class 0x088000
[    1.284281] pci 0000:85:1e.6: [8086:2086] type 00 class 0x088000
[    1.284420] pci 0000:86:00.0: [144d:a80a] type 00 class 0x010802
[    1.284449] pci 0000:86:00.0: reg 0x10: [mem 0xd3800000-0xd3803fff 64bit]
[    1.284511] pci 0000:86:00.0: reg 0x30: [mem 0xffff0000-0xffffffff pref]
[    1.284897] pci 0000:86:00.0: 31.504 Gb/s available PCIe bandwidth, limited by 8.0 GT/s PCIe x4 link at 0000:85:00.0 (capable of 63.012 Gb/s with 16.0 GT/s PCIe x4 link)
[    1.284987] pci 0000:85:00.0: PCI bridge to [bus 86]
[    1.284991] pci 0000:85:00.0:   bridge window [mem 0xd3800000-0xd38fffff]
[    1.285008] pci_bus 0000:85: on NUMA node 1
[    1.285152] ACPI: PCI Root Bridge [PC08] (domain 0000 [bus ae-d6])
[    1.285156] acpi PNP0A08:08: _OSC: OS supports [ExtendedConfig ASPM ClockPM Segments MSI EDR HPX-Type3]
[    1.285310] acpi PNP0A08:08: _OSC: platform does not support [SHPCHotplug AER LTR DPC]
[    1.285466] acpi PNP0A08:08: _OSC: OS now controls [PCIeHotplug PME PCIeCapability]
[    1.285467] acpi PNP0A08:08: FADT indicates ASPM is unsupported, using BIOS configuration
[    1.285667] PCI host bridge to bus 0000:ae
[    1.285668] pci_bus 0000:ae: root bus resource [io  0xc000-0xdfff window]
[    1.285670] pci_bus 0000:ae: root bus resource [mem 0xe1000000-0xee7fffff window]
[    1.285672] pci_bus 0000:ae: root bus resource [mem 0x398000000000-0x39bfffffffff window]
[    1.285674] pci_bus 0000:ae: root bus resource [bus ae-d6]
[    1.285690] pci 0000:ae:00.0: [8086:2030] type 01 class 0x060400
[    1.285737] pci 0000:ae:00.0: enabling Extended Tags
[    1.285773] pci 0000:ae:00.0: PME# supported from D0 D3hot D3cold
[    1.286013] pci 0000:ae:05.0: [8086:2034] type 00 class 0x088000
[    1.286124] pci 0000:ae:05.2: [8086:2035] type 00 class 0x088000
[    1.286234] pci 0000:ae:05.4: [8086:2036] type 00 class 0x080020
[    1.286251] pci 0000:ae:05.4: reg 0x10: [mem 0xe1100000-0xe1100fff]
[    1.286377] pci 0000:ae:08.0: [8086:2066] type 00 class 0x088000
[    1.286500] pci 0000:ae:09.0: [8086:2066] type 00 class 0x088000
[    1.286620] pci 0000:ae:0a.0: [8086:2040] type 00 class 0x088000
[    1.286730] pci 0000:ae:0a.1: [8086:2041] type 00 class 0x088000
[    1.286839] pci 0000:ae:0a.2: [8086:2042] type 00 class 0x088000
[    1.286936] pci 0000:ae:0a.3: [8086:2043] type 00 class 0x088000
[    1.287035] pci 0000:ae:0a.4: [8086:2044] type 00 class 0x088000
[    1.287131] pci 0000:ae:0a.5: [8086:2045] type 00 class 0x088000
[    1.287228] pci 0000:ae:0a.6: [8086:2046] type 00 class 0x088000
[    1.287325] pci 0000:ae:0a.7: [8086:2047] type 00 class 0x088000
[    1.287424] pci 0000:ae:0b.0: [8086:2048] type 00 class 0x088000
[    1.287533] pci 0000:ae:0b.1: [8086:2049] type 00 class 0x088000
[    1.287642] pci 0000:ae:0b.2: [8086:204a] type 00 class 0x088000
[    1.287742] pci 0000:ae:0b.3: [8086:204b] type 00 class 0x088000
[    1.287844] pci 0000:ae:0c.0: [8086:2040] type 00 class 0x088000
[    1.287953] pci 0000:ae:0c.1: [8086:2041] type 00 class 0x088000
[    1.288054] pci 0000:ae:0c.2: [8086:2042] type 00 class 0x088000
[    1.288153] pci 0000:ae:0c.3: [8086:2043] type 00 class 0x088000
[    1.288254] pci 0000:ae:0c.4: [8086:2044] type 00 class 0x088000
[    1.288355] pci 0000:ae:0c.5: [8086:2045] type 00 class 0x088000
[    1.288466] pci 0000:ae:0c.6: [8086:2046] type 00 class 0x088000
[    1.288566] pci 0000:ae:0c.7: [8086:2047] type 00 class 0x088000
[    1.288667] pci 0000:ae:0d.0: [8086:2048] type 00 class 0x088000
[    1.288787] pci 0000:ae:0d.1: [8086:2049] type 00 class 0x088000
[    1.288886] pci 0000:ae:0d.2: [8086:204a] type 00 class 0x088000
[    1.288985] pci 0000:ae:0d.3: [8086:204b] type 00 class 0x088000
[    1.289141] pci 0000:af:00.0: [144d:a808] type 00 class 0x010802
[    1.289169] pci 0000:af:00.0: reg 0x10: [mem 0xe1000000-0xe1003fff 64bit]
[    1.289778] pci 0000:ae:00.0: PCI bridge to [bus af]
[    1.289782] pci 0000:ae:00.0:   bridge window [mem 0xe1000000-0xe10fffff]
[    1.289797] pci_bus 0000:ae: on NUMA node 1
[    1.289967] ACPI: PCI Root Bridge [PC09] (domain 0000 [bus d7-ff])
[    1.289971] acpi PNP0A08:09: _OSC: OS supports [ExtendedConfig ASPM ClockPM Segments MSI EDR HPX-Type3]
[    1.290125] acpi PNP0A08:09: _OSC: platform does not support [SHPCHotplug AER LTR DPC]
[    1.290281] acpi PNP0A08:09: _OSC: OS now controls [PCIeHotplug PME PCIeCapability]
[    1.290283] acpi PNP0A08:09: FADT indicates ASPM is unsupported, using BIOS configuration
[    1.290473] PCI host bridge to bus 0000:d7
[    1.290475] pci_bus 0000:d7: root bus resource [io  0xe000-0xffff window]
[    1.290476] pci_bus 0000:d7: root bus resource [mem 0xee800000-0xfbffffff window]
[    1.290478] pci_bus 0000:d7: root bus resource [mem 0x39c000000000-0x39ffffffffff window]
[    1.290480] pci_bus 0000:d7: root bus resource [bus d7-ff]
[    1.290492] pci 0000:d7:05.0: [8086:2034] type 00 class 0x088000
[    1.290619] pci 0000:d7:05.2: [8086:2035] type 00 class 0x088000
[    1.290731] pci 0000:d7:05.4: [8086:2036] type 00 class 0x080020
[    1.290748] pci 0000:d7:05.4: reg 0x10: [mem 0xee800000-0xee800fff]
[    1.290881] pci 0000:d7:0e.0: [8086:2058] type 00 class 0x110100
[    1.290990] pci 0000:d7:0e.1: [8086:2059] type 00 class 0x088000
[    1.291090] pci 0000:d7:0f.0: [8086:2058] type 00 class 0x110100
[    1.291199] pci 0000:d7:0f.1: [8086:2059] type 00 class 0x088000
[    1.291297] pci 0000:d7:10.0: [8086:2058] type 00 class 0x110100
[    1.291408] pci 0000:d7:10.1: [8086:2059] type 00 class 0x088000
[    1.291518] pci 0000:d7:12.0: [8086:204c] type 00 class 0x110100
[    1.291625] pci 0000:d7:12.1: [8086:204d] type 00 class 0x110100
[    1.291706] pci 0000:d7:12.2: [8086:204e] type 00 class 0x088000
[    1.291789] pci 0000:d7:12.4: [8086:204c] type 00 class 0x110100
[    1.291886] pci 0000:d7:12.5: [8086:204d] type 00 class 0x110100
[    1.291969] pci 0000:d7:15.0: [8086:2018] type 00 class 0x088000
[    1.292062] pci 0000:d7:15.1: [8086:2088] type 00 class 0x110100
[    1.292145] pci 0000:d7:16.0: [8086:2018] type 00 class 0x088000
[    1.292251] pci 0000:d7:16.1: [8086:2088] type 00 class 0x110100
[    1.292332] pci 0000:d7:16.4: [8086:2018] type 00 class 0x088000
[    1.292413] pci 0000:d7:16.5: [8086:2088] type 00 class 0x110100
[    1.292494] pci 0000:d7:17.0: [8086:2018] type 00 class 0x088000
[    1.292589] pci 0000:d7:17.1: [8086:2088] type 00 class 0x110100
[    1.292678] pci_bus 0000:d7: on NUMA node 1
[    1.293477] iommu: Default domain type: Translated 
[    1.293477] pci 0000:03:00.0: vgaarb: setting as boot VGA device
[    1.293477] pci 0000:03:00.0: vgaarb: VGA device added: decodes=io+mem,owns=io+mem,locks=none
[    1.293477] pci 0000:03:00.0: vgaarb: bridge control possible
[    1.293477] vgaarb: loaded
[    1.293477] SCSI subsystem initialized
[    1.293477] libata version 3.00 loaded.
[    1.293477] ACPI: bus type USB registered
[    1.293477] usbcore: registered new interface driver usbfs
[    1.293477] usbcore: registered new interface driver hub
[    1.293477] usbcore: registered new device driver usb
[    1.293477] pps_core: LinuxPPS API ver. 1 registered
[    1.293477] pps_core: Software ver. 5.3.6 - Copyright 2005-2007 Rodolfo Giometti <giometti@linux.it>
[    1.293477] PTP clock support registered
[    1.293477] EDAC MC: Ver: 3.0.0
[    1.293477] Registered efivars operations
[    1.293477] NetLabel: Initializing
[    1.293477] NetLabel:  domain hash size = 128
[    1.293477] NetLabel:  protocols = UNLABELED CIPSOv4 CALIPSO
[    1.293477] NetLabel:  unlabeled traffic allowed by default
[    1.293477] PCI: Using ACPI for IRQ routing
[    1.297914] PCI: pci_cache_line_size set to 64 bytes
[    1.298170] e820: reserve RAM buffer [mem 0x4bd62020-0x4bffffff]
[    1.298173] e820: reserve RAM buffer [mem 0x4bd69020-0x4bffffff]
[    1.298175] e820: reserve RAM buffer [mem 0x4bd74020-0x4bffffff]
[    1.298176] e820: reserve RAM buffer [mem 0x4bdd1020-0x4bffffff]
[    1.298177] e820: reserve RAM buffer [mem 0x4be2e020-0x4bffffff]
[    1.298179] e820: reserve RAM buffer [mem 0x4be8e020-0x4bffffff]
[    1.298180] e820: reserve RAM buffer [mem 0x4beee020-0x4bffffff]
[    1.298181] e820: reserve RAM buffer [mem 0x4bf07020-0x4bffffff]
[    1.298182] e820: reserve RAM buffer [mem 0x682ff000-0x6bffffff]
[    1.300705] hpet0: at MMIO 0xfed00000, IRQs 2, 8, 0, 0, 0, 0, 0, 0
[    1.300713] hpet0: 8 comparators, 64-bit 24.000000 MHz counter
[    1.302864] clocksource: Switched to clocksource tsc-early
[    1.312688] VFS: Disk quotas dquot_6.6.0
[    1.312718] VFS: Dquot-cache hash table entries: 512 (order 0, 4096 bytes)
[    1.312847] AppArmor: AppArmor Filesystem Enabled
[    1.312858] pnp: PnP ACPI init
[    1.319204] pnp 00:00: Plug and Play ACPI device, IDs PNP0b00 (active)
[    1.319395] system 00:01: [io  0x0500-0x05fe] has been reserved
[    1.319397] system 00:01: [io  0x0400-0x047f] has been reserved
[    1.319399] system 00:01: [io  0x0600-0x061f] has been reserved
[    1.319401] system 00:01: [io  0x0ca0-0x0ca5] has been reserved
[    1.319403] system 00:01: [io  0x0880-0x0883] has been reserved
[    1.319404] system 00:01: [io  0x0800-0x081f] has been reserved
[    1.319406] system 00:01: [mem 0xfed1c000-0xfed3ffff] has been reserved
[    1.319409] system 00:01: [mem 0xfed45000-0xfed8bfff] has been reserved
[    1.319410] system 00:01: [mem 0xff000000-0xffffffff] has been reserved
[    1.319412] system 00:01: [mem 0xfee00000-0xfeefffff] has been reserved
[    1.319413] system 00:01: [mem 0xfed12000-0xfed1200f] has been reserved
[    1.319415] system 00:01: [mem 0xfed12010-0xfed1201f] has been reserved
[    1.319416] system 00:01: [mem 0xfed1b000-0xfed1bfff] has been reserved
[    1.319421] system 00:01: Plug and Play ACPI device, IDs PNP0c02 (active)
[    1.319681] pnp 00:02: Plug and Play ACPI device, IDs PNP0501 (active)
[    1.319901] pnp 00:03: Plug and Play ACPI device, IDs PNP0501 (active)
[    1.320085] system 00:04: [mem 0xfd000000-0xfdabffff] has been reserved
[    1.320088] system 00:04: [mem 0xfdad0000-0xfdadffff] has been reserved
[    1.320091] system 00:04: [mem 0xfdb00000-0xfdffffff] has been reserved
[    1.320093] system 00:04: [mem 0xfe000000-0xfe00ffff] has been reserved
[    1.320094] system 00:04: [mem 0xfe011000-0xfe01ffff] has been reserved
[    1.320096] system 00:04: [mem 0xfe036000-0xfe03bfff] has been reserved
[    1.320098] system 00:04: [mem 0xfe03d000-0xfe3fffff] has been reserved
[    1.320099] system 00:04: [mem 0xfe410000-0xfe7fffff] has been reserved
[    1.320103] system 00:04: Plug and Play ACPI device, IDs PNP0c02 (active)
[    1.320457] system 00:05: [io  0x1000-0x10fe] has been reserved
[    1.320461] system 00:05: Plug and Play ACPI device, IDs PNP0c02 (active)
[    1.321423] pnp: PnP ACPI: found 6 devices
[    1.327042] clocksource: acpi_pm: mask: 0xffffff max_cycles: 0xffffff, max_idle_ns: 2085701024 ns
[    1.327127] NET: Registered protocol family 2
[    1.327732] tcp_listen_portaddr_hash hash table entries: 32768 (order: 7, 524288 bytes, vmalloc)
[    1.329156] TCP established hash table entries: 524288 (order: 10, 4194304 bytes, vmalloc)
[    1.329989] TCP bind hash table entries: 65536 (order: 8, 1048576 bytes, vmalloc)
[    1.330073] TCP: Hash tables configured (established 524288 bind 65536)
[    1.330685] MPTCP token hash table entries: 65536 (order: 8, 1572864 bytes, vmalloc)
[    1.331184] UDP hash table entries: 32768 (order: 8, 1048576 bytes, vmalloc)
[    1.331620] UDP-Lite hash table entries: 32768 (order: 8, 1048576 bytes, vmalloc)
[    1.331847] NET: Registered protocol family 1
[    1.331852] NET: Registered protocol family 44
[    1.331861] pci 0000:18:00.0: can't claim BAR 6 [mem 0xfff00000-0xffffffff pref]: no compatible bridge window
[    1.331864] pci 0000:19:00.0: can't claim BAR 6 [mem 0xfff80000-0xffffffff pref]: no compatible bridge window
[    1.331865] pci 0000:19:00.1: can't claim BAR 6 [mem 0xfff80000-0xffffffff pref]: no compatible bridge window
[    1.331867] pci 0000:1a:00.0: can't claim BAR 6 [mem 0xfff80000-0xffffffff pref]: no compatible bridge window
[    1.331869] pci 0000:1a:00.1: can't claim BAR 6 [mem 0xfff80000-0xffffffff pref]: no compatible bridge window
[    1.331872] pci 0000:3b:00.0: can't claim BAR 6 [mem 0xffff0000-0xffffffff pref]: no compatible bridge window
[    1.331876] pci 0000:86:00.0: can't claim BAR 6 [mem 0xffff0000-0xffffffff pref]: no compatible bridge window
[    1.331882] pci 0000:00:1c.0: bridge window [io  0x1000-0x0fff] to [bus 01] add_size 1000
[    1.331885] pci 0000:00:1c.0: bridge window [mem 0x00100000-0x000fffff 64bit pref] to [bus 01] add_size 200000 add_align 100000
[    1.331896] pci 0000:00:1c.0: BAR 15: assigned [mem 0x380000000000-0x3800001fffff 64bit pref]
[    1.331900] pci 0000:00:1c.0: BAR 13: assigned [io  0x3000-0x3fff]
[    1.331902] pci 0000:00:1c.0: PCI bridge to [bus 01]
[    1.331904] pci 0000:00:1c.0:   bridge window [io  0x3000-0x3fff]
[    1.331913] pci 0000:00:1c.0:   bridge window [mem 0x92a00000-0x92dfffff]
[    1.331919] pci 0000:00:1c.0:   bridge window [mem 0x380000000000-0x3800001fffff 64bit pref]
[    1.331931] pci 0000:02:00.0: PCI bridge to [bus 03]
[    1.331940] pci 0000:02:00.0:   bridge window [mem 0x92000000-0x928fffff]
[    1.331947] pci 0000:02:00.0:   bridge window [mem 0x91000000-0x91ffffff 64bit pref]
[    1.331960] pci 0000:00:1c.4: PCI bridge to [bus 02-03]
[    1.331968] pci 0000:00:1c.4:   bridge window [mem 0x92000000-0x928fffff]
[    1.331974] pci 0000:00:1c.4:   bridge window [mem 0x91000000-0x91ffffff 64bit pref]
[    1.331984] pci_bus 0000:00: resource 4 [io  0x0000-0x0cf7 window]
[    1.331986] pci_bus 0000:00: resource 5 [io  0x1000-0x3fff window]
[    1.331988] pci_bus 0000:00: resource 6 [mem 0x000a0000-0x000bffff window]
[    1.331989] pci_bus 0000:00: resource 7 [mem 0x000c4000-0x000c7fff window]
[    1.331991] pci_bus 0000:00: resource 8 [mem 0xfe010000-0xfe010fff window]
[    1.331992] pci_bus 0000:00: resource 9 [mem 0x90000000-0x9d7fffff window]
[    1.331993] pci_bus 0000:00: resource 10 [mem 0x380000000000-0x383fffffffff window]
[    1.331995] pci_bus 0000:01: resource 0 [io  0x3000-0x3fff]
[    1.331997] pci_bus 0000:01: resource 1 [mem 0x92a00000-0x92dfffff]
[    1.331998] pci_bus 0000:01: resource 2 [mem 0x380000000000-0x3800001fffff 64bit pref]
[    1.332000] pci_bus 0000:02: resource 1 [mem 0x92000000-0x928fffff]
[    1.332001] pci_bus 0000:02: resource 2 [mem 0x91000000-0x91ffffff 64bit pref]
[    1.332003] pci_bus 0000:03: resource 1 [mem 0x92000000-0x928fffff]
[    1.332004] pci_bus 0000:03: resource 2 [mem 0x91000000-0x91ffffff 64bit pref]
[    1.332141] pci 0000:17:02.0: BAR 14: assigned [mem 0x9e600000-0x9e6fffff]
[    1.332143] pci 0000:18:00.0: BAR 6: no space for [mem size 0x00100000 pref]
[    1.332145] pci 0000:18:00.0: BAR 6: failed to assign [mem size 0x00100000 pref]
[    1.332147] pci 0000:17:00.0: PCI bridge to [bus 18]
[    1.332148] pci 0000:17:00.0:   bridge window [io  0x4000-0x4fff]
[    1.332156] pci 0000:17:00.0:   bridge window [mem 0x9e300000-0x9e4fffff]
[    1.332170] pci 0000:19:00.0: BAR 6: assigned [mem 0x9e600000-0x9e67ffff pref]
[    1.332172] pci 0000:19:00.1: BAR 6: assigned [mem 0x9e680000-0x9e6fffff pref]
[    1.332174] pci 0000:17:02.0: PCI bridge to [bus 19]
[    1.332181] pci 0000:17:02.0:   bridge window [mem 0x9e600000-0x9e6fffff]
[    1.332186] pci 0000:17:02.0:   bridge window [mem 0x9d800000-0x9e0fffff 64bit pref]
[    1.332197] pci 0000:1a:00.0: BAR 6: assigned [mem 0x9e280000-0x9e2fffff pref]
[    1.332198] pci 0000:1a:00.1: BAR 6: no space for [mem size 0x00080000 pref]
[    1.332200] pci 0000:1a:00.1: BAR 6: failed to assign [mem size 0x00080000 pref]
[    1.332201] pci 0000:17:03.0: PCI bridge to [bus 1a]
[    1.332209] pci 0000:17:03.0:   bridge window [mem 0x9e100000-0x9e2fffff]
[    1.332224] pci_bus 0000:17: resource 4 [io  0x4000-0x5fff window]
[    1.332226] pci_bus 0000:17: resource 5 [mem 0x9d800000-0xaaffffff window]
[    1.332227] pci_bus 0000:17: resource 6 [mem 0x384000000000-0x387fffffffff window]
[    1.332229] pci_bus 0000:18: resource 0 [io  0x4000-0x4fff]
[    1.332230] pci_bus 0000:18: resource 1 [mem 0x9e300000-0x9e4fffff]
[    1.332231] pci_bus 0000:19: resource 1 [mem 0x9e600000-0x9e6fffff]
[    1.332233] pci_bus 0000:19: resource 2 [mem 0x9d800000-0x9e0fffff 64bit pref]
[    1.332234] pci_bus 0000:1a: resource 1 [mem 0x9e100000-0x9e2fffff]
[    1.332262] pci 0000:3b:00.0: BAR 6: assigned [mem 0xab010000-0xab01ffff pref]
[    1.332263] pci 0000:3a:00.0: PCI bridge to [bus 3b]
[    1.332271] pci 0000:3a:00.0:   bridge window [mem 0xab000000-0xab0fffff]
[    1.332285] pci_bus 0000:3a: resource 4 [io  0x6000-0x7fff window]
[    1.332287] pci_bus 0000:3a: resource 5 [mem 0xab000000-0xb87fffff window]
[    1.332288] pci_bus 0000:3a: resource 6 [mem 0x388000000000-0x38bfffffffff window]
[    1.332290] pci_bus 0000:3b: resource 1 [mem 0xab000000-0xab0fffff]
[    1.332308] pci_bus 0000:5d: resource 4 [io  0x8000-0x9fff window]
[    1.332309] pci_bus 0000:5d: resource 5 [mem 0xb8800000-0xc5ffffff window]
[    1.332311] pci_bus 0000:5d: resource 6 [mem 0x38c000000000-0x38ffffffffff window]
[    1.332336] pci_bus 0000:80: resource 4 [mem 0xc6000000-0xd37fffff window]
[    1.332338] pci_bus 0000:80: resource 5 [mem 0x390000000000-0x393fffffffff window]
[    1.332355] pci 0000:86:00.0: BAR 6: assigned [mem 0xd3810000-0xd381ffff pref]
[    1.332357] pci 0000:85:00.0: PCI bridge to [bus 86]
[    1.332364] pci 0000:85:00.0:   bridge window [mem 0xd3800000-0xd38fffff]
[    1.332380] pci_bus 0000:85: resource 4 [io  0xa000-0xbfff window]
[    1.332381] pci_bus 0000:85: resource 5 [mem 0xd3800000-0xe0ffffff window]
[    1.332383] pci_bus 0000:85: resource 6 [mem 0x394000000000-0x397fffffffff window]
[    1.332384] pci_bus 0000:86: resource 1 [mem 0xd3800000-0xd38fffff]
[    1.332404] pci 0000:ae:00.0: PCI bridge to [bus af]
[    1.332412] pci 0000:ae:00.0:   bridge window [mem 0xe1000000-0xe10fffff]
[    1.332426] pci_bus 0000:ae: resource 4 [io  0xc000-0xdfff window]
[    1.332428] pci_bus 0000:ae: resource 5 [mem 0xe1000000-0xee7fffff window]
[    1.332429] pci_bus 0000:ae: resource 6 [mem 0x398000000000-0x39bfffffffff window]
[    1.332431] pci_bus 0000:af: resource 1 [mem 0xe1000000-0xe10fffff]
[    1.332466] pci_bus 0000:d7: resource 4 [io  0xe000-0xffff window]
[    1.332467] pci_bus 0000:d7: resource 5 [mem 0xee800000-0xfbffffff window]
[    1.332469] pci_bus 0000:d7: resource 6 [mem 0x39c000000000-0x39ffffffffff window]
[    1.332871] pci 0000:03:00.0: Video device with shadowed ROM at [mem 0x000c0000-0x000dffff]
[    1.332881] pci 0000:17:05.0: disabled boot interrupts on device [8086:2034]
[    1.332993] pci 0000:3a:05.0: disabled boot interrupts on device [8086:2034]
[    1.333037] pci 0000:5d:05.0: disabled boot interrupts on device [8086:2034]
[    1.333080] pci 0000:85:05.0: disabled boot interrupts on device [8086:2034]
[    1.333186] pci 0000:ae:05.0: disabled boot interrupts on device [8086:2034]
[    1.333232] pci 0000:d7:05.0: disabled boot interrupts on device [8086:2034]
[    1.333265] PCI: CLS 128 bytes, default 64
[    1.333306] Trying to unpack rootfs image as initramfs...
[    1.501728] Freeing initrd memory: 59196K
[    1.501812] DMAR: Host address width 46
[    1.501814] DMAR: DRHD base: 0x000000d37fc000 flags: 0x0
[    1.501838] DMAR: dmar0: reg_base_addr d37fc000 ver 1:0 cap 8d2078c106f0466 ecap f020df
[    1.501841] DMAR: DRHD base: 0x000000e0ffc000 flags: 0x0
[    1.501846] DMAR: dmar1: reg_base_addr e0ffc000 ver 1:0 cap 8d2078c106f0466 ecap f020df
[    1.501848] DMAR: DRHD base: 0x000000ee7fc000 flags: 0x0
[    1.501853] DMAR: dmar2: reg_base_addr ee7fc000 ver 1:0 cap 8d2078c106f0466 ecap f020df
[    1.501855] DMAR: DRHD base: 0x000000fbffc000 flags: 0x0
[    1.501860] DMAR: dmar3: reg_base_addr fbffc000 ver 1:0 cap 8d2078c106f0466 ecap f020df
[    1.501862] DMAR: DRHD base: 0x000000aaffc000 flags: 0x0
[    1.501867] DMAR: dmar4: reg_base_addr aaffc000 ver 1:0 cap 8d2078c106f0466 ecap f020df
[    1.501869] DMAR: DRHD base: 0x000000b87fc000 flags: 0x0
[    1.501874] DMAR: dmar5: reg_base_addr b87fc000 ver 1:0 cap 8d2078c106f0466 ecap f020df
[    1.501875] DMAR: DRHD base: 0x000000c5ffc000 flags: 0x0
[    1.501880] DMAR: dmar6: reg_base_addr c5ffc000 ver 1:0 cap 8d2078c106f0466 ecap f020df
[    1.501882] DMAR: DRHD base: 0x0000009d7fc000 flags: 0x1
[    1.501886] DMAR: dmar7: reg_base_addr 9d7fc000 ver 1:0 cap 8d2078c106f0466 ecap f020df
[    1.501888] DMAR: RMRR base: 0x0000006f6e0000 end: 0x0000006f6e2fff
[    1.501890] DMAR: [Firmware Bug]: No firmware reserved region can cover this RMRR [0x000000006f6e0000-0x000000006f6e2fff], contact BIOS vendor for fixes
[    1.501896] DMAR: [Firmware Bug]: Your BIOS is broken; bad RMRR [0x000000006f6e0000-0x000000006f6e2fff]
               BIOS vendor: Dell Inc.; Ver: 2.14.2; Product Version: 
[    1.501898] DMAR: ATSR flags: 0x0
[    1.501899] DMAR: ATSR flags: 0x0
[    1.502070] PCI-DMA: Using software bounce buffering for IO (SWIOTLB)
[    1.502071] software IO TLB: mapped [mem 0x0000000061053000-0x0000000065053000] (64MB)
[    1.504567] check: Scanning for low memory corruption every 60 seconds
[    1.506121] Initialise system trusted keyrings
[    1.506129] Key type blacklist registered
[    1.506178] workingset: timestamp_bits=36 max_order=24 bucket_order=0
[    1.507231] zbud: loaded
[    1.507574] squashfs: version 4.0 (2009/01/31) Phillip Lougher
[    1.507706] fuse: init (API version 7.33)
[    1.507888] integrity: Platform Keyring initialized
[    1.515827] Key type asymmetric registered
[    1.515828] Asymmetric key parser 'x509' registered
[    1.515834] Block layer SCSI generic (bsg) driver version 0.4 loaded (major 243)
[    1.515874] io scheduler mq-deadline registered
[    1.516620] pcieport 0000:00:1c.0: PME: Signaling with IRQ 24
[    1.516645] pcieport 0000:00:1c.0: pciehp: Slot #0 AttnBtn- PwrCtrl- MRL- AttnInd- PwrInd- HotPlug+ Surprise+ Interlock- NoCompl+ IbPresDis- LLActRep+
[    1.516898] pcieport 0000:00:1c.4: PME: Signaling with IRQ 25
[    1.517179] pcieport 0000:17:00.0: PME: Signaling with IRQ 27
[    1.517412] pcieport 0000:17:02.0: PME: Signaling with IRQ 28
[    1.517635] pcieport 0000:17:03.0: PME: Signaling with IRQ 29
[    1.517857] pcieport 0000:3a:00.0: PME: Signaling with IRQ 31
[    1.518274] pcieport 0000:85:00.0: PME: Signaling with IRQ 33
[    1.518546] pcieport 0000:ae:00.0: PME: Signaling with IRQ 35
[    1.518884] shpchp: Standard Hot Plug PCI Controller Driver version: 0.4
[    1.518989] efifb: probing for efifb
[    1.519016] efifb: No BGRT, not showing boot graphics
[    1.519017] efifb: framebuffer at 0x91000000, using 3072k, total 3072k
[    1.519018] efifb: mode is 1024x768x32, linelength=4096, pages=1
[    1.519020] efifb: scrolling: redraw
[    1.519021] efifb: Truecolor: size=8:8:8:8, shift=24:16:8:0
[    1.519102] Console: switching to colour frame buffer device 128x48
[    1.537712] fb0: EFI VGA frame buffer device
[    1.537720] intel_idle: MWAIT substates: 0x2020
[    1.537874] Monitor-Mwait will be used to enter C-1 state
[    1.537877] ACPI: \_SB_.SCK0.CP00: Found 1 idle states
[    1.537879] intel_idle: v0.5.1 model 0x55
[    1.539383] intel_idle: Local APIC timer is reliable in all C-states
[    1.539829] input: Power Button as /devices/LNXSYSTM:00/LNXPWRBN:00/input/input0
[    1.539883] ACPI: Power Button [PWRF]
[    1.541696] ERST: Error Record Serialization Table (ERST) support is initialized.
[    1.541709] pstore: Registered erst as persistent store backend
[    1.542269] GHES: APEI firmware first mode is enabled by APEI bit and WHEA _OSC.
[    1.542423] Serial: 8250/16550 driver, 32 ports, IRQ sharing enabled
[    1.563138] 00:02: ttyS1 at I/O 0x2f8 (irq = 3, base_baud = 115200) is a 16550A
[    1.596162] 00:03: ttyS0 at I/O 0x3f8 (irq = 4, base_baud = 115200) is a 16550A
[    1.609741] Linux agpgart interface v0.103
[    1.616615] loop: module loaded
[    1.617005] libphy: Fixed MDIO Bus: probed
[    1.617006] tun: Universal TUN/TAP device driver, 1.6
[    1.617036] PPP generic driver version 2.4.2
[    1.617072] VFIO - User Level meta-driver version: 0.3
[    1.617137] ehci_hcd: USB 2.0 'Enhanced' Host Controller (EHCI) Driver
[    1.617141] ehci-pci: EHCI PCI platform driver
[    1.617173] ehci-platform: EHCI generic platform driver
[    1.617179] ohci_hcd: USB 1.1 'Open' Host Controller (OHCI) Driver
[    1.617184] ohci-pci: OHCI PCI platform driver
[    1.617217] ohci-platform: OHCI generic platform driver
[    1.617223] uhci_hcd: USB Universal Host Controller Interface driver
[    1.617275] i8042: PNP: No PS/2 controller found.
[    1.617308] mousedev: PS/2 mouse device common for all mice
[    1.617371] rtc_cmos 00:00: RTC can wake from S4
[    1.617739] rtc_cmos 00:00: registered as rtc0
[    1.617825] rtc_cmos 00:00: setting system clock to 2024-12-20T09:14:54 UTC (1734686094)
[    1.617841] rtc_cmos 00:00: alarms up to one month, y3k, 114 bytes nvram, hpet irqs
[    1.617846] i2c /dev entries driver
[    1.617881] device-mapper: uevent: version 1.0.3
[    1.617921] device-mapper: ioctl: 4.43.0-ioctl (2020-10-01) initialised: dm-devel@redhat.com
[    1.617934] platform eisa.0: Probing EISA bus 0
[    1.617937] platform eisa.0: EISA: Cannot allocate resource for mainboard
[    1.617938] platform eisa.0: Cannot allocate resource for EISA slot 1
[    1.617940] platform eisa.0: Cannot allocate resource for EISA slot 2
[    1.617941] platform eisa.0: Cannot allocate resource for EISA slot 3
[    1.617942] platform eisa.0: Cannot allocate resource for EISA slot 4
[    1.617943] platform eisa.0: Cannot allocate resource for EISA slot 5
[    1.617945] platform eisa.0: Cannot allocate resource for EISA slot 6
[    1.617946] platform eisa.0: Cannot allocate resource for EISA slot 7
[    1.617947] platform eisa.0: Cannot allocate resource for EISA slot 8
[    1.617948] platform eisa.0: EISA: Detected 0 cards
[    1.617954] intel_pstate: Intel P-state driver initializing
[    1.619931] ledtrig-cpu: registered to indicate activity on CPUs
[    1.619936] EFI Variables Facility v0.08 2004-May-17
[    1.682177] drop_monitor: Initializing network drop monitor service
[    1.682477] NET: Registered protocol family 10
[    1.689622] Segment Routing with IPv6
[    1.689637] NET: Registered protocol family 17
[    1.689701] Key type dns_resolver registered
[    1.694377] microcode: sig=0x50657, pf=0x80, revision=0x5003707
[    1.694628] microcode: Microcode Update Driver: v2.2.
[    1.695455] resctrl: MB allocation detected
[    1.695456] resctrl: L3 monitoring detected
[    1.695460] IPI shorthand broadcast: enabled
[    1.695468] sched_clock: Marking stable (1696103096, -656192)->(1748613874, -53166970)
[    1.695798] registered taskstats version 1
[    1.695808] Loading compiled-in X.509 certificates
[    1.696475] Loaded X.509 cert 'Build time autogenerated kernel key: 0d8e103743cf2d74dd103586183fa3490f9c75ad'
[    1.700061] zswap: loaded using pool lzo/zbud
[    1.700371] Key type ._fscrypt registered
[    1.700372] Key type .fscrypt registered
[    1.700373] Key type fscrypt-provisioning registered
[    1.700519] pstore: Using crash dump compression: deflate
[    1.705996] Key type encrypted registered
[    1.705998] AppArmor: AppArmor sha1 policy hashing enabled
[    1.707675] integrity: Loading X.509 certificate: UEFI:db
[    1.707699] integrity: Loaded X.509 cert 'Microsoft Corporation UEFI CA 2011: 13adbf4309bd82709c8cd54f316ed522988a1bd4'
[    1.707701] integrity: Loading X.509 certificate: UEFI:db
[    1.707717] integrity: Loaded X.509 cert 'Microsoft Windows Production PCA 2011: a92902398e16c49778cd90f99e4f9ae17c55af53'
[    1.707718] integrity: Loading X.509 certificate: UEFI:db
[    1.707909] integrity: Loaded X.509 cert 'VMware, Inc.: 4ad8ba0472073d28127706ddc6ccb9050441bbc7'
[    1.707910] integrity: Loading X.509 certificate: UEFI:db
[    1.708079] integrity: Loaded X.509 cert 'VMware, Inc.: VMware Secure Boot Signing: 04597f3e1ffb240bba0ff0f05d5eb05f3e15f6d7'
[    1.709354] integrity: Loading X.509 certificate: UEFI:MokListRT (MOKvar table)
[    1.709527] integrity: Loaded X.509 cert 'Canonical Ltd. Master Certificate Authority: ad91990bc22ab1f517048c23b6655a268e345a63'
[    1.709529] ima: No TPM chip found, activating TPM-bypass!
[    1.709534] ima: Allocated hash algorithm: sha1
[    1.709540] ima: No architecture policies found
[    1.709549] evm: Initialising EVM extended attributes:
[    1.709549] evm: security.selinux
[    1.709550] evm: security.SMACK64
[    1.709551] evm: security.SMACK64EXEC
[    1.709552] evm: security.SMACK64TRANSMUTE
[    1.709552] evm: security.SMACK64MMAP
[    1.709553] evm: security.apparmor
[    1.709554] evm: security.ima
[    1.709554] evm: security.capability
[    1.709555] evm: HMAC attrs: 0x1
[    1.712249] PM:   Magic number: 4:661:222
[    1.712358] acpi device:1d1: hash matches
