[    0.000000] microcode: microcode updated early to revision 0x5003707, date = 2024-03-01
[    0.000000] Linux version 5.11.0.d2fs (root@oslab-PowerEdge-R740xd) (gcc (Ubuntu 9.4.0-1ubuntu1~20.04.2) 9.4.0, GNU ld (GNU Binutils for Ubuntu) 2.34) #81 SMP Fri Nov 22 12:29:17 KST 2024
[    0.000000] Command line: BOOT_IMAGE=/boot/vmlinuz-5.11.0.d2fs root=UUID=0fe244cb-556c-49fd-bc46-148ab2afc428 ro memmap=448G$64G intremap=off isolcpus=37,39 quiet splash vt.handoff=7
[    0.000000] KERNEL supported cpus:
[    0.000000]   Intel GenuineIntel
[    0.000000]   AMD AuthenticAMD
[    0.000000]   Hygon HygonGenuine
[    0.000000]   Centaur CentaurHauls
[    0.000000]   zhaoxin   Shanghai  
[    0.000000] x86/fpu: Supporting XSAVE feature 0x001: 'x87 floating point registers'
[    0.000000] x86/fpu: Supporting XSAVE feature 0x002: 'SSE registers'
[    0.000000] x86/fpu: Supporting XSAVE feature 0x004: 'AVX registers'
[    0.000000] x86/fpu: Supporting XSAVE feature 0x008: 'MPX bounds registers'
[    0.000000] x86/fpu: Supporting XSAVE feature 0x010: 'MPX CSR'
[    0.000000] x86/fpu: Supporting XSAVE feature 0x020: 'AVX-512 opmask'
[    0.000000] x86/fpu: Supporting XSAVE feature 0x040: 'AVX-512 Hi256'
[    0.000000] x86/fpu: Supporting XSAVE feature 0x080: 'AVX-512 ZMM_Hi256'
[    0.000000] x86/fpu: Supporting XSAVE feature 0x200: 'Protection Keys User registers'
[    0.000000] x86/fpu: xstate_offset[2]:  576, xstate_sizes[2]:  256
[    0.000000] x86/fpu: xstate_offset[3]:  832, xstate_sizes[3]:   64
[    0.000000] x86/fpu: xstate_offset[4]:  896, xstate_sizes[4]:   64
[    0.000000] x86/fpu: xstate_offset[5]:  960, xstate_sizes[5]:   64
[    0.000000] x86/fpu: xstate_offset[6]: 1024, xstate_sizes[6]:  512
[    0.000000] x86/fpu: xstate_offset[7]: 1536, xstate_sizes[7]: 1024
[    0.000000] x86/fpu: xstate_offset[9]: 2560, xstate_sizes[9]:    8
[    0.000000] x86/fpu: Enabled xstate features 0x2ff, context size is 2568 bytes, using 'compacted' format.
[    0.000000] BIOS-provided physical RAM map:
[    0.000000] BIOS-e820: [mem 0x0000000000000000-0x000000000009ffff] usable
[    0.000000] BIOS-e820: [mem 0x00000000000a0000-0x00000000000fffff] reserved
[    0.000000] BIOS-e820: [mem 0x0000000000100000-0x00000000682fefff] usable
[    0.000000] BIOS-e820: [mem 0x00000000682ff000-0x000000006ebfefff] reserved
[    0.000000] BIOS-e820: [mem 0x000000006ebff000-0x000000006f9fefff] ACPI NVS
[    0.000000] BIOS-e820: [mem 0x000000006f9ff000-0x000000006fffefff] ACPI data
[    0.000000] BIOS-e820: [mem 0x000000006ffff000-0x000000006fffffff] usable
[    0.000000] BIOS-e820: [mem 0x0000000070000000-0x000000008fffffff] reserved
[    0.000000] BIOS-e820: [mem 0x00000000fe000000-0x00000000fe010fff] reserved
[    0.000000] BIOS-e820: [mem 0x0000000100000000-0x000000807fffffff] usable
[    0.000000] NX (Execute Disable) protection: active
[    0.000000] e820: update [mem 0x4bf07020-0x4bf0f05f] usable ==> usable
[    0.000000] e820: update [mem 0x4bf07020-0x4bf0f05f] usable ==> usable
[    0.000000] e820: update [mem 0x4beee020-0x4bf0665f] usable ==> usable
[    0.000000] e820: update [mem 0x4beee020-0x4bf0665f] usable ==> usable
[    0.000000] e820: update [mem 0x4be8e020-0x4beeda5f] usable ==> usable
[    0.000000] e820: update [mem 0x4be8e020-0x4beeda5f] usable ==> usable
[    0.000000] e820: update [mem 0x4be2e020-0x4be8da5f] usable ==> usable
[    0.000000] e820: update [mem 0x4be2e020-0x4be8da5f] usable ==> usable
[    0.000000] e820: update [mem 0x4bdd1020-0x4be2dc5f] usable ==> usable
[    0.000000] e820: update [mem 0x4bdd1020-0x4be2dc5f] usable ==> usable
[    0.000000] e820: update [mem 0x4bd74020-0x4bdd0c5f] usable ==> usable
[    0.000000] e820: update [mem 0x4bd74020-0x4bdd0c5f] usable ==> usable
[    0.000000] e820: update [mem 0x4bd69020-0x4bd73a5f] usable ==> usable
[    0.000000] e820: update [mem 0x4bd69020-0x4bd73a5f] usable ==> usable
[    0.000000] e820: update [mem 0x4bd62020-0x4bd6845f] usable ==> usable
[    0.000000] e820: update [mem 0x4bd62020-0x4bd6845f] usable ==> usable
[    0.000000] extended physical RAM map:
[    0.000000] reserve setup_data: [mem 0x0000000000000000-0x000000000009ffff] usable
[    0.000000] reserve setup_data: [mem 0x00000000000a0000-0x00000000000fffff] reserved
[    0.000000] reserve setup_data: [mem 0x0000000000100000-0x000000004bd6201f] usable
[    0.000000] reserve setup_data: [mem 0x000000004bd62020-0x000000004bd6845f] usable
[    0.000000] reserve setup_data: [mem 0x000000004bd68460-0x000000004bd6901f] usable
[    0.000000] reserve setup_data: [mem 0x000000004bd69020-0x000000004bd73a5f] usable
[    0.000000] reserve setup_data: [mem 0x000000004bd73a60-0x000000004bd7401f] usable
[    0.000000] reserve setup_data: [mem 0x000000004bd74020-0x000000004bdd0c5f] usable
[    0.000000] reserve setup_data: [mem 0x000000004bdd0c60-0x000000004bdd101f] usable
[    0.000000] reserve setup_data: [mem 0x000000004bdd1020-0x000000004be2dc5f] usable
[    0.000000] reserve setup_data: [mem 0x000000004be2dc60-0x000000004be2e01f] usable
[    0.000000] reserve setup_data: [mem 0x000000004be2e020-0x000000004be8da5f] usable
[    0.000000] reserve setup_data: [mem 0x000000004be8da60-0x000000004be8e01f] usable
[    0.000000] reserve setup_data: [mem 0x000000004be8e020-0x000000004beeda5f] usable
[    0.000000] reserve setup_data: [mem 0x000000004beeda60-0x000000004beee01f] usable
[    0.000000] reserve setup_data: [mem 0x000000004beee020-0x000000004bf0665f] usable
[    0.000000] reserve setup_data: [mem 0x000000004bf06660-0x000000004bf0701f] usable
[    0.000000] reserve setup_data: [mem 0x000000004bf07020-0x000000004bf0f05f] usable
[    0.000000] reserve setup_data: [mem 0x000000004bf0f060-0x00000000682fefff] usable
[    0.000000] reserve setup_data: [mem 0x00000000682ff000-0x000000006ebfefff] reserved
[    0.000000] reserve setup_data: [mem 0x000000006ebff000-0x000000006f9fefff] ACPI NVS
[    0.000000] reserve setup_data: [mem 0x000000006f9ff000-0x000000006fffefff] ACPI data
[    0.000000] reserve setup_data: [mem 0x000000006ffff000-0x000000006fffffff] usable
[    0.000000] reserve setup_data: [mem 0x0000000070000000-0x000000008fffffff] reserved
[    0.000000] reserve setup_data: [mem 0x00000000fe000000-0x00000000fe010fff] reserved
[    0.000000] reserve setup_data: [mem 0x0000000100000000-0x0000000fffffffff] usable
[    0.000000] reserve setup_data: [mem 0x0000001000000000-0x0000007fffffffff] reserved
[    0.000000] reserve setup_data: [mem 0x0000008000000000-0x000000807fffffff] usable
[    0.000000] user-defined physical RAM map:
[    0.000000] user: [mem 0x0000000000000000-0x000000000009ffff] usable
[    0.000000] user: [mem 0x00000000000a0000-0x00000000000fffff] reserved
[    0.000000] user: [mem 0x0000000000100000-0x000000004bd6201f] usable
[    0.000000] user: [mem 0x000000004bd62020-0x000000004bd6845f] usable
[    0.000000] user: [mem 0x000000004bd68460-0x000000004bd6901f] usable
[    0.000000] user: [mem 0x000000004bd69020-0x000000004bd73a5f] usable
[    0.000000] user: [mem 0x000000004bd73a60-0x000000004bd7401f] usable
[    0.000000] user: [mem 0x000000004bd74020-0x000000004bdd0c5f] usable
[    0.000000] user: [mem 0x000000004bdd0c60-0x000000004bdd101f] usable
[    0.000000] user: [mem 0x000000004bdd1020-0x000000004be2dc5f] usable
[    0.000000] user: [mem 0x000000004be2dc60-0x000000004be2e01f] usable
[    0.000000] user: [mem 0x000000004be2e020-0x000000004be8da5f] usable
[    0.000000] user: [mem 0x000000004be8da60-0x000000004be8e01f] usable
[    0.000000] user: [mem 0x000000004be8e020-0x000000004beeda5f] usable
[    0.000000] user: [mem 0x000000004beeda60-0x000000004beee01f] usable
[    0.000000] user: [mem 0x000000004beee020-0x000000004bf0665f] usable
[    0.000000] user: [mem 0x000000004bf06660-0x000000004bf0701f] usable
[    0.000000] user: [mem 0x000000004bf07020-0x000000004bf0f05f] usable
[    0.000000] user: [mem 0x000000004bf0f060-0x00000000682fefff] usable
[    0.000000] user: [mem 0x00000000682ff000-0x000000006ebfefff] reserved
[    0.000000] user: [mem 0x000000006ebff000-0x000000006f9fefff] ACPI NVS
[    0.000000] user: [mem 0x000000006f9ff000-0x000000006fffefff] ACPI data
[    0.000000] user: [mem 0x000000006ffff000-0x000000006fffffff] usable
[    0.000000] user: [mem 0x0000000070000000-0x000000008fffffff] reserved
[    0.000000] user: [mem 0x00000000fe000000-0x00000000fe010fff] reserved
[    0.000000] user: [mem 0x0000000100000000-0x0000000fffffffff] usable
[    0.000000] user: [mem 0x0000001000000000-0x0000007fffffffff] reserved
[    0.000000] user: [mem 0x0000008000000000-0x000000807fffffff] usable
[    0.000000] efi: EFI v2.70 by Dell Inc.
[    0.000000] efi: ACPI=0x6fffe000 ACPI 2.0=0x6fffe014 SMBIOS=0x68d36000 SMBIOS 3.0=0x68d34000 MEMATTR=0x65053020 MOKvar=0x683aa000 RNG=0x683d5720 
[    0.000000] efi: seeding entropy pool
[    0.000000] random: fast init done
[    0.000000] SMBIOS 3.2.0 present.
[    0.000000] DMI: Dell Inc. PowerEdge R740xd/06WXJT, BIOS 2.14.2 03/21/2022
[    0.000000] tsc: Detected 2100.000 MHz processor
[    0.000009] e820: update [mem 0x00000000-0x00000fff] usable ==> reserved
[    0.000012] e820: remove [mem 0x000a0000-0x000fffff] usable
[    0.000021] last_pfn = 0x8080000 max_arch_pfn = 0x400000000
[    0.000025] MTRR default type: uncachable
[    0.000026] MTRR fixed ranges enabled:
[    0.000028]   00000-9FFFF write-back
[    0.000029]   A0000-BFFFF uncachable
[    0.000031]   C0000-FFFFF write-protect
[    0.000032] MTRR variable ranges enabled:
[    0.000033]   0 base 000000000000 mask 3F8000000000 write-back
[    0.000036]   1 base 008000000000 mask 3FFF80000000 write-back
[    0.000038]   2 base 000080000000 mask 3FFF80000000 uncachable
[    0.000040]   3 base 000070000000 mask 3FFFFC000000 uncachable
[    0.000041]   4 disabled
[    0.000042]   5 disabled
[    0.000043]   6 disabled
[    0.000044]   7 disabled
[    0.000045]   8 disabled
[    0.000045]   9 disabled
[    0.000200] x86/PAT: Configuration [0-7]: WB  WC  UC- UC  WB  WP  UC- WT  
[    0.001074] total RAM covered: 524224M
[    0.001313]  gran_size: 64K 	chunk_size: 64K 	num_reg: 10  	lose cover RAM: 386G
[    0.001316]  gran_size: 64K 	chunk_size: 128K 	num_reg: 10  	lose cover RAM: 386G
[    0.001318]  gran_size: 64K 	chunk_size: 256K 	num_reg: 10  	lose cover RAM: 386G
[    0.001320]  gran_size: 64K 	chunk_size: 512K 	num_reg: 10  	lose cover RAM: 386G
[    0.001322]  gran_size: 64K 	chunk_size: 1M 	num_reg: 10  	lose cover RAM: 386G
[    0.001324]  gran_size: 64K 	chunk_size: 2M 	num_reg: 10  	lose cover RAM: 386G
[    0.001326]  gran_size: 64K 	chunk_size: 4M 	num_reg: 10  	lose cover RAM: 386G
[    0.001327]  gran_size: 64K 	chunk_size: 8M 	num_reg: 10  	lose cover RAM: 386G
[    0.001329]  gran_size: 64K 	chunk_size: 16M 	num_reg: 10  	lose cover RAM: 386G
[    0.001331]  gran_size: 64K 	chunk_size: 32M 	num_reg: 10  	lose cover RAM: 386G
[    0.001333]  gran_size: 64K 	chunk_size: 64M 	num_reg: 10  	lose cover RAM: 386G
[    0.001335]  gran_size: 64K 	chunk_size: 128M 	num_reg: 10  	lose cover RAM: 482G
[    0.001337]  gran_size: 64K 	chunk_size: 256M 	num_reg: 10  	lose cover RAM: 482G
[    0.001338]  gran_size: 64K 	chunk_size: 512M 	num_reg: 10  	lose cover RAM: 0G
[    0.001340]  gran_size: 64K 	chunk_size: 1G 	num_reg: 10  	lose cover RAM: 0G
[    0.001342]  gran_size: 64K 	chunk_size: 2G 	num_reg: 10  	lose cover RAM: 0G
[    0.001344]  gran_size: 128K 	chunk_size: 128K 	num_reg: 10  	lose cover RAM: 386G
[    0.001346]  gran_size: 128K 	chunk_size: 256K 	num_reg: 10  	lose cover RAM: 386G
[    0.001348]  gran_size: 128K 	chunk_size: 512K 	num_reg: 10  	lose cover RAM: 386G
[    0.001350]  gran_size: 128K 	chunk_size: 1M 	num_reg: 10  	lose cover RAM: 386G
[    0.001352]  gran_size: 128K 	chunk_size: 2M 	num_reg: 10  	lose cover RAM: 386G
[    0.001353]  gran_size: 128K 	chunk_size: 4M 	num_reg: 10  	lose cover RAM: 386G
[    0.001355]  gran_size: 128K 	chunk_size: 8M 	num_reg: 10  	lose cover RAM: 386G
[    0.001357]  gran_size: 128K 	chunk_size: 16M 	num_reg: 10  	lose cover RAM: 386G
[    0.001359]  gran_size: 128K 	chunk_size: 32M 	num_reg: 10  	lose cover RAM: 386G
[    0.001361]  gran_size: 128K 	chunk_size: 64M 	num_reg: 10  	lose cover RAM: 386G
[    0.001362]  gran_size: 128K 	chunk_size: 128M 	num_reg: 10  	lose cover RAM: 482G
[    0.001364]  gran_size: 128K 	chunk_size: 256M 	num_reg: 10  	lose cover RAM: 482G
[    0.001366]  gran_size: 128K 	chunk_size: 512M 	num_reg: 10  	lose cover RAM: 0G
[    0.001368]  gran_size: 128K 	chunk_size: 1G 	num_reg: 10  	lose cover RAM: 0G
[    0.001370]  gran_size: 128K 	chunk_size: 2G 	num_reg: 10  	lose cover RAM: 0G
[    0.001372]  gran_size: 256K 	chunk_size: 256K 	num_reg: 10  	lose cover RAM: 386G
[    0.001374]  gran_size: 256K 	chunk_size: 512K 	num_reg: 10  	lose cover RAM: 386G
[    0.001376]  gran_size: 256K 	chunk_size: 1M 	num_reg: 10  	lose cover RAM: 386G
[    0.001378]  gran_size: 256K 	chunk_size: 2M 	num_reg: 10  	lose cover RAM: 386G
[    0.001379]  gran_size: 256K 	chunk_size: 4M 	num_reg: 10  	lose cover RAM: 386G
[    0.001381]  gran_size: 256K 	chunk_size: 8M 	num_reg: 10  	lose cover RAM: 386G
[    0.001383]  gran_size: 256K 	chunk_size: 16M 	num_reg: 10  	lose cover RAM: 386G
[    0.001385]  gran_size: 256K 	chunk_size: 32M 	num_reg: 10  	lose cover RAM: 386G
[    0.001387]  gran_size: 256K 	chunk_size: 64M 	num_reg: 10  	lose cover RAM: 386G
[    0.001388]  gran_size: 256K 	chunk_size: 128M 	num_reg: 10  	lose cover RAM: 482G
[    0.001390]  gran_size: 256K 	chunk_size: 256M 	num_reg: 10  	lose cover RAM: 482G
[    0.001392]  gran_size: 256K 	chunk_size: 512M 	num_reg: 10  	lose cover RAM: 0G
[    0.001394]  gran_size: 256K 	chunk_size: 1G 	num_reg: 10  	lose cover RAM: 0G
[    0.001396]  gran_size: 256K 	chunk_size: 2G 	num_reg: 10  	lose cover RAM: 0G
[    0.001398]  gran_size: 512K 	chunk_size: 512K 	num_reg: 10  	lose cover RAM: 386G
[    0.001400]  gran_size: 512K 	chunk_size: 1M 	num_reg: 10  	lose cover RAM: 386G
[    0.001402]  gran_size: 512K 	chunk_size: 2M 	num_reg: 10  	lose cover RAM: 386G
[    0.001403]  gran_size: 512K 	chunk_size: 4M 	num_reg: 10  	lose cover RAM: 386G
[    0.001405]  gran_size: 512K 	chunk_size: 8M 	num_reg: 10  	lose cover RAM: 386G
[    0.001407]  gran_size: 512K 	chunk_size: 16M 	num_reg: 10  	lose cover RAM: 386G
[    0.001409]  gran_size: 512K 	chunk_size: 32M 	num_reg: 10  	lose cover RAM: 386G
[    0.001411]  gran_size: 512K 	chunk_size: 64M 	num_reg: 10  	lose cover RAM: 386G
[    0.001413]  gran_size: 512K 	chunk_size: 128M 	num_reg: 10  	lose cover RAM: 482G
[    0.001414]  gran_size: 512K 	chunk_size: 256M 	num_reg: 10  	lose cover RAM: 482G
[    0.001416]  gran_size: 512K 	chunk_size: 512M 	num_reg: 10  	lose cover RAM: 0G
[    0.001418]  gran_size: 512K 	chunk_size: 1G 	num_reg: 10  	lose cover RAM: 0G
[    0.001420]  gran_size: 512K 	chunk_size: 2G 	num_reg: 10  	lose cover RAM: 0G
[    0.001422]  gran_size: 1M 	chunk_size: 1M 	num_reg: 10  	lose cover RAM: 386G
[    0.001423]  gran_size: 1M 	chunk_size: 2M 	num_reg: 10  	lose cover RAM: 386G
[    0.001425]  gran_size: 1M 	chunk_size: 4M 	num_reg: 10  	lose cover RAM: 386G
[    0.001427]  gran_size: 1M 	chunk_size: 8M 	num_reg: 10  	lose cover RAM: 386G
[    0.001429]  gran_size: 1M 	chunk_size: 16M 	num_reg: 10  	lose cover RAM: 386G
[    0.001431]  gran_size: 1M 	chunk_size: 32M 	num_reg: 10  	lose cover RAM: 386G
[    0.001432]  gran_size: 1M 	chunk_size: 64M 	num_reg: 10  	lose cover RAM: 386G
[    0.001434]  gran_size: 1M 	chunk_size: 128M 	num_reg: 10  	lose cover RAM: 482G
[    0.001436]  gran_size: 1M 	chunk_size: 256M 	num_reg: 10  	lose cover RAM: 482G
[    0.001438]  gran_size: 1M 	chunk_size: 512M 	num_reg: 10  	lose cover RAM: 0G
[    0.001440]  gran_size: 1M 	chunk_size: 1G 	num_reg: 10  	lose cover RAM: 0G
[    0.001441]  gran_size: 1M 	chunk_size: 2G 	num_reg: 10  	lose cover RAM: 0G
[    0.001443]  gran_size: 2M 	chunk_size: 2M 	num_reg: 10  	lose cover RAM: 386G
[    0.001445]  gran_size: 2M 	chunk_size: 4M 	num_reg: 10  	lose cover RAM: 386G
[    0.001447]  gran_size: 2M 	chunk_size: 8M 	num_reg: 10  	lose cover RAM: 386G
[    0.001449]  gran_size: 2M 	chunk_size: 16M 	num_reg: 10  	lose cover RAM: 386G
[    0.001451]  gran_size: 2M 	chunk_size: 32M 	num_reg: 10  	lose cover RAM: 386G
[    0.001453]  gran_size: 2M 	chunk_size: 64M 	num_reg: 10  	lose cover RAM: 386G
[    0.001455]  gran_size: 2M 	chunk_size: 128M 	num_reg: 10  	lose cover RAM: 482G
[    0.001457]  gran_size: 2M 	chunk_size: 256M 	num_reg: 10  	lose cover RAM: 482G
[    0.001458]  gran_size: 2M 	chunk_size: 512M 	num_reg: 10  	lose cover RAM: 0G
[    0.001460]  gran_size: 2M 	chunk_size: 1G 	num_reg: 10  	lose cover RAM: 0G
[    0.001462]  gran_size: 2M 	chunk_size: 2G 	num_reg: 10  	lose cover RAM: 0G
[    0.001464]  gran_size: 4M 	chunk_size: 4M 	num_reg: 10  	lose cover RAM: 386G
[    0.001466]  gran_size: 4M 	chunk_size: 8M 	num_reg: 10  	lose cover RAM: 386G
[    0.001468]  gran_size: 4M 	chunk_size: 16M 	num_reg: 10  	lose cover RAM: 386G
[    0.001469]  gran_size: 4M 	chunk_size: 32M 	num_reg: 10  	lose cover RAM: 386G
[    0.001471]  gran_size: 4M 	chunk_size: 64M 	num_reg: 10  	lose cover RAM: 386G
[    0.001473]  gran_size: 4M 	chunk_size: 128M 	num_reg: 10  	lose cover RAM: 482G
[    0.001475]  gran_size: 4M 	chunk_size: 256M 	num_reg: 10  	lose cover RAM: 482G
[    0.001477]  gran_size: 4M 	chunk_size: 512M 	num_reg: 10  	lose cover RAM: 0G
[    0.001478]  gran_size: 4M 	chunk_size: 1G 	num_reg: 10  	lose cover RAM: 0G
[    0.001480]  gran_size: 4M 	chunk_size: 2G 	num_reg: 10  	lose cover RAM: 0G
[    0.001482]  gran_size: 8M 	chunk_size: 8M 	num_reg: 10  	lose cover RAM: 386G
[    0.001484]  gran_size: 8M 	chunk_size: 16M 	num_reg: 10  	lose cover RAM: 386G
[    0.001485]  gran_size: 8M 	chunk_size: 32M 	num_reg: 10  	lose cover RAM: 386G
[    0.001487]  gran_size: 8M 	chunk_size: 64M 	num_reg: 10  	lose cover RAM: 386G
[    0.001489]  gran_size: 8M 	chunk_size: 128M 	num_reg: 10  	lose cover RAM: 482G
[    0.001491]  gran_size: 8M 	chunk_size: 256M 	num_reg: 10  	lose cover RAM: 482G
[    0.001493]  gran_size: 8M 	chunk_size: 512M 	num_reg: 10  	lose cover RAM: 0G
[    0.001495]  gran_size: 8M 	chunk_size: 1G 	num_reg: 10  	lose cover RAM: 0G
[    0.001497]  gran_size: 8M 	chunk_size: 2G 	num_reg: 10  	lose cover RAM: 0G
[    0.001499]  gran_size: 16M 	chunk_size: 16M 	num_reg: 10  	lose cover RAM: 386G
[    0.001501]  gran_size: 16M 	chunk_size: 32M 	num_reg: 10  	lose cover RAM: 386G
[    0.001503]  gran_size: 16M 	chunk_size: 64M 	num_reg: 10  	lose cover RAM: 386G
[    0.001504]  gran_size: 16M 	chunk_size: 128M 	num_reg: 10  	lose cover RAM: 482G
[    0.001506]  gran_size: 16M 	chunk_size: 256M 	num_reg: 10  	lose cover RAM: 482G
[    0.001508]  gran_size: 16M 	chunk_size: 512M 	num_reg: 10  	lose cover RAM: 0G
[    0.001510]  gran_size: 16M 	chunk_size: 1G 	num_reg: 10  	lose cover RAM: 0G
[    0.001512]  gran_size: 16M 	chunk_size: 2G 	num_reg: 10  	lose cover RAM: 0G
[    0.001514]  gran_size: 32M 	chunk_size: 32M 	num_reg: 10  	lose cover RAM: 386G
[    0.001515]  gran_size: 32M 	chunk_size: 64M 	num_reg: 10  	lose cover RAM: 386G
[    0.001517]  gran_size: 32M 	chunk_size: 128M 	num_reg: 10  	lose cover RAM: 482G
[    0.001519]  gran_size: 32M 	chunk_size: 256M 	num_reg: 10  	lose cover RAM: 482G
[    0.001521]  gran_size: 32M 	chunk_size: 512M 	num_reg: 10  	lose cover RAM: 0G
[    0.001523]  gran_size: 32M 	chunk_size: 1G 	num_reg: 10  	lose cover RAM: 0G
[    0.001524]  gran_size: 32M 	chunk_size: 2G 	num_reg: 10  	lose cover RAM: 0G
[    0.001526]  gran_size: 64M 	chunk_size: 64M 	num_reg: 10  	lose cover RAM: 386G
[    0.001528]  gran_size: 64M 	chunk_size: 128M 	num_reg: 10  	lose cover RAM: 482G
[    0.001530]  gran_size: 64M 	chunk_size: 256M 	num_reg: 10  	lose cover RAM: 482G
[    0.001532]  gran_size: 64M 	chunk_size: 512M 	num_reg: 10  	lose cover RAM: 0G
[    0.001534]  gran_size: 64M 	chunk_size: 1G 	num_reg: 10  	lose cover RAM: 0G
[    0.001536]  gran_size: 64M 	chunk_size: 2G 	num_reg: 10  	lose cover RAM: 0G
[    0.001537]  gran_size: 128M 	chunk_size: 128M 	num_reg: 10  	lose cover RAM: 395328M
[    0.001540]  gran_size: 128M 	chunk_size: 256M 	num_reg: 10  	lose cover RAM: 395328M
[    0.001542]  gran_size: 128M 	chunk_size: 512M 	num_reg: 10  	lose cover RAM: 0G
[    0.001543]  gran_size: 128M 	chunk_size: 1G 	num_reg: 10  	lose cover RAM: 0G
[    0.001545]  gran_size: 128M 	chunk_size: 2G 	num_reg: 10  	lose cover RAM: 0G
[    0.001547]  gran_size: 256M 	chunk_size: 256M 	num_reg: 10  	lose cover RAM: 2240M
[    0.001549]  gran_size: 256M 	chunk_size: 512M 	num_reg: 10  	lose cover RAM: 0G
[    0.001551]  gran_size: 256M 	chunk_size: 1G 	num_reg: 10  	lose cover RAM: 0G
[    0.001553]  gran_size: 256M 	chunk_size: 2G 	num_reg: 10  	lose cover RAM: 0G
[    0.001555]  gran_size: 512M 	chunk_size: 512M 	num_reg: 10  	lose cover RAM: 448M
[    0.001557]  gran_size: 512M 	chunk_size: 1G 	num_reg: 10  	lose cover RAM: 2304M
[    0.001558]  gran_size: 512M 	chunk_size: 2G 	num_reg: 10  	lose cover RAM: 2304M
[    0.001560]  gran_size: 1G 	chunk_size: 1G 	num_reg: 9  	lose cover RAM: 960M
[    0.001562]  gran_size: 1G 	chunk_size: 2G 	num_reg: 10  	lose cover RAM: 264960M
[    0.001564]  gran_size: 2G 	chunk_size: 2G 	num_reg: 8  	lose cover RAM: 1984M
[    0.001566] mtrr_cleanup: can not find optimal value
[    0.001567] please specify mtrr_gran_size/mtrr_chunk_size
[    0.001570] e820: update [mem 0x70000000-0x73ffffff] usable ==> reserved
[    0.001573] e820: update [mem 0x80000000-0xffffffff] usable ==> reserved
[    0.001578] last_pfn = 0x70000 max_arch_pfn = 0x400000000
[    0.009252] efi: Failed to lookup EFI memory descriptor for 0x00000000683aa000
[    0.009271] check: Scanning 1 areas for low memory corruption
[    0.009276] Using GB pages for direct mapping
[    0.009709] Secure boot disabled
[    0.009710] RAMDISK: [mem 0x4bf10000-0x4f8defff]
[    0.009720] ACPI: Early table checksum verification disabled
[    0.009723] ACPI: RSDP 0x000000006FFFE014 000024 (v02 DELL  )
[    0.009727] ACPI: XSDT 0x000000006FBF9188 0000F4 (v01 DELL   PE_SC3   00000000      01000013)
[    0.009733] ACPI: FACP 0x000000006FFF8000 000114 (v06 DELL   PE_SC3   00000000 DELL 00000001)
[    0.009740] ACPI: DSDT 0x000000006FCFA000 2EE3DC (v02 DELL   PE_SC3   00000003 DELL 00000001)
[    0.009744] ACPI: FACS 0x000000006F6EE000 000040
[    0.009747] ACPI: SSDT 0x000000006FFFC000 00046C (v02 INTEL  ADDRXLAT 00000001 INTL 20180508)
[    0.009751] ACPI: MCEJ 0x000000006FFFB000 000130 (v01 DELL   PE_SC3   00000002 DELL 00000001)
[    0.009755] ACPI: WD__ 0x000000006FFFA000 000134 (v01 DELL   PE_SC3   00000001 DELL 00000001)
[    0.009758] ACPI: SLIC 0x000000006FFF9000 000176 (v01 DELL   PE_SC3   00000001 DELL 00000001)
[    0.009762] ACPI: HPET 0x000000006FFF7000 000038 (v01 DELL   PE_SC3   00000001 DELL 00000001)
[    0.009765] ACPI: APIC 0x000000006FFF5000 0016DE (v04 DELL   PE_SC3   00000000 DELL 00000001)
[    0.009769] ACPI: MCFG 0x000000006FFF4000 00003C (v01 DELL   PE_SC3   00000001 DELL 00000001)
[    0.009772] ACPI: MIGT 0x000000006FFF3000 000040 (v01 DELL   PE_SC3   00000000 DELL 00000001)
[    0.009776] ACPI: MSCT 0x000000006FFF2000 000090 (v01 DELL   PE_SC3   00000001 DELL 00000001)
[    0.009779] ACPI: PCAT 0x000000006FFF1000 000088 (v02 DELL   PE_SC3   00000002 DELL 00000001)
[    0.009783] ACPI: PCCT 0x000000006FFF0000 00006E (v01 DELL   PE_SC3   00000002 DELL 00000001)
[    0.009786] ACPI: RASF 0x000000006FFEF000 000030 (v01 DELL   PE_SC3   00000001 DELL 00000001)
[    0.009790] ACPI: SLIT 0x000000006FFEE000 00042C (v01 DELL   PE_SC3   00000001 DELL 00000001)
[    0.009793] ACPI: SRAT 0x000000006FFEB000 002D30 (v03 DELL   PE_SC3   00000002 DELL 00000001)
[    0.009797] ACPI: SVOS 0x000000006FFEA000 000032 (v01 DELL   PE_SC3   00000000 DELL 00000001)
[    0.009800] ACPI: WSMT 0x000000006FFE9000 000028 (v01 DELL   PE_SC3   00000000 DELL 00000001)
[    0.009804] ACPI: OEM4 0x000000006FC4C000 0AD1C1 (v02 INTEL  CPU  CST 00003000 INTL 20180508)
[    0.009808] ACPI: SSDT 0x000000006FC14000 037465 (v02 INTEL  SSDT  PM 00004000 INTL 20180508)
[    0.009811] ACPI: SSDT 0x000000006FBFA000 000A1F (v02 DELL   PE_SC3   00000000 DELL 00000001)
[    0.009815] ACPI: SSDT 0x000000006FC10000 00357F (v02 INTEL  SpsNm    00000002 INTL 20180508)
[    0.009819] ACPI: DMAR 0x000000006FFFD000 0001D0 (v01 DELL   PE_SC3   00000001 DELL 00000001)
[    0.009822] ACPI: HEST 0x000000006FC0F000 00017C (v01 DELL   PE_SC3   00000002 DELL 00000001)
[    0.009826] ACPI: BERT 0x000000006FC0E000 000030 (v01 DELL   PE_SC3   00000002 DELL 00000001)
[    0.009829] ACPI: ERST 0x000000006FC0D000 000230 (v01 DELL   PE_SC3   00000002 DELL 00000001)
[    0.009833] ACPI: EINJ 0x000000006FC0C000 000150 (v01 DELL   PE_SC3   00000002 DELL 00000001)
[    0.009841] ACPI: Local APIC address 0xfee00000
[    0.009944] SRAT: PXM 0 -> APIC 0x00 -> Node 0
[    0.009946] SRAT: PXM 1 -> APIC 0x40 -> Node 1
[    0.009948] SRAT: PXM 0 -> APIC 0x08 -> Node 0
[    0.009949] SRAT: PXM 1 -> APIC 0x48 -> Node 1
[    0.009950] SRAT: PXM 0 -> APIC 0x02 -> Node 0
[    0.009951] SRAT: PXM 1 -> APIC 0x42 -> Node 1
[    0.009952] SRAT: PXM 0 -> APIC 0x06 -> Node 0
[    0.009953] SRAT: PXM 1 -> APIC 0x46 -> Node 1
[    0.009954] SRAT: PXM 0 -> APIC 0x04 -> Node 0
[    0.009955] SRAT: PXM 1 -> APIC 0x44 -> Node 1
[    0.009956] SRAT: PXM 0 -> APIC 0x18 -> Node 0
[    0.009957] SRAT: PXM 1 -> APIC 0x58 -> Node 1
[    0.009958] SRAT: PXM 0 -> APIC 0x10 -> Node 0
[    0.009959] SRAT: PXM 1 -> APIC 0x50 -> Node 1
[    0.009960] SRAT: PXM 0 -> APIC 0x16 -> Node 0
[    0.009961] SRAT: PXM 1 -> APIC 0x56 -> Node 1
[    0.009962] SRAT: PXM 0 -> APIC 0x12 -> Node 0
[    0.009963] SRAT: PXM 1 -> APIC 0x52 -> Node 1
[    0.009964] SRAT: PXM 0 -> APIC 0x14 -> Node 0
[    0.009965] SRAT: PXM 1 -> APIC 0x54 -> Node 1
[    0.009966] SRAT: PXM 0 -> APIC 0x20 -> Node 0
[    0.009967] SRAT: PXM 1 -> APIC 0x60 -> Node 1
[    0.009968] SRAT: PXM 0 -> APIC 0x28 -> Node 0
[    0.009969] SRAT: PXM 1 -> APIC 0x68 -> Node 1
[    0.009970] SRAT: PXM 0 -> APIC 0x22 -> Node 0
[    0.009971] SRAT: PXM 1 -> APIC 0x62 -> Node 1
[    0.009972] SRAT: PXM 0 -> APIC 0x26 -> Node 0
[    0.009973] SRAT: PXM 1 -> APIC 0x66 -> Node 1
[    0.009974] SRAT: PXM 0 -> APIC 0x24 -> Node 0
[    0.009975] SRAT: PXM 1 -> APIC 0x64 -> Node 1
[    0.009976] SRAT: PXM 0 -> APIC 0x38 -> Node 0
[    0.009977] SRAT: PXM 1 -> APIC 0x78 -> Node 1
[    0.009978] SRAT: PXM 0 -> APIC 0x30 -> Node 0
[    0.009979] SRAT: PXM 1 -> APIC 0x70 -> Node 1
[    0.009980] SRAT: PXM 0 -> APIC 0x36 -> Node 0
[    0.009981] SRAT: PXM 1 -> APIC 0x76 -> Node 1
[    0.009982] SRAT: PXM 0 -> APIC 0x32 -> Node 0
[    0.009983] SRAT: PXM 1 -> APIC 0x72 -> Node 1
[    0.009984] SRAT: PXM 0 -> APIC 0x34 -> Node 0
[    0.009985] SRAT: PXM 1 -> APIC 0x74 -> Node 1
[    0.009998] ACPI: SRAT: Node 0 PXM 0 [mem 0x00000000-0x7fffffff]
[    0.010001] ACPI: SRAT: Node 0 PXM 0 [mem 0x100000000-0x407fffffff]
[    0.010002] ACPI: SRAT: Node 1 PXM 1 [mem 0x4080000000-0x807fffffff]
[    0.010011] NUMA: Initialized distance table, cnt=2
[    0.010013] NUMA: Node 0 [mem 0x00000000-0x7fffffff] + [mem 0x100000000-0x407fffffff] -> [mem 0x00000000-0x407fffffff]
[    0.010025] NODE_DATA(0) allocated [mem 0xffffd5000-0xfffffffff]
[    0.010051] NODE_DATA(1) allocated [mem 0x807ffd4000-0x807fffefff]
[    0.010399] Zone ranges:
[    0.010400]   DMA      [mem 0x0000000000001000-0x0000000000ffffff]
[    0.010402]   DMA32    [mem 0x0000000001000000-0x00000000ffffffff]
[    0.010404]   Normal   [mem 0x0000000100000000-0x000000807fffffff]
[    0.010406]   Device   empty
[    0.010407] Movable zone start for each node
[    0.010411] Early memory node ranges
[    0.010411]   node   0: [mem 0x0000000000001000-0x000000000009ffff]
[    0.010413]   node   0: [mem 0x0000000000100000-0x00000000682fefff]
[    0.010415]   node   0: [mem 0x000000006ffff000-0x000000006fffffff]
[    0.010416]   node   0: [mem 0x0000000100000000-0x0000000fffffffff]
[    0.010421]   node   1: [mem 0x0000008000000000-0x000000807fffffff]
[    0.012153] Zeroed struct page in unavailable ranges: 32097 pages
[    0.012155] Initmem setup node 0 [mem 0x0000000000001000-0x0000000fffffffff]
[    0.012158] On node 0 totalpages: 16155295
[    0.012159]   DMA zone: 64 pages used for memmap
[    0.012160]   DMA zone: 1094 pages reserved
[    0.012161]   DMA zone: 3999 pages, LIFO batch:0
[    0.012203]   DMA32 zone: 6604 pages used for memmap
[    0.012204]   DMA32 zone: 422656 pages, LIFO batch:63
[    0.016194]   Normal zone: 245760 pages used for memmap
[    0.016195]   Normal zone: 15728640 pages, LIFO batch:63
[    0.159424] Initmem setup node 1 [mem 0x0000008000000000-0x000000807fffffff]
[    0.159426] On node 1 totalpages: 524288
[    0.159427]   Normal zone: 8192 pages used for memmap
[    0.159428]   Normal zone: 524288 pages, LIFO batch:63
[    0.165541] ACPI: PM-Timer IO Port: 0x508
[    0.165543] ACPI: Local APIC address 0xfee00000
[    0.165566] ACPI: X2APIC_NMI (uid[0xffffffff] high level lint[0x1])
[    0.165571] ACPI: LAPIC_NMI (acpi_id[0xff] high level lint[0x1])
[    0.165591] IOAPIC[0]: apic_id 8, version 32, address 0xfec00000, GSI 0-23
[    0.165596] IOAPIC[1]: apic_id 9, version 32, address 0xfec01000, GSI 24-31
[    0.165601] IOAPIC[2]: apic_id 10, version 32, address 0xfec08000, GSI 32-39
[    0.165606] IOAPIC[3]: apic_id 11, version 32, address 0xfec10000, GSI 40-47
[    0.165610] IOAPIC[4]: apic_id 12, version 32, address 0xfec18000, GSI 48-55
[    0.165615] IOAPIC[5]: apic_id 15, version 32, address 0xfec20000, GSI 72-79
[    0.165620] IOAPIC[6]: apic_id 16, version 32, address 0xfec28000, GSI 80-87
[    0.165625] IOAPIC[7]: apic_id 17, version 32, address 0xfec30000, GSI 88-95
[    0.165630] IOAPIC[8]: apic_id 18, version 32, address 0xfec38000, GSI 96-103
[    0.165636] ACPI: INT_SRC_OVR (bus 0 bus_irq 0 global_irq 2 dfl dfl)
[    0.165638] ACPI: INT_SRC_OVR (bus 0 bus_irq 9 global_irq 9 high level)
[    0.165642] ACPI: IRQ0 used by override.
[    0.165643] ACPI: IRQ9 used by override.
[    0.165649] Using ACPI (MADT) for SMP configuration information
[    0.165650] ACPI: HPET id: 0x8086a701 base: 0xfed00000
[    0.165654] TSC deadline timer available
[    0.165655] smpboot: Allowing 40 CPUs, 0 hotplug CPUs
[    0.165673] PM: hibernation: Registered nosave memory: [mem 0x00000000-0x00000fff]
[    0.165675] PM: hibernation: Registered nosave memory: [mem 0x000a0000-0x000fffff]
[    0.165677] PM: hibernation: Registered nosave memory: [mem 0x4bd62000-0x4bd62fff]
[    0.165679] PM: hibernation: Registered nosave memory: [mem 0x4bd68000-0x4bd68fff]
[    0.165680] PM: hibernation: Registered nosave memory: [mem 0x4bd69000-0x4bd69fff]
[    0.165682] PM: hibernation: Registered nosave memory: [mem 0x4bd73000-0x4bd73fff]
[    0.165684] PM: hibernation: Registered nosave memory: [mem 0x4bd74000-0x4bd74fff]
[    0.165685] PM: hibernation: Registered nosave memory: [mem 0x4bdd0000-0x4bdd0fff]
[    0.165686] PM: hibernation: Registered nosave memory: [mem 0x4bdd1000-0x4bdd1fff]
[    0.165688] PM: hibernation: Registered nosave memory: [mem 0x4be2d000-0x4be2dfff]
[    0.165689] PM: hibernation: Registered nosave memory: [mem 0x4be2e000-0x4be2efff]
[    0.165691] PM: hibernation: Registered nosave memory: [mem 0x4be8d000-0x4be8dfff]
[    0.165692] PM: hibernation: Registered nosave memory: [mem 0x4be8e000-0x4be8efff]
[    0.165694] PM: hibernation: Registered nosave memory: [mem 0x4beed000-0x4beedfff]
[    0.165695] PM: hibernation: Registered nosave memory: [mem 0x4beee000-0x4beeefff]
[    0.165697] PM: hibernation: Registered nosave memory: [mem 0x4bf06000-0x4bf06fff]
[    0.165698] PM: hibernation: Registered nosave memory: [mem 0x4bf07000-0x4bf07fff]
[    0.165700] PM: hibernation: Registered nosave memory: [mem 0x4bf0f000-0x4bf0ffff]
[    0.165702] PM: hibernation: Registered nosave memory: [mem 0x682ff000-0x6ebfefff]
[    0.165703] PM: hibernation: Registered nosave memory: [mem 0x6ebff000-0x6f9fefff]
[    0.165704] PM: hibernation: Registered nosave memory: [mem 0x6f9ff000-0x6fffefff]
[    0.165706] PM: hibernation: Registered nosave memory: [mem 0x70000000-0x8fffffff]
[    0.165707] PM: hibernation: Registered nosave memory: [mem 0x90000000-0xfdffffff]
[    0.165708] PM: hibernation: Registered nosave memory: [mem 0xfe000000-0xfe010fff]
[    0.165709] PM: hibernation: Registered nosave memory: [mem 0xfe011000-0xffffffff]
[    0.165711] PM: hibernation: Registered nosave memory: [mem 0x1000000000-0x7fffffffff]
[    0.165713] [mem 0x90000000-0xfdffffff] available for PCI devices
[    0.165715] Booting paravirtualized kernel on bare hardware
[    0.165718] clocksource: refined-jiffies: mask: 0xffffffff max_cycles: 0xffffffff, max_idle_ns: 7645519600211568 ns
[    0.165725] setup_percpu: NR_CPUS:8192 nr_cpumask_bits:40 nr_cpu_ids:40 nr_node_ids:2
[    0.168597] percpu: Embedded 56 pages/cpu s192512 r8192 d28672 u262144
[    0.168608] pcpu-alloc: s192512 r8192 d28672 u262144 alloc=1*2097152
[    0.168611] pcpu-alloc: [0] 00 02 04 06 08 10 12 14 [0] 16 18 20 22 24 26 28 30 
[    0.168623] pcpu-alloc: [0] 32 34 36 38 -- -- -- -- [1] 01 03 05 07 09 11 13 15 
[    0.168635] pcpu-alloc: [1] 17 19 21 23 25 27 29 31 [1] 33 35 37 39 -- -- -- -- 
[    0.168683] Built 2 zonelists, mobility grouping on.  Total pages: 16417869
[    0.168685] Policy zone: Normal
[    0.168687] Kernel command line: BOOT_IMAGE=/boot/vmlinuz-5.11.0.d2fs root=UUID=0fe244cb-556c-49fd-bc46-148ab2afc428 ro memmap=448G$64G intremap=off isolcpus=37,39 quiet splash vt.handoff=7
[    0.169228] mem auto-init: stack:off, heap alloc:on, heap free:off
[    0.341539] Memory: 65367732K/66718332K available (16393K kernel code, 17748K rwdata, 10284K rodata, 2804K init, 10024K bss, 1350340K reserved, 0K cma-reserved)
[    0.341544] random: get_random_u64 called from __kmem_cache_create+0x31/0x460 with crng_init=1
[    0.341995] SLUB: HWalign=64, Order=0-3, MinObjects=0, CPUs=40, Nodes=2
[    0.342017] ftrace: allocating 48080 entries in 188 pages
[    0.359911] ftrace: allocated 188 pages with 5 groups
[    0.360617] rcu: Hierarchical RCU implementation.
[    0.360619] rcu: 	RCU restricting CPUs from NR_CPUS=8192 to nr_cpu_ids=40.
[    0.360621] 	Rude variant of Tasks RCU enabled.
[    0.360622] 	Tracing variant of Tasks RCU enabled.
[    0.360622] rcu: RCU calculated value of scheduler-enlistment delay is 25 jiffies.
[    0.360624] rcu: Adjusting geometry for rcu_fanout_leaf=16, nr_cpu_ids=40
[    0.364630] NR_IRQS: 524544, nr_irqs: 2104, preallocated irqs: 16
[    0.364957] random: crng done (trusting CPU's manufacturer)
[    0.365055] Console: colour dummy device 80x25
[    0.365095] printk: console [tty0] enabled
[    0.365192] mempolicy: Enabling automatic NUMA balancing. Configure with numa_balancing= or the kernel.numa_balancing sysctl
[    0.365196] ACPI: Core revision 20201113
[    0.368270] clocksource: hpet: mask: 0xffffffff max_cycles: 0xffffffff, max_idle_ns: 79635855245 ns
[    0.368317] APIC: Switch to symmetric I/O mode setup
[    0.368530] x2apic: IRQ remapping doesn't support X2APIC mode
[    0.368636] Switched APIC routing to physical flat.
[    0.369566] ..TIMER: vector=0x30 apic1=0 pin1=2 apic2=-1 pin2=-1
[    0.388253] clocksource: tsc-early: mask: 0xffffffffffffffff max_cycles: 0x1e4530a99b6, max_idle_ns: 440795257976 ns
[    0.388259] Calibrating delay loop (skipped), value calculated using timer frequency.. 4200.00 BogoMIPS (lpj=8400000)
[    0.388262] pid_max: default: 40960 minimum: 320
[    0.391898] LSM: Security Framework initializing
[    0.391911] Yama: becoming mindful.
[    0.391946] AppArmor: AppArmor initialized
[    0.403814] Dentry cache hash table entries: 8388608 (order: 14, 67108864 bytes, vmalloc)
[    0.409687] Inode-cache hash table entries: 4194304 (order: 13, 33554432 bytes, vmalloc)
[    0.409926] Mount-cache hash table entries: 131072 (order: 8, 1048576 bytes, vmalloc)
[    0.410116] Mountpoint-cache hash table entries: 131072 (order: 8, 1048576 bytes, vmalloc)
[    0.410715] mce: CPU0: Thermal monitoring enabled (TM1)
[    0.410746] process: using mwait in idle threads
[    0.410748] Last level iTLB entries: 4KB 128, 2MB 8, 4MB 8
[    0.410750] Last level dTLB entries: 4KB 64, 2MB 0, 4MB 0, 1GB 4
[    0.410754] Spectre V1 : Mitigation: usercopy/swapgs barriers and __user pointer sanitization
[    0.410757] Spectre V2 : Mitigation: Enhanced IBRS
[    0.410758] Spectre V2 : Spectre v2 / SpectreRSB mitigation: Filling RSB on context switch
[    0.410759] Spectre V2 : mitigation: Enabling conditional Indirect Branch Prediction Barrier
[    0.410761] Speculative Store Bypass: Mitigation: Speculative Store Bypass disabled via prctl and seccomp
[    0.410762] TAA: Mitigation: TSX disabled
[    0.411033] Freeing SMP alternatives memory: 40K
[    0.416375] smpboot: Estimated ratio of average max frequency by base frequency (times 1024): 1804
[    0.416386] smpboot: CPU0: Intel(R) Xeon(R) Gold 6230 CPU @ 2.10GHz (family: 0x6, model: 0x55, stepping: 0x7)
[    0.416606] Performance Events: PEBS fmt3+, Skylake events, 32-deep LBR, full-width counters, Intel PMU driver.
[    0.416630] ... version:                4
[    0.416631] ... bit width:              48
[    0.416632] ... generic registers:      8
[    0.416632] ... value mask:             0000ffffffffffff
[    0.416634] ... max period:             00007fffffffffff
[    0.416635] ... fixed-purpose events:   3
[    0.416635] ... event mask:             00000007000000ff
[    0.416753] rcu: Hierarchical SRCU implementation.
[    0.419957] NMI watchdog: Enabled. Permanently consumes one hw-PMU counter.
[    0.420496] smp: Bringing up secondary CPUs ...
[    0.420675] x86: Booting SMP configuration:
[    0.420676] .... node  #1, CPUs:        #1
[    0.003344] smpboot: CPU 1 Converting physical 0 to logical die 1

[    0.512410] .... node  #0, CPUs:    #2
[    0.519513] .... node  #1, CPUs:    #3
[    0.527671] .... node  #0, CPUs:    #4
[    0.534661] .... node  #1, CPUs:    #5
[    0.542724] .... node  #0, CPUs:    #6
[    0.549730] .... node  #1, CPUs:    #7
[    0.557566] .... node  #0, CPUs:    #8
[    0.564456] .... node  #1, CPUs:    #9
[    0.572407] .... node  #0, CPUs:   #10
[    0.579487] .... node  #1, CPUs:   #11
[    0.587614] .... node  #0, CPUs:   #12
[    0.594826] .... node  #1, CPUs:   #13
[    0.602868] .... node  #0, CPUs:   #14
[    0.609834] .... node  #1, CPUs:   #15
[    0.617817] .... node  #0, CPUs:   #16
[    0.625011] .... node  #1, CPUs:   #17
[    0.632923] .... node  #0, CPUs:   #18
[    0.639800] .... node  #1, CPUs:   #19
[    0.647695] .... node  #0, CPUs:   #20
[    0.654802] .... node  #1, CPUs:   #21
[    0.662966] .... node  #0, CPUs:   #22
[    0.670144] .... node  #1, CPUs:   #23
[    0.678307] .... node  #0, CPUs:   #24
[    0.685327] .... node  #1, CPUs:   #25
[    0.693271] .... node  #0, CPUs:   #26
[    0.700466] .... node  #1, CPUs:   #27
[    0.708397] .... node  #0, CPUs:   #28
[    0.715303] .... node  #1, CPUs:   #29
[    0.723409] .... node  #0, CPUs:   #30
[    0.730615] .... node  #1, CPUs:   #31
[    0.738837] .... node  #0, CPUs:   #32
[    0.745922] .... node  #1, CPUs:   #33
[    0.754006] .... node  #0, CPUs:   #34
[    0.761102] .... node  #1, CPUs:   #35
[    0.769230] .... node  #0, CPUs:   #36
[    0.776450] .... node  #1, CPUs:   #37
[    0.784298] .... node  #0, CPUs:   #38
[    0.790971] .... node  #1, CPUs:   #39
[    0.798858] smp: Brought up 2 nodes, 40 CPUs
[    0.798858] smpboot: Max logical packages: 2
[    0.798858] smpboot: Total of 40 processors activated (168031.03 BogoMIPS)
[    0.804023] devtmpfs: initialized
[    0.804023] x86/mm: Memory block size: 2048MB
[    0.804561] PM: Registering ACPI NVS region [mem 0x6ebff000-0x6f9fefff] (14680064 bytes)
[    0.804565] clocksource: jiffies: mask: 0xffffffff max_cycles: 0xffffffff, max_idle_ns: 7645041785100000 ns
[    0.804896] futex hash table entries: 16384 (order: 8, 1048576 bytes, vmalloc)
[    0.805081] pinctrl core: initialized pinctrl subsystem
[    0.805216] PM: RTC time: 12:08:59, date: 2024-12-20
[    0.805423] NET: Registered protocol family 16
[    0.808940] DMA: preallocated 8192 KiB GFP_KERNEL pool for atomic allocations
[    0.810564] DMA: preallocated 8192 KiB GFP_KERNEL|GFP_DMA pool for atomic allocations
[    0.812168] DMA: preallocated 8192 KiB GFP_KERNEL|GFP_DMA32 pool for atomic allocations
[    0.812175] audit: initializing netlink subsys (disabled)
[    0.812181] audit: type=2000 audit(1734696538.444:1): state=initialized audit_enabled=0 res=1
[    0.812361] thermal_sys: Registered thermal governor 'fair_share'
[    0.812363] thermal_sys: Registered thermal governor 'bang_bang'
[    0.812364] thermal_sys: Registered thermal governor 'step_wise'
[    0.812365] thermal_sys: Registered thermal governor 'user_space'
[    0.812366] thermal_sys: Registered thermal governor 'power_allocator'
[    0.812371] EISA bus registered
[    0.812387] cpuidle: using governor ladder
[    0.812387] cpuidle: using governor menu
[    0.812387] Detected 1 PCC Subspaces
[    0.812387] Registering PCC driver as Mailbox controller
[    0.812387] ACPI FADT declares the system doesn't support PCIe ASPM, so disable it
[    0.812387] ACPI: bus type PCI registered
[    0.812387] acpiphp: ACPI Hot Plug PCI Controller Driver version: 0.5
[    0.812398] PCI: MMCONFIG for domain 0000 [bus 00-ff] at [mem 0x80000000-0x8fffffff] (base 0x80000000)
[    0.812403] PCI: MMCONFIG at [mem 0x80000000-0x8fffffff] reserved in E820
[    0.812410] pmd_set_huge: Cannot satisfy [mem 0x80000000-0x80200000] with a huge-page mapping due to MTRR override.
[    0.812731] PCI: Using configuration type 1 for base access
[    0.812742] PCI: Dell System detected, enabling pci=bfsort.
[    0.813795] ENERGY_PERF_BIAS: Set to 'normal', was 'performance'
[    0.816304] HugeTLB registered 1.00 GiB page size, pre-allocated 0 pages
[    0.816304] HugeTLB registered 2.00 MiB page size, pre-allocated 0 pages
[    0.816331] fbcon: Taking over console
[    0.816398] ACPI: Added _OSI(Module Device)
[    0.816399] ACPI: Added _OSI(Processor Device)
[    0.816400] ACPI: Added _OSI(3.0 _SCP Extensions)
[    0.816401] ACPI: Added _OSI(Processor Aggregator Device)
[    0.816402] ACPI: Added _OSI(Linux-Dell-Video)
[    0.816403] ACPI: Added _OSI(Linux-Lenovo-NV-HDMI-Audio)
[    0.816404] ACPI: Added _OSI(Linux-HPI-Hybrid-Graphics)
[    0.921629] ACPI: 5 ACPI AML tables successfully acquired and loaded
[    0.930614] ACPI: [Firmware Bug]: BIOS _OSI(Linux) query ignored
[    0.937676] ACPI: Dynamic OEM Table Load:
[    1.130052] ACPI: Interpreter enabled
[    1.130074] ACPI: (supports S0 S5)
[    1.130075] ACPI: Using IOAPIC for interrupt routing
[    1.130192] HEST: Table parsing has been initialized.
[    1.130194] PCI: Using host bridge windows from ACPI; if necessary, use "pci=nocrs" and report a bug
[    1.146336] ACPI: Enabled 5 GPEs in block 00 to 7F
[    1.222650] ACPI: PCI Root Bridge [PC00] (domain 0000 [bus 00-16])
[    1.222657] acpi PNP0A08:00: _OSC: OS supports [ExtendedConfig ASPM ClockPM Segments MSI EDR HPX-Type3]
[    1.222777] acpi PNP0A08:00: _OSC: platform does not support [SHPCHotplug AER LTR DPC]
[    1.222886] acpi PNP0A08:00: _OSC: OS now controls [PCIeHotplug PME PCIeCapability]
[    1.222887] acpi PNP0A08:00: FADT indicates ASPM is unsupported, using BIOS configuration
[    1.224786] PCI host bridge to bus 0000:00
[    1.224787] pci_bus 0000:00: root bus resource [io  0x0000-0x0cf7 window]
[    1.224790] pci_bus 0000:00: root bus resource [io  0x1000-0x3fff window]
[    1.224791] pci_bus 0000:00: root bus resource [mem 0x000a0000-0x000bffff window]
[    1.224793] pci_bus 0000:00: root bus resource [mem 0x000c4000-0x000c7fff window]
[    1.224794] pci_bus 0000:00: root bus resource [mem 0xfe010000-0xfe010fff window]
[    1.224796] pci_bus 0000:00: root bus resource [mem 0x90000000-0x9d7fffff window]
[    1.224797] pci_bus 0000:00: root bus resource [mem 0x380000000000-0x383fffffffff window]
[    1.224799] pci_bus 0000:00: root bus resource [bus 00-16]
[    1.224815] pci 0000:00:00.0: [8086:2020] type 00 class 0x060000
[    1.225654] pci 0000:00:05.0: [8086:2024] type 00 class 0x088000
[    1.226461] pci 0000:00:05.2: [8086:2025] type 00 class 0x088000
[    1.227251] pci 0000:00:05.4: [8086:2026] type 00 class 0x080020
[    1.227268] pci 0000:00:05.4: reg 0x10: [mem 0x92f20000-0x92f20fff]
[    1.228072] pci 0000:00:08.0: [8086:2014] type 00 class 0x088000
[    1.228857] pci 0000:00:08.1: [8086:2015] type 00 class 0x110100
[    1.229622] pci 0000:00:08.2: [8086:2016] type 00 class 0x088000
[    1.230419] pci 0000:00:11.0: [8086:a1ec] type 00 class 0xff0000
[    1.230422] pci 0000:00:11.0: device has non-compliant BARs; disabling IO/MEM decoding
[    1.231217] pci 0000:00:11.5: [8086:a1d2] type 00 class 0x010601
[    1.231240] pci 0000:00:11.5: reg 0x10: [mem 0x92f16000-0x92f17fff]
[    1.231253] pci 0000:00:11.5: reg 0x14: [mem 0x92f1f000-0x92f1f0ff]
[    1.231267] pci 0000:00:11.5: reg 0x18: [io  0x2068-0x206f]
[    1.231281] pci 0000:00:11.5: reg 0x1c: [io  0x2074-0x2077]
[    1.231294] pci 0000:00:11.5: reg 0x20: [io  0x2040-0x205f]
[    1.231307] pci 0000:00:11.5: reg 0x24: [mem 0x92e80000-0x92efffff]
[    1.231349] pci 0000:00:11.5: PME# supported from D3hot
[    1.232172] pci 0000:00:14.0: [8086:a1af] type 00 class 0x0c0330
[    1.232202] pci 0000:00:14.0: reg 0x10: [mem 0x92f00000-0x92f0ffff 64bit]
[    1.232292] pci 0000:00:14.0: PME# supported from D3hot D3cold
[    1.233122] pci 0000:00:14.2: [8086:a1b1] type 00 class 0x118000
[    1.233151] pci 0000:00:14.2: reg 0x10: [mem 0x92f1c000-0x92f1cfff 64bit]
[    1.234000] pci 0000:00:16.0: [8086:a1ba] type 00 class 0x078000
[    1.234035] pci 0000:00:16.0: reg 0x10: [mem 0x92f1b000-0x92f1bfff 64bit]
[    1.234145] pci 0000:00:16.0: PME# supported from D3hot
[    1.234906] pci 0000:00:16.1: [8086:a1bb] type 00 class 0x078000
[    1.234940] pci 0000:00:16.1: reg 0x10: [mem 0x92f1a000-0x92f1afff 64bit]
[    1.235050] pci 0000:00:16.1: PME# supported from D3hot
[    1.235821] pci 0000:00:16.4: [8086:a1be] type 00 class 0x078000
[    1.235855] pci 0000:00:16.4: reg 0x10: [mem 0x92f19000-0x92f19fff 64bit]
[    1.235965] pci 0000:00:16.4: PME# supported from D3hot
[    1.236727] pci 0000:00:17.0: [8086:a182] type 00 class 0x010601
[    1.236749] pci 0000:00:17.0: reg 0x10: [mem 0x92f14000-0x92f15fff]
[    1.236763] pci 0000:00:17.0: reg 0x14: [mem 0x92f1e000-0x92f1e0ff]
[    1.236776] pci 0000:00:17.0: reg 0x18: [io  0x2060-0x2067]
[    1.236790] pci 0000:00:17.0: reg 0x1c: [io  0x2070-0x2073]
[    1.236803] pci 0000:00:17.0: reg 0x20: [io  0x2020-0x203f]
[    1.236816] pci 0000:00:17.0: reg 0x24: [mem 0x92e00000-0x92e7ffff]
[    1.236857] pci 0000:00:17.0: PME# supported from D3hot
[    1.237676] pci 0000:00:1c.0: [8086:a190] type 01 class 0x060400
[    1.238465] pci 0000:00:1c.0: PME# supported from D0 D3hot D3cold
[    1.238700] pci 0000:00:1c.4: [8086:a194] type 01 class 0x060400
[    1.238789] pci 0000:00:1c.4: PME# supported from D0 D3hot D3cold
[    1.239735] pci 0000:00:1f.0: [8086:a1c1] type 00 class 0x060100
[    1.240690] pci 0000:00:1f.2: [8086:a1a1] type 00 class 0x058000
[    1.240714] pci 0000:00:1f.2: reg 0x10: [mem 0x92f10000-0x92f13fff]
[    1.241603] pci 0000:00:1f.4: [8086:a1a3] type 00 class 0x0c0500
[    1.241634] pci 0000:00:1f.4: reg 0x10: [mem 0x92f18000-0x92f180ff 64bit]
[    1.241675] pci 0000:00:1f.4: reg 0x20: [io  0x2000-0x201f]
[    1.242451] pci 0000:00:1f.5: [8086:a1a4] type 00 class 0x0c8000
[    1.242476] pci 0000:00:1f.5: reg 0x10: [mem 0xfe010000-0xfe010fff]
[    1.243358] pci 0000:00:1c.0: PCI bridge to [bus 01]
[    1.243363] pci 0000:00:1c.0:   bridge window [mem 0x92a00000-0x92dfffff]
[    1.243422] pci 0000:02:00.0: [1556:be00] type 01 class 0x060400
[    1.252271] pci 0000:00:1c.4: PCI bridge to [bus 02-03]
[    1.252276] pci 0000:00:1c.4:   bridge window [mem 0x92000000-0x928fffff]
[    1.252280] pci 0000:00:1c.4:   bridge window [mem 0x91000000-0x91ffffff 64bit pref]
[    1.252311] pci_bus 0000:03: extended config space not accessible
[    1.252331] pci 0000:03:00.0: [102b:0536] type 00 class 0x030000
[    1.252360] pci 0000:03:00.0: reg 0x10: [mem 0x91000000-0x91ffffff pref]
[    1.252377] pci 0000:03:00.0: reg 0x14: [mem 0x92808000-0x9280bfff]
[    1.252394] pci 0000:03:00.0: reg 0x18: [mem 0x92000000-0x927fffff]
[    1.252467] pci 0000:03:00.0: BAR 0: assigned to efifb
[    1.252560] pci 0000:02:00.0: PCI bridge to [bus 03]
[    1.252569] pci 0000:02:00.0:   bridge window [mem 0x92000000-0x928fffff]
[    1.252575] pci 0000:02:00.0:   bridge window [mem 0x91000000-0x91ffffff 64bit pref]
[    1.252603] pci_bus 0000:00: on NUMA node 0
[    1.252994] ACPI: PCI Interrupt Link [LNKA] (IRQs 3 4 5 6 10 *11 12 14 15)
[    1.253095] ACPI: PCI Interrupt Link [LNKB] (IRQs 3 4 5 *6 10 11 12 14 15)
[    1.253193] ACPI: PCI Interrupt Link [LNKC] (IRQs 3 4 *5 6 10 11 12 14 15)
[    1.253291] ACPI: PCI Interrupt Link [LNKD] (IRQs 3 4 5 6 10 *11 12 14 15)
[    1.253388] ACPI: PCI Interrupt Link [LNKE] (IRQs 3 4 5 6 10 *11 12 14 15)
[    1.253486] ACPI: PCI Interrupt Link [LNKF] (IRQs 3 4 5 *6 10 11 12 14 15)
[    1.253583] ACPI: PCI Interrupt Link [LNKG] (IRQs 3 4 *5 6 10 11 12 14 15)
[    1.253683] ACPI: PCI Interrupt Link [LNKH] (IRQs 3 4 5 6 10 *11 12 14 15)
[    1.254118] ACPI: PCI Root Bridge [PC01] (domain 0000 [bus 17-39])
[    1.254122] acpi PNP0A08:01: _OSC: OS supports [ExtendedConfig ASPM ClockPM Segments MSI EDR HPX-Type3]
[    1.254288] acpi PNP0A08:01: _OSC: platform does not support [SHPCHotplug AER LTR DPC]
[    1.254467] acpi PNP0A08:01: _OSC: OS now controls [PCIeHotplug PME PCIeCapability]
[    1.254469] acpi PNP0A08:01: FADT indicates ASPM is unsupported, using BIOS configuration
[    1.254696] PCI host bridge to bus 0000:17
[    1.254697] pci_bus 0000:17: root bus resource [io  0x4000-0x5fff window]
[    1.254699] pci_bus 0000:17: root bus resource [mem 0x9d800000-0xaaffffff window]
[    1.254701] pci_bus 0000:17: root bus resource [mem 0x384000000000-0x387fffffffff window]
[    1.254703] pci_bus 0000:17: root bus resource [bus 17-39]
[    1.254718] pci 0000:17:00.0: [8086:2030] type 01 class 0x060400
[    1.254793] pci 0000:17:00.0: PME# supported from D0 D3hot D3cold
[    1.255026] pci 0000:17:02.0: [8086:2032] type 01 class 0x060400
[    1.255070] pci 0000:17:02.0: enabling Extended Tags
[    1.255103] pci 0000:17:02.0: PME# supported from D0 D3hot D3cold
[    1.255208] pci 0000:17:03.0: [8086:2033] type 01 class 0x060400
[    1.255252] pci 0000:17:03.0: enabling Extended Tags
[    1.255284] pci 0000:17:03.0: PME# supported from D0 D3hot D3cold
[    1.255380] pci 0000:17:05.0: [8086:2034] type 00 class 0x088000
[    1.255500] pci 0000:17:05.2: [8086:2035] type 00 class 0x088000
[    1.255613] pci 0000:17:05.4: [8086:2036] type 00 class 0x080020
[    1.255629] pci 0000:17:05.4: reg 0x10: [mem 0x9e500000-0x9e500fff]
[    1.255757] pci 0000:17:08.0: [8086:208d] type 00 class 0x088000
[    1.255858] pci 0000:17:08.1: [8086:208d] type 00 class 0x088000
[    1.255945] pci 0000:17:08.2: [8086:208d] type 00 class 0x088000
[    1.256040] pci 0000:17:08.3: [8086:208d] type 00 class 0x088000
[    1.256126] pci 0000:17:08.4: [8086:208d] type 00 class 0x088000
[    1.256212] pci 0000:17:08.5: [8086:208d] type 00 class 0x088000
[    1.256301] pci 0000:17:08.6: [8086:208d] type 00 class 0x088000
[    1.256388] pci 0000:17:08.7: [8086:208d] type 00 class 0x088000
[    1.256474] pci 0000:17:09.0: [8086:208d] type 00 class 0x088000
[    1.256574] pci 0000:17:09.1: [8086:208d] type 00 class 0x088000
[    1.256661] pci 0000:17:09.2: [8086:208d] type 00 class 0x088000
[    1.256755] pci 0000:17:09.3: [8086:208d] type 00 class 0x088000
[    1.256841] pci 0000:17:09.4: [8086:208d] type 00 class 0x088000
[    1.256928] pci 0000:17:09.5: [8086:208d] type 00 class 0x088000
[    1.257015] pci 0000:17:09.6: [8086:208d] type 00 class 0x088000
[    1.257102] pci 0000:17:09.7: [8086:208d] type 00 class 0x088000
[    1.257190] pci 0000:17:0a.0: [8086:208d] type 00 class 0x088000
[    1.257288] pci 0000:17:0a.1: [8086:208d] type 00 class 0x088000
[    1.257377] pci 0000:17:0a.2: [8086:208d] type 00 class 0x088000
[    1.257472] pci 0000:17:0a.3: [8086:208d] type 00 class 0x088000
[    1.257559] pci 0000:17:0a.4: [8086:208d] type 00 class 0x088000
[    1.257648] pci 0000:17:0a.5: [8086:208d] type 00 class 0x088000
[    1.257734] pci 0000:17:0a.6: [8086:208d] type 00 class 0x088000
[    1.257820] pci 0000:17:0a.7: [8086:208d] type 00 class 0x088000
[    1.257908] pci 0000:17:0b.0: [8086:208d] type 00 class 0x088000
[    1.258012] pci 0000:17:0b.1: [8086:208d] type 00 class 0x088000
[    1.258100] pci 0000:17:0b.2: [8086:208d] type 00 class 0x088000
[    1.258193] pci 0000:17:0b.3: [8086:208d] type 00 class 0x088000
[    1.258284] pci 0000:17:0e.0: [8086:208e] type 00 class 0x088000
[    1.258383] pci 0000:17:0e.1: [8086:208e] type 00 class 0x088000
[    1.258469] pci 0000:17:0e.2: [8086:208e] type 00 class 0x088000
[    1.258556] pci 0000:17:0e.3: [8086:208e] type 00 class 0x088000
[    1.258642] pci 0000:17:0e.4: [8086:208e] type 00 class 0x088000
[    1.258729] pci 0000:17:0e.5: [8086:208e] type 00 class 0x088000
[    1.258816] pci 0000:17:0e.6: [8086:208e] type 00 class 0x088000
[    1.258909] pci 0000:17:0e.7: [8086:208e] type 00 class 0x088000
[    1.258997] pci 0000:17:0f.0: [8086:208e] type 00 class 0x088000
[    1.259096] pci 0000:17:0f.1: [8086:208e] type 00 class 0x088000
[    1.259183] pci 0000:17:0f.2: [8086:208e] type 00 class 0x088000
[    1.259270] pci 0000:17:0f.3: [8086:208e] type 00 class 0x088000
[    1.259357] pci 0000:17:0f.4: [8086:208e] type 00 class 0x088000
[    1.259448] pci 0000:17:0f.5: [8086:208e] type 00 class 0x088000
[    1.259536] pci 0000:17:0f.6: [8086:208e] type 00 class 0x088000
[    1.259629] pci 0000:17:0f.7: [8086:208e] type 00 class 0x088000
[    1.259717] pci 0000:17:10.0: [8086:208e] type 00 class 0x088000
[    1.259817] pci 0000:17:10.1: [8086:208e] type 00 class 0x088000
[    1.259906] pci 0000:17:10.2: [8086:208e] type 00 class 0x088000
[    1.259993] pci 0000:17:10.3: [8086:208e] type 00 class 0x088000
[    1.260081] pci 0000:17:10.4: [8086:208e] type 00 class 0x088000
[    1.260170] pci 0000:17:10.5: [8086:208e] type 00 class 0x088000
[    1.260257] pci 0000:17:10.6: [8086:208e] type 00 class 0x088000
[    1.260353] pci 0000:17:10.7: [8086:208e] type 00 class 0x088000
[    1.260441] pci 0000:17:11.0: [8086:208e] type 00 class 0x088000
[    1.260541] pci 0000:17:11.1: [8086:208e] type 00 class 0x088000
[    1.260629] pci 0000:17:11.2: [8086:208e] type 00 class 0x088000
[    1.260716] pci 0000:17:11.3: [8086:208e] type 00 class 0x088000
[    1.260816] pci 0000:17:1d.0: [8086:2054] type 00 class 0x088000
[    1.260917] pci 0000:17:1d.1: [8086:2055] type 00 class 0x088000
[    1.261006] pci 0000:17:1d.2: [8086:2056] type 00 class 0x088000
[    1.261107] pci 0000:17:1d.3: [8086:2057] type 00 class 0x088000
[    1.261199] pci 0000:17:1e.0: [8086:2080] type 00 class 0x088000
[    1.261298] pci 0000:17:1e.1: [8086:2081] type 00 class 0x088000
[    1.261388] pci 0000:17:1e.2: [8086:2082] type 00 class 0x088000
[    1.261507] pci 0000:17:1e.3: [8086:2083] type 00 class 0x088000
[    1.261595] pci 0000:17:1e.4: [8086:2084] type 00 class 0x088000
[    1.261683] pci 0000:17:1e.5: [8086:2085] type 00 class 0x088000
[    1.261770] pci 0000:17:1e.6: [8086:2086] type 00 class 0x088000
[    1.261906] pci 0000:18:00.0: [1000:005d] type 00 class 0x010400
[    1.261925] pci 0000:18:00.0: reg 0x10: [io  0x4000-0x40ff]
[    1.261942] pci 0000:18:00.0: reg 0x14: [mem 0x9e400000-0x9e40ffff 64bit]
[    1.261959] pci 0000:18:00.0: reg 0x1c: [mem 0x9e300000-0x9e3fffff 64bit]
[    1.261981] pci 0000:18:00.0: reg 0x30: [mem 0xfff00000-0xffffffff pref]
[    1.262019] pci 0000:18:00.0: supports D1 D2
[    1.262070] pci 0000:17:00.0: PCI bridge to [bus 18]
[    1.262073] pci 0000:17:00.0:   bridge window [io  0x4000-0x4fff]
[    1.262075] pci 0000:17:00.0:   bridge window [mem 0x9e300000-0x9e4fffff]
[    1.262217] pci 0000:19:00.0: [8086:1563] type 00 class 0x020000
[    1.262245] pci 0000:19:00.0: reg 0x10: [mem 0x9dc00000-0x9dffffff 64bit pref]
[    1.262288] pci 0000:19:00.0: reg 0x20: [mem 0x9e004000-0x9e007fff 64bit pref]
[    1.262301] pci 0000:19:00.0: reg 0x30: [mem 0xfff80000-0xffffffff pref]
[    1.262360] pci 0000:19:00.0: PME# supported from D0 D3hot D3cold
[    1.262588] pci 0000:19:00.1: [8086:1563] type 00 class 0x020000
[    1.262616] pci 0000:19:00.1: reg 0x10: [mem 0x9d800000-0x9dbfffff 64bit pref]
[    1.262659] pci 0000:19:00.1: reg 0x20: [mem 0x9e000000-0x9e003fff 64bit pref]
[    1.262672] pci 0000:19:00.1: reg 0x30: [mem 0xfff80000-0xffffffff pref]
[    1.262726] pci 0000:19:00.1: PME# supported from D0 D3hot D3cold
[    1.262920] pci 0000:17:02.0: PCI bridge to [bus 19]
[    1.262925] pci 0000:17:02.0:   bridge window [mem 0x9d800000-0x9e0fffff 64bit pref]
[    1.262985] pci 0000:1a:00.0: [8086:1521] type 00 class 0x020000
[    1.263007] pci 0000:1a:00.0: reg 0x10: [mem 0x9e180000-0x9e1fffff]
[    1.263044] pci 0000:1a:00.0: reg 0x1c: [mem 0x9e204000-0x9e207fff]
[    1.263080] pci 0000:1a:00.0: reg 0x30: [mem 0xfff80000-0xffffffff pref]
[    1.263137] pci 0000:1a:00.0: PME# supported from D0 D3hot D3cold
[    1.263323] pci 0000:1a:00.1: [8086:1521] type 00 class 0x020000
[    1.263345] pci 0000:1a:00.1: reg 0x10: [mem 0x9e100000-0x9e17ffff]
[    1.263382] pci 0000:1a:00.1: reg 0x1c: [mem 0x9e200000-0x9e203fff]
[    1.263419] pci 0000:1a:00.1: reg 0x30: [mem 0xfff80000-0xffffffff pref]
[    1.263473] pci 0000:1a:00.1: PME# supported from D0 D3hot D3cold
[    1.263638] pci 0000:17:03.0: PCI bridge to [bus 1a]
[    1.263641] pci 0000:17:03.0:   bridge window [mem 0x9e100000-0x9e2fffff]
[    1.263674] pci_bus 0000:17: on NUMA node 0
[    1.263836] ACPI: PCI Root Bridge [PC02] (domain 0000 [bus 3a-5c])
[    1.263841] acpi PNP0A08:02: _OSC: OS supports [ExtendedConfig ASPM ClockPM Segments MSI EDR HPX-Type3]
[    1.263996] acpi PNP0A08:02: _OSC: platform does not support [SHPCHotplug AER LTR DPC]
[    1.264153] acpi PNP0A08:02: _OSC: OS now controls [PCIeHotplug PME PCIeCapability]
[    1.264154] acpi PNP0A08:02: FADT indicates ASPM is unsupported, using BIOS configuration
[    1.264346] PCI host bridge to bus 0000:3a
[    1.264347] pci_bus 0000:3a: root bus resource [io  0x6000-0x7fff window]
[    1.264349] pci_bus 0000:3a: root bus resource [mem 0xab000000-0xb87fffff window]
[    1.264351] pci_bus 0000:3a: root bus resource [mem 0x388000000000-0x38bfffffffff window]
[    1.264352] pci_bus 0000:3a: root bus resource [bus 3a-5c]
[    1.264367] pci 0000:3a:00.0: [8086:2030] type 01 class 0x060400
[    1.264441] pci 0000:3a:00.0: PME# supported from D0 D3hot D3cold
[    1.264654] pci 0000:3a:05.0: [8086:2034] type 00 class 0x088000
[    1.264762] pci 0000:3a:05.2: [8086:2035] type 00 class 0x088000
[    1.264876] pci 0000:3a:05.4: [8086:2036] type 00 class 0x080020
[    1.264893] pci 0000:3a:05.4: reg 0x10: [mem 0xab100000-0xab100fff]
[    1.265012] pci 0000:3a:08.0: [8086:2066] type 00 class 0x088000
[    1.265127] pci 0000:3a:09.0: [8086:2066] type 00 class 0x088000
[    1.265234] pci 0000:3a:0a.0: [8086:2040] type 00 class 0x088000
[    1.265342] pci 0000:3a:0a.1: [8086:2041] type 00 class 0x088000
[    1.265434] pci 0000:3a:0a.2: [8086:2042] type 00 class 0x088000
[    1.265529] pci 0000:3a:0a.3: [8086:2043] type 00 class 0x088000
[    1.265622] pci 0000:3a:0a.4: [8086:2044] type 00 class 0x088000
[    1.265725] pci 0000:3a:0a.5: [8086:2045] type 00 class 0x088000
[    1.265818] pci 0000:3a:0a.6: [8086:2046] type 00 class 0x088000
[    1.265910] pci 0000:3a:0a.7: [8086:2047] type 00 class 0x088000
[    1.266002] pci 0000:3a:0b.0: [8086:2048] type 00 class 0x088000
[    1.266107] pci 0000:3a:0b.1: [8086:2049] type 00 class 0x088000
[    1.266198] pci 0000:3a:0b.2: [8086:204a] type 00 class 0x088000
[    1.266292] pci 0000:3a:0b.3: [8086:204b] type 00 class 0x088000
[    1.266386] pci 0000:3a:0c.0: [8086:2040] type 00 class 0x088000
[    1.266507] pci 0000:3a:0c.1: [8086:2041] type 00 class 0x088000
[    1.266604] pci 0000:3a:0c.2: [8086:2042] type 00 class 0x088000
[    1.266700] pci 0000:3a:0c.3: [8086:2043] type 00 class 0x088000
[    1.266794] pci 0000:3a:0c.4: [8086:2044] type 00 class 0x088000
[    1.266887] pci 0000:3a:0c.5: [8086:2045] type 00 class 0x088000
[    1.266980] pci 0000:3a:0c.6: [8086:2046] type 00 class 0x088000
[    1.267076] pci 0000:3a:0c.7: [8086:2047] type 00 class 0x088000
[    1.267170] pci 0000:3a:0d.0: [8086:2048] type 00 class 0x088000
[    1.267287] pci 0000:3a:0d.1: [8086:2049] type 00 class 0x088000
[    1.267381] pci 0000:3a:0d.2: [8086:204a] type 00 class 0x088000
[    1.267476] pci 0000:3a:0d.3: [8086:204b] type 00 class 0x088000
[    1.267618] pci 0000:3b:00.0: [8086:2700] type 00 class 0x010802
[    1.267641] pci 0000:3b:00.0: reg 0x10: [mem 0xab000000-0xab003fff 64bit]
[    1.267694] pci 0000:3b:00.0: reg 0x30: [mem 0xffff0000-0xffffffff pref]
[    1.268080] pci 0000:3a:00.0: PCI bridge to [bus 3b]
[    1.268083] pci 0000:3a:00.0:   bridge window [mem 0xab000000-0xab0fffff]
[    1.268097] pci_bus 0000:3a: on NUMA node 0
[    1.268220] ACPI: PCI Root Bridge [PC03] (domain 0000 [bus 5d-7f])
[    1.268224] acpi PNP0A08:03: _OSC: OS supports [ExtendedConfig ASPM ClockPM Segments MSI EDR HPX-Type3]
[    1.268379] acpi PNP0A08:03: _OSC: platform does not support [SHPCHotplug AER LTR DPC]
[    1.268535] acpi PNP0A08:03: _OSC: OS now controls [PCIeHotplug PME PCIeCapability]
[    1.268537] acpi PNP0A08:03: FADT indicates ASPM is unsupported, using BIOS configuration
[    1.268766] PCI host bridge to bus 0000:5d
[    1.268767] pci_bus 0000:5d: root bus resource [io  0x8000-0x9fff window]
[    1.268769] pci_bus 0000:5d: root bus resource [mem 0xb8800000-0xc5ffffff window]
[    1.268770] pci_bus 0000:5d: root bus resource [mem 0x38c000000000-0x38ffffffffff window]
[    1.268772] pci_bus 0000:5d: root bus resource [bus 5d-7f]
[    1.268784] pci 0000:5d:05.0: [8086:2034] type 00 class 0x088000
[    1.268896] pci 0000:5d:05.2: [8086:2035] type 00 class 0x088000
[    1.269002] pci 0000:5d:05.4: [8086:2036] type 00 class 0x080020
[    1.269019] pci 0000:5d:05.4: reg 0x10: [mem 0xb8800000-0xb8800fff]
[    1.269143] pci 0000:5d:0e.0: [8086:2058] type 00 class 0x110100
[    1.269263] pci 0000:5d:0e.1: [8086:2059] type 00 class 0x088000
[    1.269355] pci 0000:5d:0f.0: [8086:2058] type 00 class 0x110100
[    1.269471] pci 0000:5d:0f.1: [8086:2059] type 00 class 0x088000
[    1.269565] pci 0000:5d:10.0: [8086:2058] type 00 class 0x110100
[    1.269670] pci 0000:5d:10.1: [8086:2059] type 00 class 0x088000
[    1.269769] pci 0000:5d:12.0: [8086:204c] type 00 class 0x110100
[    1.269872] pci 0000:5d:12.1: [8086:204d] type 00 class 0x110100
[    1.269949] pci 0000:5d:12.2: [8086:204e] type 00 class 0x088000
[    1.270034] pci 0000:5d:12.4: [8086:204c] type 00 class 0x110100
[    1.270124] pci 0000:5d:12.5: [8086:204d] type 00 class 0x110100
[    1.270204] pci 0000:5d:15.0: [8086:2018] type 00 class 0x088000
[    1.270294] pci 0000:5d:15.1: [8086:2088] type 00 class 0x110100
[    1.270374] pci 0000:5d:16.0: [8086:2018] type 00 class 0x088000
[    1.270470] pci 0000:5d:16.1: [8086:2088] type 00 class 0x110100
[    1.270549] pci 0000:5d:16.4: [8086:2018] type 00 class 0x088000
[    1.270628] pci 0000:5d:16.5: [8086:2088] type 00 class 0x110100
[    1.270719] pci 0000:5d:17.0: [8086:2018] type 00 class 0x088000
[    1.270808] pci 0000:5d:17.1: [8086:2088] type 00 class 0x110100
[    1.270892] pci_bus 0000:5d: on NUMA node 0
[    1.271124] ACPI: PCI Root Bridge [PC06] (domain 0000 [bus 80-84])
[    1.271127] acpi PNP0A08:06: _OSC: OS supports [ExtendedConfig ASPM ClockPM Segments MSI EDR HPX-Type3]
[    1.271282] acpi PNP0A08:06: _OSC: platform does not support [SHPCHotplug AER LTR DPC]
[    1.271438] acpi PNP0A08:06: _OSC: OS now controls [PCIeHotplug PME PCIeCapability]
[    1.271439] acpi PNP0A08:06: FADT indicates ASPM is unsupported, using BIOS configuration
[    1.271485] acpi PNP0A08:06: host bridge window [io  0x0000 window] (ignored, not CPU addressable)
[    1.271601] PCI host bridge to bus 0000:80
[    1.271602] pci_bus 0000:80: root bus resource [mem 0xc6000000-0xd37fffff window]
[    1.271604] pci_bus 0000:80: root bus resource [mem 0x390000000000-0x393fffffffff window]
[    1.271605] pci_bus 0000:80: root bus resource [bus 80-84]
[    1.271630] pci 0000:80:05.0: [8086:2024] type 00 class 0x088000
[    1.271758] pci 0000:80:05.2: [8086:2025] type 00 class 0x088000
[    1.271869] pci 0000:80:05.4: [8086:2026] type 00 class 0x080020
[    1.271886] pci 0000:80:05.4: reg 0x10: [mem 0xc6000000-0xc6000fff]
[    1.272015] pci 0000:80:08.0: [8086:2014] type 00 class 0x088000
[    1.272122] pci 0000:80:08.1: [8086:2015] type 00 class 0x110100
[    1.272206] pci 0000:80:08.2: [8086:2016] type 00 class 0x088000
[    1.272320] pci_bus 0000:80: on NUMA node 1
[    1.272428] ACPI: PCI Root Bridge [PC07] (domain 0000 [bus 85-ad])
[    1.272431] acpi PNP0A08:07: _OSC: OS supports [ExtendedConfig ASPM ClockPM Segments MSI EDR HPX-Type3]
[    1.272584] acpi PNP0A08:07: _OSC: platform does not support [SHPCHotplug AER LTR DPC]
[    1.272740] acpi PNP0A08:07: _OSC: OS now controls [PCIeHotplug PME PCIeCapability]
[    1.272742] acpi PNP0A08:07: FADT indicates ASPM is unsupported, using BIOS configuration
[    1.273019] PCI host bridge to bus 0000:85
[    1.273020] pci_bus 0000:85: root bus resource [io  0xa000-0xbfff window]
[    1.273022] pci_bus 0000:85: root bus resource [mem 0xd3800000-0xe0ffffff window]
[    1.273024] pci_bus 0000:85: root bus resource [mem 0x394000000000-0x397fffffffff window]
[    1.273026] pci_bus 0000:85: root bus resource [bus 85-ad]
[    1.273043] pci 0000:85:00.0: [8086:2030] type 01 class 0x060400
[    1.273123] pci 0000:85:00.0: PME# supported from D0 D3hot D3cold
[    1.273369] pci 0000:85:05.0: [8086:2034] type 00 class 0x088000
[    1.273489] pci 0000:85:05.2: [8086:2035] type 00 class 0x088000
[    1.273607] pci 0000:85:05.4: [8086:2036] type 00 class 0x080020
[    1.273624] pci 0000:85:05.4: reg 0x10: [mem 0xd3900000-0xd3900fff]
[    1.273759] pci 0000:85:08.0: [8086:208d] type 00 class 0x088000
[    1.273862] pci 0000:85:08.1: [8086:208d] type 00 class 0x088000
[    1.273955] pci 0000:85:08.2: [8086:208d] type 00 class 0x088000
[    1.274045] pci 0000:85:08.3: [8086:208d] type 00 class 0x088000
[    1.274145] pci 0000:85:08.4: [8086:208d] type 00 class 0x088000
[    1.274235] pci 0000:85:08.5: [8086:208d] type 00 class 0x088000
[    1.274324] pci 0000:85:08.6: [8086:208d] type 00 class 0x088000
[    1.274416] pci 0000:85:08.7: [8086:208d] type 00 class 0x088000
[    1.274506] pci 0000:85:09.0: [8086:208d] type 00 class 0x088000
[    1.274610] pci 0000:85:09.1: [8086:208d] type 00 class 0x088000
[    1.274701] pci 0000:85:09.2: [8086:208d] type 00 class 0x088000
[    1.274793] pci 0000:85:09.3: [8086:208d] type 00 class 0x088000
[    1.274895] pci 0000:85:09.4: [8086:208d] type 00 class 0x088000
[    1.274985] pci 0000:85:09.5: [8086:208d] type 00 class 0x088000
[    1.275076] pci 0000:85:09.6: [8086:208d] type 00 class 0x088000
[    1.275175] pci 0000:85:09.7: [8086:208d] type 00 class 0x088000
[    1.275265] pci 0000:85:0a.0: [8086:208d] type 00 class 0x088000
[    1.275372] pci 0000:85:0a.1: [8086:208d] type 00 class 0x088000
[    1.275463] pci 0000:85:0a.2: [8086:208d] type 00 class 0x088000
[    1.275554] pci 0000:85:0a.3: [8086:208d] type 00 class 0x088000
[    1.275657] pci 0000:85:0a.4: [8086:208d] type 00 class 0x088000
[    1.275747] pci 0000:85:0a.5: [8086:208d] type 00 class 0x088000
[    1.275839] pci 0000:85:0a.6: [8086:208d] type 00 class 0x088000
[    1.275929] pci 0000:85:0a.7: [8086:208d] type 00 class 0x088000
[    1.276019] pci 0000:85:0b.0: [8086:208d] type 00 class 0x088000
[    1.276123] pci 0000:85:0b.1: [8086:208d] type 00 class 0x088000
[    1.276213] pci 0000:85:0b.2: [8086:208d] type 00 class 0x088000
[    1.276304] pci 0000:85:0b.3: [8086:208d] type 00 class 0x088000
[    1.276405] pci 0000:85:0e.0: [8086:208e] type 00 class 0x088000
[    1.276507] pci 0000:85:0e.1: [8086:208e] type 00 class 0x088000
[    1.276596] pci 0000:85:0e.2: [8086:208e] type 00 class 0x088000
[    1.276686] pci 0000:85:0e.3: [8086:208e] type 00 class 0x088000
[    1.276777] pci 0000:85:0e.4: [8086:208e] type 00 class 0x088000
[    1.276866] pci 0000:85:0e.5: [8086:208e] type 00 class 0x088000
[    1.276955] pci 0000:85:0e.6: [8086:208e] type 00 class 0x088000
[    1.277045] pci 0000:85:0e.7: [8086:208e] type 00 class 0x088000
[    1.277142] pci 0000:85:0f.0: [8086:208e] type 00 class 0x088000
[    1.277245] pci 0000:85:0f.1: [8086:208e] type 00 class 0x088000
[    1.277335] pci 0000:85:0f.2: [8086:208e] type 00 class 0x088000
[    1.277424] pci 0000:85:0f.3: [8086:208e] type 00 class 0x088000
[    1.277516] pci 0000:85:0f.4: [8086:208e] type 00 class 0x088000
[    1.277606] pci 0000:85:0f.5: [8086:208e] type 00 class 0x088000
[    1.277696] pci 0000:85:0f.6: [8086:208e] type 00 class 0x088000
[    1.277786] pci 0000:85:0f.7: [8086:208e] type 00 class 0x088000
[    1.277882] pci 0000:85:10.0: [8086:208e] type 00 class 0x088000
[    1.277985] pci 0000:85:10.1: [8086:208e] type 00 class 0x088000
[    1.278075] pci 0000:85:10.2: [8086:208e] type 00 class 0x088000
[    1.278165] pci 0000:85:10.3: [8086:208e] type 00 class 0x088000
[    1.278257] pci 0000:85:10.4: [8086:208e] type 00 class 0x088000
[    1.278347] pci 0000:85:10.5: [8086:208e] type 00 class 0x088000
[    1.278436] pci 0000:85:10.6: [8086:208e] type 00 class 0x088000
[    1.278526] pci 0000:85:10.7: [8086:208e] type 00 class 0x088000
[    1.278623] pci 0000:85:11.0: [8086:208e] type 00 class 0x088000
[    1.278728] pci 0000:85:11.1: [8086:208e] type 00 class 0x088000
[    1.278818] pci 0000:85:11.2: [8086:208e] type 00 class 0x088000
[    1.278909] pci 0000:85:11.3: [8086:208e] type 00 class 0x088000
[    1.279011] pci 0000:85:1d.0: [8086:2054] type 00 class 0x088000
[    1.279113] pci 0000:85:1d.1: [8086:2055] type 00 class 0x088000
[    1.279208] pci 0000:85:1d.2: [8086:2056] type 00 class 0x088000
[    1.279299] pci 0000:85:1d.3: [8086:2057] type 00 class 0x088000
[    1.279399] pci 0000:85:1e.0: [8086:2080] type 00 class 0x088000
[    1.279503] pci 0000:85:1e.1: [8086:2081] type 00 class 0x088000
[    1.279593] pci 0000:85:1e.2: [8086:2082] type 00 class 0x088000
[    1.279685] pci 0000:85:1e.3: [8086:2083] type 00 class 0x088000
[    1.279775] pci 0000:85:1e.4: [8086:2084] type 00 class 0x088000
[    1.279866] pci 0000:85:1e.5: [8086:2085] type 00 class 0x088000
[    1.279956] pci 0000:85:1e.6: [8086:2086] type 00 class 0x088000
[    1.280095] pci 0000:86:00.0: [144d:a80a] type 00 class 0x010802
[    1.280124] pci 0000:86:00.0: reg 0x10: [mem 0xd3800000-0xd3803fff 64bit]
[    1.280186] pci 0000:86:00.0: reg 0x30: [mem 0xffff0000-0xffffffff pref]
[    1.280577] pci 0000:86:00.0: 31.504 Gb/s available PCIe bandwidth, limited by 8.0 GT/s PCIe x4 link at 0000:85:00.0 (capable of 63.012 Gb/s with 16.0 GT/s PCIe x4 link)
[    1.280667] pci 0000:85:00.0: PCI bridge to [bus 86]
[    1.280671] pci 0000:85:00.0:   bridge window [mem 0xd3800000-0xd38fffff]
[    1.280688] pci_bus 0000:85: on NUMA node 1
[    1.280829] ACPI: PCI Root Bridge [PC08] (domain 0000 [bus ae-d6])
[    1.280833] acpi PNP0A08:08: _OSC: OS supports [ExtendedConfig ASPM ClockPM Segments MSI EDR HPX-Type3]
[    1.280989] acpi PNP0A08:08: _OSC: platform does not support [SHPCHotplug AER LTR DPC]
[    1.281145] acpi PNP0A08:08: _OSC: OS now controls [PCIeHotplug PME PCIeCapability]
[    1.281146] acpi PNP0A08:08: FADT indicates ASPM is unsupported, using BIOS configuration
[    1.281341] PCI host bridge to bus 0000:ae
[    1.281343] pci_bus 0000:ae: root bus resource [io  0xc000-0xdfff window]
[    1.281344] pci_bus 0000:ae: root bus resource [mem 0xe1000000-0xee7fffff window]
[    1.281346] pci_bus 0000:ae: root bus resource [mem 0x398000000000-0x39bfffffffff window]
[    1.281348] pci_bus 0000:ae: root bus resource [bus ae-d6]
[    1.281364] pci 0000:ae:00.0: [8086:2030] type 01 class 0x060400
[    1.281412] pci 0000:ae:00.0: enabling Extended Tags
[    1.281448] pci 0000:ae:00.0: PME# supported from D0 D3hot D3cold
[    1.281684] pci 0000:ae:05.0: [8086:2034] type 00 class 0x088000
[    1.281794] pci 0000:ae:05.2: [8086:2035] type 00 class 0x088000
[    1.281903] pci 0000:ae:05.4: [8086:2036] type 00 class 0x080020
[    1.281920] pci 0000:ae:05.4: reg 0x10: [mem 0xe1100000-0xe1100fff]
[    1.282044] pci 0000:ae:08.0: [8086:2066] type 00 class 0x088000
[    1.282162] pci 0000:ae:09.0: [8086:2066] type 00 class 0x088000
[    1.282279] pci 0000:ae:0a.0: [8086:2040] type 00 class 0x088000
[    1.282388] pci 0000:ae:0a.1: [8086:2041] type 00 class 0x088000
[    1.282491] pci 0000:ae:0a.2: [8086:2042] type 00 class 0x088000
[    1.282588] pci 0000:ae:0a.3: [8086:2043] type 00 class 0x088000
[    1.282688] pci 0000:ae:0a.4: [8086:2044] type 00 class 0x088000
[    1.282784] pci 0000:ae:0a.5: [8086:2045] type 00 class 0x088000
[    1.282880] pci 0000:ae:0a.6: [8086:2046] type 00 class 0x088000
[    1.282976] pci 0000:ae:0a.7: [8086:2047] type 00 class 0x088000
[    1.283073] pci 0000:ae:0b.0: [8086:2048] type 00 class 0x088000
[    1.283182] pci 0000:ae:0b.1: [8086:2049] type 00 class 0x088000
[    1.283284] pci 0000:ae:0b.2: [8086:204a] type 00 class 0x088000
[    1.283380] pci 0000:ae:0b.3: [8086:204b] type 00 class 0x088000
[    1.283480] pci 0000:ae:0c.0: [8086:2040] type 00 class 0x088000
[    1.283590] pci 0000:ae:0c.1: [8086:2041] type 00 class 0x088000
[    1.283689] pci 0000:ae:0c.2: [8086:2042] type 00 class 0x088000
[    1.283788] pci 0000:ae:0c.3: [8086:2043] type 00 class 0x088000
[    1.283886] pci 0000:ae:0c.4: [8086:2044] type 00 class 0x088000
[    1.283985] pci 0000:ae:0c.5: [8086:2045] type 00 class 0x088000
[    1.284091] pci 0000:ae:0c.6: [8086:2046] type 00 class 0x088000
[    1.284190] pci 0000:ae:0c.7: [8086:2047] type 00 class 0x088000
[    1.284292] pci 0000:ae:0d.0: [8086:2048] type 00 class 0x088000
[    1.284415] pci 0000:ae:0d.1: [8086:2049] type 00 class 0x088000
[    1.284514] pci 0000:ae:0d.2: [8086:204a] type 00 class 0x088000
[    1.284613] pci 0000:ae:0d.3: [8086:204b] type 00 class 0x088000
[    1.284769] pci 0000:af:00.0: [144d:a808] type 00 class 0x010802
[    1.284796] pci 0000:af:00.0: reg 0x10: [mem 0xe1000000-0xe1003fff 64bit]
[    1.285408] pci 0000:ae:00.0: PCI bridge to [bus af]
[    1.285412] pci 0000:ae:00.0:   bridge window [mem 0xe1000000-0xe10fffff]
[    1.285427] pci_bus 0000:ae: on NUMA node 1
[    1.285594] ACPI: PCI Root Bridge [PC09] (domain 0000 [bus d7-ff])
[    1.285598] acpi PNP0A08:09: _OSC: OS supports [ExtendedConfig ASPM ClockPM Segments MSI EDR HPX-Type3]
[    1.285753] acpi PNP0A08:09: _OSC: platform does not support [SHPCHotplug AER LTR DPC]
[    1.285909] acpi PNP0A08:09: _OSC: OS now controls [PCIeHotplug PME PCIeCapability]
[    1.285911] acpi PNP0A08:09: FADT indicates ASPM is unsupported, using BIOS configuration
[    1.286101] PCI host bridge to bus 0000:d7
[    1.286102] pci_bus 0000:d7: root bus resource [io  0xe000-0xffff window]
[    1.286104] pci_bus 0000:d7: root bus resource [mem 0xee800000-0xfbffffff window]
[    1.286106] pci_bus 0000:d7: root bus resource [mem 0x39c000000000-0x39ffffffffff window]
[    1.286107] pci_bus 0000:d7: root bus resource [bus d7-ff]
[    1.286120] pci 0000:d7:05.0: [8086:2034] type 00 class 0x088000
[    1.286248] pci 0000:d7:05.2: [8086:2035] type 00 class 0x088000
[    1.286359] pci 0000:d7:05.4: [8086:2036] type 00 class 0x080020
[    1.286377] pci 0000:d7:05.4: reg 0x10: [mem 0xee800000-0xee800fff]
[    1.286509] pci 0000:d7:0e.0: [8086:2058] type 00 class 0x110100
[    1.286619] pci 0000:d7:0e.1: [8086:2059] type 00 class 0x088000
[    1.286718] pci 0000:d7:0f.0: [8086:2058] type 00 class 0x110100
[    1.286828] pci 0000:d7:0f.1: [8086:2059] type 00 class 0x088000
[    1.286925] pci 0000:d7:10.0: [8086:2058] type 00 class 0x110100
[    1.287035] pci 0000:d7:10.1: [8086:2059] type 00 class 0x088000
[    1.287147] pci 0000:d7:12.0: [8086:204c] type 00 class 0x110100
[    1.287254] pci 0000:d7:12.1: [8086:204d] type 00 class 0x110100
[    1.287336] pci 0000:d7:12.2: [8086:204e] type 00 class 0x088000
[    1.287419] pci 0000:d7:12.4: [8086:204c] type 00 class 0x110100
[    1.287515] pci 0000:d7:12.5: [8086:204d] type 00 class 0x110100
[    1.287598] pci 0000:d7:15.0: [8086:2018] type 00 class 0x088000
[    1.287692] pci 0000:d7:15.1: [8086:2088] type 00 class 0x110100
[    1.287774] pci 0000:d7:16.0: [8086:2018] type 00 class 0x088000
[    1.287883] pci 0000:d7:16.1: [8086:2088] type 00 class 0x110100
[    1.287964] pci 0000:d7:16.4: [8086:2018] type 00 class 0x088000
[    1.288044] pci 0000:d7:16.5: [8086:2088] type 00 class 0x110100
[    1.288126] pci 0000:d7:17.0: [8086:2018] type 00 class 0x088000
[    1.288220] pci 0000:d7:17.1: [8086:2088] type 00 class 0x110100
[    1.288309] pci_bus 0000:d7: on NUMA node 1
[    1.289116] iommu: Default domain type: Translated 
[    1.289116] pci 0000:03:00.0: vgaarb: setting as boot VGA device
[    1.289116] pci 0000:03:00.0: vgaarb: VGA device added: decodes=io+mem,owns=io+mem,locks=none
[    1.289116] pci 0000:03:00.0: vgaarb: bridge control possible
[    1.289116] vgaarb: loaded
[    1.289116] SCSI subsystem initialized
[    1.289116] libata version 3.00 loaded.
[    1.289116] ACPI: bus type USB registered
[    1.289116] usbcore: registered new interface driver usbfs
[    1.289116] usbcore: registered new interface driver hub
[    1.289116] usbcore: registered new device driver usb
[    1.289116] pps_core: LinuxPPS API ver. 1 registered
[    1.289116] pps_core: Software ver. 5.3.6 - Copyright 2005-2007 Rodolfo Giometti <giometti@linux.it>
[    1.289116] PTP clock support registered
[    1.289116] EDAC MC: Ver: 3.0.0
[    1.289116] Registered efivars operations
[    1.289116] NetLabel: Initializing
[    1.289116] NetLabel:  domain hash size = 128
[    1.289116] NetLabel:  protocols = UNLABELED CIPSOv4 CALIPSO
[    1.289116] NetLabel:  unlabeled traffic allowed by default
[    1.289116] PCI: Using ACPI for IRQ routing
[    1.293540] PCI: pci_cache_line_size set to 64 bytes
[    1.293795] e820: reserve RAM buffer [mem 0x4bd62020-0x4bffffff]
[    1.293798] e820: reserve RAM buffer [mem 0x4bd69020-0x4bffffff]
[    1.293799] e820: reserve RAM buffer [mem 0x4bd74020-0x4bffffff]
[    1.293801] e820: reserve RAM buffer [mem 0x4bdd1020-0x4bffffff]
[    1.293802] e820: reserve RAM buffer [mem 0x4be2e020-0x4bffffff]
[    1.293803] e820: reserve RAM buffer [mem 0x4be8e020-0x4bffffff]
[    1.293804] e820: reserve RAM buffer [mem 0x4beee020-0x4bffffff]
[    1.293805] e820: reserve RAM buffer [mem 0x4bf07020-0x4bffffff]
[    1.293806] e820: reserve RAM buffer [mem 0x682ff000-0x6bffffff]
[    1.296323] hpet0: at MMIO 0xfed00000, IRQs 2, 8, 0, 0, 0, 0, 0, 0
[    1.296331] hpet0: 8 comparators, 64-bit 24.000000 MHz counter
[    1.298477] clocksource: Switched to clocksource tsc-early
[    1.308554] VFS: Disk quotas dquot_6.6.0
[    1.308616] VFS: Dquot-cache hash table entries: 512 (order 0, 4096 bytes)
[    1.308799] AppArmor: AppArmor Filesystem Enabled
[    1.308811] pnp: PnP ACPI init
[    1.315219] pnp 00:00: Plug and Play ACPI device, IDs PNP0b00 (active)
[    1.315417] system 00:01: [io  0x0500-0x05fe] has been reserved
[    1.315420] system 00:01: [io  0x0400-0x047f] has been reserved
[    1.315421] system 00:01: [io  0x0600-0x061f] has been reserved
[    1.315423] system 00:01: [io  0x0ca0-0x0ca5] has been reserved
[    1.315425] system 00:01: [io  0x0880-0x0883] has been reserved
[    1.315426] system 00:01: [io  0x0800-0x081f] has been reserved
[    1.315428] system 00:01: [mem 0xfed1c000-0xfed3ffff] has been reserved
[    1.315430] system 00:01: [mem 0xfed45000-0xfed8bfff] has been reserved
[    1.315432] system 00:01: [mem 0xff000000-0xffffffff] has been reserved
[    1.315434] system 00:01: [mem 0xfee00000-0xfeefffff] has been reserved
[    1.315435] system 00:01: [mem 0xfed12000-0xfed1200f] has been reserved
[    1.315437] system 00:01: [mem 0xfed12010-0xfed1201f] has been reserved
[    1.315438] system 00:01: [mem 0xfed1b000-0xfed1bfff] has been reserved
[    1.315443] system 00:01: Plug and Play ACPI device, IDs PNP0c02 (active)
[    1.315704] pnp 00:02: Plug and Play ACPI device, IDs PNP0501 (active)
[    1.315927] pnp 00:03: Plug and Play ACPI device, IDs PNP0501 (active)
[    1.316111] system 00:04: [mem 0xfd000000-0xfdabffff] has been reserved
[    1.316114] system 00:04: [mem 0xfdad0000-0xfdadffff] has been reserved
[    1.316115] system 00:04: [mem 0xfdb00000-0xfdffffff] has been reserved
[    1.316117] system 00:04: [mem 0xfe000000-0xfe00ffff] has been reserved
[    1.316119] system 00:04: [mem 0xfe011000-0xfe01ffff] has been reserved
[    1.316121] system 00:04: [mem 0xfe036000-0xfe03bfff] has been reserved
[    1.316122] system 00:04: [mem 0xfe03d000-0xfe3fffff] has been reserved
[    1.316124] system 00:04: [mem 0xfe410000-0xfe7fffff] has been reserved
[    1.316128] system 00:04: Plug and Play ACPI device, IDs PNP0c02 (active)
[    1.316489] system 00:05: [io  0x1000-0x10fe] has been reserved
[    1.316494] system 00:05: Plug and Play ACPI device, IDs PNP0c02 (active)
[    1.317466] pnp: PnP ACPI: found 6 devices
[    1.323103] clocksource: acpi_pm: mask: 0xffffff max_cycles: 0xffffff, max_idle_ns: 2085701024 ns
[    1.323180] NET: Registered protocol family 2
[    1.323765] tcp_listen_portaddr_hash hash table entries: 32768 (order: 7, 524288 bytes, vmalloc)
[    1.325159] TCP established hash table entries: 524288 (order: 10, 4194304 bytes, vmalloc)
[    1.326006] TCP bind hash table entries: 65536 (order: 8, 1048576 bytes, vmalloc)
[    1.326091] TCP: Hash tables configured (established 524288 bind 65536)
[    1.326739] MPTCP token hash table entries: 65536 (order: 8, 1572864 bytes, vmalloc)
[    1.327237] UDP hash table entries: 32768 (order: 8, 1048576 bytes, vmalloc)
[    1.327670] UDP-Lite hash table entries: 32768 (order: 8, 1048576 bytes, vmalloc)
[    1.327887] NET: Registered protocol family 1
[    1.327892] NET: Registered protocol family 44
[    1.327900] pci 0000:18:00.0: can't claim BAR 6 [mem 0xfff00000-0xffffffff pref]: no compatible bridge window
[    1.327903] pci 0000:19:00.0: can't claim BAR 6 [mem 0xfff80000-0xffffffff pref]: no compatible bridge window
[    1.327905] pci 0000:19:00.1: can't claim BAR 6 [mem 0xfff80000-0xffffffff pref]: no compatible bridge window
[    1.327907] pci 0000:1a:00.0: can't claim BAR 6 [mem 0xfff80000-0xffffffff pref]: no compatible bridge window
[    1.327909] pci 0000:1a:00.1: can't claim BAR 6 [mem 0xfff80000-0xffffffff pref]: no compatible bridge window
[    1.327912] pci 0000:3b:00.0: can't claim BAR 6 [mem 0xffff0000-0xffffffff pref]: no compatible bridge window
[    1.327915] pci 0000:86:00.0: can't claim BAR 6 [mem 0xffff0000-0xffffffff pref]: no compatible bridge window
[    1.327922] pci 0000:00:1c.0: bridge window [io  0x1000-0x0fff] to [bus 01] add_size 1000
[    1.327925] pci 0000:00:1c.0: bridge window [mem 0x00100000-0x000fffff 64bit pref] to [bus 01] add_size 200000 add_align 100000
[    1.327934] pci 0000:00:1c.0: BAR 15: assigned [mem 0x380000000000-0x3800001fffff 64bit pref]
[    1.327938] pci 0000:00:1c.0: BAR 13: assigned [io  0x3000-0x3fff]
[    1.327941] pci 0000:00:1c.0: PCI bridge to [bus 01]
[    1.327943] pci 0000:00:1c.0:   bridge window [io  0x3000-0x3fff]
[    1.327951] pci 0000:00:1c.0:   bridge window [mem 0x92a00000-0x92dfffff]
[    1.327957] pci 0000:00:1c.0:   bridge window [mem 0x380000000000-0x3800001fffff 64bit pref]
[    1.327969] pci 0000:02:00.0: PCI bridge to [bus 03]
[    1.327978] pci 0000:02:00.0:   bridge window [mem 0x92000000-0x928fffff]
[    1.327985] pci 0000:02:00.0:   bridge window [mem 0x91000000-0x91ffffff 64bit pref]
[    1.327998] pci 0000:00:1c.4: PCI bridge to [bus 02-03]
[    1.328006] pci 0000:00:1c.4:   bridge window [mem 0x92000000-0x928fffff]
[    1.328012] pci 0000:00:1c.4:   bridge window [mem 0x91000000-0x91ffffff 64bit pref]
[    1.328023] pci_bus 0000:00: resource 4 [io  0x0000-0x0cf7 window]
[    1.328024] pci_bus 0000:00: resource 5 [io  0x1000-0x3fff window]
[    1.328026] pci_bus 0000:00: resource 6 [mem 0x000a0000-0x000bffff window]
[    1.328027] pci_bus 0000:00: resource 7 [mem 0x000c4000-0x000c7fff window]
[    1.328029] pci_bus 0000:00: resource 8 [mem 0xfe010000-0xfe010fff window]
[    1.328030] pci_bus 0000:00: resource 9 [mem 0x90000000-0x9d7fffff window]
[    1.328031] pci_bus 0000:00: resource 10 [mem 0x380000000000-0x383fffffffff window]
[    1.328033] pci_bus 0000:01: resource 0 [io  0x3000-0x3fff]
[    1.328035] pci_bus 0000:01: resource 1 [mem 0x92a00000-0x92dfffff]
[    1.328036] pci_bus 0000:01: resource 2 [mem 0x380000000000-0x3800001fffff 64bit pref]
[    1.328038] pci_bus 0000:02: resource 1 [mem 0x92000000-0x928fffff]
[    1.328039] pci_bus 0000:02: resource 2 [mem 0x91000000-0x91ffffff 64bit pref]
[    1.328040] pci_bus 0000:03: resource 1 [mem 0x92000000-0x928fffff]
[    1.328042] pci_bus 0000:03: resource 2 [mem 0x91000000-0x91ffffff 64bit pref]
[    1.328181] pci 0000:17:02.0: BAR 14: assigned [mem 0x9e600000-0x9e6fffff]
[    1.328183] pci 0000:18:00.0: BAR 6: no space for [mem size 0x00100000 pref]
[    1.328185] pci 0000:18:00.0: BAR 6: failed to assign [mem size 0x00100000 pref]
[    1.328187] pci 0000:17:00.0: PCI bridge to [bus 18]
[    1.328189] pci 0000:17:00.0:   bridge window [io  0x4000-0x4fff]
[    1.328196] pci 0000:17:00.0:   bridge window [mem 0x9e300000-0x9e4fffff]
[    1.328210] pci 0000:19:00.0: BAR 6: assigned [mem 0x9e600000-0x9e67ffff pref]
[    1.328212] pci 0000:19:00.1: BAR 6: assigned [mem 0x9e680000-0x9e6fffff pref]
[    1.328214] pci 0000:17:02.0: PCI bridge to [bus 19]
[    1.328221] pci 0000:17:02.0:   bridge window [mem 0x9e600000-0x9e6fffff]
[    1.328227] pci 0000:17:02.0:   bridge window [mem 0x9d800000-0x9e0fffff 64bit pref]
[    1.328237] pci 0000:1a:00.0: BAR 6: assigned [mem 0x9e280000-0x9e2fffff pref]
[    1.328239] pci 0000:1a:00.1: BAR 6: no space for [mem size 0x00080000 pref]
[    1.328240] pci 0000:1a:00.1: BAR 6: failed to assign [mem size 0x00080000 pref]
[    1.328242] pci 0000:17:03.0: PCI bridge to [bus 1a]
[    1.328249] pci 0000:17:03.0:   bridge window [mem 0x9e100000-0x9e2fffff]
[    1.328270] pci_bus 0000:17: resource 4 [io  0x4000-0x5fff window]
[    1.328271] pci_bus 0000:17: resource 5 [mem 0x9d800000-0xaaffffff window]
[    1.328273] pci_bus 0000:17: resource 6 [mem 0x384000000000-0x387fffffffff window]
[    1.328274] pci_bus 0000:18: resource 0 [io  0x4000-0x4fff]
[    1.328276] pci_bus 0000:18: resource 1 [mem 0x9e300000-0x9e4fffff]
[    1.328277] pci_bus 0000:19: resource 1 [mem 0x9e600000-0x9e6fffff]
[    1.328278] pci_bus 0000:19: resource 2 [mem 0x9d800000-0x9e0fffff 64bit pref]
[    1.328280] pci_bus 0000:1a: resource 1 [mem 0x9e100000-0x9e2fffff]
[    1.328312] pci 0000:3b:00.0: BAR 6: assigned [mem 0xab010000-0xab01ffff pref]
[    1.328314] pci 0000:3a:00.0: PCI bridge to [bus 3b]
[    1.328322] pci 0000:3a:00.0:   bridge window [mem 0xab000000-0xab0fffff]
[    1.328336] pci_bus 0000:3a: resource 4 [io  0x6000-0x7fff window]
[    1.328337] pci_bus 0000:3a: resource 5 [mem 0xab000000-0xb87fffff window]
[    1.328339] pci_bus 0000:3a: resource 6 [mem 0x388000000000-0x38bfffffffff window]
[    1.328341] pci_bus 0000:3b: resource 1 [mem 0xab000000-0xab0fffff]
[    1.328359] pci_bus 0000:5d: resource 4 [io  0x8000-0x9fff window]
[    1.328360] pci_bus 0000:5d: resource 5 [mem 0xb8800000-0xc5ffffff window]
[    1.328362] pci_bus 0000:5d: resource 6 [mem 0x38c000000000-0x38ffffffffff window]
[    1.328388] pci_bus 0000:80: resource 4 [mem 0xc6000000-0xd37fffff window]
[    1.328390] pci_bus 0000:80: resource 5 [mem 0x390000000000-0x393fffffffff window]
[    1.328407] pci 0000:86:00.0: BAR 6: assigned [mem 0xd3810000-0xd381ffff pref]
[    1.328409] pci 0000:85:00.0: PCI bridge to [bus 86]
[    1.328417] pci 0000:85:00.0:   bridge window [mem 0xd3800000-0xd38fffff]
[    1.328433] pci_bus 0000:85: resource 4 [io  0xa000-0xbfff window]
[    1.328434] pci_bus 0000:85: resource 5 [mem 0xd3800000-0xe0ffffff window]
[    1.328435] pci_bus 0000:85: resource 6 [mem 0x394000000000-0x397fffffffff window]
[    1.328437] pci_bus 0000:86: resource 1 [mem 0xd3800000-0xd38fffff]
[    1.328457] pci 0000:ae:00.0: PCI bridge to [bus af]
[    1.328465] pci 0000:ae:00.0:   bridge window [mem 0xe1000000-0xe10fffff]
[    1.328479] pci_bus 0000:ae: resource 4 [io  0xc000-0xdfff window]
[    1.328481] pci_bus 0000:ae: resource 5 [mem 0xe1000000-0xee7fffff window]
[    1.328482] pci_bus 0000:ae: resource 6 [mem 0x398000000000-0x39bfffffffff window]
[    1.328484] pci_bus 0000:af: resource 1 [mem 0xe1000000-0xe10fffff]
[    1.328519] pci_bus 0000:d7: resource 4 [io  0xe000-0xffff window]
[    1.328520] pci_bus 0000:d7: resource 5 [mem 0xee800000-0xfbffffff window]
[    1.328522] pci_bus 0000:d7: resource 6 [mem 0x39c000000000-0x39ffffffffff window]
[    1.328898] pci 0000:03:00.0: Video device with shadowed ROM at [mem 0x000c0000-0x000dffff]
[    1.328908] pci 0000:17:05.0: disabled boot interrupts on device [8086:2034]
[    1.329017] pci 0000:3a:05.0: disabled boot interrupts on device [8086:2034]
[    1.329062] pci 0000:5d:05.0: disabled boot interrupts on device [8086:2034]
[    1.329105] pci 0000:85:05.0: disabled boot interrupts on device [8086:2034]
[    1.329212] pci 0000:ae:05.0: disabled boot interrupts on device [8086:2034]
[    1.329257] pci 0000:d7:05.0: disabled boot interrupts on device [8086:2034]
[    1.329290] PCI: CLS 128 bytes, default 64
[    1.329339] Trying to unpack rootfs image as initramfs...
[    1.497794] Freeing initrd memory: 59196K
[    1.497866] DMAR: Host address width 46
[    1.497868] DMAR: DRHD base: 0x000000d37fc000 flags: 0x0
[    1.497892] DMAR: dmar0: reg_base_addr d37fc000 ver 1:0 cap 8d2078c106f0466 ecap f020df
[    1.497895] DMAR: DRHD base: 0x000000e0ffc000 flags: 0x0
[    1.497901] DMAR: dmar1: reg_base_addr e0ffc000 ver 1:0 cap 8d2078c106f0466 ecap f020df
[    1.497903] DMAR: DRHD base: 0x000000ee7fc000 flags: 0x0
[    1.497909] DMAR: dmar2: reg_base_addr ee7fc000 ver 1:0 cap 8d2078c106f0466 ecap f020df
[    1.497910] DMAR: DRHD base: 0x000000fbffc000 flags: 0x0
[    1.497915] DMAR: dmar3: reg_base_addr fbffc000 ver 1:0 cap 8d2078c106f0466 ecap f020df
[    1.497917] DMAR: DRHD base: 0x000000aaffc000 flags: 0x0
[    1.497923] DMAR: dmar4: reg_base_addr aaffc000 ver 1:0 cap 8d2078c106f0466 ecap f020df
[    1.497924] DMAR: DRHD base: 0x000000b87fc000 flags: 0x0
[    1.497929] DMAR: dmar5: reg_base_addr b87fc000 ver 1:0 cap 8d2078c106f0466 ecap f020df
[    1.497931] DMAR: DRHD base: 0x000000c5ffc000 flags: 0x0
[    1.497935] DMAR: dmar6: reg_base_addr c5ffc000 ver 1:0 cap 8d2078c106f0466 ecap f020df
[    1.497937] DMAR: DRHD base: 0x0000009d7fc000 flags: 0x1
[    1.497950] DMAR: dmar7: reg_base_addr 9d7fc000 ver 1:0 cap 8d2078c106f0466 ecap f020df
[    1.497951] DMAR: RMRR base: 0x0000006f6e0000 end: 0x0000006f6e2fff
[    1.497953] DMAR: [Firmware Bug]: No firmware reserved region can cover this RMRR [0x000000006f6e0000-0x000000006f6e2fff], contact BIOS vendor for fixes
[    1.497960] DMAR: [Firmware Bug]: Your BIOS is broken; bad RMRR [0x000000006f6e0000-0x000000006f6e2fff]
               BIOS vendor: Dell Inc.; Ver: 2.14.2; Product Version: 
[    1.497962] DMAR: ATSR flags: 0x0
[    1.497963] DMAR: ATSR flags: 0x0
[    1.498125] PCI-DMA: Using software bounce buffering for IO (SWIOTLB)
[    1.498126] software IO TLB: mapped [mem 0x0000000061053000-0x0000000065053000] (64MB)
[    1.500628] check: Scanning for low memory corruption every 60 seconds
[    1.502171] Initialise system trusted keyrings
[    1.502180] Key type blacklist registered
[    1.502229] workingset: timestamp_bits=36 max_order=24 bucket_order=0
[    1.503284] zbud: loaded
[    1.503585] squashfs: version 4.0 (2009/01/31) Phillip Lougher
[    1.503711] fuse: init (API version 7.33)
[    1.503889] integrity: Platform Keyring initialized
[    1.511684] Key type asymmetric registered
[    1.511685] Asymmetric key parser 'x509' registered
[    1.511691] Block layer SCSI generic (bsg) driver version 0.4 loaded (major 243)
[    1.511730] io scheduler mq-deadline registered
[    1.512473] pcieport 0000:00:1c.0: PME: Signaling with IRQ 24
[    1.512498] pcieport 0000:00:1c.0: pciehp: Slot #0 AttnBtn- PwrCtrl- MRL- AttnInd- PwrInd- HotPlug+ Surprise+ Interlock- NoCompl+ IbPresDis- LLActRep+
[    1.512748] pcieport 0000:00:1c.4: PME: Signaling with IRQ 25
[    1.513019] pcieport 0000:17:00.0: PME: Signaling with IRQ 27
[    1.513250] pcieport 0000:17:02.0: PME: Signaling with IRQ 28
[    1.513472] pcieport 0000:17:03.0: PME: Signaling with IRQ 29
[    1.513691] pcieport 0000:3a:00.0: PME: Signaling with IRQ 31
[    1.514112] pcieport 0000:85:00.0: PME: Signaling with IRQ 33
[    1.514380] pcieport 0000:ae:00.0: PME: Signaling with IRQ 35
[    1.514718] shpchp: Standard Hot Plug PCI Controller Driver version: 0.4
[    1.514825] efifb: probing for efifb
[    1.514850] efifb: No BGRT, not showing boot graphics
[    1.514850] efifb: framebuffer at 0x91000000, using 3072k, total 3072k
[    1.514852] efifb: mode is 1024x768x32, linelength=4096, pages=1
[    1.514854] efifb: scrolling: redraw
[    1.514855] efifb: Truecolor: size=8:8:8:8, shift=24:16:8:0
[    1.514937] Console: switching to colour frame buffer device 128x48
[    1.530569] fb0: EFI VGA frame buffer device
[    1.530578] intel_idle: MWAIT substates: 0x2020
[    1.530736] Monitor-Mwait will be used to enter C-1 state
[    1.530739] ACPI: \_SB_.SCK0.CP00: Found 1 idle states
[    1.530741] intel_idle: v0.5.1 model 0x55
[    1.532245] intel_idle: Local APIC timer is reliable in all C-states
[    1.532718] input: Power Button as /devices/LNXSYSTM:00/LNXPWRBN:00/input/input0
[    1.532769] ACPI: Power Button [PWRF]
[    1.534598] ERST: Error Record Serialization Table (ERST) support is initialized.
[    1.534610] pstore: Registered erst as persistent store backend
[    1.535236] GHES: APEI firmware first mode is enabled by APEI bit and WHEA _OSC.
[    1.535386] Serial: 8250/16550 driver, 32 ports, IRQ sharing enabled
[    1.556104] 00:02: ttyS1 at I/O 0x2f8 (irq = 3, base_baud = 115200) is a 16550A
[    1.589195] 00:03: ttyS0 at I/O 0x3f8 (irq = 4, base_baud = 115200) is a 16550A
[    1.602861] Linux agpgart interface v0.103
[    1.609338] loop: module loaded
[    1.609707] libphy: Fixed MDIO Bus: probed
[    1.609708] tun: Universal TUN/TAP device driver, 1.6
[    1.609738] PPP generic driver version 2.4.2
[    1.609775] VFIO - User Level meta-driver version: 0.3
[    1.609848] ehci_hcd: USB 2.0 'Enhanced' Host Controller (EHCI) Driver
[    1.609850] ehci-pci: EHCI PCI platform driver
[    1.609883] ehci-platform: EHCI generic platform driver
[    1.609889] ohci_hcd: USB 1.1 'Open' Host Controller (OHCI) Driver
[    1.609891] ohci-pci: OHCI PCI platform driver
[    1.609924] ohci-platform: OHCI generic platform driver
[    1.609929] uhci_hcd: USB Universal Host Controller Interface driver
[    1.609983] i8042: PNP: No PS/2 controller found.
[    1.610015] mousedev: PS/2 mouse device common for all mice
[    1.610077] rtc_cmos 00:00: RTC can wake from S4
[    1.610443] rtc_cmos 00:00: registered as rtc0
[    1.610530] rtc_cmos 00:00: setting system clock to 2024-12-20T12:09:00 UTC (1734696540)
[    1.610544] rtc_cmos 00:00: alarms up to one month, y3k, 114 bytes nvram, hpet irqs
[    1.610550] i2c /dev entries driver
[    1.610585] device-mapper: uevent: version 1.0.3
[    1.610624] device-mapper: ioctl: 4.43.0-ioctl (2020-10-01) initialised: dm-devel@redhat.com
[    1.610638] platform eisa.0: Probing EISA bus 0
[    1.610640] platform eisa.0: EISA: Cannot allocate resource for mainboard
[    1.610641] platform eisa.0: Cannot allocate resource for EISA slot 1
[    1.610643] platform eisa.0: Cannot allocate resource for EISA slot 2
[    1.610644] platform eisa.0: Cannot allocate resource for EISA slot 3
[    1.610645] platform eisa.0: Cannot allocate resource for EISA slot 4
[    1.610647] platform eisa.0: Cannot allocate resource for EISA slot 5
[    1.610649] platform eisa.0: Cannot allocate resource for EISA slot 6
[    1.610650] platform eisa.0: Cannot allocate resource for EISA slot 7
[    1.610651] platform eisa.0: Cannot allocate resource for EISA slot 8
[    1.610652] platform eisa.0: EISA: Detected 0 cards
[    1.610658] intel_pstate: Intel P-state driver initializing
[    1.612684] ledtrig-cpu: registered to indicate activity on CPUs
[    1.612688] EFI Variables Facility v0.08 2004-May-17
[    1.674483] drop_monitor: Initializing network drop monitor service
[    1.674760] NET: Registered protocol family 10
[    1.683839] Segment Routing with IPv6
[    1.683855] NET: Registered protocol family 17
[    1.683916] Key type dns_resolver registered
[    1.688669] microcode: sig=0x50657, pf=0x80, revision=0x5003707
[    1.688910] microcode: Microcode Update Driver: v2.2.
[    1.689711] resctrl: MB allocation detected
[    1.689712] resctrl: L3 monitoring detected
[    1.689716] IPI shorthand broadcast: enabled
[    1.689723] sched_clock: Marking stable (1690358593, -655391)->(1727251290, -37548088)
[    1.690063] registered taskstats version 1
[    1.690075] Loading compiled-in X.509 certificates
[    1.690748] Loaded X.509 cert 'Build time autogenerated kernel key: 0d8e103743cf2d74dd103586183fa3490f9c75ad'
[    1.694359] zswap: loaded using pool lzo/zbud
[    1.694660] Key type ._fscrypt registered
[    1.694662] Key type .fscrypt registered
[    1.694663] Key type fscrypt-provisioning registered
[    1.694806] pstore: Using crash dump compression: deflate
[    1.697212] Key type encrypted registered
[    1.697214] AppArmor: AppArmor sha1 policy hashing enabled
[    1.698849] integrity: Loading X.509 certificate: UEFI:db
[    1.698872] integrity: Loaded X.509 cert 'Microsoft Corporation UEFI CA 2011: 13adbf4309bd82709c8cd54f316ed522988a1bd4'
[    1.698874] integrity: Loading X.509 certificate: UEFI:db
[    1.698889] integrity: Loaded X.509 cert 'Microsoft Windows Production PCA 2011: a92902398e16c49778cd90f99e4f9ae17c55af53'
[    1.698890] integrity: Loading X.509 certificate: UEFI:db
[    1.699078] integrity: Loaded X.509 cert 'VMware, Inc.: 4ad8ba0472073d28127706ddc6ccb9050441bbc7'
[    1.699079] integrity: Loading X.509 certificate: UEFI:db
[    1.699246] integrity: Loaded X.509 cert 'VMware, Inc.: VMware Secure Boot Signing: 04597f3e1ffb240bba0ff0f05d5eb05f3e15f6d7'
[    1.700516] integrity: Loading X.509 certificate: UEFI:MokListRT (MOKvar table)
[    1.700689] integrity: Loaded X.509 cert 'Canonical Ltd. Master Certificate Authority: ad91990bc22ab1f517048c23b6655a268e345a63'
[    1.700691] ima: No TPM chip found, activating TPM-bypass!
[    1.700696] ima: Allocated hash algorithm: sha1
[    1.700702] ima: No architecture policies found
[    1.700710] evm: Initialising EVM extended attributes:
[    1.700710] evm: security.selinux
[    1.700711] evm: security.SMACK64
[    1.700712] evm: security.SMACK64EXEC
[    1.700713] evm: security.SMACK64TRANSMUTE
[    1.700714] evm: security.SMACK64MMAP
[    1.700714] evm: security.apparmor
[    1.700715] evm: security.ima
[    1.700716] evm: security.capability
[    1.700716] evm: HMAC attrs: 0x1
[    1.703389] PM:   Magic number: 4:876:127
[    1.703571] acpi device:02: hash matches
