[    0.000000] microcode: microcode updated early to revision 0x5003707, date = 2024-03-01
[    0.000000] Linux version 5.11.0.iplfs (root@oslab-PowerEdge-R740xd) (gcc (Ubuntu 9.4.0-1ubuntu1~20.04.2) 9.4.0, GNU ld (GNU Binutils for Ubuntu) 2.34) #41 SMP Tue Sep 3 00:49:05 KST 2024
[    0.000000] Command line: BOOT_IMAGE=/boot/vmlinuz-5.11.0.iplfs root=UUID=0fe244cb-556c-49fd-bc46-148ab2afc428 ro memmap=448G$64G intremap=off isolcpus=37,39 quiet splash vt.handoff=7
[    0.000000] KERNEL supported cpus:
[    0.000000]   Intel GenuineIntel
[    0.000000]   AMD AuthenticAMD
[    0.000000]   Hygon HygonGenuine
[    0.000000]   Centaur CentaurHauls
[    0.000000]   zhaoxin   Shanghai  
[    0.000000] x86/fpu: Supporting XSAVE feature 0x001: 'x87 floating point registers'
[    0.000000] x86/fpu: Supporting XSAVE feature 0x002: 'SSE registers'
[    0.000000] x86/fpu: Supporting XSAVE feature 0x004: 'AVX registers'
[    0.000000] x86/fpu: Supporting XSAVE feature 0x008: 'MPX bounds registers'
[    0.000000] x86/fpu: Supporting XSAVE feature 0x010: 'MPX CSR'
[    0.000000] x86/fpu: Supporting XSAVE feature 0x020: 'AVX-512 opmask'
[    0.000000] x86/fpu: Supporting XSAVE feature 0x040: 'AVX-512 Hi256'
[    0.000000] x86/fpu: Supporting XSAVE feature 0x080: 'AVX-512 ZMM_Hi256'
[    0.000000] x86/fpu: Supporting XSAVE feature 0x200: 'Protection Keys User registers'
[    0.000000] x86/fpu: xstate_offset[2]:  576, xstate_sizes[2]:  256
[    0.000000] x86/fpu: xstate_offset[3]:  832, xstate_sizes[3]:   64
[    0.000000] x86/fpu: xstate_offset[4]:  896, xstate_sizes[4]:   64
[    0.000000] x86/fpu: xstate_offset[5]:  960, xstate_sizes[5]:   64
[    0.000000] x86/fpu: xstate_offset[6]: 1024, xstate_sizes[6]:  512
[    0.000000] x86/fpu: xstate_offset[7]: 1536, xstate_sizes[7]: 1024
[    0.000000] x86/fpu: xstate_offset[9]: 2560, xstate_sizes[9]:    8
[    0.000000] x86/fpu: Enabled xstate features 0x2ff, context size is 2568 bytes, using 'compacted' format.
[    0.000000] BIOS-provided physical RAM map:
[    0.000000] BIOS-e820: [mem 0x0000000000000000-0x000000000009ffff] usable
[    0.000000] BIOS-e820: [mem 0x00000000000a0000-0x00000000000fffff] reserved
[    0.000000] BIOS-e820: [mem 0x0000000000100000-0x00000000682fefff] usable
[    0.000000] BIOS-e820: [mem 0x00000000682ff000-0x000000006ebfefff] reserved
[    0.000000] BIOS-e820: [mem 0x000000006ebff000-0x000000006f9fefff] ACPI NVS
[    0.000000] BIOS-e820: [mem 0x000000006f9ff000-0x000000006fffefff] ACPI data
[    0.000000] BIOS-e820: [mem 0x000000006ffff000-0x000000006fffffff] usable
[    0.000000] BIOS-e820: [mem 0x0000000070000000-0x000000008fffffff] reserved
[    0.000000] BIOS-e820: [mem 0x00000000fe000000-0x00000000fe010fff] reserved
[    0.000000] BIOS-e820: [mem 0x0000000100000000-0x000000807fffffff] usable
[    0.000000] NX (Execute Disable) protection: active
[    0.000000] e820: update [mem 0x4bf10020-0x4bf1805f] usable ==> usable
[    0.000000] e820: update [mem 0x4bf10020-0x4bf1805f] usable ==> usable
[    0.000000] e820: update [mem 0x4bef7020-0x4bf0f65f] usable ==> usable
[    0.000000] e820: update [mem 0x4bef7020-0x4bf0f65f] usable ==> usable
[    0.000000] e820: update [mem 0x4be97020-0x4bef6a5f] usable ==> usable
[    0.000000] e820: update [mem 0x4be97020-0x4bef6a5f] usable ==> usable
[    0.000000] e820: update [mem 0x4be37020-0x4be96a5f] usable ==> usable
[    0.000000] e820: update [mem 0x4be37020-0x4be96a5f] usable ==> usable
[    0.000000] e820: update [mem 0x4bdda020-0x4be36c5f] usable ==> usable
[    0.000000] e820: update [mem 0x4bdda020-0x4be36c5f] usable ==> usable
[    0.000000] e820: update [mem 0x4bd7d020-0x4bdd9c5f] usable ==> usable
[    0.000000] e820: update [mem 0x4bd7d020-0x4bdd9c5f] usable ==> usable
[    0.000000] e820: update [mem 0x4bd72020-0x4bd7ca5f] usable ==> usable
[    0.000000] e820: update [mem 0x4bd72020-0x4bd7ca5f] usable ==> usable
[    0.000000] e820: update [mem 0x4bd6b020-0x4bd7145f] usable ==> usable
[    0.000000] e820: update [mem 0x4bd6b020-0x4bd7145f] usable ==> usable
[    0.000000] extended physical RAM map:
[    0.000000] reserve setup_data: [mem 0x0000000000000000-0x000000000009ffff] usable
[    0.000000] reserve setup_data: [mem 0x00000000000a0000-0x00000000000fffff] reserved
[    0.000000] reserve setup_data: [mem 0x0000000000100000-0x000000004bd6b01f] usable
[    0.000000] reserve setup_data: [mem 0x000000004bd6b020-0x000000004bd7145f] usable
[    0.000000] reserve setup_data: [mem 0x000000004bd71460-0x000000004bd7201f] usable
[    0.000000] reserve setup_data: [mem 0x000000004bd72020-0x000000004bd7ca5f] usable
[    0.000000] reserve setup_data: [mem 0x000000004bd7ca60-0x000000004bd7d01f] usable
[    0.000000] reserve setup_data: [mem 0x000000004bd7d020-0x000000004bdd9c5f] usable
[    0.000000] reserve setup_data: [mem 0x000000004bdd9c60-0x000000004bdda01f] usable
[    0.000000] reserve setup_data: [mem 0x000000004bdda020-0x000000004be36c5f] usable
[    0.000000] reserve setup_data: [mem 0x000000004be36c60-0x000000004be3701f] usable
[    0.000000] reserve setup_data: [mem 0x000000004be37020-0x000000004be96a5f] usable
[    0.000000] reserve setup_data: [mem 0x000000004be96a60-0x000000004be9701f] usable
[    0.000000] reserve setup_data: [mem 0x000000004be97020-0x000000004bef6a5f] usable
[    0.000000] reserve setup_data: [mem 0x000000004bef6a60-0x000000004bef701f] usable
[    0.000000] reserve setup_data: [mem 0x000000004bef7020-0x000000004bf0f65f] usable
[    0.000000] reserve setup_data: [mem 0x000000004bf0f660-0x000000004bf1001f] usable
[    0.000000] reserve setup_data: [mem 0x000000004bf10020-0x000000004bf1805f] usable
[    0.000000] reserve setup_data: [mem 0x000000004bf18060-0x00000000682fefff] usable
[    0.000000] reserve setup_data: [mem 0x00000000682ff000-0x000000006ebfefff] reserved
[    0.000000] reserve setup_data: [mem 0x000000006ebff000-0x000000006f9fefff] ACPI NVS
[    0.000000] reserve setup_data: [mem 0x000000006f9ff000-0x000000006fffefff] ACPI data
[    0.000000] reserve setup_data: [mem 0x000000006ffff000-0x000000006fffffff] usable
[    0.000000] reserve setup_data: [mem 0x0000000070000000-0x000000008fffffff] reserved
[    0.000000] reserve setup_data: [mem 0x00000000fe000000-0x00000000fe010fff] reserved
[    0.000000] reserve setup_data: [mem 0x0000000100000000-0x0000000fffffffff] usable
[    0.000000] reserve setup_data: [mem 0x0000001000000000-0x0000007fffffffff] reserved
[    0.000000] reserve setup_data: [mem 0x0000008000000000-0x000000807fffffff] usable
[    0.000000] user-defined physical RAM map:
[    0.000000] user: [mem 0x0000000000000000-0x000000000009ffff] usable
[    0.000000] user: [mem 0x00000000000a0000-0x00000000000fffff] reserved
[    0.000000] user: [mem 0x0000000000100000-0x000000004bd6b01f] usable
[    0.000000] user: [mem 0x000000004bd6b020-0x000000004bd7145f] usable
[    0.000000] user: [mem 0x000000004bd71460-0x000000004bd7201f] usable
[    0.000000] user: [mem 0x000000004bd72020-0x000000004bd7ca5f] usable
[    0.000000] user: [mem 0x000000004bd7ca60-0x000000004bd7d01f] usable
[    0.000000] user: [mem 0x000000004bd7d020-0x000000004bdd9c5f] usable
[    0.000000] user: [mem 0x000000004bdd9c60-0x000000004bdda01f] usable
[    0.000000] user: [mem 0x000000004bdda020-0x000000004be36c5f] usable
[    0.000000] user: [mem 0x000000004be36c60-0x000000004be3701f] usable
[    0.000000] user: [mem 0x000000004be37020-0x000000004be96a5f] usable
[    0.000000] user: [mem 0x000000004be96a60-0x000000004be9701f] usable
[    0.000000] user: [mem 0x000000004be97020-0x000000004bef6a5f] usable
[    0.000000] user: [mem 0x000000004bef6a60-0x000000004bef701f] usable
[    0.000000] user: [mem 0x000000004bef7020-0x000000004bf0f65f] usable
[    0.000000] user: [mem 0x000000004bf0f660-0x000000004bf1001f] usable
[    0.000000] user: [mem 0x000000004bf10020-0x000000004bf1805f] usable
[    0.000000] user: [mem 0x000000004bf18060-0x00000000682fefff] usable
[    0.000000] user: [mem 0x00000000682ff000-0x000000006ebfefff] reserved
[    0.000000] user: [mem 0x000000006ebff000-0x000000006f9fefff] ACPI NVS
[    0.000000] user: [mem 0x000000006f9ff000-0x000000006fffefff] ACPI data
[    0.000000] user: [mem 0x000000006ffff000-0x000000006fffffff] usable
[    0.000000] user: [mem 0x0000000070000000-0x000000008fffffff] reserved
[    0.000000] user: [mem 0x00000000fe000000-0x00000000fe010fff] reserved
[    0.000000] user: [mem 0x0000000100000000-0x0000000fffffffff] usable
[    0.000000] user: [mem 0x0000001000000000-0x0000007fffffffff] reserved
[    0.000000] user: [mem 0x0000008000000000-0x000000807fffffff] usable
[    0.000000] efi: EFI v2.70 by Dell Inc.
[    0.000000] efi: ACPI=0x6fffe000 ACPI 2.0=0x6fffe014 SMBIOS=0x68d36000 SMBIOS 3.0=0x68d34000 MEMATTR=0x65053020 MOKvar=0x683aa000 RNG=0x683d5720 
[    0.000000] efi: seeding entropy pool
[    0.000000] random: fast init done
[    0.000000] SMBIOS 3.2.0 present.
[    0.000000] DMI: Dell Inc. PowerEdge R740xd/06WXJT, BIOS 2.14.2 03/21/2022
[    0.000000] tsc: Detected 2100.000 MHz processor
[    0.000009] e820: update [mem 0x00000000-0x00000fff] usable ==> reserved
[    0.000012] e820: remove [mem 0x000a0000-0x000fffff] usable
[    0.000021] last_pfn = 0x8080000 max_arch_pfn = 0x400000000
[    0.000024] MTRR default type: uncachable
[    0.000026] MTRR fixed ranges enabled:
[    0.000027]   00000-9FFFF write-back
[    0.000029]   A0000-BFFFF uncachable
[    0.000031]   C0000-FFFFF write-protect
[    0.000032] MTRR variable ranges enabled:
[    0.000033]   0 base 000000000000 mask 3F8000000000 write-back
[    0.000036]   1 base 008000000000 mask 3FFF80000000 write-back
[    0.000037]   2 base 000080000000 mask 3FFF80000000 uncachable
[    0.000039]   3 base 000070000000 mask 3FFFFC000000 uncachable
[    0.000041]   4 disabled
[    0.000042]   5 disabled
[    0.000043]   6 disabled
[    0.000043]   7 disabled
[    0.000044]   8 disabled
[    0.000045]   9 disabled
[    0.000202] x86/PAT: Configuration [0-7]: WB  WC  UC- UC  WB  WP  UC- WT  
[    0.001071] total RAM covered: 524224M
[    0.001309]  gran_size: 64K 	chunk_size: 64K 	num_reg: 10  	lose cover RAM: 386G
[    0.001312]  gran_size: 64K 	chunk_size: 128K 	num_reg: 10  	lose cover RAM: 386G
[    0.001314]  gran_size: 64K 	chunk_size: 256K 	num_reg: 10  	lose cover RAM: 386G
[    0.001316]  gran_size: 64K 	chunk_size: 512K 	num_reg: 10  	lose cover RAM: 386G
[    0.001318]  gran_size: 64K 	chunk_size: 1M 	num_reg: 10  	lose cover RAM: 386G
[    0.001320]  gran_size: 64K 	chunk_size: 2M 	num_reg: 10  	lose cover RAM: 386G
[    0.001322]  gran_size: 64K 	chunk_size: 4M 	num_reg: 10  	lose cover RAM: 386G
[    0.001324]  gran_size: 64K 	chunk_size: 8M 	num_reg: 10  	lose cover RAM: 386G
[    0.001326]  gran_size: 64K 	chunk_size: 16M 	num_reg: 10  	lose cover RAM: 386G
[    0.001328]  gran_size: 64K 	chunk_size: 32M 	num_reg: 10  	lose cover RAM: 386G
[    0.001330]  gran_size: 64K 	chunk_size: 64M 	num_reg: 10  	lose cover RAM: 386G
[    0.001332]  gran_size: 64K 	chunk_size: 128M 	num_reg: 10  	lose cover RAM: 482G
[    0.001333]  gran_size: 64K 	chunk_size: 256M 	num_reg: 10  	lose cover RAM: 482G
[    0.001335]  gran_size: 64K 	chunk_size: 512M 	num_reg: 10  	lose cover RAM: 0G
[    0.001337]  gran_size: 64K 	chunk_size: 1G 	num_reg: 10  	lose cover RAM: 0G
[    0.001339]  gran_size: 64K 	chunk_size: 2G 	num_reg: 10  	lose cover RAM: 0G
[    0.001341]  gran_size: 128K 	chunk_size: 128K 	num_reg: 10  	lose cover RAM: 386G
[    0.001343]  gran_size: 128K 	chunk_size: 256K 	num_reg: 10  	lose cover RAM: 386G
[    0.001345]  gran_size: 128K 	chunk_size: 512K 	num_reg: 10  	lose cover RAM: 386G
[    0.001347]  gran_size: 128K 	chunk_size: 1M 	num_reg: 10  	lose cover RAM: 386G
[    0.001349]  gran_size: 128K 	chunk_size: 2M 	num_reg: 10  	lose cover RAM: 386G
[    0.001350]  gran_size: 128K 	chunk_size: 4M 	num_reg: 10  	lose cover RAM: 386G
[    0.001352]  gran_size: 128K 	chunk_size: 8M 	num_reg: 10  	lose cover RAM: 386G
[    0.001354]  gran_size: 128K 	chunk_size: 16M 	num_reg: 10  	lose cover RAM: 386G
[    0.001356]  gran_size: 128K 	chunk_size: 32M 	num_reg: 10  	lose cover RAM: 386G
[    0.001358]  gran_size: 128K 	chunk_size: 64M 	num_reg: 10  	lose cover RAM: 386G
[    0.001360]  gran_size: 128K 	chunk_size: 128M 	num_reg: 10  	lose cover RAM: 482G
[    0.001361]  gran_size: 128K 	chunk_size: 256M 	num_reg: 10  	lose cover RAM: 482G
[    0.001363]  gran_size: 128K 	chunk_size: 512M 	num_reg: 10  	lose cover RAM: 0G
[    0.001365]  gran_size: 128K 	chunk_size: 1G 	num_reg: 10  	lose cover RAM: 0G
[    0.001367]  gran_size: 128K 	chunk_size: 2G 	num_reg: 10  	lose cover RAM: 0G
[    0.001369]  gran_size: 256K 	chunk_size: 256K 	num_reg: 10  	lose cover RAM: 386G
[    0.001371]  gran_size: 256K 	chunk_size: 512K 	num_reg: 10  	lose cover RAM: 386G
[    0.001373]  gran_size: 256K 	chunk_size: 1M 	num_reg: 10  	lose cover RAM: 386G
[    0.001375]  gran_size: 256K 	chunk_size: 2M 	num_reg: 10  	lose cover RAM: 386G
[    0.001377]  gran_size: 256K 	chunk_size: 4M 	num_reg: 10  	lose cover RAM: 386G
[    0.001378]  gran_size: 256K 	chunk_size: 8M 	num_reg: 10  	lose cover RAM: 386G
[    0.001380]  gran_size: 256K 	chunk_size: 16M 	num_reg: 10  	lose cover RAM: 386G
[    0.001382]  gran_size: 256K 	chunk_size: 32M 	num_reg: 10  	lose cover RAM: 386G
[    0.001384]  gran_size: 256K 	chunk_size: 64M 	num_reg: 10  	lose cover RAM: 386G
[    0.001386]  gran_size: 256K 	chunk_size: 128M 	num_reg: 10  	lose cover RAM: 482G
[    0.001388]  gran_size: 256K 	chunk_size: 256M 	num_reg: 10  	lose cover RAM: 482G
[    0.001389]  gran_size: 256K 	chunk_size: 512M 	num_reg: 10  	lose cover RAM: 0G
[    0.001391]  gran_size: 256K 	chunk_size: 1G 	num_reg: 10  	lose cover RAM: 0G
[    0.001393]  gran_size: 256K 	chunk_size: 2G 	num_reg: 10  	lose cover RAM: 0G
[    0.001395]  gran_size: 512K 	chunk_size: 512K 	num_reg: 10  	lose cover RAM: 386G
[    0.001397]  gran_size: 512K 	chunk_size: 1M 	num_reg: 10  	lose cover RAM: 386G
[    0.001399]  gran_size: 512K 	chunk_size: 2M 	num_reg: 10  	lose cover RAM: 386G
[    0.001401]  gran_size: 512K 	chunk_size: 4M 	num_reg: 10  	lose cover RAM: 386G
[    0.001403]  gran_size: 512K 	chunk_size: 8M 	num_reg: 10  	lose cover RAM: 386G
[    0.001404]  gran_size: 512K 	chunk_size: 16M 	num_reg: 10  	lose cover RAM: 386G
[    0.001406]  gran_size: 512K 	chunk_size: 32M 	num_reg: 10  	lose cover RAM: 386G
[    0.001408]  gran_size: 512K 	chunk_size: 64M 	num_reg: 10  	lose cover RAM: 386G
[    0.001410]  gran_size: 512K 	chunk_size: 128M 	num_reg: 10  	lose cover RAM: 482G
[    0.001412]  gran_size: 512K 	chunk_size: 256M 	num_reg: 10  	lose cover RAM: 482G
[    0.001414]  gran_size: 512K 	chunk_size: 512M 	num_reg: 10  	lose cover RAM: 0G
[    0.001416]  gran_size: 512K 	chunk_size: 1G 	num_reg: 10  	lose cover RAM: 0G
[    0.001417]  gran_size: 512K 	chunk_size: 2G 	num_reg: 10  	lose cover RAM: 0G
[    0.001419]  gran_size: 1M 	chunk_size: 1M 	num_reg: 10  	lose cover RAM: 386G
[    0.001421]  gran_size: 1M 	chunk_size: 2M 	num_reg: 10  	lose cover RAM: 386G
[    0.001423]  gran_size: 1M 	chunk_size: 4M 	num_reg: 10  	lose cover RAM: 386G
[    0.001425]  gran_size: 1M 	chunk_size: 8M 	num_reg: 10  	lose cover RAM: 386G
[    0.001427]  gran_size: 1M 	chunk_size: 16M 	num_reg: 10  	lose cover RAM: 386G
[    0.001428]  gran_size: 1M 	chunk_size: 32M 	num_reg: 10  	lose cover RAM: 386G
[    0.001430]  gran_size: 1M 	chunk_size: 64M 	num_reg: 10  	lose cover RAM: 386G
[    0.001432]  gran_size: 1M 	chunk_size: 128M 	num_reg: 10  	lose cover RAM: 482G
[    0.001434]  gran_size: 1M 	chunk_size: 256M 	num_reg: 10  	lose cover RAM: 482G
[    0.001436]  gran_size: 1M 	chunk_size: 512M 	num_reg: 10  	lose cover RAM: 0G
[    0.001438]  gran_size: 1M 	chunk_size: 1G 	num_reg: 10  	lose cover RAM: 0G
[    0.001439]  gran_size: 1M 	chunk_size: 2G 	num_reg: 10  	lose cover RAM: 0G
[    0.001441]  gran_size: 2M 	chunk_size: 2M 	num_reg: 10  	lose cover RAM: 386G
[    0.001443]  gran_size: 2M 	chunk_size: 4M 	num_reg: 10  	lose cover RAM: 386G
[    0.001445]  gran_size: 2M 	chunk_size: 8M 	num_reg: 10  	lose cover RAM: 386G
[    0.001447]  gran_size: 2M 	chunk_size: 16M 	num_reg: 10  	lose cover RAM: 386G
[    0.001449]  gran_size: 2M 	chunk_size: 32M 	num_reg: 10  	lose cover RAM: 386G
[    0.001451]  gran_size: 2M 	chunk_size: 64M 	num_reg: 10  	lose cover RAM: 386G
[    0.001453]  gran_size: 2M 	chunk_size: 128M 	num_reg: 10  	lose cover RAM: 482G
[    0.001454]  gran_size: 2M 	chunk_size: 256M 	num_reg: 10  	lose cover RAM: 482G
[    0.001456]  gran_size: 2M 	chunk_size: 512M 	num_reg: 10  	lose cover RAM: 0G
[    0.001458]  gran_size: 2M 	chunk_size: 1G 	num_reg: 10  	lose cover RAM: 0G
[    0.001460]  gran_size: 2M 	chunk_size: 2G 	num_reg: 10  	lose cover RAM: 0G
[    0.001462]  gran_size: 4M 	chunk_size: 4M 	num_reg: 10  	lose cover RAM: 386G
[    0.001464]  gran_size: 4M 	chunk_size: 8M 	num_reg: 10  	lose cover RAM: 386G
[    0.001466]  gran_size: 4M 	chunk_size: 16M 	num_reg: 10  	lose cover RAM: 386G
[    0.001467]  gran_size: 4M 	chunk_size: 32M 	num_reg: 10  	lose cover RAM: 386G
[    0.001469]  gran_size: 4M 	chunk_size: 64M 	num_reg: 10  	lose cover RAM: 386G
[    0.001471]  gran_size: 4M 	chunk_size: 128M 	num_reg: 10  	lose cover RAM: 482G
[    0.001473]  gran_size: 4M 	chunk_size: 256M 	num_reg: 10  	lose cover RAM: 482G
[    0.001475]  gran_size: 4M 	chunk_size: 512M 	num_reg: 10  	lose cover RAM: 0G
[    0.001476]  gran_size: 4M 	chunk_size: 1G 	num_reg: 10  	lose cover RAM: 0G
[    0.001478]  gran_size: 4M 	chunk_size: 2G 	num_reg: 10  	lose cover RAM: 0G
[    0.001480]  gran_size: 8M 	chunk_size: 8M 	num_reg: 10  	lose cover RAM: 386G
[    0.001482]  gran_size: 8M 	chunk_size: 16M 	num_reg: 10  	lose cover RAM: 386G
[    0.001484]  gran_size: 8M 	chunk_size: 32M 	num_reg: 10  	lose cover RAM: 386G
[    0.001485]  gran_size: 8M 	chunk_size: 64M 	num_reg: 10  	lose cover RAM: 386G
[    0.001487]  gran_size: 8M 	chunk_size: 128M 	num_reg: 10  	lose cover RAM: 482G
[    0.001489]  gran_size: 8M 	chunk_size: 256M 	num_reg: 10  	lose cover RAM: 482G
[    0.001491]  gran_size: 8M 	chunk_size: 512M 	num_reg: 10  	lose cover RAM: 0G
[    0.001493]  gran_size: 8M 	chunk_size: 1G 	num_reg: 10  	lose cover RAM: 0G
[    0.001495]  gran_size: 8M 	chunk_size: 2G 	num_reg: 10  	lose cover RAM: 0G
[    0.001497]  gran_size: 16M 	chunk_size: 16M 	num_reg: 10  	lose cover RAM: 386G
[    0.001499]  gran_size: 16M 	chunk_size: 32M 	num_reg: 10  	lose cover RAM: 386G
[    0.001501]  gran_size: 16M 	chunk_size: 64M 	num_reg: 10  	lose cover RAM: 386G
[    0.001503]  gran_size: 16M 	chunk_size: 128M 	num_reg: 10  	lose cover RAM: 482G
[    0.001505]  gran_size: 16M 	chunk_size: 256M 	num_reg: 10  	lose cover RAM: 482G
[    0.001506]  gran_size: 16M 	chunk_size: 512M 	num_reg: 10  	lose cover RAM: 0G
[    0.001508]  gran_size: 16M 	chunk_size: 1G 	num_reg: 10  	lose cover RAM: 0G
[    0.001510]  gran_size: 16M 	chunk_size: 2G 	num_reg: 10  	lose cover RAM: 0G
[    0.001512]  gran_size: 32M 	chunk_size: 32M 	num_reg: 10  	lose cover RAM: 386G
[    0.001514]  gran_size: 32M 	chunk_size: 64M 	num_reg: 10  	lose cover RAM: 386G
[    0.001516]  gran_size: 32M 	chunk_size: 128M 	num_reg: 10  	lose cover RAM: 482G
[    0.001517]  gran_size: 32M 	chunk_size: 256M 	num_reg: 10  	lose cover RAM: 482G
[    0.001519]  gran_size: 32M 	chunk_size: 512M 	num_reg: 10  	lose cover RAM: 0G
[    0.001521]  gran_size: 32M 	chunk_size: 1G 	num_reg: 10  	lose cover RAM: 0G
[    0.001523]  gran_size: 32M 	chunk_size: 2G 	num_reg: 10  	lose cover RAM: 0G
[    0.001525]  gran_size: 64M 	chunk_size: 64M 	num_reg: 10  	lose cover RAM: 386G
[    0.001527]  gran_size: 64M 	chunk_size: 128M 	num_reg: 10  	lose cover RAM: 482G
[    0.001528]  gran_size: 64M 	chunk_size: 256M 	num_reg: 10  	lose cover RAM: 482G
[    0.001530]  gran_size: 64M 	chunk_size: 512M 	num_reg: 10  	lose cover RAM: 0G
[    0.001532]  gran_size: 64M 	chunk_size: 1G 	num_reg: 10  	lose cover RAM: 0G
[    0.001534]  gran_size: 64M 	chunk_size: 2G 	num_reg: 10  	lose cover RAM: 0G
[    0.001536]  gran_size: 128M 	chunk_size: 128M 	num_reg: 10  	lose cover RAM: 395328M
[    0.001538]  gran_size: 128M 	chunk_size: 256M 	num_reg: 10  	lose cover RAM: 395328M
[    0.001540]  gran_size: 128M 	chunk_size: 512M 	num_reg: 10  	lose cover RAM: 0G
[    0.001542]  gran_size: 128M 	chunk_size: 1G 	num_reg: 10  	lose cover RAM: 0G
[    0.001544]  gran_size: 128M 	chunk_size: 2G 	num_reg: 10  	lose cover RAM: 0G
[    0.001546]  gran_size: 256M 	chunk_size: 256M 	num_reg: 10  	lose cover RAM: 2240M
[    0.001548]  gran_size: 256M 	chunk_size: 512M 	num_reg: 10  	lose cover RAM: 0G
[    0.001550]  gran_size: 256M 	chunk_size: 1G 	num_reg: 10  	lose cover RAM: 0G
[    0.001552]  gran_size: 256M 	chunk_size: 2G 	num_reg: 10  	lose cover RAM: 0G
[    0.001553]  gran_size: 512M 	chunk_size: 512M 	num_reg: 10  	lose cover RAM: 448M
[    0.001555]  gran_size: 512M 	chunk_size: 1G 	num_reg: 10  	lose cover RAM: 2304M
[    0.001557]  gran_size: 512M 	chunk_size: 2G 	num_reg: 10  	lose cover RAM: 2304M
[    0.001559]  gran_size: 1G 	chunk_size: 1G 	num_reg: 9  	lose cover RAM: 960M
[    0.001561]  gran_size: 1G 	chunk_size: 2G 	num_reg: 10  	lose cover RAM: 264960M
[    0.001563]  gran_size: 2G 	chunk_size: 2G 	num_reg: 8  	lose cover RAM: 1984M
[    0.001565] mtrr_cleanup: can not find optimal value
[    0.001566] please specify mtrr_gran_size/mtrr_chunk_size
[    0.001569] e820: update [mem 0x70000000-0x73ffffff] usable ==> reserved
[    0.001572] e820: update [mem 0x80000000-0xffffffff] usable ==> reserved
[    0.001577] last_pfn = 0x70000 max_arch_pfn = 0x400000000
[    0.009254] efi: Failed to lookup EFI memory descriptor for 0x00000000683aa000
[    0.009273] check: Scanning 1 areas for low memory corruption
[    0.009278] Using GB pages for direct mapping
[    0.009676] Secure boot disabled
[    0.009677] RAMDISK: [mem 0x4bf19000-0x4f8defff]
[    0.009687] ACPI: Early table checksum verification disabled
[    0.009690] ACPI: RSDP 0x000000006FFFE014 000024 (v02 DELL  )
[    0.009694] ACPI: XSDT 0x000000006FBF9188 0000F4 (v01 DELL   PE_SC3   00000000      01000013)
[    0.009701] ACPI: FACP 0x000000006FFF8000 000114 (v06 DELL   PE_SC3   00000000 DELL 00000001)
[    0.009707] ACPI: DSDT 0x000000006FCFA000 2EE3DC (v02 DELL   PE_SC3   00000003 DELL 00000001)
[    0.009711] ACPI: FACS 0x000000006F6EE000 000040
[    0.009714] ACPI: SSDT 0x000000006FFFC000 00046C (v02 INTEL  ADDRXLAT 00000001 INTL 20180508)
[    0.009718] ACPI: MCEJ 0x000000006FFFB000 000130 (v01 DELL   PE_SC3   00000002 DELL 00000001)
[    0.009722] ACPI: WD__ 0x000000006FFFA000 000134 (v01 DELL   PE_SC3   00000001 DELL 00000001)
[    0.009725] ACPI: SLIC 0x000000006FFF9000 000176 (v01 DELL   PE_SC3   00000001 DELL 00000001)
[    0.009729] ACPI: HPET 0x000000006FFF7000 000038 (v01 DELL   PE_SC3   00000001 DELL 00000001)
[    0.009732] ACPI: APIC 0x000000006FFF5000 0016DE (v04 DELL   PE_SC3   00000000 DELL 00000001)
[    0.009736] ACPI: MCFG 0x000000006FFF4000 00003C (v01 DELL   PE_SC3   00000001 DELL 00000001)
[    0.009739] ACPI: MIGT 0x000000006FFF3000 000040 (v01 DELL   PE_SC3   00000000 DELL 00000001)
[    0.009743] ACPI: MSCT 0x000000006FFF2000 000090 (v01 DELL   PE_SC3   00000001 DELL 00000001)
[    0.009747] ACPI: PCAT 0x000000006FFF1000 000088 (v02 DELL   PE_SC3   00000002 DELL 00000001)
[    0.009750] ACPI: PCCT 0x000000006FFF0000 00006E (v01 DELL   PE_SC3   00000002 DELL 00000001)
[    0.009754] ACPI: RASF 0x000000006FFEF000 000030 (v01 DELL   PE_SC3   00000001 DELL 00000001)
[    0.009757] ACPI: SLIT 0x000000006FFEE000 00042C (v01 DELL   PE_SC3   00000001 DELL 00000001)
[    0.009761] ACPI: SRAT 0x000000006FFEB000 002D30 (v03 DELL   PE_SC3   00000002 DELL 00000001)
[    0.009764] ACPI: SVOS 0x000000006FFEA000 000032 (v01 DELL   PE_SC3   00000000 DELL 00000001)
[    0.009768] ACPI: WSMT 0x000000006FFE9000 000028 (v01 DELL   PE_SC3   00000000 DELL 00000001)
[    0.009771] ACPI: OEM4 0x000000006FC4C000 0AD1C1 (v02 INTEL  CPU  CST 00003000 INTL 20180508)
[    0.009775] ACPI: SSDT 0x000000006FC14000 037465 (v02 INTEL  SSDT  PM 00004000 INTL 20180508)
[    0.009779] ACPI: SSDT 0x000000006FBFA000 000A1F (v02 DELL   PE_SC3   00000000 DELL 00000001)
[    0.009783] ACPI: SSDT 0x000000006FC10000 00357F (v02 INTEL  SpsNm    00000002 INTL 20180508)
[    0.009787] ACPI: DMAR 0x000000006FFFD000 0001D0 (v01 DELL   PE_SC3   00000001 DELL 00000001)
[    0.009790] ACPI: HEST 0x000000006FC0F000 00017C (v01 DELL   PE_SC3   00000002 DELL 00000001)
[    0.009794] ACPI: BERT 0x000000006FC0E000 000030 (v01 DELL   PE_SC3   00000002 DELL 00000001)
[    0.009797] ACPI: ERST 0x000000006FC0D000 000230 (v01 DELL   PE_SC3   00000002 DELL 00000001)
[    0.009801] ACPI: EINJ 0x000000006FC0C000 000150 (v01 DELL   PE_SC3   00000002 DELL 00000001)
[    0.009809] ACPI: Local APIC address 0xfee00000
[    0.009912] SRAT: PXM 0 -> APIC 0x00 -> Node 0
[    0.009914] SRAT: PXM 1 -> APIC 0x40 -> Node 1
[    0.009915] SRAT: PXM 0 -> APIC 0x08 -> Node 0
[    0.009916] SRAT: PXM 1 -> APIC 0x48 -> Node 1
[    0.009917] SRAT: PXM 0 -> APIC 0x02 -> Node 0
[    0.009918] SRAT: PXM 1 -> APIC 0x42 -> Node 1
[    0.009919] SRAT: PXM 0 -> APIC 0x06 -> Node 0
[    0.009920] SRAT: PXM 1 -> APIC 0x46 -> Node 1
[    0.009921] SRAT: PXM 0 -> APIC 0x04 -> Node 0
[    0.009922] SRAT: PXM 1 -> APIC 0x44 -> Node 1
[    0.009923] SRAT: PXM 0 -> APIC 0x18 -> Node 0
[    0.009924] SRAT: PXM 1 -> APIC 0x58 -> Node 1
[    0.009925] SRAT: PXM 0 -> APIC 0x10 -> Node 0
[    0.009926] SRAT: PXM 1 -> APIC 0x50 -> Node 1
[    0.009927] SRAT: PXM 0 -> APIC 0x16 -> Node 0
[    0.009928] SRAT: PXM 1 -> APIC 0x56 -> Node 1
[    0.009929] SRAT: PXM 0 -> APIC 0x12 -> Node 0
[    0.009930] SRAT: PXM 1 -> APIC 0x52 -> Node 1
[    0.009931] SRAT: PXM 0 -> APIC 0x14 -> Node 0
[    0.009931] SRAT: PXM 1 -> APIC 0x54 -> Node 1
[    0.009932] SRAT: PXM 0 -> APIC 0x20 -> Node 0
[    0.009933] SRAT: PXM 1 -> APIC 0x60 -> Node 1
[    0.009934] SRAT: PXM 0 -> APIC 0x28 -> Node 0
[    0.009935] SRAT: PXM 1 -> APIC 0x68 -> Node 1
[    0.009936] SRAT: PXM 0 -> APIC 0x22 -> Node 0
[    0.009937] SRAT: PXM 1 -> APIC 0x62 -> Node 1
[    0.009938] SRAT: PXM 0 -> APIC 0x26 -> Node 0
[    0.009939] SRAT: PXM 1 -> APIC 0x66 -> Node 1
[    0.009940] SRAT: PXM 0 -> APIC 0x24 -> Node 0
[    0.009941] SRAT: PXM 1 -> APIC 0x64 -> Node 1
[    0.009942] SRAT: PXM 0 -> APIC 0x38 -> Node 0
[    0.009943] SRAT: PXM 1 -> APIC 0x78 -> Node 1
[    0.009944] SRAT: PXM 0 -> APIC 0x30 -> Node 0
[    0.009945] SRAT: PXM 1 -> APIC 0x70 -> Node 1
[    0.009946] SRAT: PXM 0 -> APIC 0x36 -> Node 0
[    0.009947] SRAT: PXM 1 -> APIC 0x76 -> Node 1
[    0.009948] SRAT: PXM 0 -> APIC 0x32 -> Node 0
[    0.009949] SRAT: PXM 1 -> APIC 0x72 -> Node 1
[    0.009949] SRAT: PXM 0 -> APIC 0x34 -> Node 0
[    0.009950] SRAT: PXM 1 -> APIC 0x74 -> Node 1
[    0.009964] ACPI: SRAT: Node 0 PXM 0 [mem 0x00000000-0x7fffffff]
[    0.009966] ACPI: SRAT: Node 0 PXM 0 [mem 0x100000000-0x407fffffff]
[    0.009968] ACPI: SRAT: Node 1 PXM 1 [mem 0x4080000000-0x807fffffff]
[    0.009976] NUMA: Initialized distance table, cnt=2
[    0.009978] NUMA: Node 0 [mem 0x00000000-0x7fffffff] + [mem 0x100000000-0x407fffffff] -> [mem 0x00000000-0x407fffffff]
[    0.009990] NODE_DATA(0) allocated [mem 0xffffd6000-0xfffffffff]
[    0.010016] NODE_DATA(1) allocated [mem 0x807ffd5000-0x807fffefff]
[    0.010364] Zone ranges:
[    0.010365]   DMA      [mem 0x0000000000001000-0x0000000000ffffff]
[    0.010368]   DMA32    [mem 0x0000000001000000-0x00000000ffffffff]
[    0.010369]   Normal   [mem 0x0000000100000000-0x000000807fffffff]
[    0.010371]   Device   empty
[    0.010373] Movable zone start for each node
[    0.010376] Early memory node ranges
[    0.010376]   node   0: [mem 0x0000000000001000-0x000000000009ffff]
[    0.010378]   node   0: [mem 0x0000000000100000-0x00000000682fefff]
[    0.010380]   node   0: [mem 0x000000006ffff000-0x000000006fffffff]
[    0.010381]   node   0: [mem 0x0000000100000000-0x0000000fffffffff]
[    0.010386]   node   1: [mem 0x0000008000000000-0x000000807fffffff]
[    0.012120] Zeroed struct page in unavailable ranges: 32097 pages
[    0.012122] Initmem setup node 0 [mem 0x0000000000001000-0x0000000fffffffff]
[    0.012125] On node 0 totalpages: 16155295
[    0.012126]   DMA zone: 64 pages used for memmap
[    0.012127]   DMA zone: 1094 pages reserved
[    0.012128]   DMA zone: 3999 pages, LIFO batch:0
[    0.012169]   DMA32 zone: 6604 pages used for memmap
[    0.012171]   DMA32 zone: 422656 pages, LIFO batch:63
[    0.016180]   Normal zone: 245760 pages used for memmap
[    0.016181]   Normal zone: 15728640 pages, LIFO batch:63
[    0.160235] Initmem setup node 1 [mem 0x0000008000000000-0x000000807fffffff]
[    0.160237] On node 1 totalpages: 524288
[    0.160238]   Normal zone: 8192 pages used for memmap
[    0.160239]   Normal zone: 524288 pages, LIFO batch:63
[    0.166461] ACPI: PM-Timer IO Port: 0x508
[    0.166464] ACPI: Local APIC address 0xfee00000
[    0.166487] ACPI: X2APIC_NMI (uid[0xffffffff] high level lint[0x1])
[    0.166492] ACPI: LAPIC_NMI (acpi_id[0xff] high level lint[0x1])
[    0.166512] IOAPIC[0]: apic_id 8, version 32, address 0xfec00000, GSI 0-23
[    0.166517] IOAPIC[1]: apic_id 9, version 32, address 0xfec01000, GSI 24-31
[    0.166522] IOAPIC[2]: apic_id 10, version 32, address 0xfec08000, GSI 32-39
[    0.166527] IOAPIC[3]: apic_id 11, version 32, address 0xfec10000, GSI 40-47
[    0.166531] IOAPIC[4]: apic_id 12, version 32, address 0xfec18000, GSI 48-55
[    0.166537] IOAPIC[5]: apic_id 15, version 32, address 0xfec20000, GSI 72-79
[    0.166541] IOAPIC[6]: apic_id 16, version 32, address 0xfec28000, GSI 80-87
[    0.166546] IOAPIC[7]: apic_id 17, version 32, address 0xfec30000, GSI 88-95
[    0.166551] IOAPIC[8]: apic_id 18, version 32, address 0xfec38000, GSI 96-103
[    0.166557] ACPI: INT_SRC_OVR (bus 0 bus_irq 0 global_irq 2 dfl dfl)
[    0.166559] ACPI: INT_SRC_OVR (bus 0 bus_irq 9 global_irq 9 high level)
[    0.166563] ACPI: IRQ0 used by override.
[    0.166564] ACPI: IRQ9 used by override.
[    0.166570] Using ACPI (MADT) for SMP configuration information
[    0.166571] ACPI: HPET id: 0x8086a701 base: 0xfed00000
[    0.166574] TSC deadline timer available
[    0.166576] smpboot: Allowing 40 CPUs, 0 hotplug CPUs
[    0.166594] PM: hibernation: Registered nosave memory: [mem 0x00000000-0x00000fff]
[    0.166596] PM: hibernation: Registered nosave memory: [mem 0x000a0000-0x000fffff]
[    0.166598] PM: hibernation: Registered nosave memory: [mem 0x4bd6b000-0x4bd6bfff]
[    0.166600] PM: hibernation: Registered nosave memory: [mem 0x4bd71000-0x4bd71fff]
[    0.166601] PM: hibernation: Registered nosave memory: [mem 0x4bd72000-0x4bd72fff]
[    0.166603] PM: hibernation: Registered nosave memory: [mem 0x4bd7c000-0x4bd7cfff]
[    0.166604] PM: hibernation: Registered nosave memory: [mem 0x4bd7d000-0x4bd7dfff]
[    0.166606] PM: hibernation: Registered nosave memory: [mem 0x4bdd9000-0x4bdd9fff]
[    0.166607] PM: hibernation: Registered nosave memory: [mem 0x4bdda000-0x4bddafff]
[    0.166609] PM: hibernation: Registered nosave memory: [mem 0x4be36000-0x4be36fff]
[    0.166610] PM: hibernation: Registered nosave memory: [mem 0x4be37000-0x4be37fff]
[    0.166612] PM: hibernation: Registered nosave memory: [mem 0x4be96000-0x4be96fff]
[    0.166614] PM: hibernation: Registered nosave memory: [mem 0x4be97000-0x4be97fff]
[    0.166615] PM: hibernation: Registered nosave memory: [mem 0x4bef6000-0x4bef6fff]
[    0.166616] PM: hibernation: Registered nosave memory: [mem 0x4bef7000-0x4bef7fff]
[    0.166618] PM: hibernation: Registered nosave memory: [mem 0x4bf0f000-0x4bf0ffff]
[    0.166619] PM: hibernation: Registered nosave memory: [mem 0x4bf10000-0x4bf10fff]
[    0.166621] PM: hibernation: Registered nosave memory: [mem 0x4bf18000-0x4bf18fff]
[    0.166623] PM: hibernation: Registered nosave memory: [mem 0x682ff000-0x6ebfefff]
[    0.166624] PM: hibernation: Registered nosave memory: [mem 0x6ebff000-0x6f9fefff]
[    0.166625] PM: hibernation: Registered nosave memory: [mem 0x6f9ff000-0x6fffefff]
[    0.166627] PM: hibernation: Registered nosave memory: [mem 0x70000000-0x8fffffff]
[    0.166628] PM: hibernation: Registered nosave memory: [mem 0x90000000-0xfdffffff]
[    0.166629] PM: hibernation: Registered nosave memory: [mem 0xfe000000-0xfe010fff]
[    0.166630] PM: hibernation: Registered nosave memory: [mem 0xfe011000-0xffffffff]
[    0.166632] PM: hibernation: Registered nosave memory: [mem 0x1000000000-0x7fffffffff]
[    0.166634] [mem 0x90000000-0xfdffffff] available for PCI devices
[    0.166636] Booting paravirtualized kernel on bare hardware
[    0.166639] clocksource: refined-jiffies: mask: 0xffffffff max_cycles: 0xffffffff, max_idle_ns: 7645519600211568 ns
[    0.166647] setup_percpu: NR_CPUS:8192 nr_cpumask_bits:40 nr_cpu_ids:40 nr_node_ids:2
[    0.169520] percpu: Embedded 56 pages/cpu s192512 r8192 d28672 u262144
[    0.169531] pcpu-alloc: s192512 r8192 d28672 u262144 alloc=1*2097152
[    0.169534] pcpu-alloc: [0] 00 02 04 06 08 10 12 14 [0] 16 18 20 22 24 26 28 30 
[    0.169547] pcpu-alloc: [0] 32 34 36 38 -- -- -- -- [1] 01 03 05 07 09 11 13 15 
[    0.169559] pcpu-alloc: [1] 17 19 21 23 25 27 29 31 [1] 33 35 37 39 -- -- -- -- 
[    0.169607] Built 2 zonelists, mobility grouping on.  Total pages: 16417869
[    0.169609] Policy zone: Normal
[    0.169611] Kernel command line: BOOT_IMAGE=/boot/vmlinuz-5.11.0.iplfs root=UUID=0fe244cb-556c-49fd-bc46-148ab2afc428 ro memmap=448G$64G intremap=off isolcpus=37,39 quiet splash vt.handoff=7
[    0.170152] mem auto-init: stack:off, heap alloc:on, heap free:off
[    0.342348] Memory: 65367776K/66718332K available (16393K kernel code, 17748K rwdata, 10284K rodata, 2804K init, 10024K bss, 1350296K reserved, 0K cma-reserved)
[    0.342354] random: get_random_u64 called from __kmem_cache_create+0x31/0x460 with crng_init=1
[    0.342813] SLUB: HWalign=64, Order=0-3, MinObjects=0, CPUs=40, Nodes=2
[    0.342835] ftrace: allocating 48076 entries in 188 pages
[    0.360835] ftrace: allocated 188 pages with 5 groups
[    0.361544] rcu: Hierarchical RCU implementation.
[    0.361545] rcu: 	RCU restricting CPUs from NR_CPUS=8192 to nr_cpu_ids=40.
[    0.361547] 	Rude variant of Tasks RCU enabled.
[    0.361548] 	Tracing variant of Tasks RCU enabled.
[    0.361549] rcu: RCU calculated value of scheduler-enlistment delay is 25 jiffies.
[    0.361550] rcu: Adjusting geometry for rcu_fanout_leaf=16, nr_cpu_ids=40
[    0.365535] NR_IRQS: 524544, nr_irqs: 2104, preallocated irqs: 16
[    0.365866] random: crng done (trusting CPU's manufacturer)
[    0.365967] Console: colour dummy device 80x25
[    0.366009] printk: console [tty0] enabled
[    0.366080] mempolicy: Enabling automatic NUMA balancing. Configure with numa_balancing= or the kernel.numa_balancing sysctl
[    0.366083] ACPI: Core revision 20201113
[    0.369160] clocksource: hpet: mask: 0xffffffff max_cycles: 0xffffffff, max_idle_ns: 79635855245 ns
[    0.369205] APIC: Switch to symmetric I/O mode setup
[    0.369418] x2apic: IRQ remapping doesn't support X2APIC mode
[    0.369525] Switched APIC routing to physical flat.
[    0.370452] ..TIMER: vector=0x30 apic1=0 pin1=2 apic2=-1 pin2=-1
[    0.389143] clocksource: tsc-early: mask: 0xffffffffffffffff max_cycles: 0x1e4530a99b6, max_idle_ns: 440795257976 ns
[    0.389148] Calibrating delay loop (skipped), value calculated using timer frequency.. 4200.00 BogoMIPS (lpj=8400000)
[    0.389151] pid_max: default: 40960 minimum: 320
[    0.392875] LSM: Security Framework initializing
[    0.392891] Yama: becoming mindful.
[    0.392926] AppArmor: AppArmor initialized
[    0.404694] Dentry cache hash table entries: 8388608 (order: 14, 67108864 bytes, vmalloc)
[    0.410505] Inode-cache hash table entries: 4194304 (order: 13, 33554432 bytes, vmalloc)
[    0.410745] Mount-cache hash table entries: 131072 (order: 8, 1048576 bytes, vmalloc)
[    0.410929] Mountpoint-cache hash table entries: 131072 (order: 8, 1048576 bytes, vmalloc)
[    0.411494] mce: CPU0: Thermal monitoring enabled (TM1)
[    0.411524] process: using mwait in idle threads
[    0.411527] Last level iTLB entries: 4KB 128, 2MB 8, 4MB 8
[    0.411529] Last level dTLB entries: 4KB 64, 2MB 0, 4MB 0, 1GB 4
[    0.411534] Spectre V1 : Mitigation: usercopy/swapgs barriers and __user pointer sanitization
[    0.411536] Spectre V2 : Mitigation: Enhanced IBRS
[    0.411537] Spectre V2 : Spectre v2 / SpectreRSB mitigation: Filling RSB on context switch
[    0.411538] Spectre V2 : mitigation: Enabling conditional Indirect Branch Prediction Barrier
[    0.411540] Speculative Store Bypass: Mitigation: Speculative Store Bypass disabled via prctl and seccomp
[    0.411541] TAA: Mitigation: TSX disabled
[    0.411814] Freeing SMP alternatives memory: 40K
[    0.417282] smpboot: Estimated ratio of average max frequency by base frequency (times 1024): 1804
[    0.417294] smpboot: CPU0: Intel(R) Xeon(R) Gold 6230 CPU @ 2.10GHz (family: 0x6, model: 0x55, stepping: 0x7)
[    0.417517] Performance Events: PEBS fmt3+, Skylake events, 32-deep LBR, full-width counters, Intel PMU driver.
[    0.417539] ... version:                4
[    0.417540] ... bit width:              48
[    0.417541] ... generic registers:      8
[    0.417542] ... value mask:             0000ffffffffffff
[    0.417543] ... max period:             00007fffffffffff
[    0.417544] ... fixed-purpose events:   3
[    0.417545] ... event mask:             00000007000000ff
[    0.417669] rcu: Hierarchical SRCU implementation.
[    0.420882] NMI watchdog: Enabled. Permanently consumes one hw-PMU counter.
[    0.421438] smp: Bringing up secondary CPUs ...
[    0.421623] x86: Booting SMP configuration:
[    0.421624] .... node  #1, CPUs:        #1
[    0.003324] smpboot: CPU 1 Converting physical 0 to logical die 1

[    0.513290] .... node  #0, CPUs:    #2
[    0.520369] .... node  #1, CPUs:    #3
[    0.528559] .... node  #0, CPUs:    #4
[    0.535533] .... node  #1, CPUs:    #5
[    0.543589] .... node  #0, CPUs:    #6
[    0.550619] .... node  #1, CPUs:    #7
[    0.558437] .... node  #0, CPUs:    #8
[    0.565346] .... node  #1, CPUs:    #9
[    0.573290] .... node  #0, CPUs:   #10
[    0.580344] .... node  #1, CPUs:   #11
[    0.588459] .... node  #0, CPUs:   #12
[    0.595642] .... node  #1, CPUs:   #13
[    0.603683] .... node  #0, CPUs:   #14
[    0.610651] .... node  #1, CPUs:   #15
[    0.618621] .... node  #0, CPUs:   #16
[    0.625805] .... node  #1, CPUs:   #17
[    0.633708] .... node  #0, CPUs:   #18
[    0.640608] .... node  #1, CPUs:   #19
[    0.648522] .... node  #0, CPUs:   #20
[    0.655632] .... node  #1, CPUs:   #21
[    0.663808] .... node  #0, CPUs:   #22
[    0.670969] .... node  #1, CPUs:   #23
[    0.679122] .... node  #0, CPUs:   #24
[    0.686138] .... node  #1, CPUs:   #25
[    0.694057] .... node  #0, CPUs:   #26
[    0.701359] .... node  #1, CPUs:   #27
[    0.709289] .... node  #0, CPUs:   #28
[    0.716092] .... node  #1, CPUs:   #29
[    0.724162] .... node  #0, CPUs:   #30
[    0.731371] .... node  #1, CPUs:   #31
[    0.739583] .... node  #0, CPUs:   #32
[    0.746663] .... node  #1, CPUs:   #33
[    0.754733] .... node  #0, CPUs:   #34
[    0.761833] .... node  #1, CPUs:   #35
[    0.769954] .... node  #0, CPUs:   #36
[    0.777173] .... node  #1, CPUs:   #37
[    0.784724] .... node  #0, CPUs:   #38
[    0.791652] .... node  #1, CPUs:   #39
[    0.799553] smp: Brought up 2 nodes, 40 CPUs
[    0.799553] smpboot: Max logical packages: 2
[    0.799553] smpboot: Total of 40 processors activated (168031.96 BogoMIPS)
[    0.804926] devtmpfs: initialized
[    0.804926] x86/mm: Memory block size: 2048MB
[    0.805493] PM: Registering ACPI NVS region [mem 0x6ebff000-0x6f9fefff] (14680064 bytes)
[    0.805493] clocksource: jiffies: mask: 0xffffffff max_cycles: 0xffffffff, max_idle_ns: 7645041785100000 ns
[    0.805785] futex hash table entries: 16384 (order: 8, 1048576 bytes, vmalloc)
[    0.805966] pinctrl core: initialized pinctrl subsystem
[    0.806100] PM: RTC time: 14:45:45, date: 2024-09-04
[    0.806304] NET: Registered protocol family 16
[    0.807216] DMA: preallocated 4096 KiB GFP_KERNEL pool for atomic allocations
[    0.808028] DMA: preallocated 4096 KiB GFP_KERNEL|GFP_DMA pool for atomic allocations
[    0.809266] DMA: preallocated 4096 KiB GFP_KERNEL|GFP_DMA32 pool for atomic allocations
[    0.809273] audit: initializing netlink subsys (disabled)
[    0.809279] audit: type=2000 audit(1725461144.444:1): state=initialized audit_enabled=0 res=1
[    0.809295] thermal_sys: Registered thermal governor 'fair_share'
[    0.809296] thermal_sys: Registered thermal governor 'bang_bang'
[    0.809297] thermal_sys: Registered thermal governor 'step_wise'
[    0.809299] thermal_sys: Registered thermal governor 'user_space'
[    0.809300] thermal_sys: Registered thermal governor 'power_allocator'
[    0.809305] EISA bus registered
[    0.809321] cpuidle: using governor ladder
[    0.809321] cpuidle: using governor menu
[    0.809321] Detected 1 PCC Subspaces
[    0.809321] Registering PCC driver as Mailbox controller
[    0.809321] ACPI FADT declares the system doesn't support PCIe ASPM, so disable it
[    0.809321] ACPI: bus type PCI registered
[    0.809321] acpiphp: ACPI Hot Plug PCI Controller Driver version: 0.5
[    0.809321] PCI: MMCONFIG for domain 0000 [bus 00-ff] at [mem 0x80000000-0x8fffffff] (base 0x80000000)
[    0.809321] PCI: MMCONFIG at [mem 0x80000000-0x8fffffff] reserved in E820
[    0.809321] pmd_set_huge: Cannot satisfy [mem 0x80000000-0x80200000] with a huge-page mapping due to MTRR override.
[    0.809601] PCI: Using configuration type 1 for base access
[    0.809610] PCI: Dell System detected, enabling pci=bfsort.
[    0.810688] ENERGY_PERF_BIAS: Set to 'normal', was 'performance'
[    0.813415] HugeTLB registered 1.00 GiB page size, pre-allocated 0 pages
[    0.813415] HugeTLB registered 2.00 MiB page size, pre-allocated 0 pages
[    0.813415] fbcon: Taking over console
[    0.813415] ACPI: Added _OSI(Module Device)
[    0.813415] ACPI: Added _OSI(Processor Device)
[    0.813415] ACPI: Added _OSI(3.0 _SCP Extensions)
[    0.813415] ACPI: Added _OSI(Processor Aggregator Device)
[    0.813415] ACPI: Added _OSI(Linux-Dell-Video)
[    0.813415] ACPI: Added _OSI(Linux-Lenovo-NV-HDMI-Audio)
[    0.813415] ACPI: Added _OSI(Linux-HPI-Hybrid-Graphics)
[    0.918507] ACPI: 5 ACPI AML tables successfully acquired and loaded
[    0.927449] ACPI: [Firmware Bug]: BIOS _OSI(Linux) query ignored
[    0.934495] ACPI: Dynamic OEM Table Load:
[    1.126088] ACPI: Interpreter enabled
[    1.126110] ACPI: (supports S0 S5)
[    1.126111] ACPI: Using IOAPIC for interrupt routing
[    1.126227] HEST: Table parsing has been initialized.
[    1.126229] PCI: Using host bridge windows from ACPI; if necessary, use "pci=nocrs" and report a bug
[    1.142371] ACPI: Enabled 5 GPEs in block 00 to 7F
[    1.218740] ACPI: PCI Root Bridge [PC00] (domain 0000 [bus 00-16])
[    1.218747] acpi PNP0A08:00: _OSC: OS supports [ExtendedConfig ASPM ClockPM Segments MSI EDR HPX-Type3]
[    1.218865] acpi PNP0A08:00: _OSC: platform does not support [SHPCHotplug AER LTR DPC]
[    1.218973] acpi PNP0A08:00: _OSC: OS now controls [PCIeHotplug PME PCIeCapability]
[    1.218975] acpi PNP0A08:00: FADT indicates ASPM is unsupported, using BIOS configuration
[    1.220868] PCI host bridge to bus 0000:00
[    1.220870] pci_bus 0000:00: root bus resource [io  0x0000-0x0cf7 window]
[    1.220872] pci_bus 0000:00: root bus resource [io  0x1000-0x3fff window]
[    1.220874] pci_bus 0000:00: root bus resource [mem 0x000a0000-0x000bffff window]
[    1.220875] pci_bus 0000:00: root bus resource [mem 0x000c4000-0x000c7fff window]
[    1.220877] pci_bus 0000:00: root bus resource [mem 0xfe010000-0xfe010fff window]
[    1.220878] pci_bus 0000:00: root bus resource [mem 0x90000000-0x9d7fffff window]
[    1.220880] pci_bus 0000:00: root bus resource [mem 0x380000000000-0x383fffffffff window]
[    1.220881] pci_bus 0000:00: root bus resource [bus 00-16]
[    1.220898] pci 0000:00:00.0: [8086:2020] type 00 class 0x060000
[    1.221739] pci 0000:00:05.0: [8086:2024] type 00 class 0x088000
[    1.222548] pci 0000:00:05.2: [8086:2025] type 00 class 0x088000
[    1.223341] pci 0000:00:05.4: [8086:2026] type 00 class 0x080020
[    1.223358] pci 0000:00:05.4: reg 0x10: [mem 0x92f20000-0x92f20fff]
[    1.224164] pci 0000:00:08.0: [8086:2014] type 00 class 0x088000
[    1.224950] pci 0000:00:08.1: [8086:2015] type 00 class 0x110100
[    1.225719] pci 0000:00:08.2: [8086:2016] type 00 class 0x088000
[    1.226518] pci 0000:00:11.0: [8086:a1ec] type 00 class 0xff0000
[    1.226521] pci 0000:00:11.0: device has non-compliant BARs; disabling IO/MEM decoding
[    1.227320] pci 0000:00:11.5: [8086:a1d2] type 00 class 0x010601
[    1.227342] pci 0000:00:11.5: reg 0x10: [mem 0x92f16000-0x92f17fff]
[    1.227356] pci 0000:00:11.5: reg 0x14: [mem 0x92f1f000-0x92f1f0ff]
[    1.227369] pci 0000:00:11.5: reg 0x18: [io  0x2068-0x206f]
[    1.227383] pci 0000:00:11.5: reg 0x1c: [io  0x2074-0x2077]
[    1.227396] pci 0000:00:11.5: reg 0x20: [io  0x2040-0x205f]
[    1.227410] pci 0000:00:11.5: reg 0x24: [mem 0x92e80000-0x92efffff]
[    1.227451] pci 0000:00:11.5: PME# supported from D3hot
[    1.228278] pci 0000:00:14.0: [8086:a1af] type 00 class 0x0c0330
[    1.228307] pci 0000:00:14.0: reg 0x10: [mem 0x92f00000-0x92f0ffff 64bit]
[    1.228398] pci 0000:00:14.0: PME# supported from D3hot D3cold
[    1.229232] pci 0000:00:14.2: [8086:a1b1] type 00 class 0x118000
[    1.229261] pci 0000:00:14.2: reg 0x10: [mem 0x92f1c000-0x92f1cfff 64bit]
[    1.230111] pci 0000:00:16.0: [8086:a1ba] type 00 class 0x078000
[    1.230147] pci 0000:00:16.0: reg 0x10: [mem 0x92f1b000-0x92f1bfff 64bit]
[    1.230257] pci 0000:00:16.0: PME# supported from D3hot
[    1.231020] pci 0000:00:16.1: [8086:a1bb] type 00 class 0x078000
[    1.231055] pci 0000:00:16.1: reg 0x10: [mem 0x92f1a000-0x92f1afff 64bit]
[    1.231166] pci 0000:00:16.1: PME# supported from D3hot
[    1.231940] pci 0000:00:16.4: [8086:a1be] type 00 class 0x078000
[    1.231975] pci 0000:00:16.4: reg 0x10: [mem 0x92f19000-0x92f19fff 64bit]
[    1.232086] pci 0000:00:16.4: PME# supported from D3hot
[    1.232849] pci 0000:00:17.0: [8086:a182] type 00 class 0x010601
[    1.232871] pci 0000:00:17.0: reg 0x10: [mem 0x92f14000-0x92f15fff]
[    1.232885] pci 0000:00:17.0: reg 0x14: [mem 0x92f1e000-0x92f1e0ff]
[    1.232898] pci 0000:00:17.0: reg 0x18: [io  0x2060-0x2067]
[    1.232912] pci 0000:00:17.0: reg 0x1c: [io  0x2070-0x2073]
[    1.232925] pci 0000:00:17.0: reg 0x20: [io  0x2020-0x203f]
[    1.232939] pci 0000:00:17.0: reg 0x24: [mem 0x92e00000-0x92e7ffff]
[    1.232980] pci 0000:00:17.0: PME# supported from D3hot
[    1.233802] pci 0000:00:1c.0: [8086:a190] type 01 class 0x060400
[    1.234594] pci 0000:00:1c.0: PME# supported from D0 D3hot D3cold
[    1.234831] pci 0000:00:1c.4: [8086:a194] type 01 class 0x060400
[    1.234919] pci 0000:00:1c.4: PME# supported from D0 D3hot D3cold
[    1.235865] pci 0000:00:1f.0: [8086:a1c1] type 00 class 0x060100
[    1.236824] pci 0000:00:1f.2: [8086:a1a1] type 00 class 0x058000
[    1.236848] pci 0000:00:1f.2: reg 0x10: [mem 0x92f10000-0x92f13fff]
[    1.237742] pci 0000:00:1f.4: [8086:a1a3] type 00 class 0x0c0500
[    1.237773] pci 0000:00:1f.4: reg 0x10: [mem 0x92f18000-0x92f180ff 64bit]
[    1.237814] pci 0000:00:1f.4: reg 0x20: [io  0x2000-0x201f]
[    1.238593] pci 0000:00:1f.5: [8086:a1a4] type 00 class 0x0c8000
[    1.238617] pci 0000:00:1f.5: reg 0x10: [mem 0xfe010000-0xfe010fff]
[    1.239501] pci 0000:00:1c.0: PCI bridge to [bus 01]
[    1.239505] pci 0000:00:1c.0:   bridge window [mem 0x92a00000-0x92dfffff]
[    1.239565] pci 0000:02:00.0: [1556:be00] type 01 class 0x060400
[    1.249160] pci 0000:00:1c.4: PCI bridge to [bus 02-03]
[    1.249165] pci 0000:00:1c.4:   bridge window [mem 0x92000000-0x928fffff]
[    1.249169] pci 0000:00:1c.4:   bridge window [mem 0x91000000-0x91ffffff 64bit pref]
[    1.249200] pci_bus 0000:03: extended config space not accessible
[    1.249221] pci 0000:03:00.0: [102b:0536] type 00 class 0x030000
[    1.249249] pci 0000:03:00.0: reg 0x10: [mem 0x91000000-0x91ffffff pref]
[    1.249266] pci 0000:03:00.0: reg 0x14: [mem 0x92808000-0x9280bfff]
[    1.249283] pci 0000:03:00.0: reg 0x18: [mem 0x92000000-0x927fffff]
[    1.249356] pci 0000:03:00.0: BAR 0: assigned to efifb
[    1.249450] pci 0000:02:00.0: PCI bridge to [bus 03]
[    1.249458] pci 0000:02:00.0:   bridge window [mem 0x92000000-0x928fffff]
[    1.249464] pci 0000:02:00.0:   bridge window [mem 0x91000000-0x91ffffff 64bit pref]
[    1.249493] pci_bus 0000:00: on NUMA node 0
[    1.249881] ACPI: PCI Interrupt Link [LNKA] (IRQs 3 4 5 6 10 *11 12 14 15)
[    1.249982] ACPI: PCI Interrupt Link [LNKB] (IRQs 3 4 5 *6 10 11 12 14 15)
[    1.250082] ACPI: PCI Interrupt Link [LNKC] (IRQs 3 4 *5 6 10 11 12 14 15)
[    1.250180] ACPI: PCI Interrupt Link [LNKD] (IRQs 3 4 5 6 10 *11 12 14 15)
[    1.250278] ACPI: PCI Interrupt Link [LNKE] (IRQs 3 4 5 6 10 *11 12 14 15)
[    1.250375] ACPI: PCI Interrupt Link [LNKF] (IRQs 3 4 5 *6 10 11 12 14 15)
[    1.250472] ACPI: PCI Interrupt Link [LNKG] (IRQs 3 4 *5 6 10 11 12 14 15)
[    1.250571] ACPI: PCI Interrupt Link [LNKH] (IRQs 3 4 5 6 10 *11 12 14 15)
[    1.251004] ACPI: PCI Root Bridge [PC01] (domain 0000 [bus 17-39])
[    1.251009] acpi PNP0A08:01: _OSC: OS supports [ExtendedConfig ASPM ClockPM Segments MSI EDR HPX-Type3]
[    1.251175] acpi PNP0A08:01: _OSC: platform does not support [SHPCHotplug AER LTR DPC]
[    1.251353] acpi PNP0A08:01: _OSC: OS now controls [PCIeHotplug PME PCIeCapability]
[    1.251354] acpi PNP0A08:01: FADT indicates ASPM is unsupported, using BIOS configuration
[    1.251579] PCI host bridge to bus 0000:17
[    1.251581] pci_bus 0000:17: root bus resource [io  0x4000-0x5fff window]
[    1.251582] pci_bus 0000:17: root bus resource [mem 0x9d800000-0xaaffffff window]
[    1.251584] pci_bus 0000:17: root bus resource [mem 0x384000000000-0x387fffffffff window]
[    1.251586] pci_bus 0000:17: root bus resource [bus 17-39]
[    1.251601] pci 0000:17:00.0: [8086:2030] type 01 class 0x060400
[    1.251676] pci 0000:17:00.0: PME# supported from D0 D3hot D3cold
[    1.251910] pci 0000:17:02.0: [8086:2032] type 01 class 0x060400
[    1.251954] pci 0000:17:02.0: enabling Extended Tags
[    1.251987] pci 0000:17:02.0: PME# supported from D0 D3hot D3cold
[    1.252093] pci 0000:17:03.0: [8086:2033] type 01 class 0x060400
[    1.252137] pci 0000:17:03.0: enabling Extended Tags
[    1.252169] pci 0000:17:03.0: PME# supported from D0 D3hot D3cold
[    1.252264] pci 0000:17:05.0: [8086:2034] type 00 class 0x088000
[    1.252383] pci 0000:17:05.2: [8086:2035] type 00 class 0x088000
[    1.252495] pci 0000:17:05.4: [8086:2036] type 00 class 0x080020
[    1.252511] pci 0000:17:05.4: reg 0x10: [mem 0x9e500000-0x9e500fff]
[    1.252639] pci 0000:17:08.0: [8086:208d] type 00 class 0x088000
[    1.252739] pci 0000:17:08.1: [8086:208d] type 00 class 0x088000
[    1.252827] pci 0000:17:08.2: [8086:208d] type 00 class 0x088000
[    1.252923] pci 0000:17:08.3: [8086:208d] type 00 class 0x088000
[    1.253009] pci 0000:17:08.4: [8086:208d] type 00 class 0x088000
[    1.253095] pci 0000:17:08.5: [8086:208d] type 00 class 0x088000
[    1.253184] pci 0000:17:08.6: [8086:208d] type 00 class 0x088000
[    1.253271] pci 0000:17:08.7: [8086:208d] type 00 class 0x088000
[    1.253359] pci 0000:17:09.0: [8086:208d] type 00 class 0x088000
[    1.253462] pci 0000:17:09.1: [8086:208d] type 00 class 0x088000
[    1.253550] pci 0000:17:09.2: [8086:208d] type 00 class 0x088000
[    1.253649] pci 0000:17:09.3: [8086:208d] type 00 class 0x088000
[    1.253736] pci 0000:17:09.4: [8086:208d] type 00 class 0x088000
[    1.253823] pci 0000:17:09.5: [8086:208d] type 00 class 0x088000
[    1.253910] pci 0000:17:09.6: [8086:208d] type 00 class 0x088000
[    1.253998] pci 0000:17:09.7: [8086:208d] type 00 class 0x088000
[    1.254087] pci 0000:17:0a.0: [8086:208d] type 00 class 0x088000
[    1.254186] pci 0000:17:0a.1: [8086:208d] type 00 class 0x088000
[    1.254277] pci 0000:17:0a.2: [8086:208d] type 00 class 0x088000
[    1.254377] pci 0000:17:0a.3: [8086:208d] type 00 class 0x088000
[    1.254465] pci 0000:17:0a.4: [8086:208d] type 00 class 0x088000
[    1.254552] pci 0000:17:0a.5: [8086:208d] type 00 class 0x088000
[    1.254639] pci 0000:17:0a.6: [8086:208d] type 00 class 0x088000
[    1.254725] pci 0000:17:0a.7: [8086:208d] type 00 class 0x088000
[    1.254814] pci 0000:17:0b.0: [8086:208d] type 00 class 0x088000
[    1.254924] pci 0000:17:0b.1: [8086:208d] type 00 class 0x088000
[    1.255013] pci 0000:17:0b.2: [8086:208d] type 00 class 0x088000
[    1.255112] pci 0000:17:0b.3: [8086:208d] type 00 class 0x088000
[    1.255203] pci 0000:17:0e.0: [8086:208e] type 00 class 0x088000
[    1.255303] pci 0000:17:0e.1: [8086:208e] type 00 class 0x088000
[    1.255390] pci 0000:17:0e.2: [8086:208e] type 00 class 0x088000
[    1.255478] pci 0000:17:0e.3: [8086:208e] type 00 class 0x088000
[    1.255564] pci 0000:17:0e.4: [8086:208e] type 00 class 0x088000
[    1.255651] pci 0000:17:0e.5: [8086:208e] type 00 class 0x088000
[    1.255739] pci 0000:17:0e.6: [8086:208e] type 00 class 0x088000
[    1.255837] pci 0000:17:0e.7: [8086:208e] type 00 class 0x088000
[    1.255927] pci 0000:17:0f.0: [8086:208e] type 00 class 0x088000
[    1.256025] pci 0000:17:0f.1: [8086:208e] type 00 class 0x088000
[    1.256112] pci 0000:17:0f.2: [8086:208e] type 00 class 0x088000
[    1.256199] pci 0000:17:0f.3: [8086:208e] type 00 class 0x088000
[    1.256285] pci 0000:17:0f.4: [8086:208e] type 00 class 0x088000
[    1.256376] pci 0000:17:0f.5: [8086:208e] type 00 class 0x088000
[    1.256464] pci 0000:17:0f.6: [8086:208e] type 00 class 0x088000
[    1.256557] pci 0000:17:0f.7: [8086:208e] type 00 class 0x088000
[    1.256644] pci 0000:17:10.0: [8086:208e] type 00 class 0x088000
[    1.256744] pci 0000:17:10.1: [8086:208e] type 00 class 0x088000
[    1.256833] pci 0000:17:10.2: [8086:208e] type 00 class 0x088000
[    1.256920] pci 0000:17:10.3: [8086:208e] type 00 class 0x088000
[    1.257007] pci 0000:17:10.4: [8086:208e] type 00 class 0x088000
[    1.257096] pci 0000:17:10.5: [8086:208e] type 00 class 0x088000
[    1.257182] pci 0000:17:10.6: [8086:208e] type 00 class 0x088000
[    1.257274] pci 0000:17:10.7: [8086:208e] type 00 class 0x088000
[    1.257361] pci 0000:17:11.0: [8086:208e] type 00 class 0x088000
[    1.257460] pci 0000:17:11.1: [8086:208e] type 00 class 0x088000
[    1.257547] pci 0000:17:11.2: [8086:208e] type 00 class 0x088000
[    1.257634] pci 0000:17:11.3: [8086:208e] type 00 class 0x088000
[    1.257733] pci 0000:17:1d.0: [8086:2054] type 00 class 0x088000
[    1.257833] pci 0000:17:1d.1: [8086:2055] type 00 class 0x088000
[    1.257920] pci 0000:17:1d.2: [8086:2056] type 00 class 0x088000
[    1.258015] pci 0000:17:1d.3: [8086:2057] type 00 class 0x088000
[    1.258106] pci 0000:17:1e.0: [8086:2080] type 00 class 0x088000
[    1.258204] pci 0000:17:1e.1: [8086:2081] type 00 class 0x088000
[    1.258292] pci 0000:17:1e.2: [8086:2082] type 00 class 0x088000
[    1.258411] pci 0000:17:1e.3: [8086:2083] type 00 class 0x088000
[    1.258498] pci 0000:17:1e.4: [8086:2084] type 00 class 0x088000
[    1.258585] pci 0000:17:1e.5: [8086:2085] type 00 class 0x088000
[    1.258672] pci 0000:17:1e.6: [8086:2086] type 00 class 0x088000
[    1.258800] pci 0000:18:00.0: [1000:005d] type 00 class 0x010400
[    1.258819] pci 0000:18:00.0: reg 0x10: [io  0x4000-0x40ff]
[    1.258836] pci 0000:18:00.0: reg 0x14: [mem 0x9e400000-0x9e40ffff 64bit]
[    1.258853] pci 0000:18:00.0: reg 0x1c: [mem 0x9e300000-0x9e3fffff 64bit]
[    1.258875] pci 0000:18:00.0: reg 0x30: [mem 0xfff00000-0xffffffff pref]
[    1.258912] pci 0000:18:00.0: supports D1 D2
[    1.258962] pci 0000:17:00.0: PCI bridge to [bus 18]
[    1.258965] pci 0000:17:00.0:   bridge window [io  0x4000-0x4fff]
[    1.258967] pci 0000:17:00.0:   bridge window [mem 0x9e300000-0x9e4fffff]
[    1.259108] pci 0000:19:00.0: [8086:1563] type 00 class 0x020000
[    1.259135] pci 0000:19:00.0: reg 0x10: [mem 0x9dc00000-0x9dffffff 64bit pref]
[    1.259179] pci 0000:19:00.0: reg 0x20: [mem 0x9e004000-0x9e007fff 64bit pref]
[    1.259192] pci 0000:19:00.0: reg 0x30: [mem 0xfff80000-0xffffffff pref]
[    1.259251] pci 0000:19:00.0: PME# supported from D0 D3hot D3cold
[    1.259477] pci 0000:19:00.1: [8086:1563] type 00 class 0x020000
[    1.259504] pci 0000:19:00.1: reg 0x10: [mem 0x9d800000-0x9dbfffff 64bit pref]
[    1.259547] pci 0000:19:00.1: reg 0x20: [mem 0x9e000000-0x9e003fff 64bit pref]
[    1.259561] pci 0000:19:00.1: reg 0x30: [mem 0xfff80000-0xffffffff pref]
[    1.259614] pci 0000:19:00.1: PME# supported from D0 D3hot D3cold
[    1.259805] pci 0000:17:02.0: PCI bridge to [bus 19]
[    1.259810] pci 0000:17:02.0:   bridge window [mem 0x9d800000-0x9e0fffff 64bit pref]
[    1.259868] pci 0000:1a:00.0: [8086:1521] type 00 class 0x020000
[    1.259890] pci 0000:1a:00.0: reg 0x10: [mem 0x9e180000-0x9e1fffff]
[    1.259927] pci 0000:1a:00.0: reg 0x1c: [mem 0x9e204000-0x9e207fff]
[    1.259964] pci 0000:1a:00.0: reg 0x30: [mem 0xfff80000-0xffffffff pref]
[    1.260022] pci 0000:1a:00.0: PME# supported from D0 D3hot D3cold
[    1.260207] pci 0000:1a:00.1: [8086:1521] type 00 class 0x020000
[    1.260228] pci 0000:1a:00.1: reg 0x10: [mem 0x9e100000-0x9e17ffff]
[    1.260265] pci 0000:1a:00.1: reg 0x1c: [mem 0x9e200000-0x9e203fff]
[    1.260302] pci 0000:1a:00.1: reg 0x30: [mem 0xfff80000-0xffffffff pref]
[    1.260356] pci 0000:1a:00.1: PME# supported from D0 D3hot D3cold
[    1.260520] pci 0000:17:03.0: PCI bridge to [bus 1a]
[    1.260523] pci 0000:17:03.0:   bridge window [mem 0x9e100000-0x9e2fffff]
[    1.260557] pci_bus 0000:17: on NUMA node 0
[    1.260718] ACPI: PCI Root Bridge [PC02] (domain 0000 [bus 3a-5c])
[    1.260722] acpi PNP0A08:02: _OSC: OS supports [ExtendedConfig ASPM ClockPM Segments MSI EDR HPX-Type3]
[    1.260877] acpi PNP0A08:02: _OSC: platform does not support [SHPCHotplug AER LTR DPC]
[    1.261032] acpi PNP0A08:02: _OSC: OS now controls [PCIeHotplug PME PCIeCapability]
[    1.261033] acpi PNP0A08:02: FADT indicates ASPM is unsupported, using BIOS configuration
[    1.261222] PCI host bridge to bus 0000:3a
[    1.261224] pci_bus 0000:3a: root bus resource [io  0x6000-0x7fff window]
[    1.261226] pci_bus 0000:3a: root bus resource [mem 0xab000000-0xb87fffff window]
[    1.261228] pci_bus 0000:3a: root bus resource [mem 0x388000000000-0x38bfffffffff window]
[    1.261229] pci_bus 0000:3a: root bus resource [bus 3a-5c]
[    1.261244] pci 0000:3a:00.0: [8086:2030] type 01 class 0x060400
[    1.261318] pci 0000:3a:00.0: PME# supported from D0 D3hot D3cold
[    1.261529] pci 0000:3a:05.0: [8086:2034] type 00 class 0x088000
[    1.261635] pci 0000:3a:05.2: [8086:2035] type 00 class 0x088000
[    1.261745] pci 0000:3a:05.4: [8086:2036] type 00 class 0x080020
[    1.261761] pci 0000:3a:05.4: reg 0x10: [mem 0xab100000-0xab100fff]
[    1.261880] pci 0000:3a:08.0: [8086:2066] type 00 class 0x088000
[    1.261990] pci 0000:3a:09.0: [8086:2066] type 00 class 0x088000
[    1.262097] pci 0000:3a:0a.0: [8086:2040] type 00 class 0x088000
[    1.262203] pci 0000:3a:0a.1: [8086:2041] type 00 class 0x088000
[    1.262295] pci 0000:3a:0a.2: [8086:2042] type 00 class 0x088000
[    1.262388] pci 0000:3a:0a.3: [8086:2043] type 00 class 0x088000
[    1.262480] pci 0000:3a:0a.4: [8086:2044] type 00 class 0x088000
[    1.262577] pci 0000:3a:0a.5: [8086:2045] type 00 class 0x088000
[    1.262669] pci 0000:3a:0a.6: [8086:2046] type 00 class 0x088000
[    1.262761] pci 0000:3a:0a.7: [8086:2047] type 00 class 0x088000
[    1.262852] pci 0000:3a:0b.0: [8086:2048] type 00 class 0x088000
[    1.262956] pci 0000:3a:0b.1: [8086:2049] type 00 class 0x088000
[    1.263047] pci 0000:3a:0b.2: [8086:204a] type 00 class 0x088000
[    1.263140] pci 0000:3a:0b.3: [8086:204b] type 00 class 0x088000
[    1.263233] pci 0000:3a:0c.0: [8086:2040] type 00 class 0x088000
[    1.263347] pci 0000:3a:0c.1: [8086:2041] type 00 class 0x088000
[    1.263442] pci 0000:3a:0c.2: [8086:2042] type 00 class 0x088000
[    1.263537] pci 0000:3a:0c.3: [8086:2043] type 00 class 0x088000
[    1.263630] pci 0000:3a:0c.4: [8086:2044] type 00 class 0x088000
[    1.263723] pci 0000:3a:0c.5: [8086:2045] type 00 class 0x088000
[    1.263816] pci 0000:3a:0c.6: [8086:2046] type 00 class 0x088000
[    1.263910] pci 0000:3a:0c.7: [8086:2047] type 00 class 0x088000
[    1.264004] pci 0000:3a:0d.0: [8086:2048] type 00 class 0x088000
[    1.264121] pci 0000:3a:0d.1: [8086:2049] type 00 class 0x088000
[    1.264214] pci 0000:3a:0d.2: [8086:204a] type 00 class 0x088000
[    1.264310] pci 0000:3a:0d.3: [8086:204b] type 00 class 0x088000
[    1.264452] pci 0000:3b:00.0: [8086:2700] type 00 class 0x010802
[    1.264475] pci 0000:3b:00.0: reg 0x10: [mem 0xab000000-0xab003fff 64bit]
[    1.264528] pci 0000:3b:00.0: reg 0x30: [mem 0xffff0000-0xffffffff pref]
[    1.264914] pci 0000:3a:00.0: PCI bridge to [bus 3b]
[    1.264918] pci 0000:3a:00.0:   bridge window [mem 0xab000000-0xab0fffff]
[    1.264931] pci_bus 0000:3a: on NUMA node 0
[    1.265054] ACPI: PCI Root Bridge [PC03] (domain 0000 [bus 5d-7f])
[    1.265058] acpi PNP0A08:03: _OSC: OS supports [ExtendedConfig ASPM ClockPM Segments MSI EDR HPX-Type3]
[    1.265213] acpi PNP0A08:03: _OSC: platform does not support [SHPCHotplug AER LTR DPC]
[    1.265369] acpi PNP0A08:03: _OSC: OS now controls [PCIeHotplug PME PCIeCapability]
[    1.265370] acpi PNP0A08:03: FADT indicates ASPM is unsupported, using BIOS configuration
[    1.265599] PCI host bridge to bus 0000:5d
[    1.265601] pci_bus 0000:5d: root bus resource [io  0x8000-0x9fff window]
[    1.265602] pci_bus 0000:5d: root bus resource [mem 0xb8800000-0xc5ffffff window]
[    1.265604] pci_bus 0000:5d: root bus resource [mem 0x38c000000000-0x38ffffffffff window]
[    1.265606] pci_bus 0000:5d: root bus resource [bus 5d-7f]
[    1.265617] pci 0000:5d:05.0: [8086:2034] type 00 class 0x088000
[    1.265729] pci 0000:5d:05.2: [8086:2035] type 00 class 0x088000
[    1.265836] pci 0000:5d:05.4: [8086:2036] type 00 class 0x080020
[    1.265852] pci 0000:5d:05.4: reg 0x10: [mem 0xb8800000-0xb8800fff]
[    1.265977] pci 0000:5d:0e.0: [8086:2058] type 00 class 0x110100
[    1.266093] pci 0000:5d:0e.1: [8086:2059] type 00 class 0x088000
[    1.266185] pci 0000:5d:0f.0: [8086:2058] type 00 class 0x110100
[    1.266299] pci 0000:5d:0f.1: [8086:2059] type 00 class 0x088000
[    1.266393] pci 0000:5d:10.0: [8086:2058] type 00 class 0x110100
[    1.266500] pci 0000:5d:10.1: [8086:2059] type 00 class 0x088000
[    1.266603] pci 0000:5d:12.0: [8086:204c] type 00 class 0x110100
[    1.266708] pci 0000:5d:12.1: [8086:204d] type 00 class 0x110100
[    1.266790] pci 0000:5d:12.2: [8086:204e] type 00 class 0x088000
[    1.266881] pci 0000:5d:12.4: [8086:204c] type 00 class 0x110100
[    1.266971] pci 0000:5d:12.5: [8086:204d] type 00 class 0x110100
[    1.267051] pci 0000:5d:15.0: [8086:2018] type 00 class 0x088000
[    1.267142] pci 0000:5d:15.1: [8086:2088] type 00 class 0x110100
[    1.267221] pci 0000:5d:16.0: [8086:2018] type 00 class 0x088000
[    1.267314] pci 0000:5d:16.1: [8086:2088] type 00 class 0x110100
[    1.267392] pci 0000:5d:16.4: [8086:2018] type 00 class 0x088000
[    1.267472] pci 0000:5d:16.5: [8086:2088] type 00 class 0x110100
[    1.267560] pci 0000:5d:17.0: [8086:2018] type 00 class 0x088000
[    1.267649] pci 0000:5d:17.1: [8086:2088] type 00 class 0x110100
[    1.267733] pci_bus 0000:5d: on NUMA node 0
[    1.267965] ACPI: PCI Root Bridge [PC06] (domain 0000 [bus 80-84])
[    1.267969] acpi PNP0A08:06: _OSC: OS supports [ExtendedConfig ASPM ClockPM Segments MSI EDR HPX-Type3]
[    1.268122] acpi PNP0A08:06: _OSC: platform does not support [SHPCHotplug AER LTR DPC]
[    1.268278] acpi PNP0A08:06: _OSC: OS now controls [PCIeHotplug PME PCIeCapability]
[    1.268279] acpi PNP0A08:06: FADT indicates ASPM is unsupported, using BIOS configuration
[    1.268326] acpi PNP0A08:06: host bridge window [io  0x0000 window] (ignored, not CPU addressable)
[    1.268441] PCI host bridge to bus 0000:80
[    1.268442] pci_bus 0000:80: root bus resource [mem 0xc6000000-0xd37fffff window]
[    1.268444] pci_bus 0000:80: root bus resource [mem 0x390000000000-0x393fffffffff window]
[    1.268445] pci_bus 0000:80: root bus resource [bus 80-84]
[    1.268470] pci 0000:80:05.0: [8086:2024] type 00 class 0x088000
[    1.268598] pci 0000:80:05.2: [8086:2025] type 00 class 0x088000
[    1.268708] pci 0000:80:05.4: [8086:2026] type 00 class 0x080020
[    1.268725] pci 0000:80:05.4: reg 0x10: [mem 0xc6000000-0xc6000fff]
[    1.268854] pci 0000:80:08.0: [8086:2014] type 00 class 0x088000
[    1.268962] pci 0000:80:08.1: [8086:2015] type 00 class 0x110100
[    1.269046] pci 0000:80:08.2: [8086:2016] type 00 class 0x088000
[    1.269160] pci_bus 0000:80: on NUMA node 1
[    1.269267] ACPI: PCI Root Bridge [PC07] (domain 0000 [bus 85-ad])
[    1.269270] acpi PNP0A08:07: _OSC: OS supports [ExtendedConfig ASPM ClockPM Segments MSI EDR HPX-Type3]
[    1.269423] acpi PNP0A08:07: _OSC: platform does not support [SHPCHotplug AER LTR DPC]
[    1.269578] acpi PNP0A08:07: _OSC: OS now controls [PCIeHotplug PME PCIeCapability]
[    1.269579] acpi PNP0A08:07: FADT indicates ASPM is unsupported, using BIOS configuration
[    1.269859] PCI host bridge to bus 0000:85
[    1.269860] pci_bus 0000:85: root bus resource [io  0xa000-0xbfff window]
[    1.269862] pci_bus 0000:85: root bus resource [mem 0xd3800000-0xe0ffffff window]
[    1.269864] pci_bus 0000:85: root bus resource [mem 0x394000000000-0x397fffffffff window]
[    1.269866] pci_bus 0000:85: root bus resource [bus 85-ad]
[    1.269882] pci 0000:85:00.0: [8086:2030] type 01 class 0x060400
[    1.269963] pci 0000:85:00.0: PME# supported from D0 D3hot D3cold
[    1.270210] pci 0000:85:05.0: [8086:2034] type 00 class 0x088000
[    1.270330] pci 0000:85:05.2: [8086:2035] type 00 class 0x088000
[    1.270447] pci 0000:85:05.4: [8086:2036] type 00 class 0x080020
[    1.270464] pci 0000:85:05.4: reg 0x10: [mem 0xd3900000-0xd3900fff]
[    1.270599] pci 0000:85:08.0: [8086:208d] type 00 class 0x088000
[    1.270702] pci 0000:85:08.1: [8086:208d] type 00 class 0x088000
[    1.270795] pci 0000:85:08.2: [8086:208d] type 00 class 0x088000
[    1.270884] pci 0000:85:08.3: [8086:208d] type 00 class 0x088000
[    1.270980] pci 0000:85:08.4: [8086:208d] type 00 class 0x088000
[    1.271069] pci 0000:85:08.5: [8086:208d] type 00 class 0x088000
[    1.271158] pci 0000:85:08.6: [8086:208d] type 00 class 0x088000
[    1.271249] pci 0000:85:08.7: [8086:208d] type 00 class 0x088000
[    1.271338] pci 0000:85:09.0: [8086:208d] type 00 class 0x088000
[    1.271441] pci 0000:85:09.1: [8086:208d] type 00 class 0x088000
[    1.271531] pci 0000:85:09.2: [8086:208d] type 00 class 0x088000
[    1.271623] pci 0000:85:09.3: [8086:208d] type 00 class 0x088000
[    1.271719] pci 0000:85:09.4: [8086:208d] type 00 class 0x088000
[    1.271809] pci 0000:85:09.5: [8086:208d] type 00 class 0x088000
[    1.271899] pci 0000:85:09.6: [8086:208d] type 00 class 0x088000
[    1.271997] pci 0000:85:09.7: [8086:208d] type 00 class 0x088000
[    1.272088] pci 0000:85:0a.0: [8086:208d] type 00 class 0x088000
[    1.272195] pci 0000:85:0a.1: [8086:208d] type 00 class 0x088000
[    1.272285] pci 0000:85:0a.2: [8086:208d] type 00 class 0x088000
[    1.272376] pci 0000:85:0a.3: [8086:208d] type 00 class 0x088000
[    1.272478] pci 0000:85:0a.4: [8086:208d] type 00 class 0x088000
[    1.272568] pci 0000:85:0a.5: [8086:208d] type 00 class 0x088000
[    1.272660] pci 0000:85:0a.6: [8086:208d] type 00 class 0x088000
[    1.272750] pci 0000:85:0a.7: [8086:208d] type 00 class 0x088000
[    1.272840] pci 0000:85:0b.0: [8086:208d] type 00 class 0x088000
[    1.272946] pci 0000:85:0b.1: [8086:208d] type 00 class 0x088000
[    1.273037] pci 0000:85:0b.2: [8086:208d] type 00 class 0x088000
[    1.273127] pci 0000:85:0b.3: [8086:208d] type 00 class 0x088000
[    1.273232] pci 0000:85:0e.0: [8086:208e] type 00 class 0x088000
[    1.273339] pci 0000:85:0e.1: [8086:208e] type 00 class 0x088000
[    1.273429] pci 0000:85:0e.2: [8086:208e] type 00 class 0x088000
[    1.273519] pci 0000:85:0e.3: [8086:208e] type 00 class 0x088000
[    1.273611] pci 0000:85:0e.4: [8086:208e] type 00 class 0x088000
[    1.273700] pci 0000:85:0e.5: [8086:208e] type 00 class 0x088000
[    1.273790] pci 0000:85:0e.6: [8086:208e] type 00 class 0x088000
[    1.273879] pci 0000:85:0e.7: [8086:208e] type 00 class 0x088000
[    1.273981] pci 0000:85:0f.0: [8086:208e] type 00 class 0x088000
[    1.274085] pci 0000:85:0f.1: [8086:208e] type 00 class 0x088000
[    1.274175] pci 0000:85:0f.2: [8086:208e] type 00 class 0x088000
[    1.274265] pci 0000:85:0f.3: [8086:208e] type 00 class 0x088000
[    1.274357] pci 0000:85:0f.4: [8086:208e] type 00 class 0x088000
[    1.274447] pci 0000:85:0f.5: [8086:208e] type 00 class 0x088000
[    1.274537] pci 0000:85:0f.6: [8086:208e] type 00 class 0x088000
[    1.274627] pci 0000:85:0f.7: [8086:208e] type 00 class 0x088000
[    1.274729] pci 0000:85:10.0: [8086:208e] type 00 class 0x088000
[    1.274834] pci 0000:85:10.1: [8086:208e] type 00 class 0x088000
[    1.274924] pci 0000:85:10.2: [8086:208e] type 00 class 0x088000
[    1.275015] pci 0000:85:10.3: [8086:208e] type 00 class 0x088000
[    1.275108] pci 0000:85:10.4: [8086:208e] type 00 class 0x088000
[    1.275198] pci 0000:85:10.5: [8086:208e] type 00 class 0x088000
[    1.275289] pci 0000:85:10.6: [8086:208e] type 00 class 0x088000
[    1.275379] pci 0000:85:10.7: [8086:208e] type 00 class 0x088000
[    1.275480] pci 0000:85:11.0: [8086:208e] type 00 class 0x088000
[    1.275587] pci 0000:85:11.1: [8086:208e] type 00 class 0x088000
[    1.275677] pci 0000:85:11.2: [8086:208e] type 00 class 0x088000
[    1.275770] pci 0000:85:11.3: [8086:208e] type 00 class 0x088000
[    1.275872] pci 0000:85:1d.0: [8086:2054] type 00 class 0x088000
[    1.275974] pci 0000:85:1d.1: [8086:2055] type 00 class 0x088000
[    1.276074] pci 0000:85:1d.2: [8086:2056] type 00 class 0x088000
[    1.276164] pci 0000:85:1d.3: [8086:2057] type 00 class 0x088000
[    1.276270] pci 0000:85:1e.0: [8086:2080] type 00 class 0x088000
[    1.276374] pci 0000:85:1e.1: [8086:2081] type 00 class 0x088000
[    1.276464] pci 0000:85:1e.2: [8086:2082] type 00 class 0x088000
[    1.276556] pci 0000:85:1e.3: [8086:2083] type 00 class 0x088000
[    1.276646] pci 0000:85:1e.4: [8086:2084] type 00 class 0x088000
[    1.276739] pci 0000:85:1e.5: [8086:2085] type 00 class 0x088000
[    1.276829] pci 0000:85:1e.6: [8086:2086] type 00 class 0x088000
[    1.276969] pci 0000:86:00.0: [144d:a80a] type 00 class 0x010802
[    1.276998] pci 0000:86:00.0: reg 0x10: [mem 0xd3800000-0xd3803fff 64bit]
[    1.277060] pci 0000:86:00.0: reg 0x30: [mem 0xffff0000-0xffffffff pref]
[    1.277451] pci 0000:86:00.0: 31.504 Gb/s available PCIe bandwidth, limited by 8.0 GT/s PCIe x4 link at 0000:85:00.0 (capable of 63.012 Gb/s with 16.0 GT/s PCIe x4 link)
[    1.277547] pci 0000:85:00.0: PCI bridge to [bus 86]
[    1.277551] pci 0000:85:00.0:   bridge window [mem 0xd3800000-0xd38fffff]
[    1.277568] pci_bus 0000:85: on NUMA node 1
[    1.277716] ACPI: PCI Root Bridge [PC08] (domain 0000 [bus ae-d6])
[    1.277720] acpi PNP0A08:08: _OSC: OS supports [ExtendedConfig ASPM ClockPM Segments MSI EDR HPX-Type3]
[    1.277874] acpi PNP0A08:08: _OSC: platform does not support [SHPCHotplug AER LTR DPC]
[    1.278029] acpi PNP0A08:08: _OSC: OS now controls [PCIeHotplug PME PCIeCapability]
[    1.278031] acpi PNP0A08:08: FADT indicates ASPM is unsupported, using BIOS configuration
[    1.278226] PCI host bridge to bus 0000:ae
[    1.278227] pci_bus 0000:ae: root bus resource [io  0xc000-0xdfff window]
[    1.278229] pci_bus 0000:ae: root bus resource [mem 0xe1000000-0xee7fffff window]
[    1.278231] pci_bus 0000:ae: root bus resource [mem 0x398000000000-0x39bfffffffff window]
[    1.278233] pci_bus 0000:ae: root bus resource [bus ae-d6]
[    1.278249] pci 0000:ae:00.0: [8086:2030] type 01 class 0x060400
[    1.278296] pci 0000:ae:00.0: enabling Extended Tags
[    1.278332] pci 0000:ae:00.0: PME# supported from D0 D3hot D3cold
[    1.278572] pci 0000:ae:05.0: [8086:2034] type 00 class 0x088000
[    1.278683] pci 0000:ae:05.2: [8086:2035] type 00 class 0x088000
[    1.278792] pci 0000:ae:05.4: [8086:2036] type 00 class 0x080020
[    1.278809] pci 0000:ae:05.4: reg 0x10: [mem 0xe1100000-0xe1100fff]
[    1.278933] pci 0000:ae:08.0: [8086:2066] type 00 class 0x088000
[    1.279052] pci 0000:ae:09.0: [8086:2066] type 00 class 0x088000
[    1.279172] pci 0000:ae:0a.0: [8086:2040] type 00 class 0x088000
[    1.279285] pci 0000:ae:0a.1: [8086:2041] type 00 class 0x088000
[    1.279393] pci 0000:ae:0a.2: [8086:2042] type 00 class 0x088000
[    1.279490] pci 0000:ae:0a.3: [8086:2043] type 00 class 0x088000
[    1.279589] pci 0000:ae:0a.4: [8086:2044] type 00 class 0x088000
[    1.279685] pci 0000:ae:0a.5: [8086:2045] type 00 class 0x088000
[    1.279782] pci 0000:ae:0a.6: [8086:2046] type 00 class 0x088000
[    1.279878] pci 0000:ae:0a.7: [8086:2047] type 00 class 0x088000
[    1.279977] pci 0000:ae:0b.0: [8086:2048] type 00 class 0x088000
[    1.280087] pci 0000:ae:0b.1: [8086:2049] type 00 class 0x088000
[    1.280195] pci 0000:ae:0b.2: [8086:204a] type 00 class 0x088000
[    1.280292] pci 0000:ae:0b.3: [8086:204b] type 00 class 0x088000
[    1.280393] pci 0000:ae:0c.0: [8086:2040] type 00 class 0x088000
[    1.280503] pci 0000:ae:0c.1: [8086:2041] type 00 class 0x088000
[    1.280603] pci 0000:ae:0c.2: [8086:2042] type 00 class 0x088000
[    1.280702] pci 0000:ae:0c.3: [8086:2043] type 00 class 0x088000
[    1.280802] pci 0000:ae:0c.4: [8086:2044] type 00 class 0x088000
[    1.280903] pci 0000:ae:0c.5: [8086:2045] type 00 class 0x088000
[    1.281012] pci 0000:ae:0c.6: [8086:2046] type 00 class 0x088000
[    1.281111] pci 0000:ae:0c.7: [8086:2047] type 00 class 0x088000
[    1.281213] pci 0000:ae:0d.0: [8086:2048] type 00 class 0x088000
[    1.281333] pci 0000:ae:0d.1: [8086:2049] type 00 class 0x088000
[    1.281433] pci 0000:ae:0d.2: [8086:204a] type 00 class 0x088000
[    1.281532] pci 0000:ae:0d.3: [8086:204b] type 00 class 0x088000
[    1.281688] pci 0000:af:00.0: [144d:a808] type 00 class 0x010802
[    1.281715] pci 0000:af:00.0: reg 0x10: [mem 0xe1000000-0xe1003fff 64bit]
[    1.282327] pci 0000:ae:00.0: PCI bridge to [bus af]
[    1.282331] pci 0000:ae:00.0:   bridge window [mem 0xe1000000-0xe10fffff]
[    1.282346] pci_bus 0000:ae: on NUMA node 1
[    1.282514] ACPI: PCI Root Bridge [PC09] (domain 0000 [bus d7-ff])
[    1.282518] acpi PNP0A08:09: _OSC: OS supports [ExtendedConfig ASPM ClockPM Segments MSI EDR HPX-Type3]
[    1.282672] acpi PNP0A08:09: _OSC: platform does not support [SHPCHotplug AER LTR DPC]
[    1.282827] acpi PNP0A08:09: _OSC: OS now controls [PCIeHotplug PME PCIeCapability]
[    1.282828] acpi PNP0A08:09: FADT indicates ASPM is unsupported, using BIOS configuration
[    1.283015] PCI host bridge to bus 0000:d7
[    1.283016] pci_bus 0000:d7: root bus resource [io  0xe000-0xffff window]
[    1.283018] pci_bus 0000:d7: root bus resource [mem 0xee800000-0xfbffffff window]
[    1.283020] pci_bus 0000:d7: root bus resource [mem 0x39c000000000-0x39ffffffffff window]
[    1.283022] pci_bus 0000:d7: root bus resource [bus d7-ff]
[    1.283034] pci 0000:d7:05.0: [8086:2034] type 00 class 0x088000
[    1.283161] pci 0000:d7:05.2: [8086:2035] type 00 class 0x088000
[    1.283273] pci 0000:d7:05.4: [8086:2036] type 00 class 0x080020
[    1.283290] pci 0000:d7:05.4: reg 0x10: [mem 0xee800000-0xee800fff]
[    1.283423] pci 0000:d7:0e.0: [8086:2058] type 00 class 0x110100
[    1.283534] pci 0000:d7:0e.1: [8086:2059] type 00 class 0x088000
[    1.283633] pci 0000:d7:0f.0: [8086:2058] type 00 class 0x110100
[    1.283743] pci 0000:d7:0f.1: [8086:2059] type 00 class 0x088000
[    1.283840] pci 0000:d7:10.0: [8086:2058] type 00 class 0x110100
[    1.283950] pci 0000:d7:10.1: [8086:2059] type 00 class 0x088000
[    1.284062] pci 0000:d7:12.0: [8086:204c] type 00 class 0x110100
[    1.284169] pci 0000:d7:12.1: [8086:204d] type 00 class 0x110100
[    1.284250] pci 0000:d7:12.2: [8086:204e] type 00 class 0x088000
[    1.284333] pci 0000:d7:12.4: [8086:204c] type 00 class 0x110100
[    1.284429] pci 0000:d7:12.5: [8086:204d] type 00 class 0x110100
[    1.284512] pci 0000:d7:15.0: [8086:2018] type 00 class 0x088000
[    1.284606] pci 0000:d7:15.1: [8086:2088] type 00 class 0x110100
[    1.284688] pci 0000:d7:16.0: [8086:2018] type 00 class 0x088000
[    1.284798] pci 0000:d7:16.1: [8086:2088] type 00 class 0x110100
[    1.284879] pci 0000:d7:16.4: [8086:2018] type 00 class 0x088000
[    1.284959] pci 0000:d7:16.5: [8086:2088] type 00 class 0x110100
[    1.285041] pci 0000:d7:17.0: [8086:2018] type 00 class 0x088000
[    1.285136] pci 0000:d7:17.1: [8086:2088] type 00 class 0x110100
[    1.285225] pci_bus 0000:d7: on NUMA node 1
[    1.286027] iommu: Default domain type: Translated 
[    1.286027] pci 0000:03:00.0: vgaarb: setting as boot VGA device
[    1.286027] pci 0000:03:00.0: vgaarb: VGA device added: decodes=io+mem,owns=io+mem,locks=none
[    1.286027] pci 0000:03:00.0: vgaarb: bridge control possible
[    1.286027] vgaarb: loaded
[    1.286027] SCSI subsystem initialized
[    1.286027] libata version 3.00 loaded.
[    1.286027] ACPI: bus type USB registered
[    1.286027] usbcore: registered new interface driver usbfs
[    1.286027] usbcore: registered new interface driver hub
[    1.286027] usbcore: registered new device driver usb
[    1.286027] pps_core: LinuxPPS API ver. 1 registered
[    1.286027] pps_core: Software ver. 5.3.6 - Copyright 2005-2007 Rodolfo Giometti <giometti@linux.it>
[    1.286027] PTP clock support registered
[    1.286027] EDAC MC: Ver: 3.0.0
[    1.286027] Registered efivars operations
[    1.286027] NetLabel: Initializing
[    1.286027] NetLabel:  domain hash size = 128
[    1.286027] NetLabel:  protocols = UNLABELED CIPSOv4 CALIPSO
[    1.286027] NetLabel:  unlabeled traffic allowed by default
[    1.286027] PCI: Using ACPI for IRQ routing
[    1.290466] PCI: pci_cache_line_size set to 64 bytes
[    1.290730] e820: reserve RAM buffer [mem 0x4bd6b020-0x4bffffff]
[    1.290733] e820: reserve RAM buffer [mem 0x4bd72020-0x4bffffff]
[    1.290735] e820: reserve RAM buffer [mem 0x4bd7d020-0x4bffffff]
[    1.290736] e820: reserve RAM buffer [mem 0x4bdda020-0x4bffffff]
[    1.290737] e820: reserve RAM buffer [mem 0x4be37020-0x4bffffff]
[    1.290738] e820: reserve RAM buffer [mem 0x4be97020-0x4bffffff]
[    1.290739] e820: reserve RAM buffer [mem 0x4bef7020-0x4bffffff]
[    1.290741] e820: reserve RAM buffer [mem 0x4bf10020-0x4bffffff]
[    1.290742] e820: reserve RAM buffer [mem 0x682ff000-0x6bffffff]
[    1.293288] hpet0: at MMIO 0xfed00000, IRQs 2, 8, 0, 0, 0, 0, 0, 0
[    1.293295] hpet0: 8 comparators, 64-bit 24.000000 MHz counter
[    1.295447] clocksource: Switched to clocksource tsc-early
[    1.304781] VFS: Disk quotas dquot_6.6.0
[    1.304840] VFS: Dquot-cache hash table entries: 512 (order 0, 4096 bytes)
[    1.304999] AppArmor: AppArmor Filesystem Enabled
[    1.305011] pnp: PnP ACPI init
[    1.311399] pnp 00:00: Plug and Play ACPI device, IDs PNP0b00 (active)
[    1.311595] system 00:01: [io  0x0500-0x05fe] has been reserved
[    1.311598] system 00:01: [io  0x0400-0x047f] has been reserved
[    1.311600] system 00:01: [io  0x0600-0x061f] has been reserved
[    1.311602] system 00:01: [io  0x0ca0-0x0ca5] has been reserved
[    1.311603] system 00:01: [io  0x0880-0x0883] has been reserved
[    1.311605] system 00:01: [io  0x0800-0x081f] has been reserved
[    1.311607] system 00:01: [mem 0xfed1c000-0xfed3ffff] has been reserved
[    1.311609] system 00:01: [mem 0xfed45000-0xfed8bfff] has been reserved
[    1.311611] system 00:01: [mem 0xff000000-0xffffffff] has been reserved
[    1.311612] system 00:01: [mem 0xfee00000-0xfeefffff] has been reserved
[    1.311614] system 00:01: [mem 0xfed12000-0xfed1200f] has been reserved
[    1.311615] system 00:01: [mem 0xfed12010-0xfed1201f] has been reserved
[    1.311617] system 00:01: [mem 0xfed1b000-0xfed1bfff] has been reserved
[    1.311622] system 00:01: Plug and Play ACPI device, IDs PNP0c02 (active)
[    1.311882] pnp 00:02: Plug and Play ACPI device, IDs PNP0501 (active)
[    1.312104] pnp 00:03: Plug and Play ACPI device, IDs PNP0501 (active)
[    1.312290] system 00:04: [mem 0xfd000000-0xfdabffff] has been reserved
[    1.312292] system 00:04: [mem 0xfdad0000-0xfdadffff] has been reserved
[    1.312295] system 00:04: [mem 0xfdb00000-0xfdffffff] has been reserved
[    1.312297] system 00:04: [mem 0xfe000000-0xfe00ffff] has been reserved
[    1.312299] system 00:04: [mem 0xfe011000-0xfe01ffff] has been reserved
[    1.312300] system 00:04: [mem 0xfe036000-0xfe03bfff] has been reserved
[    1.312302] system 00:04: [mem 0xfe03d000-0xfe3fffff] has been reserved
[    1.312304] system 00:04: [mem 0xfe410000-0xfe7fffff] has been reserved
[    1.312308] system 00:04: Plug and Play ACPI device, IDs PNP0c02 (active)
[    1.312663] system 00:05: [io  0x1000-0x10fe] has been reserved
[    1.312667] system 00:05: Plug and Play ACPI device, IDs PNP0c02 (active)
[    1.313642] pnp: PnP ACPI: found 6 devices
[    1.319250] clocksource: acpi_pm: mask: 0xffffff max_cycles: 0xffffff, max_idle_ns: 2085701024 ns
[    1.319329] NET: Registered protocol family 2
[    1.319920] tcp_listen_portaddr_hash hash table entries: 32768 (order: 7, 524288 bytes, vmalloc)
[    1.321270] TCP established hash table entries: 524288 (order: 10, 4194304 bytes, vmalloc)
[    1.322105] TCP bind hash table entries: 65536 (order: 8, 1048576 bytes, vmalloc)
[    1.322185] TCP: Hash tables configured (established 524288 bind 65536)
[    1.322824] MPTCP token hash table entries: 65536 (order: 8, 1572864 bytes, vmalloc)
[    1.323303] UDP hash table entries: 32768 (order: 8, 1048576 bytes, vmalloc)
[    1.323727] UDP-Lite hash table entries: 32768 (order: 8, 1048576 bytes, vmalloc)
[    1.323936] NET: Registered protocol family 1
[    1.323940] NET: Registered protocol family 44
[    1.323949] pci 0000:18:00.0: can't claim BAR 6 [mem 0xfff00000-0xffffffff pref]: no compatible bridge window
[    1.323952] pci 0000:19:00.0: can't claim BAR 6 [mem 0xfff80000-0xffffffff pref]: no compatible bridge window
[    1.323953] pci 0000:19:00.1: can't claim BAR 6 [mem 0xfff80000-0xffffffff pref]: no compatible bridge window
[    1.323955] pci 0000:1a:00.0: can't claim BAR 6 [mem 0xfff80000-0xffffffff pref]: no compatible bridge window
[    1.323957] pci 0000:1a:00.1: can't claim BAR 6 [mem 0xfff80000-0xffffffff pref]: no compatible bridge window
[    1.323961] pci 0000:3b:00.0: can't claim BAR 6 [mem 0xffff0000-0xffffffff pref]: no compatible bridge window
[    1.323964] pci 0000:86:00.0: can't claim BAR 6 [mem 0xffff0000-0xffffffff pref]: no compatible bridge window
[    1.323971] pci 0000:00:1c.0: bridge window [io  0x1000-0x0fff] to [bus 01] add_size 1000
[    1.323974] pci 0000:00:1c.0: bridge window [mem 0x00100000-0x000fffff 64bit pref] to [bus 01] add_size 200000 add_align 100000
[    1.323985] pci 0000:00:1c.0: BAR 15: assigned [mem 0x380000000000-0x3800001fffff 64bit pref]
[    1.323988] pci 0000:00:1c.0: BAR 13: assigned [io  0x3000-0x3fff]
[    1.323991] pci 0000:00:1c.0: PCI bridge to [bus 01]
[    1.323993] pci 0000:00:1c.0:   bridge window [io  0x3000-0x3fff]
[    1.324001] pci 0000:00:1c.0:   bridge window [mem 0x92a00000-0x92dfffff]
[    1.324008] pci 0000:00:1c.0:   bridge window [mem 0x380000000000-0x3800001fffff 64bit pref]
[    1.324019] pci 0000:02:00.0: PCI bridge to [bus 03]
[    1.324029] pci 0000:02:00.0:   bridge window [mem 0x92000000-0x928fffff]
[    1.324036] pci 0000:02:00.0:   bridge window [mem 0x91000000-0x91ffffff 64bit pref]
[    1.324048] pci 0000:00:1c.4: PCI bridge to [bus 02-03]
[    1.324056] pci 0000:00:1c.4:   bridge window [mem 0x92000000-0x928fffff]
[    1.324062] pci 0000:00:1c.4:   bridge window [mem 0x91000000-0x91ffffff 64bit pref]
[    1.324073] pci_bus 0000:00: resource 4 [io  0x0000-0x0cf7 window]
[    1.324075] pci_bus 0000:00: resource 5 [io  0x1000-0x3fff window]
[    1.324077] pci_bus 0000:00: resource 6 [mem 0x000a0000-0x000bffff window]
[    1.324078] pci_bus 0000:00: resource 7 [mem 0x000c4000-0x000c7fff window]
[    1.324079] pci_bus 0000:00: resource 8 [mem 0xfe010000-0xfe010fff window]
[    1.324081] pci_bus 0000:00: resource 9 [mem 0x90000000-0x9d7fffff window]
[    1.324082] pci_bus 0000:00: resource 10 [mem 0x380000000000-0x383fffffffff window]
[    1.324084] pci_bus 0000:01: resource 0 [io  0x3000-0x3fff]
[    1.324085] pci_bus 0000:01: resource 1 [mem 0x92a00000-0x92dfffff]
[    1.324087] pci_bus 0000:01: resource 2 [mem 0x380000000000-0x3800001fffff 64bit pref]
[    1.324088] pci_bus 0000:02: resource 1 [mem 0x92000000-0x928fffff]
[    1.324090] pci_bus 0000:02: resource 2 [mem 0x91000000-0x91ffffff 64bit pref]
[    1.324091] pci_bus 0000:03: resource 1 [mem 0x92000000-0x928fffff]
[    1.324093] pci_bus 0000:03: resource 2 [mem 0x91000000-0x91ffffff 64bit pref]
[    1.324231] pci 0000:17:02.0: BAR 14: assigned [mem 0x9e600000-0x9e6fffff]
[    1.324233] pci 0000:18:00.0: BAR 6: no space for [mem size 0x00100000 pref]
[    1.324235] pci 0000:18:00.0: BAR 6: failed to assign [mem size 0x00100000 pref]
[    1.324237] pci 0000:17:00.0: PCI bridge to [bus 18]
[    1.324238] pci 0000:17:00.0:   bridge window [io  0x4000-0x4fff]
[    1.324246] pci 0000:17:00.0:   bridge window [mem 0x9e300000-0x9e4fffff]
[    1.324260] pci 0000:19:00.0: BAR 6: assigned [mem 0x9e600000-0x9e67ffff pref]
[    1.324262] pci 0000:19:00.1: BAR 6: assigned [mem 0x9e680000-0x9e6fffff pref]
[    1.324264] pci 0000:17:02.0: PCI bridge to [bus 19]
[    1.324271] pci 0000:17:02.0:   bridge window [mem 0x9e600000-0x9e6fffff]
[    1.324276] pci 0000:17:02.0:   bridge window [mem 0x9d800000-0x9e0fffff 64bit pref]
[    1.324287] pci 0000:1a:00.0: BAR 6: assigned [mem 0x9e280000-0x9e2fffff pref]
[    1.324288] pci 0000:1a:00.1: BAR 6: no space for [mem size 0x00080000 pref]
[    1.324290] pci 0000:1a:00.1: BAR 6: failed to assign [mem size 0x00080000 pref]
[    1.324291] pci 0000:17:03.0: PCI bridge to [bus 1a]
[    1.324299] pci 0000:17:03.0:   bridge window [mem 0x9e100000-0x9e2fffff]
[    1.324316] pci_bus 0000:17: resource 4 [io  0x4000-0x5fff window]
[    1.324317] pci_bus 0000:17: resource 5 [mem 0x9d800000-0xaaffffff window]
[    1.324319] pci_bus 0000:17: resource 6 [mem 0x384000000000-0x387fffffffff window]
[    1.324320] pci_bus 0000:18: resource 0 [io  0x4000-0x4fff]
[    1.324322] pci_bus 0000:18: resource 1 [mem 0x9e300000-0x9e4fffff]
[    1.324323] pci_bus 0000:19: resource 1 [mem 0x9e600000-0x9e6fffff]
[    1.324324] pci_bus 0000:19: resource 2 [mem 0x9d800000-0x9e0fffff 64bit pref]
[    1.324326] pci_bus 0000:1a: resource 1 [mem 0x9e100000-0x9e2fffff]
[    1.324353] pci 0000:3b:00.0: BAR 6: assigned [mem 0xab010000-0xab01ffff pref]
[    1.324354] pci 0000:3a:00.0: PCI bridge to [bus 3b]
[    1.324362] pci 0000:3a:00.0:   bridge window [mem 0xab000000-0xab0fffff]
[    1.324377] pci_bus 0000:3a: resource 4 [io  0x6000-0x7fff window]
[    1.324378] pci_bus 0000:3a: resource 5 [mem 0xab000000-0xb87fffff window]
[    1.324379] pci_bus 0000:3a: resource 6 [mem 0x388000000000-0x38bfffffffff window]
[    1.324381] pci_bus 0000:3b: resource 1 [mem 0xab000000-0xab0fffff]
[    1.324399] pci_bus 0000:5d: resource 4 [io  0x8000-0x9fff window]
[    1.324401] pci_bus 0000:5d: resource 5 [mem 0xb8800000-0xc5ffffff window]
[    1.324402] pci_bus 0000:5d: resource 6 [mem 0x38c000000000-0x38ffffffffff window]
[    1.324429] pci_bus 0000:80: resource 4 [mem 0xc6000000-0xd37fffff window]
[    1.324430] pci_bus 0000:80: resource 5 [mem 0x390000000000-0x393fffffffff window]
[    1.324447] pci 0000:86:00.0: BAR 6: assigned [mem 0xd3810000-0xd381ffff pref]
[    1.324448] pci 0000:85:00.0: PCI bridge to [bus 86]
[    1.324456] pci 0000:85:00.0:   bridge window [mem 0xd3800000-0xd38fffff]
[    1.324472] pci_bus 0000:85: resource 4 [io  0xa000-0xbfff window]
[    1.324473] pci_bus 0000:85: resource 5 [mem 0xd3800000-0xe0ffffff window]
[    1.324475] pci_bus 0000:85: resource 6 [mem 0x394000000000-0x397fffffffff window]
[    1.324477] pci_bus 0000:86: resource 1 [mem 0xd3800000-0xd38fffff]
[    1.324496] pci 0000:ae:00.0: PCI bridge to [bus af]
[    1.324504] pci 0000:ae:00.0:   bridge window [mem 0xe1000000-0xe10fffff]
[    1.324519] pci_bus 0000:ae: resource 4 [io  0xc000-0xdfff window]
[    1.324520] pci_bus 0000:ae: resource 5 [mem 0xe1000000-0xee7fffff window]
[    1.324522] pci_bus 0000:ae: resource 6 [mem 0x398000000000-0x39bfffffffff window]
[    1.324523] pci_bus 0000:af: resource 1 [mem 0xe1000000-0xe10fffff]
[    1.324558] pci_bus 0000:d7: resource 4 [io  0xe000-0xffff window]
[    1.324560] pci_bus 0000:d7: resource 5 [mem 0xee800000-0xfbffffff window]
[    1.324561] pci_bus 0000:d7: resource 6 [mem 0x39c000000000-0x39ffffffffff window]
[    1.324921] pci 0000:03:00.0: Video device with shadowed ROM at [mem 0x000c0000-0x000dffff]
[    1.324931] pci 0000:17:05.0: disabled boot interrupts on device [8086:2034]
[    1.325042] pci 0000:3a:05.0: disabled boot interrupts on device [8086:2034]
[    1.325086] pci 0000:5d:05.0: disabled boot interrupts on device [8086:2034]
[    1.325130] pci 0000:85:05.0: disabled boot interrupts on device [8086:2034]
[    1.325246] pci 0000:ae:05.0: disabled boot interrupts on device [8086:2034]
[    1.325291] pci 0000:d7:05.0: disabled boot interrupts on device [8086:2034]
[    1.325324] PCI: CLS 128 bytes, default 64
[    1.325374] Trying to unpack rootfs image as initramfs...
[    1.494726] Freeing initrd memory: 59160K
[    1.494798] DMAR: Host address width 46
[    1.494799] DMAR: DRHD base: 0x000000d37fc000 flags: 0x0
[    1.494821] DMAR: dmar0: reg_base_addr d37fc000 ver 1:0 cap 8d2078c106f0466 ecap f020df
[    1.494824] DMAR: DRHD base: 0x000000e0ffc000 flags: 0x0
[    1.494830] DMAR: dmar1: reg_base_addr e0ffc000 ver 1:0 cap 8d2078c106f0466 ecap f020df
[    1.494832] DMAR: DRHD base: 0x000000ee7fc000 flags: 0x0
[    1.494837] DMAR: dmar2: reg_base_addr ee7fc000 ver 1:0 cap 8d2078c106f0466 ecap f020df
[    1.494839] DMAR: DRHD base: 0x000000fbffc000 flags: 0x0
[    1.494844] DMAR: dmar3: reg_base_addr fbffc000 ver 1:0 cap 8d2078c106f0466 ecap f020df
[    1.494846] DMAR: DRHD base: 0x000000aaffc000 flags: 0x0
[    1.494851] DMAR: dmar4: reg_base_addr aaffc000 ver 1:0 cap 8d2078c106f0466 ecap f020df
[    1.494853] DMAR: DRHD base: 0x000000b87fc000 flags: 0x0
[    1.494858] DMAR: dmar5: reg_base_addr b87fc000 ver 1:0 cap 8d2078c106f0466 ecap f020df
[    1.494859] DMAR: DRHD base: 0x000000c5ffc000 flags: 0x0
[    1.494864] DMAR: dmar6: reg_base_addr c5ffc000 ver 1:0 cap 8d2078c106f0466 ecap f020df
[    1.494866] DMAR: DRHD base: 0x0000009d7fc000 flags: 0x1
[    1.494871] DMAR: dmar7: reg_base_addr 9d7fc000 ver 1:0 cap 8d2078c106f0466 ecap f020df
[    1.494873] DMAR: RMRR base: 0x0000006f6e0000 end: 0x0000006f6e2fff
[    1.494874] DMAR: [Firmware Bug]: No firmware reserved region can cover this RMRR [0x000000006f6e0000-0x000000006f6e2fff], contact BIOS vendor for fixes
[    1.494880] DMAR: [Firmware Bug]: Your BIOS is broken; bad RMRR [0x000000006f6e0000-0x000000006f6e2fff]
               BIOS vendor: Dell Inc.; Ver: 2.14.2; Product Version: 
[    1.494883] DMAR: ATSR flags: 0x0
[    1.494884] DMAR: ATSR flags: 0x0
[    1.495063] PCI-DMA: Using software bounce buffering for IO (SWIOTLB)
[    1.495064] software IO TLB: mapped [mem 0x0000000061053000-0x0000000065053000] (64MB)
[    1.497633] check: Scanning for low memory corruption every 60 seconds
[    1.499171] Initialise system trusted keyrings
[    1.499179] Key type blacklist registered
[    1.499231] workingset: timestamp_bits=36 max_order=24 bucket_order=0
[    1.500303] zbud: loaded
[    1.500639] squashfs: version 4.0 (2009/01/31) Phillip Lougher
[    1.500770] fuse: init (API version 7.33)
[    1.500938] integrity: Platform Keyring initialized
[    1.508880] Key type asymmetric registered
[    1.508882] Asymmetric key parser 'x509' registered
[    1.508888] Block layer SCSI generic (bsg) driver version 0.4 loaded (major 243)
[    1.508929] io scheduler mq-deadline registered
[    1.509665] pcieport 0000:00:1c.0: PME: Signaling with IRQ 24
[    1.509691] pcieport 0000:00:1c.0: pciehp: Slot #0 AttnBtn- PwrCtrl- MRL- AttnInd- PwrInd- HotPlug+ Surprise+ Interlock- NoCompl+ IbPresDis- LLActRep+
[    1.509936] pcieport 0000:00:1c.4: PME: Signaling with IRQ 25
[    1.510208] pcieport 0000:17:00.0: PME: Signaling with IRQ 27
[    1.510437] pcieport 0000:17:02.0: PME: Signaling with IRQ 28
[    1.510658] pcieport 0000:17:03.0: PME: Signaling with IRQ 29
[    1.510881] pcieport 0000:3a:00.0: PME: Signaling with IRQ 31
[    1.511305] pcieport 0000:85:00.0: PME: Signaling with IRQ 33
[    1.511577] pcieport 0000:ae:00.0: PME: Signaling with IRQ 35
[    1.511909] shpchp: Standard Hot Plug PCI Controller Driver version: 0.4
[    1.512015] efifb: probing for efifb
[    1.512040] efifb: No BGRT, not showing boot graphics
[    1.512040] efifb: framebuffer at 0x91000000, using 3072k, total 3072k
[    1.512042] efifb: mode is 1024x768x32, linelength=4096, pages=1
[    1.512044] efifb: scrolling: redraw
[    1.512045] efifb: Truecolor: size=8:8:8:8, shift=24:16:8:0
[    1.512122] Console: switching to colour frame buffer device 128x48
[    1.529100] fb0: EFI VGA frame buffer device
[    1.529107] intel_idle: MWAIT substates: 0x2020
[    1.529265] Monitor-Mwait will be used to enter C-1 state
[    1.529268] ACPI: \_SB_.SCK0.CP00: Found 1 idle states
[    1.529270] intel_idle: v0.5.1 model 0x55
[    1.530784] intel_idle: Local APIC timer is reliable in all C-states
[    1.531281] input: Power Button as /devices/LNXSYSTM:00/LNXPWRBN:00/input/input0
[    1.531329] ACPI: Power Button [PWRF]
[    1.533109] ERST: Error Record Serialization Table (ERST) support is initialized.
[    1.533118] pstore: Registered erst as persistent store backend
[    1.533707] GHES: APEI firmware first mode is enabled by APEI bit and WHEA _OSC.
[    1.533863] Serial: 8250/16550 driver, 32 ports, IRQ sharing enabled
[    1.554586] 00:02: ttyS1 at I/O 0x2f8 (irq = 3, base_baud = 115200) is a 16550A
[    1.587651] 00:03: ttyS0 at I/O 0x3f8 (irq = 4, base_baud = 115200) is a 16550A
[    1.601300] Linux agpgart interface v0.103
[    1.607832] loop: module loaded
[    1.608190] libphy: Fixed MDIO Bus: probed
[    1.608191] tun: Universal TUN/TAP device driver, 1.6
[    1.608220] PPP generic driver version 2.4.2
[    1.608255] VFIO - User Level meta-driver version: 0.3
[    1.608348] ehci_hcd: USB 2.0 'Enhanced' Host Controller (EHCI) Driver
[    1.608351] ehci-pci: EHCI PCI platform driver
[    1.608383] ehci-platform: EHCI generic platform driver
[    1.608389] ohci_hcd: USB 1.1 'Open' Host Controller (OHCI) Driver
[    1.608391] ohci-pci: OHCI PCI platform driver
[    1.608423] ohci-platform: OHCI generic platform driver
[    1.608428] uhci_hcd: USB Universal Host Controller Interface driver
[    1.608485] i8042: PNP: No PS/2 controller found.
[    1.608521] mousedev: PS/2 mouse device common for all mice
[    1.608585] rtc_cmos 00:00: RTC can wake from S4
[    1.608951] rtc_cmos 00:00: registered as rtc0
[    1.609038] rtc_cmos 00:00: setting system clock to 2024-09-04T14:45:46 UTC (1725461146)
[    1.609053] rtc_cmos 00:00: alarms up to one month, y3k, 114 bytes nvram, hpet irqs
[    1.609058] i2c /dev entries driver
[    1.609093] device-mapper: uevent: version 1.0.3
[    1.609132] device-mapper: ioctl: 4.43.0-ioctl (2020-10-01) initialised: dm-devel@redhat.com
[    1.609145] platform eisa.0: Probing EISA bus 0
[    1.609152] platform eisa.0: EISA: Cannot allocate resource for mainboard
[    1.609153] platform eisa.0: Cannot allocate resource for EISA slot 1
[    1.609155] platform eisa.0: Cannot allocate resource for EISA slot 2
[    1.609156] platform eisa.0: Cannot allocate resource for EISA slot 3
[    1.609157] platform eisa.0: Cannot allocate resource for EISA slot 4
[    1.609158] platform eisa.0: Cannot allocate resource for EISA slot 5
[    1.609160] platform eisa.0: Cannot allocate resource for EISA slot 6
[    1.609161] platform eisa.0: Cannot allocate resource for EISA slot 7
[    1.609162] platform eisa.0: Cannot allocate resource for EISA slot 8
[    1.609163] platform eisa.0: EISA: Detected 0 cards
[    1.609169] intel_pstate: Intel P-state driver initializing
[    1.611148] ledtrig-cpu: registered to indicate activity on CPUs
[    1.611152] EFI Variables Facility v0.08 2004-May-17
[    1.672799] drop_monitor: Initializing network drop monitor service
[    1.673195] NET: Registered protocol family 10
[    1.683102] Segment Routing with IPv6
[    1.683117] NET: Registered protocol family 17
[    1.683175] Key type dns_resolver registered
[    1.688044] microcode: sig=0x50657, pf=0x80, revision=0x5003707
[    1.688279] microcode: Microcode Update Driver: v2.2.
[    1.689075] resctrl: MB allocation detected
[    1.689076] resctrl: L3 monitoring detected
[    1.689079] IPI shorthand broadcast: enabled
[    1.689087] sched_clock: Marking stable (1689741750, -675043)->(1760809864, -71743157)
[    1.689433] registered taskstats version 1
[    1.689443] Loading compiled-in X.509 certificates
[    1.690133] Loaded X.509 cert 'Build time autogenerated kernel key: 0d8e103743cf2d74dd103586183fa3490f9c75ad'
[    1.693763] zswap: loaded using pool lzo/zbud
[    1.694072] Key type ._fscrypt registered
[    1.694074] Key type .fscrypt registered
[    1.694074] Key type fscrypt-provisioning registered
[    1.694219] pstore: Using crash dump compression: deflate
[    1.696520] Key type encrypted registered
[    1.696522] AppArmor: AppArmor sha1 policy hashing enabled
[    1.698254] integrity: Loading X.509 certificate: UEFI:db
[    1.698277] integrity: Loaded X.509 cert 'Microsoft Corporation UEFI CA 2011: 13adbf4309bd82709c8cd54f316ed522988a1bd4'
[    1.698278] integrity: Loading X.509 certificate: UEFI:db
[    1.698295] integrity: Loaded X.509 cert 'Microsoft Windows Production PCA 2011: a92902398e16c49778cd90f99e4f9ae17c55af53'
[    1.698296] integrity: Loading X.509 certificate: UEFI:db
[    1.698484] integrity: Loaded X.509 cert 'VMware, Inc.: 4ad8ba0472073d28127706ddc6ccb9050441bbc7'
[    1.698485] integrity: Loading X.509 certificate: UEFI:db
[    1.698651] integrity: Loaded X.509 cert 'VMware, Inc.: VMware Secure Boot Signing: 04597f3e1ffb240bba0ff0f05d5eb05f3e15f6d7'
[    1.700171] integrity: Loading X.509 certificate: UEFI:MokListRT (MOKvar table)
[    1.700345] integrity: Loaded X.509 cert 'Canonical Ltd. Master Certificate Authority: ad91990bc22ab1f517048c23b6655a268e345a63'
[    1.700348] ima: No TPM chip found, activating TPM-bypass!
[    1.700353] ima: Allocated hash algorithm: sha1
[    1.700359] ima: No architecture policies found
[    1.700367] evm: Initialising EVM extended attributes:
[    1.700368] evm: security.selinux
[    1.700368] evm: security.SMACK64
[    1.700369] evm: security.SMACK64EXEC
[    1.700370] evm: security.SMACK64TRANSMUTE
[    1.700371] evm: security.SMACK64MMAP
[    1.700372] evm: security.apparmor
[    1.700372] evm: security.ima
[    1.700373] evm: security.capability
[    1.700374] evm: HMAC attrs: 0x1
[    1.703080] PM:   Magic number: 8:40:788
[    1.704500] RAS: Correctable Errors collector initialized.
